Archive member included to satisfy reference by file (symbol)

c:/devkitPro/libctru/lib\libsfil.a(sfil_png.o)
                              gfx.o (sfil_load_PNG_buffer)
c:/devkitPro/portlibs/armv6k/lib\libpng.a(png.o)
                              c:/devkitPro/libctru/lib\libsfil.a(sfil_png.o) (png_set_sig_bytes)
c:/devkitPro/portlibs/armv6k/lib\libpng.a(pngerror.o)
                              c:/devkitPro/portlibs/armv6k/lib\libpng.a(png.o) (png_safecat)
c:/devkitPro/portlibs/armv6k/lib\libpng.a(pngget.o)
                              c:/devkitPro/libctru/lib\libsfil.a(sfil_png.o) (png_get_valid)
c:/devkitPro/portlibs/armv6k/lib\libpng.a(pngmem.o)
                              c:/devkitPro/portlibs/armv6k/lib\libpng.a(png.o) (png_calloc)
c:/devkitPro/portlibs/armv6k/lib\libpng.a(pngread.o)
                              c:/devkitPro/libctru/lib\libsfil.a(sfil_png.o) (png_create_read_struct)
c:/devkitPro/portlibs/armv6k/lib\libpng.a(pngrio.o)
                              c:/devkitPro/libctru/lib\libsfil.a(sfil_png.o) (png_set_read_fn)
c:/devkitPro/portlibs/armv6k/lib\libpng.a(pngrtran.o)
                              c:/devkitPro/portlibs/armv6k/lib\libpng.a(pngread.o) (png_set_background_fixed)
c:/devkitPro/portlibs/armv6k/lib\libpng.a(pngrutil.o)
                              c:/devkitPro/portlibs/armv6k/lib\libpng.a(pngread.o) (png_read_sig)
c:/devkitPro/portlibs/armv6k/lib\libpng.a(pngset.o)
                              c:/devkitPro/portlibs/armv6k/lib\libpng.a(pngrutil.o) (png_set_bKGD)
c:/devkitPro/portlibs/armv6k/lib\libpng.a(pngtrans.o)
                              c:/devkitPro/portlibs/armv6k/lib\libpng.a(pngread.o) (png_set_bgr)
c:/devkitPro/portlibs/armv6k/lib\libpng.a(pngwrite.o)
                              c:/devkitPro/portlibs/armv6k/lib\libpng.a(png.o) (png_destroy_write_struct)
c:/devkitPro/portlibs/armv6k/lib\libpng.a(pngwtran.o)
                              c:/devkitPro/portlibs/armv6k/lib\libpng.a(pngwrite.o) (png_do_write_transformations)
c:/devkitPro/portlibs/armv6k/lib\libpng.a(pngwutil.o)
                              c:/devkitPro/portlibs/armv6k/lib\libpng.a(pngwrite.o) (png_write_sig)
c:/devkitPro/portlibs/armv6k/lib\libpng.a(pngwio.o)
                              c:/devkitPro/portlibs/armv6k/lib\libpng.a(pngwutil.o) (png_write_data)
c:/devkitPro/portlibs/armv6k/lib\libz.a(adler32.o)
                              c:/devkitPro/portlibs/armv6k/lib\libpng.a(png.o) (adler32)
c:/devkitPro/portlibs/armv6k/lib\libz.a(crc32.o)
                              c:/devkitPro/portlibs/armv6k/lib\libpng.a(png.o) (crc32)
c:/devkitPro/portlibs/armv6k/lib\libz.a(deflate.o)
                              c:/devkitPro/portlibs/armv6k/lib\libpng.a(pngwutil.o) (deflateReset)
c:/devkitPro/portlibs/armv6k/lib\libz.a(inflate.o)
                              c:/devkitPro/portlibs/armv6k/lib\libpng.a(png.o) (inflateReset)
c:/devkitPro/portlibs/armv6k/lib\libz.a(inftrees.o)
                              c:/devkitPro/portlibs/armv6k/lib\libz.a(inflate.o) (inflate_table)
c:/devkitPro/portlibs/armv6k/lib\libz.a(trees.o)
                              c:/devkitPro/portlibs/armv6k/lib\libz.a(deflate.o) (_tr_init)
c:/devkitPro/portlibs/armv6k/lib\libz.a(zutil.o)
                              c:/devkitPro/portlibs/armv6k/lib\libz.a(deflate.o) (zcalloc)
c:/devkitPro/portlibs/armv6k/lib\libz.a(inffast.o)
                              c:/devkitPro/portlibs/armv6k/lib\libz.a(inflate.o) (inflate_fast)
c:/devkitPro/libctru/lib\libsf2d.a(sf2d.o)
                              gfx.o (sf2d_init)
c:/devkitPro/libctru/lib\libsf2d.a(sf2d_draw.o)
                              gfx.o (sf2d_draw_rectangle)
c:/devkitPro/libctru/lib\libsf2d.a(sf2d_private.o)
                              c:/devkitPro/libctru/lib\libsf2d.a(sf2d.o) (GPU_SetDummyTexEnv)
c:/devkitPro/libctru/lib\libsf2d.a(sf2d_texture.o)
                              c:/devkitPro/libctru/lib\libsfil.a(sfil_png.o) (sf2d_create_texture)
c:/devkitPro/libctru/lib\libsf2d.a(shader.vsh.o)
                              c:/devkitPro/libctru/lib\libsf2d.a(sf2d.o) (shader_vsh_shbin_size)
c:/devkitPro/libctru/lib\libctru.a(linear.o)
                              c:/devkitPro/libctru/lib\libsf2d.a(sf2d_texture.o) (linearMemAlign)
c:/devkitPro/libctru/lib\libctru.a(mem_pool.o)
                              c:/devkitPro/libctru/lib\libctru.a(linear.o) (MemPool::Allocate(MemChunk&, unsigned long, int))
c:/devkitPro/libctru/lib\libctru.a(vram.o)
                              c:/devkitPro/libctru/lib\libsf2d.a(sf2d.o) (vramMemAlign)
c:/devkitPro/libctru/lib\libctru.a(gfx.o)
                              c:/devkitPro/libctru/lib\libsf2d.a(sf2d.o) (gfxSet3D)
c:/devkitPro/libctru/lib\libctru.a(os.o)
                              c:/devkitPro/libctru/lib\libsf2d.a(sf2d.o) (osConvertVirtToPhys)
c:/devkitPro/libctru/lib\libctru.a(gpu.o)
                              c:/devkitPro/libctru/lib\libsf2d.a(sf2d.o) (GPU_Init)
c:/devkitPro/libctru/lib\libctru.a(gpuResetSequence.o)
[...]
Memory Configuration

Name             Origin             Length             Attributes
*default*        0x00000000         0xffffffff

Linker script and memory map

                0x00100000                . = 0x100000
                0x00100000                __start__ = .

.text           0x00100000    0x5ca4c
 *(.crt0)
 .crt0          0x00100000       0x94 c:/devkitpro/devkitarm/bin/../lib/gcc/arm-none-eabi/4.9.2/../../../../arm-none-eabi/lib/armv6k/fpu/3dsx_crt0.o
                0x00100000                _start
                0x00100008                __service_ptr
                0x0010000c                __apt_appid
                0x00100010                __heap_size
                0x00100014                __linear_heap_size
                0x00100018                __system_arglist
                0x0010001c                __system_runflags
 *(.init)
 .init          0x00100094        0xc c:/devkitpro/devkitarm/bin/../lib/gcc/arm-none-eabi/4.9.2/armv6k/fpu/crti.o
                0x00100094                _init
 .init          0x001000a0        0xc c:/devkitpro/devkitarm/bin/../lib/gcc/arm-none-eabi/4.9.2/armv6k/fpu/crtn.o
                0x001000ac                . = ALIGN (0x4)
 *(.text)
 .text          0x001000ac        0x0 c:/devkitpro/devkitarm/bin/../lib/gcc/arm-none-eabi/4.9.2/../../../../arm-none-eabi/lib/armv6k/fpu/3dsx_crt0.o
 .text          0x001000ac        0x0 c:/devkitpro/devkitarm/bin/../lib/gcc/arm-none-eabi/4.9.2/armv6k/fpu/crti.o
 .text          0x001000ac      0x108 c:/devkitpro/devkitarm/bin/../lib/gcc/arm-none-eabi/4.9.2/armv6k/fpu/crtbegin.o
 .text          0x001001b4        0x0 0.bin.o
 .text          0x001001b4        0x0 1.bin.o
 .text          0x001001b4        0x0 2.bin.o
 .text          0x001001b4        0x0 3.bin.o
 .text          0x001001b4        0x0 4.bin.o
 .text          0x001001b4        0x0 5.bin.o
 .text          0x001001b4        0x0 6.bin.o
 .text          0x001001b4        0x0 7.bin.o
 .text          0x001001b4        0x0 8.bin.o
 .text          0x001001b4        0x0 9.bin.o
 .text          0x001001b4        0x0 bg.bin.o
 .text          0x001001b4        0x0 icon.bin.o
 .text          0x001001b4        0x0 immut_numbers.bin.o
 .text          0x001001b4        0x0 immut_numbers_2.bin.o
 .text          0x001001b4        0x0 mut_numbers.bin.o
 .text          0x001001b4        0x0 selector.bin.o
 .text          0x001001b4        0x0 sudoku3ds.bin.o
 .text          0x001001b4      0x63c gfx.o
                0x001001b4                SudokuGFX_init
                0x001002a0                sudoku_gfx_free
                0x001002c8                init_background
                0x001002fc                update_background_position
                0x00100354                draw_many_boxes
                0x001003bc                draw_top_background
                0x00100468                draw_bottom_background
                0x0010059c                draw_victory
                0x001005d4                draw_sudoku
                0x00100768                start_draw
                0x001007e8                end_draw
                0x001007ec                end
 .text          0x001007f0        0x0 main.o
 .text          0x001007f0      0x164 mylib.o
                0x001007f0                emalloc
                0x00100824                erealloc
                0x00100858                rand_lim
                0x00100888                mod
                0x001008a4                itoa
 .text          0x00100954      0x994 sudoku.o
                0x00100954                sudoku_new
                0x001009d0                sudoku_free
                0x001009f4                sudoku_print
                0x00100a6c                sudoku_default
                0x00100b60                sudoku_delete_space
                0x00100bd0                sudoku_swap_row
                0x00100c14                sudoku_flip_box_rows
                0x00100d14                sudoku_swap_col
                0x00100d54                sudoku_flip_vert
                0x00100dd0                sudoku_flip_hori
                0x00100e48                sudoku_flip_dia1
                0x00100ec4                sudoku_flip_dia2
                0x00100f2c                sudoku_transform
                0x00100fb4                check_horizontals
                0x00101084                check_verticals
                0x00101158                check_boxes
                0x001012a8                check_all
 .text          0x001012e8      0x364 sudokucontroller.o
                0x0010133c                check_input
                0x00101468                update_victory_state
                0x0010148c                update_sudoku_input
                0x0010149c                update_state
                0x00101564                initialize_game
                0x00101620                sudoku_control_free
 .text          0x0010164c      0x3e8 c:/devkitPro/libctru/lib\libsfil.a(sfil_png.o)
                0x0010194c                sfil_load_PNG_file
                0x001019e8                sfil_load_PNG_buffer
 *fill*         0x00101a34        0x4 
 .text          0x00101a38     0x6ce0 c:/devkitPro/portlibs/armv6k/lib\libpng.a(png.o)
                0x00101a38                png_zalloc
                0x00101a90                png_zfree
                0x00102390                png_set_sig_bytes
                0x001023c4                png_sig_cmp
                0x00102434                png_reset_crc
                0x00102454                png_calculate_crc
                0x001024a8                png_user_version_check
                0x001025a8                png_create_png_struct
                0x001026bc                png_create_info_struct
                0x001026fc                png_destroy_info_struct
                0x00102a84                png_info_init_3
                0x00102ae0                png_data_freer
                0x00102b2c                png_free_data
                0x00102b3c                png_get_io_ptr
                0x00102b48                png_init_io
                0x00102b54                png_save_int_32
                0x00102b74                png_convert_to_rfc1123_buffer
                0x00102d58                png_convert_to_rfc1123
                0x00102f4c                png_get_copyright
                0x00102f58                png_get_libpng_ver
                0x00102f64                png_get_header_ver
                0x00102f70                png_get_header_version
                0x00102f7c                png_build_grayscale_palette
                0x00102fdc                png_handle_as_unknown
                0x00103050                png_chunk_unknown_handling
                0x001030e0                png_reset_zstream
                0x001030f8                png_access_version_number
                0x00103104                png_zstream_error
                0x001031e8                png_colorspace_set_gamma
                0x00103358                png_colorspace_sync_info
                0x001033c8                png_colorspace_sync
                0x00103450                png_colorspace_set_sRGB
                0x001036d4                png_icc_check_length
                0x0010386c                png_icc_check_header
                0x00103bc8                png_icc_check_tag_table
                0x00103d00                png_icc_set_sRGB
                0x00103f54                png_colorspace_set_ICC
                0x0010432c                png_colorspace_set_rgb_coefficients
                0x001045d4                png_check_IHDR
                0x0010488c                png_check_fp_number
                0x00104b24                png_check_fp_string
                0x00104de4                png_ascii_from_fp
                0x00105710                png_ascii_from_fixed
                0x00105b40                png_fixed
                0x00105bc8                png_muldiv
                0x00105c80                png_muldiv_warn
                0x00105d3c                png_reciprocal
                0x00105dc8                png_colorspace_set_endpoints
                0x00106dc8                png_colorspace_set_chromaticities
                0x0010789c                png_gamma_significant
                0x001078bc                png_reciprocal2
                0x00107978                png_gamma_8bit_correct
                0x00107a00                png_gamma_16bit_correct
                0x00107a94                png_gamma_correct
                0x00107ba4                png_destroy_gamma_table
                0x00107cd8                png_build_gamma_table
                0x00108614                png_set_option
                0x00108674                png_image_free
                0x001086b0                png_image_error
 .text          0x00108718     0x1a6c c:/devkitPro/portlibs/armv6k/lib\libpng.a(pngerror.o)
                0x00108984                png_safecat
                0x001089f8                png_format_number
                0x00108b64                png_warning
                0x00108cac                png_warning_parameter
                0x00108d28                png_warning_parameter_unsigned
                0x00108dbc                png_warning_parameter_signed
                0x00108e88                png_formatted_warning
                0x00109160                png_chunk_warning
                0x0010930c                png_free_jmpbuf
                0x0010939c                png_longjmp
                0x001093c8                png_error
                0x00109428                png_app_warning
                0x00109580                png_app_error
                0x001096d8                png_chunk_error
                0x00109704                png_chunk_benign_error
                0x001098a8                png_benign_error
                0x00109b78                png_fixed_error
                0x00109bf8                png_set_longjmp_fn
                0x00109cdc                png_chunk_report
                0x00109fb4                png_set_error_fn
                0x00109fc8                png_get_error_ptr
                0x00109fd4                png_safe_error
                0x0010a078                png_safe_warning
                0x0010a0ec                png_safe_execute
 *fill*         0x0010a184        0x4 
 .text          0x0010a188     0x12d0 c:/devkitPro/portlibs/armv6k/lib\libpng.a(pngget.o)
                0x0010a188                png_get_valid
                0x0010a1a4                png_get_rowbytes
                0x0010a1bc                png_get_rows
                0x0010a1d4                png_get_image_width
                0x0010a1ec                png_get_image_height
                0x0010a204                png_get_bit_depth
                0x0010a21c                png_get_color_type
                0x0010a234                png_get_filter_type
                0x0010a24c                png_get_interlace_type
                0x0010a264                png_get_compression_type
                0x0010a27c                png_get_x_pixels_per_meter
                0x0010a2b0                png_get_y_pixels_per_meter
                0x0010a2e4                png_get_pixels_per_meter
                0x0010a330                png_get_pixel_aspect_ratio
                0x0010a378                png_get_pixel_aspect_ratio_fixed
                0x0010a408                png_get_x_offset_microns
                0x0010a43c                png_get_y_offset_microns
                0x0010a470                png_get_x_offset_pixels
                0x0010a4a4                png_get_y_offset_pixels
                0x0010a4d8                png_get_pixels_per_inch
                0x0010a564                png_get_x_pixels_per_inch
                0x0010a5e0                png_get_y_pixels_per_inch
                0x0010a65c                png_get_x_offset_inches_fixed
                0x0010a6ac                png_get_y_offset_inches_fixed
                0x0010a6fc                png_get_x_offset_inches
                0x0010a74c                png_get_y_offset_inches
                0x0010a79c                png_get_pHYs_dpi
                0x0010a868                png_get_channels
                0x0010a880                png_get_signature
                0x0010a898                png_get_bKGD
                0x0010a8d4                png_get_cHRM
                0x0010a9e8                png_get_cHRM_XYZ
                0x0010ab18                png_get_cHRM_XYZ_fixed
                0x0010abf0                png_get_cHRM_fixed
                0x0010acb4                png_get_gAMA_fixed
                0x0010acec                png_get_gAMA
                0x0010ad40                png_get_sRGB
                0x0010ad7c                png_get_iCCP
                0x0010ae20                png_get_sPLT
                0x0010ae50                png_get_hIST
                0x0010ae8c                png_get_IHDR
                0x0010af48                png_get_oFFs
                0x0010afb4                png_get_pCAL
                0x0010b084                png_get_sCAL_fixed
                0x0010b10c                png_get_sCAL
                0x0010b164                png_get_sCAL_s
                0x0010b1a8                png_get_pHYs
                0x0010b208                png_get_PLTE
                0x0010b24c                png_get_sBIT
                0x0010b288                png_get_text
                0x0010b2d0                png_get_tIME
                0x0010b30c                png_get_tRNS
                0x0010b39c                png_get_unknown_chunks
                0x0010b3cc                png_get_rgb_to_gray_status
                0x0010b3d8                png_get_user_chunk_ptr
                0x0010b3e4                png_get_compression_buffer_size
                0x0010b400                png_get_user_width_max
                0x0010b40c                png_get_user_height_max
                0x0010b418                png_get_chunk_cache_max
                0x0010b424                png_get_chunk_malloc_max
                0x0010b430                png_get_io_state
                0x0010b438                png_get_io_chunk_type
                0x0010b440                png_get_palette_max
 .text          0x0010b458      0x3ec c:/devkitPro/portlibs/armv6k/lib\libpng.a(pngmem.o)
                0x0010b458                png_destroy_png_struct
                0x0010b4c0                png_calloc
                0x0010b538                png_malloc_base
                0x0010b568                png_malloc_array
                0x0010b5e4                png_realloc_array
                0x0010b6ec                png_malloc
                0x0010b748                png_malloc_default
                0x0010b788                png_malloc_warn
                0x0010b7ec                png_free
                0x0010b810                png_free_default
                0x0010b824                png_set_mem_fn
                0x0010b838                png_get_mem_ptr
 .text          0x0010b844     0x7704 c:/devkitPro/portlibs/armv6k/lib\libpng.a(pngread.o)
                0x0011149c                png_create_read_struct
                0x001114f4                png_create_read_struct_2
                0x00111550                png_read_info
                0x00111560                png_read_update_info
                0x001115a4                png_start_read_image
                0x001115c8                png_read_row
                0x00111920                png_read_rows
                0x00111d14                png_read_image
                0x001120b0                png_read_end
                0x00112540                png_destroy_read_struct
                0x001127c4                png_set_read_status_fn
                0x001127d0                png_read_png
                0x00112a88                png_image_begin_read_from_stdio
                0x00112c38                png_image_begin_read_from_file
                0x00112d00                png_image_begin_read_from_memory
                0x00112d9c                png_image_finish_read
 .text          0x00112f48       0xac c:/devkitPro/portlibs/armv6k/lib\libpng.a(pngrio.o)
                0x00112f48                png_default_read_data
                0x00112f84                png_read_data
                0x00112fa4                png_set_read_fn
 *fill*         0x00112ff4        0x4 
 .text          0x00112ff8     0x6020 c:/devkitPro/portlibs/armv6k/lib\libpng.a(pngrtran.o)
                0x00114344                png_set_crc_action
                0x00114420                png_set_background_fixed
                0x001144d8                png_set_background
                0x001145b0                png_set_scale_16
                0x001145e8                png_set_strip_16
                0x00114620                png_set_strip_alpha
                0x00114658                png_set_alpha_mode_fixed
                0x00114854                png_set_alpha_mode
                0x00114b04                png_set_quantize
                0x001153ac                png_set_gamma_fixed
                0x001154b4                png_set_gamma
                0x001156e8                png_set_expand
                0x00115724                png_set_palette_to_rgb
                0x00115760                png_set_expand_gray_1_2_4_to_8
                0x00115798                png_set_tRNS_to_alpha
                0x001157d4                png_set_expand_16
                0x00115810                png_set_gray_to_rgb
                0x00115848                png_set_rgb_to_gray_fixed
                0x001159a0                png_set_rgb_to_gray
                0x00115b44                png_set_read_user_transform_fn
                0x00115b58                png_init_read_transformations
                0x00116840                png_read_transform_info
                0x00116b30                png_do_read_transformations
 .text          0x00119018     0x524c c:/devkitPro/portlibs/armv6k/lib\libpng.a(pngrutil.o)
                0x00119c50                png_get_uint_31
                0x00119c8c                png_get_uint_32
                0x00119cb0                png_get_int_32
                0x00119cd4                png_get_uint_16
                0x00119ce8                png_read_sig
                0x00119d94                png_read_chunk_header
                0x00119f04                png_crc_read
                0x00119f34                png_crc_finish
                0x0011a0b4                png_crc_error
                0x0011a154                png_handle_IHDR
                0x0011a2cc                png_handle_PLTE
                0x0011a4ec                png_handle_IEND
                0x0011a540                png_handle_gAMA
                0x0011a624                png_handle_sBIT
                0x0011a838                png_handle_cHRM
                0x0011aaf8                png_handle_sRGB
                0x0011ac00                png_handle_iCCP
                0x0011b1e4                png_handle_sPLT
                0x0011b504                png_handle_tRNS
                0x0011b740                png_handle_bKGD
                0x0011b970                png_handle_hIST
                0x0011baa8                png_handle_pHYs
                0x0011bbe4                png_handle_oFFs
                0x0011bd34                png_handle_pCAL
                0x0011c0a4                png_handle_sCAL
                0x0011c32c                png_handle_tIME
                0x0011c440                png_handle_tEXt
                0x0011c600                png_handle_zTXt
                0x0011c854                png_handle_iTXt
                0x0011cbbc                png_handle_unknown
                0x0011cf14                png_check_chunk_name
                0x0011cfdc                png_combine_row
                0x0011d4cc                png_do_read_interlace
                0x0011d958                png_read_filter_row
                0x0011d9e0                png_read_IDAT_data
                0x0011dd5c                png_read_finish_IDAT
                0x0011ddd4                png_read_finish_row
                0x0011df24                png_read_start_row
 .text          0x0011e264     0x1e70 c:/devkitPro/portlibs/armv6k/lib\libpng.a(pngset.o)
                0x0011e5c4                png_set_bKGD
                0x0011e610                png_set_cHRM_fixed
                0x0011e6a0                png_set_cHRM_XYZ_fixed
                0x0011e738                png_set_cHRM
                0x0011e88c                png_set_cHRM_XYZ
                0x0011e9e8                png_set_gAMA_fixed
                0x0011ea18                png_set_gAMA
                0x0011ea5c                png_set_hIST
                0x0011eb08                png_set_IHDR
                0x0011ebe4                png_set_oFFs
                0x0011ec10                png_set_pCAL
                0x0011ee90                png_set_sCAL_s
                0x0011eff4                png_set_sCAL
                0x0011f1c0                png_set_sCAL_fixed
                0x0011f370                png_set_pHYs
                0x0011f39c                png_set_PLTE
                0x0011f4a0                png_set_sBIT
                0x0011f4e4                png_set_sRGB
                0x0011f514                png_set_sRGB_gAMA_and_cHRM
                0x0011f554                png_set_iCCP
                0x0011f6a8                png_set_text
                0x0011f6ec                png_set_text_2
                0x0011f724                png_set_tIME
                0x0011f7c4                png_set_tRNS
                0x0011f904                png_set_sPLT
                0x0011fa74                png_set_unknown_chunks
                0x0011fc04                png_set_unknown_chunk_location
                0x0011fcb0                png_permit_mng_features
                0x0011fcc4                png_set_keep_unknown_chunks
                0x0011ff78                png_set_read_user_chunk_fn
                0x0011ff88                png_set_rows
                0x0011ffe4                png_set_compression_buffer_size
                0x00120068                png_set_invalid
                0x00120080                png_set_user_limits
                0x00120090                png_set_chunk_cache_max
                0x0012009c                png_set_chunk_malloc_max
                0x001200a8                png_set_benign_errors
                0x001200c0                png_set_check_for_invalid_index
 .text          0x001200d4      0xa8c c:/devkitPro/portlibs/armv6k/lib\libpng.a(pngtrans.o)
                0x001200d4                png_set_bgr
                0x001200e8                png_set_swap
                0x00120108                png_set_packing
                0x00120130                png_set_packswap
                0x00120150                png_set_shift
                0x00120178                png_set_interlace_handling
                0x001201a8                png_set_filler
                0x00120230                png_set_add_alpha
                0x001202d8                png_set_swap_alpha
                0x001202ec                png_set_invert_alpha
                0x00120300                png_set_invert_mono
                0x00120314                png_do_invert
                0x00120504                png_do_swap
                0x00120550                png_do_packswap
                0x001205bc                png_do_strip_channel
                0x001207e8                png_do_bgr
                0x00120924                png_do_check_palette_indexes
                0x00120af0                png_set_user_transform_info
                0x00120b34                png_get_user_transform_ptr
                0x00120b40                png_get_current_row_number
                0x00120b50                png_get_current_pass_number
 .text          0x00120b60     0x37ac c:/devkitPro/portlibs/armv6k/lib\libpng.a(pngwrite.o)
                0x00121174                png_write_info_before_PLTE
                0x001217b4                png_write_info
                0x001217c4                png_write_end
                0x00121a10                png_convert_from_struct_tm
                0x00121a50                png_convert_from_time_t
                0x00121ab0                png_create_write_struct
                0x00121b3c                png_create_write_struct_2
                0x00121bcc                png_write_rows
                0x00121f9c                png_write_image
                0x0012237c                png_write_row
                0x00122e24                png_set_flush
                0x00122e34                png_write_flush
                0x00122e78                png_destroy_write_struct
                0x00122f28                png_set_filter
                0x001238c4                png_set_filter_heuristics
                0x001238c8                png_set_filter_heuristics_fixed
                0x001238cc                png_set_compression_level
                0x001238d8                png_set_compression_mem_level
                0x001238e4                png_set_compression_strategy
                0x001238fc                png_set_compression_window_bits
                0x00123950                png_set_compression_method
                0x00123980                png_set_text_compression_level
                0x0012398c                png_set_text_compression_mem_level
                0x00123998                png_set_text_compression_strategy
                0x001239a4                png_set_text_compression_window_bits
                0x001239f8                png_set_text_compression_method
                0x00123a28                png_set_write_status_fn
                0x00123a34                png_set_write_user_transform_fn
                0x00123a4c                png_write_png
                0x00123f7c                png_image_write_to_stdio
                0x001241cc                png_image_write_to_file
 .text          0x0012430c      0x778 c:/devkitPro/portlibs/armv6k/lib\libpng.a(pngwtran.o)
                0x0012430c                png_do_write_transformations
 .text          0x00124a84     0x4094 c:/devkitPro/portlibs/armv6k/lib\libpng.a(pngwutil.o)
                0x00125438                png_save_uint_32
                0x00125458                png_save_uint_16
                0x00125468                png_write_sig
                0x001254c4                png_write_chunk_start
                0x00125570                png_write_chunk_data
                0x001255ac                png_write_chunk_end
                0x001255f8                png_write_chunk
                0x00125724                png_free_buffer_list
                0x0012575c                png_write_IHDR
                0x00125af4                png_write_PLTE
                0x00125c8c                png_compress_IDAT
                0x001260c8                png_write_IEND
                0x00126190                png_write_gAMA_fixed
                0x00126290                png_write_sRGB
                0x00126398                png_write_iCCP
                0x00126600                png_write_sPLT
                0x00126850                png_write_sBIT
                0x00126958                png_write_cHRM_fixed
                0x00126aac                png_write_tRNS
                0x00126c84                png_write_bKGD
                0x00126e84                png_write_hIST
                0x00126fc0                png_write_tEXt
                0x00127170                png_write_zTXt
                0x001273b8                png_write_iTXt
                0x00127780                png_write_oFFs
                0x001278a8                png_write_pCAL
                0x00127bb8                png_write_sCAL_s
                0x00127c5c                png_write_pHYs
                0x00127da8                png_write_tIME
                0x00127e44                png_write_start_row
                0x00127f98                png_write_finish_row
                0x001280d8                png_do_write_interlace
                0x00128348                png_write_find_filter
 .text          0x00128b18       0xd8 c:/devkitPro/portlibs/armv6k/lib\libpng.a(pngwio.o)
                0x00128b18                png_default_write_data
                0x00128b54                png_default_flush
                0x00128b64                png_write_data
                0x00128b84                png_flush
                0x00128b94                png_set_write_fn
 .text          0x00128bf0      0x5c0 c:/devkitPro/portlibs/armv6k/lib\libz.a(adler32.o)
                0x00128bf0                adler32
                0x00129038                adler32_combine
                0x001290f4                adler32_combine64
 .text          0x001291b0      0x5d8 c:/devkitPro/portlibs/armv6k/lib\libz.a(crc32.o)
                0x001293c4                get_crc_table
                0x001293d0                crc32
                0x00129780                crc32_combine
                0x00129784                crc32_combine64
 .text          0x00129788     0x40e0 c:/devkitPro/portlibs/armv6k/lib\libz.a(deflate.o)
                0x0012ae04                deflateSetDictionary
                0x0012b01c                deflateResetKeep
                0x0012b0f4                deflateReset
                0x0012b25c                deflateSetHeader
                0x0012b290                deflatePending
                0x0012b2dc                deflatePrime
                0x0012b384                deflateTune
                0x0012b3bc                deflateBound
                0x0012b4d0                deflate
                0x0012cd20                deflateParams
                0x0012ce3c                deflateEnd
                0x0012cf5c                deflateInit2_
                0x0012d324                deflateInit_
                0x0012d664                deflateCopy
 .text          0x0012d868     0x2c58 c:/devkitPro/portlibs/armv6k/lib\libz.a(inflate.o)
                0x0012d868                inflateResetKeep
                0x0012d8f8                inflateReset
                0x0012d994                inflateReset2
                0x0012dab4                inflateInit2_
                0x0012dc3c                inflateInit_
                0x0012dda0                inflatePrime
                0x0012de18                inflate
                0x0012fcb4                inflateEnd
                0x0012fd18                inflateGetDictionary
                0x0012fdb0                inflateSetDictionary
                0x0012ff58                inflateGetHeader
                0x0012ff94                inflateSync
                0x0013024c                inflateSyncPoint
                0x0013028c                inflateCopy
                0x00130438                inflateUndermine
                0x00130468                inflateMark
 .text          0x001304c0      0xbf4 c:/devkitPro/portlibs/armv6k/lib\libz.a(inftrees.o)
                0x001304c0                inflate_table
 .text          0x001310b4     0x257c c:/devkitPro/portlibs/armv6k/lib\libz.a(trees.o)
                0x001325e4                _tr_init
                0x001326b0                _tr_stored_block
                0x00132844                _tr_flush_bits
                0x001328e0                _tr_align
                0x00132a64                _tr_flush_block
                0x00133578                _tr_tally
 .text          0x00133630       0x38 c:/devkitPro/portlibs/armv6k/lib\libz.a(zutil.o)
                0x00133630                zlibVersion
                0x0013363c                zlibCompileFlags
                0x00133644                zError
                0x00133658                zcalloc
                0x00133660                zcfree
 .text          0x00133668      0xbe4 c:/devkitPro/portlibs/armv6k/lib\libz.a(inffast.o)
                0x00133668                inflate_fast
 .text          0x0013424c      0x75c c:/devkitPro/libctru/lib\libsf2d.a(sf2d.o)
                0x00134464                sf2d_init
                0x0013448c                sf2d_init_advanced
                0x001344ac                sf2d_fini
                0x00134510                sf2d_set_3D
                0x0013451c                sf2d_start_frame
                0x001346ac                sf2d_end_frame
                0x001347c4                sf2d_swapbuffers
                0x00134874                sf2d_set_vblank_wait
                0x00134884                sf2d_get_fps
                0x00134894                sf2d_pool_malloc
                0x001348c0                sf2d_pool_memalign
                0x00134900                sf2d_pool_space_free
                0x00134918                sf2d_pool_reset
                0x0013492c                sf2d_set_clear_color
                0x0013493c                sf2d_set_scissor_test
                0x00134988                sf2d_get_current_screen
                0x00134998                sf2d_get_current_side
 .text          0x001349a8      0x7cc c:/devkitPro/libctru/lib\libsf2d.a(sf2d_draw.o)
                0x001349a8                sf2d_draw_line
                0x00134b80                sf2d_draw_rectangle
                0x00134d38                sf2d_draw_rectangle_rotate
                0x00134f8c                sf2d_draw_fill_circle
 .text          0x00135174      0x4f8 c:/devkitPro/libctru/lib\libsf2d.a(sf2d_private.o)
                0x00135174                GPU_SetDummyTexEnv
                0x001351a8                vector_mult_matrix4x4
                0x0013522c                matrix_gpu_set_uniform
                0x0013527c                matrix_copy
                0x001352b8                matrix_identity4x4
                0x00135304                matrix_mult4x4
                0x00135378                matrix_set_z_rotation
                0x001353ec                matrix_rotate_z
                0x0013544c                matrix_set_scaling
                0x00135498                matrix_swap_xy
                0x00135538                matrix_init_orthographic
                0x0013564c                next_pow2
 .text          0x0013566c     0x2114 c:/devkitPro/libctru/lib\libsf2d.a(sf2d_texture.o)
                0x00135790                sf2d_create_texture
                0x0013597c                sf2d_free_texture
                0x001359cc                sf2d_fill_texture_from_RGBA8
                0x00135a84                sf2d_create_texture_mem_RGBA8
                0x00135ac8                sf2d_bind_texture
                0x00135b40                sf2d_bind_texture_color
                0x00135bc0                sf2d_bind_texture_parameters
                0x00135c38                sf2d_draw_texture
                0x00135d78                sf2d_draw_texture_blend
                0x00135ebc                sf2d_draw_texture_rotate_hotspot
                0x0013606c                sf2d_draw_texture_rotate_hotspot_blend
                0x00136220                sf2d_draw_texture_rotate
                0x001363e4                sf2d_draw_texture_rotate_blend
                0x001365ac                sf2d_draw_texture_part
                0x00136728                sf2d_draw_texture_part_blend
                0x001368a8                sf2d_draw_texture_scale
                0x00136a10                sf2d_draw_texture_scale_blend
                0x00136b7c                sf2d_draw_texture_part_scale
                0x00136cd0                sf2d_draw_texture_part_scale_blend
                0x00136e28                sf2d_draw_texture_part_rotate_scale
                0x00137040                sf2d_draw_texture_part_rotate_scale_blend
                0x0013725c                sf2d_draw_texture_depth
                0x001373bc                sf2d_draw_texture_depth_blend
                0x00137520                sf2d_draw_quad_uv
                0x0013764c                sf2d_set_pixel
                0x001376e0                sf2d_get_pixel
                0x00137770                sf2d_texture_tile32
 .text          0x00137780        0x0 c:/devkitPro/libctru/lib\libsf2d.a(shader.vsh.o)
 .text          0x00137780      0x1d4 c:/devkitPro/libctru/lib\libctru.a(linear.o)
                0x001377a8                linearMemAlign
                0x001378e8                linearAlloc
                0x001378f0                linearRealloc
                0x001378f8                linearFree
                0x00137948                linearSpaceFree
 .text          0x00137954      0x35c c:/devkitPro/libctru/lib\libctru.a(mem_pool.o)
                0x00137954                MemPool::CoalesceRight(MemBlock*)
                0x001379f4                MemPool::Allocate(MemChunk&, unsigned long, int)
                0x00137b7c                MemPool::Deallocate(MemChunk const&)
                0x00137c80                MemPool::GetFreeSpace()
 .text          0x00137cb0      0x1c4 c:/devkitPro/libctru/lib\libctru.a(vram.o)
                0x00137cd8                vramMemAlign
                0x00137e08                vramAlloc
                0x00137e10                vramRealloc
                0x00137e18                vramFree
                0x00137e68                vramSpaceFree
 .text          0x00137e74      0x72c c:/devkitPro/libctru/lib\libctru.a(gfx.o)
                0x00137f00                gfxSet3D
                0x00137f10                gfxSetScreenFormat
                0x00137f28                gfxGetScreenFormat
                0x00137f40                gfxSetDoubleBuffering
                0x00137f54                gfxSetFramebufferInfo
                0x00137fc4                gfxWriteFramebufferInfo
                0x00138088                gfxInit
                0x00138268                gfxInitDefault
                0x00138278                gfxExit
                0x00138344                gfxGetFramebuffer
                0x001383f4                gfxFlushBuffers
                0x001384d0                gfxSwapBuffers
                0x00138544                gfxSwapBuffersGpu
 .text          0x001385a0      0x288 c:/devkitPro/libctru/lib\libctru.a(os.o)
                0x001385f8                osConvertVirtToPhys
                0x00138644                osConvertOldLINEARMemToNew
                0x00138664                __libctru_gtod
                0x0013875c                osGetTime
                0x001387d0                osGetFirmVersion
                0x001387e4                osGetKernelVersion
                0x001387f8                osStrError
                0x00138818                osGetWifiStrength
 .text          0x00138828     0x1a58 c:/devkitPro/libctru/lib\libctru.a(gpu.o)
                0x001388a8                GPU_Init
                0x001388d4                GPUCMD_SetBuffer
                0x00138900                GPUCMD_SetBufferOffset
                0x00138910                GPUCMD_GetBuffer
                0x00138950                GPUCMD_AddRawCommands
                0x0013899c                GPUCMD_Run
                0x001389fc                GPUCMD_FlushAndRun
                0x00138a70                GPUCMD_Add
                0x00138b54                GPUCMD_Finalize
                0x00138bec                GPU_Reset
                0x001393cc                GPU_SetFloatUniform
                0x00139444                GPU_SetViewport
                0x00139638                GPU_SetScissorTest
                0x00139684                GPU_DepthMap
                0x00139700                GPU_SetAlphaTest
                0x00139738                GPU_SetStencilTest
                0x00139780                GPU_SetStencilOp
                0x001397b4                GPU_SetDepthTestAndWriteMask
                0x001397ec                GPU_SetAlphaBlending
                0x00139854                GPU_SetColorLogicOp
                0x00139898                GPU_SetBlendingColor
                0x001398d4                GPU_SetTextureEnable
                0x00139920                GPU_SetTexture
                0x00139ab8                GPU_SetTextureBorderColor
                0x00139b4c                GPU_SetAttributeBuffers
                0x00139d48                GPU_SetAttributeBuffersAddress
                0x00139d74                GPU_SetFaceCulling
                0x00139da0                GPU_SetCombinerBufferWrite
                0x00139dd4                GPU_SetTexEnv
                0x00139e4c                GPU_DrawArray
                0x00139f7c                GPU_DrawElements
                0x0013a0b0                GPU_FinishDrawing
                0x0013a10c                GPU_SetShaderOutmap
                0x0013a154                GPU_SendShaderCode
                0x0013a20c                GPU_SendOperandDescriptors
 .text          0x0013a280        0x0 c:/devkitPro/libctru/lib\libctru.a(gpuResetSequence.o)
 .text          0x0013a280      0x7f4 c:/devkitPro/libctru/lib\libctru.a(shaderProgram.o)
                0x0013a280                shaderInstanceInit
                0x0013a488                shaderInstanceFree
                0x0013a4c0                shaderInstanceSetBool
                0x0013a500                shaderInstanceGetBool
                0x0013a54c                shaderInstanceGetUniformLocation
                0x0013a56c                shaderProgramInit
                0x0013a584                shaderProgramFree
                0x0013a5b4                shaderProgramSetVsh
                0x0013a620                shaderProgramSetGsh
                0x0013a694                shaderProgramUse
 .text          0x0013aa74      0x348 c:/devkitPro/libctru/lib\libctru.a(shbin.o)
                0x0013aa74                DVLB_Free
                0x0013aab0                DVLE_GetUniformRegister
                0x0013ab2c                DVLE_GenerateOutmap
                0x0013ac24                DVLB_ParseFile
 .text          0x0013adbc     0x1d4c c:/devkitPro/libctru/lib\libctru.a(apt.o)
                0x0013ae20                _aptDebug
                0x0013ae24                aptInitCaptureInfo
                0x0013aed4                aptWaitStatusEvent
                0x0013aefc                aptHook
                0x0013af34                aptUnhook
                0x0013af60                aptGetStatus
                0x0013af98                aptSetStatus
                0x0013affc                aptGetStatusPower
                0x0013b034                aptSetStatusPower
                0x0013b06c                aptOpenSession
                0x0013b090                aptCloseSession
                0x0013b0b8                aptSignalReadyForSleep
                0x0013b0c8                APT_GetLockHandle
                0x0013b118                APT_Initialize
                0x0013b180                APT_Finalize
                0x0013b1bc                APT_HardwareResetAsync
                0x0013b1f0                APT_Enable
                0x0013b22c                APT_GetAppletManInfo
                0x0013b2ac                aptGetMenuAppID
                0x0013b2e8                APT_GetAppletProgramInfo
                0x0013b33c                APT_IsRegistered
                0x0013b38c                APT_InquireNotification
                0x0013b3dc                APT_PrepareToJumpToHomeMenu
                0x0013b410                APT_JumpToHomeMenu
                0x0013b460                APT_PrepareToJumpToApplication
                0x0013b49c                APT_JumpToApplication
                0x0013b4ec                APT_NotifyToWait
                0x0013b528                APT_AppletUtility
                0x0013b5b0                aptAppletUtility_Exit_RetToApp
                0x0013b6d0                aptAppletClosed
                0x0013b80c                aptInit
                0x0013b9c4                APT_GlanceParameter
                0x0013ba38                APT_ReceiveParameter
                0x0013baac                APT_SendParameter
                0x0013bb1c                APT_SendCaptureBufferInfo
                0x0013bb68                aptReturnToMenu
                0x0013bd3c                APT_ReplySleepQuery
                0x0013bd7c                APT_ReplySleepNotificationComplete
                0x0013bdb8                aptEventHandler
                0x0013c0c4                APT_PrepareToCloseApplication
                0x0013c100                APT_CloseApplication
                0x0013c158                aptExit
                0x0013c344                APT_SetAppCpuTimeLimit
                0x0013c388                APT_GetAppCpuTimeLimit
                0x0013c3dc                APT_CheckNew3DS_Application
                0x0013c438                APT_CheckNew3DS_System
                0x0013c494                APT_CheckNew3DS
                0x0013c508                APT_PrepareToDoAppJump
                0x0013c554                APT_DoAppJump
                0x0013c5bc                APT_PrepareToStartLibraryApplet
                0x0013c5f8                APT_StartLibraryApplet
                0x0013c658                aptAppletStarted
                0x0013c75c                aptMainLoop
                0x0013c8d4                APT_LaunchLibraryApplet
                0x0013ca6c                APT_PrepareToStartSystemApplet
                0x0013caa8                APT_StartSystemApplet
 .text          0x0013cb08      0x8a0 c:/devkitPro/libctru/lib\libctru.a(gsp.o)
                0x0013cbec                gspInit
                0x0013cc00                gspExit
                0x0013cc18                gspInitEventHandler
                0x0013cce4                gspExitEventHandler
                0x0013cd3c                gspWaitForEvent
                0x0013cd94                GSPGPU_WriteHWRegs
                0x0013ce04                GSPGPU_WriteHWRegsWithMask
                0x0013ce90                GSPGPU_ReadHWRegs
                0x0013cf00                GSPGPU_SetBufferSwap
                0x0013cf74                GSPGPU_FlushDataCache
                0x0013cfc8                GSPGPU_InvalidateDataCache
                0x0013d01c                GSPGPU_SetLcdForceBlack
                0x0013d058                GSPGPU_TriggerCmdReqQueue
                0x0013d08c                GSPGPU_RegisterInterruptRelayQueue
                0x0013d0f8                GSPGPU_UnregisterInterruptRelayQueue
                0x0013d12c                GSPGPU_AcquireRight
                0x0013d17c                GSPGPU_ReleaseRight
                0x0013d1b0                GSPGPU_ImportDisplayCaptureInfo
                0x0013d234                GSPGPU_SaveVramSysArea
                0x0013d268                GSPGPU_RestoreVramSysArea
                0x0013d29c                GSPGPU_SubmitGxCommand
 .text          0x0013d3a8      0x264 c:/devkitPro/libctru/lib\libctru.a(gx.o)
                0x0013d3a8                GX_RequestDma
                0x0013d3fc                GX_SetCommandList_Last
                0x0013d464                GX_SetMemoryFill
                0x0013d4d8                GX_SetDisplayTransfer
                0x0013d53c                GX_SetTextureCopy
                0x0013d5a4                GX_SetCommandList_First
 .text          0x0013d60c      0x708 c:/devkitPro/libctru/lib\libctru.a(hid.o)
                0x0013d60c                hidExit
                0x0013d6b0                hidWaitForEvent
                0x0013d708                hidCheckSectionUpdateTime
                0x0013d744                hidScanInput
                0x0013d98c                hidKeysHeld
                0x0013d99c                hidKeysDown
                0x0013d9ac                hidKeysUp
                0x0013d9bc                hidTouchRead
                0x0013d9d4                hidCircleRead
                0x0013d9ec                hidAccelRead
                0x0013da0c                hidGyroRead
                0x0013da2c                HIDUSER_GetHandles
                0x0013dabc                hidInit
                0x0013dbf0                HIDUSER_EnableAccelerometer
                0x0013dc1c                HIDUSER_DisableAccelerometer
                0x0013dc48                HIDUSER_EnableGyroscope
                0x0013dc74                HIDUSER_DisableGyroscope
                0x0013dca0                HIDUSER_GetGyroscopeRawToDpsCoefficient
                0x0013dcdc                HIDUSER_GetSoundVolume
 .text          0x0013dd14      0x388 c:/devkitPro/libctru/lib\libctru.a(irrst.o)
                0x0013dd14                irrstWaitForEvent
                0x0013dd60                irrstCheckSectionUpdateTime
                0x0013dd9c                irrstScanInput
                0x0013de50                irrstKeysHeld
                0x0013de68                irrstCstickRead
                0x0013de80                IRRST_GetHandles
                0x0013ded0                IRRST_Initialize
                0x0013df08                irrstInit
                0x0013dfec                IRRST_Shutdown
                0x0013e018                irrstExit
 .text          0x0013e09c       0x70 c:/devkitPro/libctru/lib\libctru.a(rbtree_find.o)
                0x0013e09c                rbtree_find
 .text          0x0013e10c       0x14 c:/devkitPro/libctru/lib\libctru.a(rbtree_init.o)
                0x0013e10c                rbtree_init
 .text          0x0013e120      0x1f4 c:/devkitPro/libctru/lib\libctru.a(rbtree_insert.o)
                0x0013e304                rbtree_insert
                0x0013e30c                rbtree_insert_multi
 .text          0x0013e314      0x340 c:/devkitPro/libctru/lib\libctru.a(rbtree_remove.o)
                0x0013e314                rbtree_remove
 .text          0x0013e654       0xac c:/devkitPro/libctru/lib\libctru.a(rbtree_rotate.o)
                0x0013e654                rbtree_rotate
 .text          0x0013e700       0xa4 c:/devkitPro/libctru/lib\libctru.a(allocateHeaps.o)
                0x0013e700                __system_allocateHeaps
 .text          0x0013e7a4       0xf4 c:/devkitPro/libctru/lib\libctru.a(initArgv.o)
                0x0013e7a4                __system_initArgv
 .text          0x0013e898       0x4c c:/devkitPro/libctru/lib\libctru.a(initSystem.o)
                0x0013e898                __libctru_init
 *fill*         0x0013e8e4        0xc 
 .text          0x0013e8f0      0x460 c:/devkitPro/libctru/lib\libctru.a(svc.o)
                0x0013e8f0                svcControlMemory
                0x0013e910                svcQueryMemory
                0x0013e940                svcExitProcess
                0x0013e948                svcCreateThread
                0x0013e968                svcExitThread
                0x0013e970                svcSleepThread
                0x0013e978                svcGetThreadPriority
                0x0013e98c                svcSetThreadPriority
                0x0013e994                svcGetThreadAffinityMask
                0x0013e99c                svcSetThreadAffinityMask
                0x0013e9a4                svcGetThreadIdealProcessor
                0x0013e9b8                svcSetThreadIdealProcessor
                0x0013e9c0                svcGetProcessorID
                0x0013e9c8                svcCreateMutex
                0x0013e9dc                svcReleaseMutex
                0x0013e9e4                svcCreateSemaphore
                0x0013e9f8                svcReleaseSemaphore
                0x0013ea0c                svcCreateEvent
                0x0013ea20                svcSignalEvent
                0x0013ea28                svcClearEvent
                0x0013ea30                svcCreateTimer
                0x0013ea44                svcSetTimer
                0x0013ea4c                svcCancelTimer
                0x0013ea54                svcClearTimer
                0x0013ea5c                svcCreateMemoryBlock
                0x0013ea74                svcMapMemoryBlock
                0x0013ea7c                svcUnmapMemoryBlock
                0x0013ea84                svcCreateAddressArbiter
                0x0013ea98                svcArbitrateAddress
                0x0013eab8                svcCloseHandle
                0x0013eac0                svcWaitSynchronization
                0x0013eac8                svcWaitSynchronizationN
                0x0013eaf0                svcDuplicateHandle
                0x0013eb04                svcGetSystemTick
                0x0013eb0c                svcGetSystemInfo
                0x0013eb24                svcGetProcessInfo
                0x0013eb3c                svcGetThreadInfo
                0x0013eb54                svcConnectToPort
                0x0013eb68                svcSendSyncRequest
                0x0013eb70                svcOpenProcess
                0x0013eb84                svcOpenThread
                0x0013eb98                svcGetProcessId
                0x0013ebac                svcGetProcessIdOfThread
                0x0013ebc0                svcGetThreadId
                0x0013ebd4                svcBreak
                0x0013ebdc                svcOutputDebugString
                0x0013ebe4                svcCreatePort
                0x0013ec04                svcAcceptSession
                0x0013ec1c                svcReplyAndReceive
                0x0013ec34                svcInvalidateProcessDataCache
                0x0013ec3c                svcFlushProcessDataCache
                0x0013ec44                svcStartInterProcessDma
                0x0013ec64                svcStopDma
                0x0013ec6c                svcGetDmaState
                0x0013ec80                svcDebugActiveProcess
                0x0013ec94                svcBreakDebugProcess
                0x0013ec9c                svcTerminateDebugProcess
                0x0013eca4                svcGetProcessDebugEvent
                0x0013ecac                svcContinueDebugEvent
                0x0013ecb4                svcGetProcessList
                0x0013ecd4                svcReadProcessMemory
                0x0013ecdc                svcWriteProcessMemory
                0x0013ece4                svcControlProcessMemory
                0x0013ecfc                svcMapProcessMemory
                0x0013ed04                svcUnmapProcessMemory
                0x0013ed0c                svcTerminateProcess
                0x0013ed14                svcBackdoor
                0x0013ed1c                svcKernelSetState
                0x0013ed24                svcQueryProcessMemory
 .text          0x0013ed50       0x64 c:/devkitPro/libctru/lib\libctru.a(stack_adjust.o)
                0x0013ed50                initSystem
                0x0013ed94                __ctru_exit
 .text          0x0013edb4      0x3b8 c:/devkitPro/libctru/lib\libctru.a(srv.o)
                0x0013edb4                __get_handle_from_list
                0x0013ee4c                __destroy_handle_list
                0x0013eea0                srvExit
                0x0013eec8                srvGetSessionHandle
                0x0013eed4                srvRegisterClient
                0x0013ef0c                srvInit
                0x0013ef74                srvGetServiceHandle
                0x0013eff4                srvRegisterService
                0x0013f050                srvUnregisterService
                0x0013f09c                srvPmInit
                0x0013f0f0                srvRegisterProcess
                0x0013f138                srvUnregisterProcess
 .text          0x0013f16c      0x118 c:/devkitPro/libctru/lib\libctru.a(rbtree_iterator.o)
                0x0013f16c                rbtree_node_next
                0x0013f1f8                rbtree_node_prev
 .text          0x0013f284       0x1c c:/devkitPro/libctru/lib\libctru.a(appExit.o)
                0x0013f284                __appExit
 .text          0x0013f2a0       0x20 c:/devkitPro/libctru/lib\libctru.a(appInit.o)
                0x0013f2a0                __appInit
 .text          0x0013f2c0       0x90 c:/devkitPro/libctru/lib\libctru.a(ctru_exit.o)
                0x0013f2c0                __libctru_exit
 .text          0x0013f350      0xffc c:/devkitPro/libctru/lib\libctru.a(sdmc_dev.o)
                0x001401cc                sdmcInit
                0x001402fc                sdmcExit
 .text          0x0014034c      0xc88 c:/devkitPro/libctru/lib\libctru.a(fs.o)
                0x0014034c                FS_makePath
                0x00140378                fsExit
                0x0014039c                fsGetSessionHandle
                0x001403a8                FSUSER_Initialize
                0x0014041c                fsInit
                0x00140488                FSUSER_OpenFile
                0x00140534                FSUSER_OpenFileDirectly
                0x00140600                FSUSER_DeleteFile
                0x00140688                FSUSER_RenameFile
                0x0014074c                FSUSER_DeleteDirectory
                0x001407d4                FSUSER_DeleteDirectoryRecursively
                0x0014085c                FSUSER_CreateFile
                0x001408f4                FSUSER_CreateDirectory
                0x00140980                FSUSER_RenameDirectory
                0x00140a44                FSUSER_OpenDirectory
                0x00140ad8                FSUSER_OpenArchive
                0x00140b60                FSUSER_CloseArchive
                0x00140bb8                FSUSER_GetSdmcArchiveResource
                0x00140c34                FSUSER_GetNandArchiveResource
                0x00140cb0                FSUSER_IsSdmcDetected
                0x00140cfc                FSUSER_IsSdmcWritable
                0x00140d48                FSFILE_Close
                0x00140d8c                FSFILE_Read
                0x00140de8                FSFILE_Write
                0x00140e4c                FSFILE_GetSize
                0x00140e8c                FSFILE_SetSize
                0x00140eb8                FSFILE_GetAttributes
                0x00140ef0                FSFILE_SetAttributes
                0x00140f18                FSFILE_Flush
                0x00140f3c                FSDIR_Read
                0x00140f90                FSDIR_Close
 .text          0x00140fd4      0x138 c:/devkitPro/libctru/lib\libctru.a(decode_utf8.o)
                0x00140fd4                decode_utf8
 .text          0x0014110c       0xe8 c:/devkitPro/libctru/lib\libctru.a(utf16_to_utf8.o)
                0x0014110c                utf16_to_utf8
 .text          0x001411f4       0xb8 c:/devkitPro/libctru/lib\libctru.a(utf8_to_utf16.o)
                0x001411f4                utf8_to_utf16
 .text          0x001412ac       0x60 c:/devkitPro/libctru/lib\libctru.a(decode_utf16.o)
                0x001412ac                decode_utf16
 .text          0x0014130c       0x68 c:/devkitPro/libctru/lib\libctru.a(encode_utf16.o)
                0x0014130c                encode_utf16
 .text          0x00141374      0x104 c:/devkitPro/libctru/lib\libctru.a(encode_utf8.o)
                0x00141374                encode_utf8
 .text          0x00141478        0x0 c:/devkitpro/devkitarm/bin/../lib/gcc/arm-none-eabi/4.9.2/../../../../arm-none-eabi/lib/armv6k/fpu\libm.a(lib_a-sf_cos.o)
 .text          0x00141478        0x0 c:/devkitpro/devkitarm/bin/../lib/gcc/arm-none-eabi/4.9.2/../../../../arm-none-eabi/lib/armv6k/fpu\libm.a(lib_a-s_floor.o)
 .text          0x00141478        0x0 c:/devkitpro/devkitarm/bin/../lib/gcc/arm-none-eabi/4.9.2/../../../../arm-none-eabi/lib/armv6k/fpu\libm.a(lib_a-s_frexp.o)
 .text          0x00141478        0x0 c:/devkitpro/devkitarm/bin/../lib/gcc/arm-none-eabi/4.9.2/../../../../arm-none-eabi/lib/armv6k/fpu\libm.a(lib_a-sf_sin.o)
 .text          0x00141478        0x0 c:/devkitpro/devkitarm/bin/../lib/gcc/arm-none-eabi/4.9.2/../../../../arm-none-eabi/lib/armv6k/fpu\libm.a(lib_a-s_modf.o)
 .text          0x00141478        0x0 c:/devkitpro/devkitarm/bin/../lib/gcc/arm-none-eabi/4.9.2/../../../../arm-none-eabi/lib/armv6k/fpu\libm.a(lib_a-w_pow.o)
 .text          0x00141478        0x0 c:/devkitpro/devkitarm/bin/../lib/gcc/arm-none-eabi/4.9.2/../../../../arm-none-eabi/lib/armv6k/fpu\libm.a(lib_a-ef_rem_pio2.o)
 .text          0x00141478        0x0 c:/devkitpro/devkitarm/bin/../lib/gcc/arm-none-eabi/4.9.2/../../../../arm-none-eabi/lib/armv6k/fpu\libm.a(lib_a-e_pow.o)
 .text          0x00141478        0x0 c:/devkitpro/devkitarm/bin/../lib/gcc/arm-none-eabi/4.9.2/../../../../arm-none-eabi/lib/armv6k/fpu\libm.a(lib_a-e_sqrt.o)
 .text          0x00141478        0x0 c:/devkitpro/devkitarm/bin/../lib/gcc/arm-none-eabi/4.9.2/../../../../arm-none-eabi/lib/armv6k/fpu\libm.a(lib_a-kf_cos.o)
 .text          0x00141478        0x0 c:/devkitpro/devkitarm/bin/../lib/gcc/arm-none-eabi/4.9.2/../../../../arm-none-eabi/lib/armv6k/fpu\libm.a(lib_a-kf_rem_pio2.o)
 .text          0x00141478        0x0 c:/devkitpro/devkitarm/bin/../lib/gcc/arm-none-eabi/4.9.2/../../../../arm-none-eabi/lib/armv6k/fpu\libm.a(lib_a-kf_sin.o)
 .text          0x00141478        0x0 c:/devkitpro/devkitarm/bin/../lib/gcc/arm-none-eabi/4.9.2/../../../../arm-none-eabi/lib/armv6k/fpu\libm.a(lib_a-s_fabs.o)
 .text          0x00141478        0x0 c:/devkitpro/devkitarm/bin/../lib/gcc/arm-none-eabi/4.9.2/../../../../arm-none-eabi/lib/armv6k/fpu\libm.a(lib_a-sf_fabs.o)
 .text          0x00141478        0x0 c:/devkitpro/devkitarm/bin/../lib/gcc/arm-none-eabi/4.9.2/../../../../arm-none-eabi/lib/armv6k/fpu\libm.a(lib_a-sf_floor.o)
 .text          0x00141478        0x0 c:/devkitpro/devkitarm/bin/../lib/gcc/arm-none-eabi/4.9.2/../../../../arm-none-eabi/lib/armv6k/fpu\libm.a(lib_a-s_finite.o)
 .text          0x00141478        0x0 c:/devkitpro/devkitarm/bin/../lib/gcc/arm-none-eabi/4.9.2/../../../../arm-none-eabi/lib/armv6k/fpu\libm.a(lib_a-s_fpclassify.o)
 .text          0x00141478        0x0 c:/devkitpro/devkitarm/bin/../lib/gcc/arm-none-eabi/4.9.2/../../../../arm-none-eabi/lib/armv6k/fpu\libm.a(lib_a-sf_scalbn.o)
 .text          0x00141478        0x0 c:/devkitpro/devkitarm/bin/../lib/gcc/arm-none-eabi/4.9.2/../../../../arm-none-eabi/lib/armv6k/fpu\libm.a(lib_a-s_lib_ver.o)
 .text          0x00141478        0x0 c:/devkitpro/devkitarm/bin/../lib/gcc/arm-none-eabi/4.9.2/../../../../arm-none-eabi/lib/armv6k/fpu\libm.a(lib_a-s_matherr.o)
 .text          0x00141478        0x0 c:/devkitpro/devkitarm/bin/../lib/gcc/arm-none-eabi/4.9.2/../../../../arm-none-eabi/lib/armv6k/fpu\libm.a(lib_a-s_nan.o)
 .text          0x00141478        0x0 c:/devkitpro/devkitarm/bin/../lib/gcc/arm-none-eabi/4.9.2/../../../../arm-none-eabi/lib/armv6k/fpu\libm.a(lib_a-s_rint.o)
 .text          0x00141478        0x0 c:/devkitpro/devkitarm/bin/../lib/gcc/arm-none-eabi/4.9.2/../../../../arm-none-eabi/lib/armv6k/fpu\libm.a(lib_a-s_scalbn.o)
 .text          0x00141478        0x0 c:/devkitpro/devkitarm/bin/../lib/gcc/arm-none-eabi/4.9.2/../../../../arm-none-eabi/lib/armv6k/fpu\libm.a(lib_a-s_copysign.o)
 .text          0x00141478        0x0 c:/devkitpro/devkitarm/bin/../lib/gcc/arm-none-eabi/4.9.2/../../../../arm-none-eabi/lib/armv6k/fpu\libm.a(lib_a-sf_copysign.o)
 .text          0x00141478      0x20c c:/devkitpro/devkitarm/bin/../lib/gcc/arm-none-eabi/4.9.2/armv6k/fpu\libgcc.a(_udivsi3.o)
                0x00141478                __aeabi_uidiv
                0x00141478                __udivsi3
                0x00141664                __aeabi_uidivmod
 .text          0x00141684      0x240 c:/devkitpro/devkitarm/bin/../lib/gcc/arm-none-eabi/4.9.2/armv6k/fpu\libgcc.a(_divsi3.o)
                0x00141684                __divsi3
                0x00141684                __aeabi_idiv
                0x001418a4                __aeabi_idivmod
 .text          0x001418c4        0x4 c:/devkitpro/devkitarm/bin/../lib/gcc/arm-none-eabi/4.9.2/armv6k/fpu\libgcc.a(_dvmd_tls.o)
                0x001418c4                __aeabi_idiv0
                0x001418c4                __aeabi_ldiv0
 .text          0x001418c8      0x250 c:/devkitpro/devkitarm/bin/../lib/gcc/arm-none-eabi/4.9.2/armv6k/fpu\libgcc.a(_arm_addsubsf3.o)
                0x001418c8                __aeabi_frsub
                0x001418d0                __subsf3
                0x001418d0                __aeabi_fsub
                0x001418d4                __aeabi_fadd
                0x001418d4                __addsf3
                0x00141a64                __aeabi_ui2f
                0x00141a64                __floatunsisf
                0x00141a6c                __aeabi_i2f
                0x00141a6c                __floatsisf
                0x00141a8c                __aeabi_ul2f
                0x00141a8c                __floatundisf
                0x00141a9c                __aeabi_l2f
                0x00141a9c                __floatdisf
 .text          0x00141b18        0x0 c:/devkitpro/devkitarm/bin/../lib/gcc/arm-none-eabi/4.9.2/../../../../arm-none-eabi/lib/armv6k/fpu\libg.a(lib_a-abort.o)
 .text          0x00141b18        0x0 c:/devkitpro/devkitarm/bin/../lib/gcc/arm-none-eabi/4.9.2/../../../../arm-none-eabi/lib/armv6k/fpu\libg.a(lib_a-atof.o)
 .text          0x00141b18        0x0 c:/devkitpro/devkitarm/bin/../lib/gcc/arm-none-eabi/4.9.2/../../../../arm-none-eabi/lib/armv6k/fpu\libg.a(lib_a-bsearch.o)
 .text          0x00141b18        0x0 c:/devkitpro/devkitarm/bin/../lib/gcc/arm-none-eabi/4.9.2/../../../../arm-none-eabi/lib/armv6k/fpu\libg.a(lib_a-errno.o)
 .text          0x00141b18        0x0 c:/devkitpro/devkitarm/bin/../lib/gcc/arm-none-eabi/4.9.2/../../../../arm-none-eabi/lib/armv6k/fpu\libg.a(lib_a-exit.o)
 .text          0x00141b18        0x0 c:/devkitpro/devkitarm/bin/../lib/gcc/arm-none-eabi/4.9.2/../../../../arm-none-eabi/lib/armv6k/fpu\libg.a(lib_a-fclose.o)
 .text          0x00141b18        0x0 c:/devkitpro/devkitarm/bin/../lib/gcc/arm-none-eabi/4.9.2/../../../../arm-none-eabi/lib/armv6k/fpu\libg.a(lib_a-fflush.o)
 .text          0x00141b18        0x0 c:/devkitpro/devkitarm/bin/../lib/gcc/arm-none-eabi/4.9.2/../../../../arm-none-eabi/lib/armv6k/fpu\libg.a(lib_a-findfp.o)
 .text          0x00141b18        0x0 c:/devkitpro/devkitarm/bin/../lib/gcc/arm-none-eabi/4.9.2/../../../../arm-none-eabi/lib/armv6k/fpu\libg.a(lib_a-fini.o)
 .text          0x00141b18        0x0 c:/devkitpro/devkitarm/bin/../lib/gcc/arm-none-eabi/4.9.2/../../../../arm-none-eabi/lib/armv6k/fpu\libg.a(lib_a-fopen.o)
 .text          0x00141b18        0x0 c:/devkitpro/devkitarm/bin/../lib/gcc/arm-none-eabi/4.9.2/../../../../arm-none-eabi/lib/armv6k/fpu\libg.a(lib_a-fprintf.o)
 .text          0x00141b18        0x0 c:/devkitpro/devkitarm/bin/../lib/gcc/arm-none-eabi/4.9.2/../../../../arm-none-eabi/lib/armv6k/fpu\libg.a(lib_a-fputc.o)
 .text          0x00141b18        0x0 c:/devkitpro/devkitarm/bin/../lib/gcc/arm-none-eabi/4.9.2/../../../../arm-none-eabi/lib/armv6k/fpu\libg.a(lib_a-fread.o)
 .text          0x00141b18        0x0 c:/devkitpro/devkitarm/bin/../lib/gcc/arm-none-eabi/4.9.2/../../../../arm-none-eabi/lib/armv6k/fpu\libg.a(lib_a-freer.o)
 .text          0x00141b18        0x0 c:/devkitpro/devkitarm/bin/../lib/gcc/arm-none-eabi/4.9.2/../../../../arm-none-eabi/lib/armv6k/fpu\libg.a(lib_a-fseek.o)
 .text          0x00141b18        0x0 c:/devkitpro/devkitarm/bin/../lib/gcc/arm-none-eabi/4.9.2/../../../../arm-none-eabi/lib/armv6k/fpu\libg.a(lib_a-fseeko.o)
 .text          0x00141b18        0x0 c:/devkitpro/devkitarm/bin/../lib/gcc/arm-none-eabi/4.9.2/../../../../arm-none-eabi/lib/armv6k/fpu\libg.a(lib_a-fwalk.o)
 .text          0x00141b18        0x0 c:/devkitpro/devkitarm/bin/../lib/gcc/arm-none-eabi/4.9.2/../../../../arm-none-eabi/lib/armv6k/fpu\libg.a(lib_a-fwrite.o)
 .text          0x00141b18        0x0 c:/devkitpro/devkitarm/bin/../lib/gcc/arm-none-eabi/4.9.2/../../../../arm-none-eabi/lib/armv6k/fpu\libg.a(lib_a-gmtime.o)
 .text          0x00141b18        0x0 c:/devkitpro/devkitarm/bin/../lib/gcc/arm-none-eabi/4.9.2/../../../../arm-none-eabi/lib/armv6k/fpu\libg.a(lib_a-gmtime_r.o)
 .text          0x00141b18        0x0 c:/devkitpro/devkitarm/bin/../lib/gcc/arm-none-eabi/4.9.2/../../../../arm-none-eabi/lib/armv6k/fpu\libg.a(lib_a-impure.o)
 .text          0x00141b18        0x0 c:/devkitpro/devkitarm/bin/../lib/gcc/arm-none-eabi/4.9.2/../../../../arm-none-eabi/lib/armv6k/fpu\libg.a(lib_a-init.o)
 .text          0x00141b18        0x0 c:/devkitpro/devkitarm/bin/../lib/gcc/arm-none-eabi/4.9.2/../../../../arm-none-eabi/lib/armv6k/fpu\libg.a(lib_a-makebuf.o)
 .text          0x00141b18        0x0 c:/devkitpro/devkitarm/bin/../lib/gcc/arm-none-eabi/4.9.2/../../../../arm-none-eabi/lib/armv6k/fpu\libg.a(lib_a-malloc.o)
 .text          0x00141b18        0x0 c:/devkitpro/devkitarm/bin/../lib/gcc/arm-none-eabi/4.9.2/../../../../arm-none-eabi/lib/armv6k/fpu\libg.a(lib_a-mallocr.o)
 .text          0x00141b18        0x0 c:/devkitpro/devkitarm/bin/../lib/gcc/arm-none-eabi/4.9.2/../../../../arm-none-eabi/lib/armv6k/fpu\libg.a(lib_a-memcmp.o)
 .text          0x00141b18        0x0 c:/devkitpro/devkitarm/bin/../lib/gcc/arm-none-eabi/4.9.2/../../../../arm-none-eabi/lib/armv6k/fpu\libg.a(lib_a-memcpy.o)
 .text          0x00141b18        0x0 c:/devkitpro/devkitarm/bin/../lib/gcc/arm-none-eabi/4.9.2/../../../../arm-none-eabi/lib/armv6k/fpu\libg.a(lib_a-memset.o)
 .text          0x00141b18        0x0 c:/devkitpro/devkitarm/bin/../lib/gcc/arm-none-eabi/4.9.2/../../../../arm-none-eabi/lib/armv6k/fpu\libg.a(lib_a-mlock.o)
 .text          0x00141b18        0x0 c:/devkitpro/devkitarm/bin/../lib/gcc/arm-none-eabi/4.9.2/../../../../arm-none-eabi/lib/armv6k/fpu\libg.a(lib_a-month_lengths.o)
 .text          0x00141b18        0x0 c:/devkitpro/devkitarm/bin/../lib/gcc/arm-none-eabi/4.9.2/../../../../arm-none-eabi/lib/armv6k/fpu\libg.a(lib_a-printf.o)
 .text          0x00141b18        0x0 c:/devkitpro/devkitarm/bin/../lib/gcc/arm-none-eabi/4.9.2/../../../../arm-none-eabi/lib/armv6k/fpu\libg.a(lib_a-putchar.o)
 .text          0x00141b18        0x0 c:/devkitpro/devkitarm/bin/../lib/gcc/arm-none-eabi/4.9.2/../../../../arm-none-eabi/lib/armv6k/fpu\libg.a(lib_a-putc.o)
 .text          0x00141b18        0x0 c:/devkitpro/devkitarm/bin/../lib/gcc/arm-none-eabi/4.9.2/../../../../arm-none-eabi/lib/armv6k/fpu\libg.a(lib_a-rand.o)
 .text          0x00141b18        0x0 c:/devkitpro/devkitarm/bin/../lib/gcc/arm-none-eabi/4.9.2/../../../../arm-none-eabi/lib/armv6k/fpu\libg.a(lib_a-realloc.o)
 .text          0x00141b18        0x0 c:/devkitpro/devkitarm/bin/../lib/gcc/arm-none-eabi/4.9.2/../../../../arm-none-eabi/lib/armv6k/fpu\libg.a(lib_a-reallocr.o)
 .text          0x00141b18        0x0 c:/devkitpro/devkitarm/bin/../lib/gcc/arm-none-eabi/4.9.2/../../../../arm-none-eabi/lib/armv6k/fpu\libg.a(lib_a-refill.o)
 .text          0x00141b18        0x0 c:/devkitpro/devkitarm/bin/../lib/gcc/arm-none-eabi/4.9.2/../../../../arm-none-eabi/lib/armv6k/fpu\libg.a(lib_a-remove.o)
 .text          0x00141b18       0x2c c:/devkitpro/devkitarm/bin/../lib/gcc/arm-none-eabi/4.9.2/../../../../arm-none-eabi/lib/armv6k/fpu\libg.a(lib_a-setjmp.o)
                0x00141b18                setjmp
                0x00141b2c                longjmp
 .text          0x00141b44        0x0 c:/devkitpro/devkitarm/bin/../lib/gcc/arm-none-eabi/4.9.2/../../../../arm-none-eabi/lib/armv6k/fpu\libg.a(lib_a-signal.o)
 .text          0x00141b44        0x0 c:/devkitpro/devkitarm/bin/../lib/gcc/arm-none-eabi/4.9.2/../../../../arm-none-eabi/lib/armv6k/fpu\libg.a(lib_a-stdio.o)
 *fill*         0x00141b44       0x1c 
 .text          0x00141b60      0x3a0 c:/devkitpro/devkitarm/bin/../lib/gcc/arm-none-eabi/4.9.2/../../../../arm-none-eabi/lib/armv6k/fpu\libg.a(lib_a-strcmp.o)
                0x00141b68                strcmp
 .text          0x00141f00        0x0 c:/devkitpro/devkitarm/bin/../lib/gcc/arm-none-eabi/4.9.2/../../../../arm-none-eabi/lib/armv6k/fpu\libg.a(lib_a-strcpy.o)
 .text          0x00141f00        0x0 c:/devkitpro/devkitarm/bin/../lib/gcc/arm-none-eabi/4.9.2/../../../../arm-none-eabi/lib/armv6k/fpu\libg.a(lib_a-strerror.o)
 .text          0x00141f00        0x0 c:/devkitpro/devkitarm/bin/../lib/gcc/arm-none-eabi/4.9.2/../../../../arm-none-eabi/lib/armv6k/fpu\libg.a(lib_a-strlen.o)
 .text          0x00141f00        0x0 c:/devkitpro/devkitarm/bin/../lib/gcc/arm-none-eabi/4.9.2/../../../../arm-none-eabi/lib/armv6k/fpu\libg.a(lib_a-strncat.o)
 .text          0x00141f00        0x0 c:/devkitpro/devkitarm/bin/../lib/gcc/arm-none-eabi/4.9.2/../../../../arm-none-eabi/lib/armv6k/fpu\libg.a(lib_a-strncpy.o)
 .text          0x00141f00        0x0 c:/devkitpro/devkitarm/bin/../lib/gcc/arm-none-eabi/4.9.2/../../../../arm-none-eabi/lib/armv6k/fpu\libg.a(lib_a-strtod.o)
 .text          0x00141f00        0x0 c:/devkitpro/devkitarm/bin/../lib/gcc/arm-none-eabi/4.9.2/../../../../arm-none-eabi/lib/armv6k/fpu\libg.a(lib_a-time.o)
 .text          0x00141f00        0x0 c:/devkitpro/devkitarm/bin/../lib/gcc/arm-none-eabi/4.9.2/../../../../arm-none-eabi/lib/armv6k/fpu\libg.a(lib_a-u_strerr.o)
 .text          0x00141f00        0x0 c:/devkitpro/devkitarm/bin/../lib/gcc/arm-none-eabi/4.9.2/../../../../arm-none-eabi/lib/armv6k/fpu\libg.a(lib_a-vfprintf.o)
 .text          0x00141f00        0x0 c:/devkitpro/devkitarm/bin/../lib/gcc/arm-none-eabi/4.9.2/../../../../arm-none-eabi/lib/armv6k/fpu\libg.a(lib_a-wbuf.o)
 .text          0x00141f00        0x0 c:/devkitpro/devkitarm/bin/../lib/gcc/arm-none-eabi/4.9.2/../../../../arm-none-eabi/lib/armv6k/fpu\libg.a(lib_a-wcrtomb.o)
 .text          0x00141f00        0x0 c:/devkitpro/devkitarm/bin/../lib/gcc/arm-none-eabi/4.9.2/../../../../arm-none-eabi/lib/armv6k/fpu\libg.a(lib_a-wcsrtombs.o)
 .text          0x00141f00        0x0 c:/devkitpro/devkitarm/bin/../lib/gcc/arm-none-eabi/4.9.2/../../../../arm-none-eabi/lib/armv6k/fpu\libg.a(lib_a-wctomb_r.o)
 .text          0x00141f00        0x0 c:/devkitpro/devkitarm/bin/../lib/gcc/arm-none-eabi/4.9.2/../../../../arm-none-eabi/lib/armv6k/fpu\libg.a(lib_a-wsetup.o)
 .text          0x00141f00        0x0 c:/devkitpro/devkitarm/bin/../lib/gcc/arm-none-eabi/4.9.2/../../../../arm-none-eabi/lib/armv6k/fpu\libg.a(lib_a-__call_atexit.o)
 .text          0x00141f00        0x0 c:/devkitpro/devkitarm/bin/../lib/gcc/arm-none-eabi/4.9.2/../../../../arm-none-eabi/lib/armv6k/fpu\libg.a(lib_a-dtoa.o)
 .text          0x00141f00        0x0 c:/devkitpro/devkitarm/bin/../lib/gcc/arm-none-eabi/4.9.2/../../../../arm-none-eabi/lib/armv6k/fpu\libg.a(lib_a-flags.o)
 .text          0x00141f00        0x0 c:/devkitpro/devkitarm/bin/../lib/gcc/arm-none-eabi/4.9.2/../../../../arm-none-eabi/lib/armv6k/fpu\libg.a(lib_a-fvwrite.o)
 .text          0x00141f00        0x0 c:/devkitpro/devkitarm/bin/../lib/gcc/arm-none-eabi/4.9.2/../../../../arm-none-eabi/lib/armv6k/fpu\libg.a(lib_a-gdtoa-gethex.o)
 .text          0x00141f00        0x0 c:/devkitpro/devkitarm/bin/../lib/gcc/arm-none-eabi/4.9.2/../../../../arm-none-eabi/lib/armv6k/fpu\libg.a(lib_a-gdtoa-hexnan.o)
 .text          0x00141f00        0x0 c:/devkitpro/devkitarm/bin/../lib/gcc/arm-none-eabi/4.9.2/../../../../arm-none-eabi/lib/armv6k/fpu\libg.a(lib_a-locale.o)
 .text          0x00141f00        0x0 c:/devkitpro/devkitarm/bin/../lib/gcc/arm-none-eabi/4.9.2/../../../../arm-none-eabi/lib/armv6k/fpu\libg.a(lib_a-mbtowc_r.o)
 .text          0x00141f00        0x0 c:/devkitpro/devkitarm/bin/../lib/gcc/arm-none-eabi/4.9.2/../../../../arm-none-eabi/lib/armv6k/fpu\libg.a(lib_a-memchr.o)
 .text          0x00141f00        0x0 c:/devkitpro/devkitarm/bin/../lib/gcc/arm-none-eabi/4.9.2/../../../../arm-none-eabi/lib/armv6k/fpu\libg.a(lib_a-memmove.o)
 .text          0x00141f00        0x0 c:/devkitpro/devkitarm/bin/../lib/gcc/arm-none-eabi/4.9.2/../../../../arm-none-eabi/lib/armv6k/fpu\libg.a(lib_a-mprec.o)
 .text          0x00141f00        0x0 c:/devkitpro/devkitarm/bin/../lib/gcc/arm-none-eabi/4.9.2/../../../../arm-none-eabi/lib/armv6k/fpu\libg.a(lib_a-sf_nan.o)
 .text          0x00141f00        0x0 c:/devkitpro/devkitarm/bin/../lib/gcc/arm-none-eabi/4.9.2/../../../../arm-none-eabi/lib/armv6k/fpu\libg.a(lib_a-strcasecmp.o)
 .text          0x00141f00        0x0 c:/devkitpro/devkitarm/bin/../lib/gcc/arm-none-eabi/4.9.2/../../../../arm-none-eabi/lib/armv6k/fpu\libg.a(lib_a-strcat.o)
 .text          0x00141f00        0x0 c:/devkitpro/devkitarm/bin/../lib/gcc/arm-none-eabi/4.9.2/../../../../arm-none-eabi/lib/armv6k/fpu\libg.a(lib_a-strchr.o)
 .text          0x00141f00        0x0 c:/devkitpro/devkitarm/bin/../lib/gcc/arm-none-eabi/4.9.2/../../../../arm-none-eabi/lib/armv6k/fpu\libg.a(lib_a-strlcpy.o)
 .text          0x00141f00        0x0 c:/devkitpro/devkitarm/bin/../lib/gcc/arm-none-eabi/4.9.2/../../../../arm-none-eabi/lib/armv6k/fpu\libg.a(lib_a-strncasecmp.o)
 .text          0x00141f00        0x0 c:/devkitpro/devkitarm/bin/../lib/gcc/arm-none-eabi/4.9.2/../../../../arm-none-eabi/lib/armv6k/fpu\libg.a(lib_a-strncmp.o)
 .text          0x00141f00        0x0 c:/devkitpro/devkitarm/bin/../lib/gcc/arm-none-eabi/4.9.2/../../../../arm-none-eabi/lib/armv6k/fpu\libg.a(lib_a-strtol.o)
 .text          0x00141f00        0x0 c:/devkitpro/devkitarm/bin/../lib/gcc/arm-none-eabi/4.9.2/../../../../arm-none-eabi/lib/armv6k/fpu\libg.a(lib_a-svfiprintf.o)
 .text          0x00141f00        0x0 c:/devkitpro/devkitarm/bin/../lib/gcc/arm-none-eabi/4.9.2/../../../../arm-none-eabi/lib/armv6k/fpu\libg.a(lib_a-vfiprintf.o)
 .text          0x00141f00        0x0 c:/devkitpro/devkitarm/bin/../lib/gcc/arm-none-eabi/4.9.2/../../../../arm-none-eabi/lib/armv6k/fpu\libg.a(lib_a-wcsnrtombs.o)
 .text          0x00141f00        0x0 c:/devkitpro/devkitarm/bin/../lib/gcc/arm-none-eabi/4.9.2/../../../../arm-none-eabi/lib/armv6k/fpu\libg.a(lib_a-callocr.o)
 .text          0x00141f00        0x0 c:/devkitpro/devkitarm/bin/../lib/gcc/arm-none-eabi/4.9.2/../../../../arm-none-eabi/lib/armv6k/fpu\libg.a(lib_a-ctype_.o)
 .text          0x00141f00        0x0 c:/devkitpro/devkitarm/bin/../lib/gcc/arm-none-eabi/4.9.2/../../../../arm-none-eabi/lib/armv6k/fpu\libg.a(lib_a-fputwc.o)
 .text          0x00141f00        0x0 c:/devkitpro/devkitarm/bin/../lib/gcc/arm-none-eabi/4.9.2/../../../../arm-none-eabi/lib/armv6k/fpu\libg.a(lib_a-getenv_r.o)
 .text          0x00141f00        0x0 c:/devkitpro/devkitarm/bin/../lib/gcc/arm-none-eabi/4.9.2/../../../../arm-none-eabi/lib/armv6k/fpu\libg.a(lib_a-environ.o)
 .text          0x00141f00        0x0 c:/devkitpro/devkitarm/bin/../lib/gcc/arm-none-eabi/4.9.2/../../../../arm-none-eabi/lib/armv6k/fpu\libg.a(lib_a-envlock.o)
 .text          0x00141f00      0x1a8 c:/devkitpro/devkitarm/bin/../lib/gcc/arm-none-eabi/4.9.2/../../../../arm-none-eabi/lib/armv6k/fpu\libsysbase.a(iosupport.o)
                0x00141f00                setDefaultDevice
                0x00141f18                FindDevice
                0x00141fc4                RemoveDevice
                0x00141ff0                AddDevice
                0x00142084                GetDeviceOpTab
 .text          0x001420a8       0x7c c:/devkitpro/devkitarm/bin/../lib/gcc/arm-none-eabi/4.9.2/../../../../arm-none-eabi/lib/armv6k/fpu\libsysbase.a(close.o)
                0x001420a8                _close_r
 .text          0x00142124       0x6c c:/devkitpro/devkitarm/bin/../lib/gcc/arm-none-eabi/4.9.2/../../../../arm-none-eabi/lib/armv6k/fpu\libsysbase.a(fstat.o)
                0x00142124                _fstat_r
 .text          0x00142190       0x10 c:/devkitpro/devkitarm/bin/../lib/gcc/arm-none-eabi/4.9.2/../../../../arm-none-eabi/lib/armv6k/fpu\libsysbase.a(getpid.o)
                0x00142190                _getpid_r
 .text          0x001421a0       0x2c c:/devkitpro/devkitarm/bin/../lib/gcc/arm-none-eabi/4.9.2/../../../../arm-none-eabi/lib/armv6k/fpu\libsysbase.a(gettod.o)
                0x001421a0                _gettimeofday_r
 .text          0x001421cc        0x8 c:/devkitpro/devkitarm/bin/../lib/gcc/arm-none-eabi/4.9.2/../../../../arm-none-eabi/lib/armv6k/fpu\libsysbase.a(isatty.o)
                0x001421cc                _isatty_r
 .text          0x001421d4       0x10 c:/devkitpro/devkitarm/bin/../lib/gcc/arm-none-eabi/4.9.2/../../../../arm-none-eabi/lib/armv6k/fpu\libsysbase.a(kill.o)
                0x001421d4                _kill_r
 .text          0x001421e4       0x74 c:/devkitpro/devkitarm/bin/../lib/gcc/arm-none-eabi/4.9.2/../../../../arm-none-eabi/lib/armv6k/fpu\libsysbase.a(lseek.o)
                0x001421e4                _lseek_r
 .text          0x00142258       0xc8 c:/devkitpro/devkitarm/bin/../lib/gcc/arm-none-eabi/4.9.2/../../../../arm-none-eabi/lib/armv6k/fpu\libsysbase.a(open.o)
                0x00142258                _open_r
 .text          0x00142320       0x74 c:/devkitpro/devkitarm/bin/../lib/gcc/arm-none-eabi/4.9.2/../../../../arm-none-eabi/lib/armv6k/fpu\libsysbase.a(read.o)
                0x00142320                _read_r
 .text          0x00142394       0x70 c:/devkitpro/devkitarm/bin/../lib/gcc/arm-none-eabi/4.9.2/../../../../arm-none-eabi/lib/armv6k/fpu\libsysbase.a(sbrk.o)
                0x00142394                _sbrk_r
 .text          0x00142404       0x5c c:/devkitpro/devkitarm/bin/../lib/gcc/arm-none-eabi/4.9.2/../../../../arm-none-eabi/lib/armv6k/fpu\libsysbase.a(unlink.o)
                0x00142404                _unlink_r
 .text          0x00142460       0x74 c:/devkitpro/devkitarm/bin/../lib/gcc/arm-none-eabi/4.9.2/../../../../arm-none-eabi/lib/armv6k/fpu\libsysbase.a(write.o)
                0x00142460                _write_r
 .text          0x001424d4       0x20 c:/devkitpro/devkitarm/bin/../lib/gcc/arm-none-eabi/4.9.2/../../../../arm-none-eabi/lib/armv6k/fpu\libsysbase.a(_exit.o)
                0x001424d4                _exit
 .text          0x001424f4        0x0 c:/devkitpro/devkitarm/bin/../lib/gcc/arm-none-eabi/4.9.2/../../../../arm-none-eabi/lib/armv6k/fpu\libsysbase.a(malloc_vars.o)
 .text          0x001424f4      0x3a4 c:/devkitpro/devkitarm/bin/../lib/gcc/arm-none-eabi/4.9.2/../../../../arm-none-eabi/lib/armv6k/fpu\libsysbase.a(chdir.o)
                0x001424f4                _concatenate_path
                0x001426b0                chdir
                0x001427f8                getcwd
 .text          0x00142898        0x8 c:/devkitpro/devkitarm/bin/../lib/gcc/arm-none-eabi/4.9.2/../../../../arm-none-eabi/lib/armv6k/fpu\libsysbase.a(flock.o)
                0x00142898                __flockfile
                0x0014289c                __funlockfile
 .text          0x001428a0      0x108 c:/devkitpro/devkitarm/bin/../lib/gcc/arm-none-eabi/4.9.2/../../../../arm-none-eabi/lib/armv6k/fpu\libsysbase.a(syscall_support.o)
                0x001428a0                __libc_lock_init
                0x001428b8                __libc_lock_acquire
                0x001428d0                __libc_lock_try_acquire
                0x001428f4                __libc_lock_release
                0x0014290c                __libc_lock_close
                0x00142924                __libc_lock_init_recursive
                0x0014293c                __libc_lock_acquire_recursive
                0x00142954                __libc_lock_try_acquire_recursive
                0x00142978                __libc_lock_release_recursive
                0x00142990                __libc_lock_close_recursive
 .text          0x001429a8      0x254 c:/devkitpro/devkitarm/bin/../lib/gcc/arm-none-eabi/4.9.2/../../../../arm-none-eabi/lib/armv6k/fpu\libsysbase.a(handle_manager.o)
                0x001429a8                __free_handle
                0x001429ec                __release_handle
                0x00142a18                __alloc_handle
                0x00142a80                __get_handle
                0x00142a9c                dup
                0x00142b28                dup2
 .text          0x00142bfc       0x28 c:/devkitpro/devkitarm/bin/../lib/gcc/arm-none-eabi/4.9.2/../../../../arm-none-eabi/lib/armv6k/fpu\libsysbase.a(getreent.o)
                0x00142bfc                __getreent
 .text          0x00142c24       0x3c c:/devkitpro/devkitarm/bin/../lib/gcc/arm-none-eabi/4.9.2/armv6k/fpu\libgcc.a(_aeabi_uldivmod.o)
                0x00142c24                __aeabi_uldivmod
 .text          0x00142c60       0x78 c:/devkitpro/devkitarm/bin/../lib/gcc/arm-none-eabi/4.9.2/armv6k/fpu\libgcc.a(bpabi.o)
                0x00142c60                __gnu_ldivmod_helper
                0x00142c9c                __gnu_uldivmod_helper
 .text          0x00142cd8      0x180 c:/devkitpro/devkitarm/bin/../lib/gcc/arm-none-eabi/4.9.2/armv6k/fpu\libgcc.a(_divdi3.o)
                0x00142cd8                __divdi3
 .text          0x00142e58      0x124 c:/devkitpro/devkitarm/bin/../lib/gcc/arm-none-eabi/4.9.2/armv6k/fpu\libgcc.a(_udivdi3.o)
                0x00142e58                __udivdi3
 .text          0x00142f7c        0x0 c:/devkitpro/devkitarm/bin/../lib/gcc/arm-none-eabi/4.9.2/../../../../arm-none-eabi/lib/armv6k/fpu\libg.a(lib_a-strnlen.o)
 .text          0x00142f7c        0x0 c:/devkitpro/devkitarm/bin/../lib/gcc/arm-none-eabi/4.9.2/../../../../arm-none-eabi/lib/armv6k/fpu\libg.a(lib_a-strrchr.o)
 .text          0x00142f7c        0x0 c:/devkitpro/devkitarm/bin/../lib/gcc/arm-none-eabi/4.9.2/armv6k/fpu/crtend.o
 .text          0x00142f7c        0x0 c:/devkitpro/devkitarm/bin/../lib/gcc/arm-none-eabi/4.9.2/armv6k/fpu/crtn.o
 *(.text.*)
 .text.startup  0x00142f7c       0x48 main.o
                0x00142f7c                main
 *fill*         0x00142fc4        0x4 
 .text.unlikely
                0x00142fc8      0x108 c:/devkitPro/portlibs/armv6k/lib\libpng.a(png.o)
 .text.cosf     0x001430d0       0xa8 c:/devkitpro/devkitarm/bin/../lib/gcc/arm-none-eabi/4.9.2/../../../../arm-none-eabi/lib/armv6k/fpu\libm.a(lib_a-sf_cos.o)
                0x001430d0                cosf
 .text.floor    0x00143178      0x180 c:/devkitpro/devkitarm/bin/../lib/gcc/arm-none-eabi/4.9.2/../../../../arm-none-eabi/lib/armv6k/fpu\libm.a(lib_a-s_floor.o)
                0x00143178                floor
 .text.frexp    0x001432f8       0x98 c:/devkitpro/devkitarm/bin/../lib/gcc/arm-none-eabi/4.9.2/../../../../arm-none-eabi/lib/armv6k/fpu\libm.a(lib_a-s_frexp.o)
                0x001432f8                frexp
 .text.sinf     0x00143390       0xb0 c:/devkitpro/devkitarm/bin/../lib/gcc/arm-none-eabi/4.9.2/../../../../arm-none-eabi/lib/armv6k/fpu\libm.a(lib_a-sf_sin.o)
                0x00143390                sinf
 .text.modf     0x00143440       0xd4 c:/devkitpro/devkitarm/bin/../lib/gcc/arm-none-eabi/4.9.2/../../../../arm-none-eabi/lib/armv6k/fpu\libm.a(lib_a-s_modf.o)
                0x00143440                modf
 *fill*         0x00143514        0x4 
 .text.pow      0x00143518      0x3c0 c:/devkitpro/devkitarm/bin/../lib/gcc/arm-none-eabi/4.9.2/../../../../arm-none-eabi/lib/armv6k/fpu\libm.a(lib_a-w_pow.o)
                0x00143518                pow
 .text.__ieee754_rem_pio2f
                0x001438d8      0x2e0 c:/devkitpro/devkitarm/bin/../lib/gcc/arm-none-eabi/4.9.2/../../../../arm-none-eabi/lib/armv6k/fpu\libm.a(lib_a-ef_rem_pio2.o)
                0x001438d8                __ieee754_rem_pio2f
 .text.__ieee754_pow
                0x00143bb8      0x880 c:/devkitpro/devkitarm/bin/../lib/gcc/arm-none-eabi/4.9.2/../../../../arm-none-eabi/lib/armv6k/fpu\libm.a(lib_a-e_pow.o)
                0x00143bb8                __ieee754_pow
 .text.__ieee754_sqrt
                0x00144438      0x200 c:/devkitpro/devkitarm/bin/../lib/gcc/arm-none-eabi/4.9.2/../../../../arm-none-eabi/lib/armv6k/fpu\libm.a(lib_a-e_sqrt.o)
                0x00144438                __ieee754_sqrt
 .text.__kernel_cosf
                0x00144638      0x124 c:/devkitpro/devkitarm/bin/../lib/gcc/arm-none-eabi/4.9.2/../../../../arm-none-eabi/lib/armv6k/fpu\libm.a(lib_a-kf_cos.o)
                0x00144638                __kernel_cosf
 .text.__kernel_rem_pio2f
                0x0014475c      0x838 c:/devkitpro/devkitarm/bin/../lib/gcc/arm-none-eabi/4.9.2/../../../../arm-none-eabi/lib/armv6k/fpu\libm.a(lib_a-kf_rem_pio2.o)
                0x0014475c                __kernel_rem_pio2f
 .text.__kernel_sinf
                0x00144f94       0xa0 c:/devkitpro/devkitarm/bin/../lib/gcc/arm-none-eabi/4.9.2/../../../../arm-none-eabi/lib/armv6k/fpu\libm.a(lib_a-kf_sin.o)
                0x00144f94                __kernel_sinf
 .text.fabs     0x00145034       0x10 c:/devkitpro/devkitarm/bin/../lib/gcc/arm-none-eabi/4.9.2/../../../../arm-none-eabi/lib/armv6k/fpu\libm.a(lib_a-s_fabs.o)
                0x00145034                fabs
 .text.fabsf    0x00145044       0x10 c:/devkitpro/devkitarm/bin/../lib/gcc/arm-none-eabi/4.9.2/../../../../arm-none-eabi/lib/armv6k/fpu\libm.a(lib_a-sf_fabs.o)
                0x00145044                fabsf
 .text.floorf   0x00145054       0xb8 c:/devkitpro/devkitarm/bin/../lib/gcc/arm-none-eabi/4.9.2/../../../../arm-none-eabi/lib/armv6k/fpu\libm.a(lib_a-sf_floor.o)
                0x00145054                floorf
 .text.finite   0x0014510c       0x14 c:/devkitpro/devkitarm/bin/../lib/gcc/arm-none-eabi/4.9.2/../../../../arm-none-eabi/lib/armv6k/fpu\libm.a(lib_a-s_finite.o)
                0x0014510c                finite
 .text.__fpclassifyd
                0x00145120       0x74 c:/devkitpro/devkitarm/bin/../lib/gcc/arm-none-eabi/4.9.2/../../../../arm-none-eabi/lib/armv6k/fpu\libm.a(lib_a-s_fpclassify.o)
                0x00145120                __fpclassifyd
 .text.scalbnf  0x00145194      0x118 c:/devkitpro/devkitarm/bin/../lib/gcc/arm-none-eabi/4.9.2/../../../../arm-none-eabi/lib/armv6k/fpu\libm.a(lib_a-sf_scalbn.o)
                0x00145194                scalbnf
 .text.matherr  0x001452ac        0x8 c:/devkitpro/devkitarm/bin/../lib/gcc/arm-none-eabi/4.9.2/../../../../arm-none-eabi/lib/armv6k/fpu\libm.a(lib_a-s_matherr.o)
                0x001452ac                matherr
 *fill*         0x001452b4        0x4 
 .text.nan      0x001452b8       0x10 c:/devkitpro/devkitarm/bin/../lib/gcc/arm-none-eabi/4.9.2/../../../../arm-none-eabi/lib/armv6k/fpu\libm.a(lib_a-s_nan.o)
                0x001452b8                nan
 .text.rint     0x001452c8      0x170 c:/devkitpro/devkitarm/bin/../lib/gcc/arm-none-eabi/4.9.2/../../../../arm-none-eabi/lib/armv6k/fpu\libm.a(lib_a-s_rint.o)
                0x001452c8                rint
 .text.scalbn   0x00145438      0x198 c:/devkitpro/devkitarm/bin/../lib/gcc/arm-none-eabi/4.9.2/../../../../arm-none-eabi/lib/armv6k/fpu\libm.a(lib_a-s_scalbn.o)
                0x00145438                scalbn
 .text.copysign
                0x001455d0       0x1c c:/devkitpro/devkitarm/bin/../lib/gcc/arm-none-eabi/4.9.2/../../../../arm-none-eabi/lib/armv6k/fpu\libm.a(lib_a-s_copysign.o)
                0x001455d0                copysign
 .text.copysignf
                0x001455ec       0x1c c:/devkitpro/devkitarm/bin/../lib/gcc/arm-none-eabi/4.9.2/../../../../arm-none-eabi/lib/armv6k/fpu\libm.a(lib_a-sf_copysign.o)
                0x001455ec                copysignf
 .text.abort    0x00145608       0x14 c:/devkitpro/devkitarm/bin/../lib/gcc/arm-none-eabi/4.9.2/../../../../arm-none-eabi/lib/armv6k/fpu\libg.a(lib_a-abort.o)
                0x00145608                abort
 .text.atof     0x0014561c        0x8 c:/devkitpro/devkitarm/bin/../lib/gcc/arm-none-eabi/4.9.2/../../../../arm-none-eabi/lib/armv6k/fpu\libg.a(lib_a-atof.o)
                0x0014561c                atof
 .text.bsearch  0x00145624       0x78 c:/devkitpro/devkitarm/bin/../lib/gcc/arm-none-eabi/4.9.2/../../../../arm-none-eabi/lib/armv6k/fpu\libg.a(lib_a-bsearch.o)
                0x00145624                bsearch
 .text.__errno  0x0014569c        0xc c:/devkitpro/devkitarm/bin/../lib/gcc/arm-none-eabi/4.9.2/../../../../arm-none-eabi/lib/armv6k/fpu\libg.a(lib_a-errno.o)
                0x0014569c                __errno
 .text.exit     0x001456a8       0x34 c:/devkitpro/devkitarm/bin/../lib/gcc/arm-none-eabi/4.9.2/../../../../arm-none-eabi/lib/armv6k/fpu\libg.a(lib_a-exit.o)
                0x001456a8                exit
 .text._fclose_r
                0x001456dc      0x118 c:/devkitpro/devkitarm/bin/../lib/gcc/arm-none-eabi/4.9.2/../../../../arm-none-eabi/lib/armv6k/fpu\libg.a(lib_a-fclose.o)
                0x001456dc                _fclose_r
 .text.fclose   0x001457f4       0x18 c:/devkitpro/devkitarm/bin/../lib/gcc/arm-none-eabi/4.9.2/../../../../arm-none-eabi/lib/armv6k/fpu\libg.a(lib_a-fclose.o)
                0x001457f4                fclose
 .text.__sflush_r
                0x0014580c      0x238 c:/devkitpro/devkitarm/bin/../lib/gcc/arm-none-eabi/4.9.2/../../../../arm-none-eabi/lib/armv6k/fpu\libg.a(lib_a-fflush.o)
                0x0014580c                __sflush_r
 .text._fflush_r
                0x00145a44       0x98 c:/devkitpro/devkitarm/bin/../lib/gcc/arm-none-eabi/4.9.2/../../../../arm-none-eabi/lib/armv6k/fpu\libg.a(lib_a-fflush.o)
                0x00145a44                _fflush_r
 .text.fflush   0x00145adc       0x38 c:/devkitpro/devkitarm/bin/../lib/gcc/arm-none-eabi/4.9.2/../../../../arm-none-eabi/lib/armv6k/fpu\libg.a(lib_a-fflush.o)
                0x00145adc                fflush
 .text._cleanup_r
                0x00145b14        0xc c:/devkitpro/devkitarm/bin/../lib/gcc/arm-none-eabi/4.9.2/../../../../arm-none-eabi/lib/armv6k/fpu\libg.a(lib_a-findfp.o)
                0x00145b14                _cleanup_r
 .text.__fp_lock
                0x00145b20       0x1c c:/devkitpro/devkitarm/bin/../lib/gcc/arm-none-eabi/4.9.2/../../../../arm-none-eabi/lib/armv6k/fpu\libg.a(lib_a-findfp.o)
 .text.__fp_unlock
                0x00145b3c       0x1c c:/devkitpro/devkitarm/bin/../lib/gcc/arm-none-eabi/4.9.2/../../../../arm-none-eabi/lib/armv6k/fpu\libg.a(lib_a-findfp.o)
 .text.__sinit.part.1
                0x00145b58      0x15c c:/devkitpro/devkitarm/bin/../lib/gcc/arm-none-eabi/4.9.2/../../../../arm-none-eabi/lib/armv6k/fpu\libg.a(lib_a-findfp.o)
 .text.__sfmoreglue