Archive member included to satisfy reference by file (symbol)

c:/devkitPro/libctru/lib\libsfil.a(sfil_png.o)
                              gfx.o (sfil_load_PNG_buffer)
c:/devkitPro/portlibs/armv6k/lib\libpng.a(png.o)
                              c:/devkitPro/libctru/lib\libsfil.a(sfil_png.o) (png_set_sig_bytes)
c:/devkitPro/portlibs/armv6k/lib\libpng.a(pngerror.o)
                              c:/devkitPro/portlibs/armv6k/lib\libpng.a(png.o) (png_safecat)
c:/devkitPro/portlibs/armv6k/lib\libpng.a(pngget.o)
                              c:/devkitPro/libctru/lib\libsfil.a(sfil_png.o) (png_get_valid)
c:/devkitPro/portlibs/armv6k/lib\libpng.a(pngmem.o)
                              c:/devkitPro/portlibs/armv6k/lib\libpng.a(png.o) (png_calloc)
c:/devkitPro/portlibs/armv6k/lib\libpng.a(pngread.o)
                              c:/devkitPro/libctru/lib\libsfil.a(sfil_png.o) (png_create_read_struct)
c:/devkitPro/portlibs/armv6k/lib\libpng.a(pngrio.o)
                              c:/devkitPro/libctru/lib\libsfil.a(sfil_png.o) (png_set_read_fn)
c:/devkitPro/portlibs/armv6k/lib\libpng.a(pngrtran.o)
                              c:/devkitPro/portlibs/armv6k/lib\libpng.a(pngread.o) (png_set_background_fixed)
c:/devkitPro/portlibs/armv6k/lib\libpng.a(pngrutil.o)
                              c:/devkitPro/portlibs/armv6k/lib\libpng.a(pngread.o) (png_read_sig)
c:/devkitPro/portlibs/armv6k/lib\libpng.a(pngset.o)
                              c:/devkitPro/portlibs/armv6k/lib\libpng.a(pngrutil.o) (png_set_bKGD)
c:/devkitPro/portlibs/armv6k/lib\libpng.a(pngtrans.o)
                              c:/devkitPro/portlibs/armv6k/lib\libpng.a(pngread.o) (png_set_bgr)
c:/devkitPro/portlibs/armv6k/lib\libpng.a(pngwrite.o)
                              c:/devkitPro/portlibs/armv6k/lib\libpng.a(png.o) (png_destroy_write_struct)
c:/devkitPro/portlibs/armv6k/lib\libpng.a(pngwtran.o)
                              c:/devkitPro/portlibs/armv6k/lib\libpng.a(pngwrite.o) (png_do_write_transformations)
c:/devkitPro/portlibs/armv6k/lib\libpng.a(pngwutil.o)
                              c:/devkitPro/portlibs/armv6k/lib\libpng.a(pngwrite.o) (png_write_sig)
c:/devkitPro/portlibs/armv6k/lib\libpng.a(pngwio.o)
                              c:/devkitPro/portlibs/armv6k/lib\libpng.a(pngwutil.o) (png_write_data)
c:/devkitPro/portlibs/armv6k/lib\libz.a(adler32.o)
                              c:/devkitPro/portlibs/armv6k/lib\libpng.a(png.o) (adler32)
c:/devkitPro/portlibs/armv6k/lib\libz.a(crc32.o)
                              c:/devkitPro/portlibs/armv6k/lib\libpng.a(png.o) (crc32)
c:/devkitPro/portlibs/armv6k/lib\libz.a(deflate.o)
                              c:/devkitPro/portlibs/armv6k/lib\libpng.a(pngwutil.o) (deflateReset)
c:/devkitPro/portlibs/armv6k/lib\libz.a(inflate.o)
                              c:/devkitPro/portlibs/armv6k/lib\libpng.a(png.o) (inflateReset)
c:/devkitPro/portlibs/armv6k/lib\libz.a(inftrees.o)
                              c:/devkitPro/portlibs/armv6k/lib\libz.a(inflate.o) (inflate_table)
c:/devkitPro/portlibs/armv6k/lib\libz.a(trees.o)
                              c:/devkitPro/portlibs/armv6k/lib\libz.a(deflate.o) (_tr_init)
c:/devkitPro/portlibs/armv6k/lib\libz.a(zutil.o)
                              c:/devkitPro/portlibs/armv6k/lib\libz.a(deflate.o) (zcalloc)
c:/devkitPro/portlibs/armv6k/lib\libz.a(inffast.o)
                              c:/devkitPro/portlibs/armv6k/lib\libz.a(inflate.o) (inflate_fast)
c:/devkitPro/libctru/lib\libsf2d.a(sf2d.o)
                              gfx.o (sf2d_init)
c:/devkitPro/libctru/lib\libsf2d.a(sf2d_draw.o)
                              gfx.o (sf2d_draw_rectangle)
c:/devkitPro/libctru/lib\libsf2d.a(sf2d_private.o)
                              c:/devkitPro/libctru/lib\libsf2d.a(sf2d.o) (GPU_SetDummyTexEnv)
c:/devkitPro/libctru/lib\libsf2d.a(sf2d_texture.o)
                              c:/devkitPro/libctru/lib\libsfil.a(sfil_png.o) (sf2d_create_texture)
c:/devkitPro/libctru/lib\libsf2d.a(shader.vsh.o)
                              c:/devkitPro/libctru/lib\libsf2d.a(sf2d.o) (shader_vsh_shbin_size)
c:/devkitPro/libctru/lib\libctru.a(linear.o)
                              c:/devkitPro/libctru/lib\libsf2d.a(sf2d_texture.o) (linearMemAlign)
c:/devkitPro/libctru/lib\libctru.a(mem_pool.o)
                              c:/devkitPro/libctru/lib\libctru.a(linear.o) (MemPool::Allocate(MemChunk&, unsigned long, int))
c:/devkitPro/libctru/lib\libctru.a(vram.o)
                              c:/devkitPro/libctru/lib\libsf2d.a(sf2d.o) (vramMemAlign)
c:/devkitPro/libctru/lib\libctru.a(gfx.o)
                              c:/devkitPro/libctru/lib\libsf2d.a(sf2d.o) (gfxSet3D)
c:/devkitPro/libctru/lib\libctru.a(os.o)
                              c:/devkitPro/libctru/lib\libsf2d.a(sf2d.o) (osConvertVirtToPhys)
c:/devkitPro/libctru/lib\libctru.a(gpu.o)
                              c:/devkitPro/libctru/lib\libsf2d.a(sf2d.o) (GPU_Init)
c:/devkitPro/libctru/lib\libctru.a(gpuResetSequence.o)
[...]
Memory Configuration

Name             Origin             Length             Attributes
*default*        0x00000000         0xffffffff

Linker script and memory map

                0x00100000                . = 0x100000
                0x00100000                __start__ = .

.text           0x00100000    0x5ccec
 *(.crt0)
 .crt0          0x00100000       0x94 c:/devkitpro/devkitarm/bin/../lib/gcc/arm-none-eabi/4.9.2/../../../../arm-none-eabi/lib/armv6k/fpu/3dsx_crt0.o
                0x00100000                _start
                0x00100008                __service_ptr
                0x0010000c                __apt_appid
                0x00100010                __heap_size
                0x00100014                __linear_heap_size
                0x00100018                __system_arglist
                0x0010001c                __system_runflags
 *(.init)
 .init          0x00100094        0xc c:/devkitpro/devkitarm/bin/../lib/gcc/arm-none-eabi/4.9.2/armv6k/fpu/crti.o
                0x00100094                _init
 .init          0x001000a0        0xc c:/devkitpro/devkitarm/bin/../lib/gcc/arm-none-eabi/4.9.2/armv6k/fpu/crtn.o
                0x001000ac                . = ALIGN (0x4)
 *(.text)
 .text          0x001000ac        0x0 c:/devkitpro/devkitarm/bin/../lib/gcc/arm-none-eabi/4.9.2/../../../../arm-none-eabi/lib/armv6k/fpu/3dsx_crt0.o
 .text          0x001000ac        0x0 c:/devkitpro/devkitarm/bin/../lib/gcc/arm-none-eabi/4.9.2/armv6k/fpu/crti.o
 .text          0x001000ac      0x108 c:/devkitpro/devkitarm/bin/../lib/gcc/arm-none-eabi/4.9.2/armv6k/fpu/crtbegin.o
 .text          0x001001b4        0x0 0.bin.o
 .text          0x001001b4        0x0 1.bin.o
 .text          0x001001b4        0x0 2.bin.o
 .text          0x001001b4        0x0 3.bin.o
 .text          0x001001b4        0x0 4.bin.o
 .text          0x001001b4        0x0 5.bin.o
 .text          0x001001b4        0x0 6.bin.o
 .text          0x001001b4        0x0 7.bin.o
 .text          0x001001b4        0x0 8.bin.o
 .text          0x001001b4        0x0 9.bin.o
 .text          0x001001b4        0x0 bg.bin.o
 .text          0x001001b4        0x0 icon.bin.o
 .text          0x001001b4        0x0 immut_numbers.bin.o
 .text          0x001001b4        0x0 immut_numbers_2.bin.o
 .text          0x001001b4        0x0 mut_numbers.bin.o
 .text          0x001001b4        0x0 selector.bin.o
 .text          0x001001b4        0x0 sudoku3ds.bin.o
 .text          0x001001b4      0x63c gfx.o
                0x001001b4                SudokuGFX_init
                0x001002a0                sudoku_gfx_free
                0x001002c8                init_background
                0x001002fc                update_background_position
                0x00100354                draw_many_boxes
                0x001003bc                draw_top_background
                0x00100468                draw_bottom_background
                0x0010059c                draw_victory
                0x001005d4                draw_sudoku
                0x00100768                start_draw
                0x001007e8                end_draw
                0x001007ec                end
 .text          0x001007f0        0x0 main.o
 .text          0x001007f0      0x164 mylib.o
                0x001007f0                emalloc
                0x00100824                erealloc
                0x00100858                rand_lim
                0x00100888                mod
                0x001008a4                itoa
 .text          0x00100954      0xc4c sudoku.o
                0x00100954                sudoku_new
                0x001009d0                sudoku_free
                0x001009f4                sudoku_print
                0x00100a6c                sudoku_default
                0x00100b60                sudoku_delete_space
                0x00100bd0                sudoku_swap_brow
                0x00100c34                sudoku_flip_rowbox
                0x00100cac                sudoku_swap_bcol
                0x00100d68                sudoku_flip_colbox
                0x00100de0                sudoku_swap_row
                0x00100e2c                sudoku_flip_box_rows
                0x00100f00                sudoku_swap_col
                0x00100f48                sudoku_flip_box_cols
                0x00101010                sudoku_flip_vert
                0x0010108c                sudoku_flip_hori
                0x00101104                sudoku_flip_dia1
                0x00101180                sudoku_flip_dia2
                0x001011e8                sudoku_transform
                0x0010126c                check_horizontals
                0x0010133c                check_verticals
                0x00101410                check_boxes
                0x00101560                check_all
 .text          0x001015a0      0x364 sudokucontroller.o
                0x001015f4                check_input
                0x00101720                update_victory_state
                0x00101744                update_sudoku_input
                0x00101754                update_state
                0x0010181c                initialize_game
                0x001018d8                sudoku_control_free
 .text          0x00101904      0x3e8 c:/devkitPro/libctru/lib\libsfil.a(sfil_png.o)
                0x00101c04                sfil_load_PNG_file
                0x00101ca0                sfil_load_PNG_buffer
 *fill*         0x00101cec        0x4 
 .text          0x00101cf0     0x6ce0 c:/devkitPro/portlibs/armv6k/lib\libpng.a(png.o)
                0x00101cf0                png_zalloc
                0x00101d48                png_zfree
                0x00102648                png_set_sig_bytes
                0x0010267c                png_sig_cmp
                0x001026ec                png_reset_crc
                0x0010270c                png_calculate_crc
                0x00102760                png_user_version_check
                0x00102860                png_create_png_struct
                0x00102974                png_create_info_struct
                0x001029b4                png_destroy_info_struct
                0x00102d3c                png_info_init_3
                0x00102d98                png_data_freer
                0x00102de4                png_free_data
                0x00102df4                png_get_io_ptr
                0x00102e00                png_init_io
                0x00102e0c                png_save_int_32
                0x00102e2c                png_convert_to_rfc1123_buffer
                0x00103010                png_convert_to_rfc1123
                0x00103204                png_get_copyright
                0x00103210                png_get_libpng_ver
                0x0010321c                png_get_header_ver
                0x00103228                png_get_header_version
                0x00103234                png_build_grayscale_palette
                0x00103294                png_handle_as_unknown
                0x00103308                png_chunk_unknown_handling
                0x00103398                png_reset_zstream
                0x001033b0                png_access_version_number
                0x001033bc                png_zstream_error
                0x001034a0                png_colorspace_set_gamma
                0x00103610                png_colorspace_sync_info
                0x00103680                png_colorspace_sync
                0x00103708                png_colorspace_set_sRGB
                0x0010398c                png_icc_check_length
                0x00103b24                png_icc_check_header
                0x00103e80                png_icc_check_tag_table
                0x00103fb8                png_icc_set_sRGB
                0x0010420c                png_colorspace_set_ICC
                0x001045e4                png_colorspace_set_rgb_coefficients
                0x0010488c                png_check_IHDR
                0x00104b44                png_check_fp_number
                0x00104ddc                png_check_fp_string
                0x0010509c                png_ascii_from_fp
                0x001059c8                png_ascii_from_fixed
                0x00105df8                png_fixed
                0x00105e80                png_muldiv
                0x00105f38                png_muldiv_warn
                0x00105ff4                png_reciprocal
                0x00106080                png_colorspace_set_endpoints
                0x00107080                png_colorspace_set_chromaticities
                0x00107b54                png_gamma_significant
                0x00107b74                png_reciprocal2
                0x00107c30                png_gamma_8bit_correct
                0x00107cb8                png_gamma_16bit_correct
                0x00107d4c                png_gamma_correct
                0x00107e5c                png_destroy_gamma_table
                0x00107f90                png_build_gamma_table
                0x001088cc                png_set_option
                0x0010892c                png_image_free
                0x00108968                png_image_error
 .text          0x001089d0     0x1a6c c:/devkitPro/portlibs/armv6k/lib\libpng.a(pngerror.o)
                0x00108c3c                png_safecat
                0x00108cb0                png_format_number
                0x00108e1c                png_warning
                0x00108f64                png_warning_parameter
                0x00108fe0                png_warning_parameter_unsigned
                0x00109074                png_warning_parameter_signed
                0x00109140                png_formatted_warning
                0x00109418                png_chunk_warning
                0x001095c4                png_free_jmpbuf
                0x00109654                png_longjmp
                0x00109680                png_error
                0x001096e0                png_app_warning
                0x00109838                png_app_error
                0x00109990                png_chunk_error
                0x001099bc                png_chunk_benign_error
                0x00109b60                png_benign_error
                0x00109e30                png_fixed_error
                0x00109eb0                png_set_longjmp_fn
                0x00109f94                png_chunk_report
                0x0010a26c                png_set_error_fn
                0x0010a280                png_get_error_ptr
                0x0010a28c                png_safe_error
                0x0010a330                png_safe_warning
                0x0010a3a4                png_safe_execute
 *fill*         0x0010a43c        0x4 
 .text          0x0010a440     0x12d0 c:/devkitPro/portlibs/armv6k/lib\libpng.a(pngget.o)
                0x0010a440                png_get_valid
                0x0010a45c                png_get_rowbytes
                0x0010a474                png_get_rows
                0x0010a48c                png_get_image_width
                0x0010a4a4                png_get_image_height
                0x0010a4bc                png_get_bit_depth
                0x0010a4d4                png_get_color_type
                0x0010a4ec                png_get_filter_type
                0x0010a504                png_get_interlace_type
                0x0010a51c                png_get_compression_type
                0x0010a534                png_get_x_pixels_per_meter
                0x0010a568                png_get_y_pixels_per_meter
                0x0010a59c                png_get_pixels_per_meter
                0x0010a5e8                png_get_pixel_aspect_ratio
                0x0010a630                png_get_pixel_aspect_ratio_fixed
                0x0010a6c0                png_get_x_offset_microns
                0x0010a6f4                png_get_y_offset_microns
                0x0010a728                png_get_x_offset_pixels
                0x0010a75c                png_get_y_offset_pixels
                0x0010a790                png_get_pixels_per_inch
                0x0010a81c                png_get_x_pixels_per_inch
                0x0010a898                png_get_y_pixels_per_inch
                0x0010a914                png_get_x_offset_inches_fixed
                0x0010a964                png_get_y_offset_inches_fixed
                0x0010a9b4                png_get_x_offset_inches
                0x0010aa04                png_get_y_offset_inches
                0x0010aa54                png_get_pHYs_dpi
                0x0010ab20                png_get_channels
                0x0010ab38                png_get_signature
                0x0010ab50                png_get_bKGD
                0x0010ab8c                png_get_cHRM
                0x0010aca0                png_get_cHRM_XYZ
                0x0010add0                png_get_cHRM_XYZ_fixed
                0x0010aea8                png_get_cHRM_fixed
                0x0010af6c                png_get_gAMA_fixed
                0x0010afa4                png_get_gAMA
                0x0010aff8                png_get_sRGB
                0x0010b034                png_get_iCCP
                0x0010b0d8                png_get_sPLT
                0x0010b108                png_get_hIST
                0x0010b144                png_get_IHDR
                0x0010b200                png_get_oFFs
                0x0010b26c                png_get_pCAL
                0x0010b33c                png_get_sCAL_fixed
                0x0010b3c4                png_get_sCAL
                0x0010b41c                png_get_sCAL_s
                0x0010b460                png_get_pHYs
                0x0010b4c0                png_get_PLTE
                0x0010b504                png_get_sBIT
                0x0010b540                png_get_text
                0x0010b588                png_get_tIME
                0x0010b5c4                png_get_tRNS
                0x0010b654                png_get_unknown_chunks
                0x0010b684                png_get_rgb_to_gray_status
                0x0010b690                png_get_user_chunk_ptr
                0x0010b69c                png_get_compression_buffer_size
                0x0010b6b8                png_get_user_width_max
                0x0010b6c4                png_get_user_height_max
                0x0010b6d0                png_get_chunk_cache_max
                0x0010b6dc                png_get_chunk_malloc_max
                0x0010b6e8                png_get_io_state
                0x0010b6f0                png_get_io_chunk_type
                0x0010b6f8                png_get_palette_max
 .text          0x0010b710      0x3ec c:/devkitPro/portlibs/armv6k/lib\libpng.a(pngmem.o)
                0x0010b710                png_destroy_png_struct
                0x0010b778                png_calloc
                0x0010b7f0                png_malloc_base
                0x0010b820                png_malloc_array
                0x0010b89c                png_realloc_array
                0x0010b9a4                png_malloc
                0x0010ba00                png_malloc_default
                0x0010ba40                png_malloc_warn
                0x0010baa4                png_free
                0x0010bac8                png_free_default
                0x0010badc                png_set_mem_fn
                0x0010baf0                png_get_mem_ptr
 .text          0x0010bafc     0x7704 c:/devkitPro/portlibs/armv6k/lib\libpng.a(pngread.o)
                0x00111754                png_create_read_struct
                0x001117ac                png_create_read_struct_2
                0x00111808                png_read_info
                0x00111818                png_read_update_info
                0x0011185c                png_start_read_image
                0x00111880                png_read_row
                0x00111bd8                png_read_rows
                0x00111fcc                png_read_image
                0x00112368                png_read_end
                0x001127f8                png_destroy_read_struct
                0x00112a7c                png_set_read_status_fn
                0x00112a88                png_read_png
                0x00112d40                png_image_begin_read_from_stdio
                0x00112ef0                png_image_begin_read_from_file
                0x00112fb8                png_image_begin_read_from_memory
                0x00113054                png_image_finish_read
 .text          0x00113200       0xac c:/devkitPro/portlibs/armv6k/lib\libpng.a(pngrio.o)
                0x00113200                png_default_read_data
                0x0011323c                png_read_data
                0x0011325c                png_set_read_fn
 *fill*         0x001132ac        0x4 
 .text          0x001132b0     0x6020 c:/devkitPro/portlibs/armv6k/lib\libpng.a(pngrtran.o)
                0x001145fc                png_set_crc_action
                0x001146d8                png_set_background_fixed
                0x00114790                png_set_background
                0x00114868                png_set_scale_16
                0x001148a0                png_set_strip_16
                0x001148d8                png_set_strip_alpha
                0x00114910                png_set_alpha_mode_fixed
                0x00114b0c                png_set_alpha_mode
                0x00114dbc                png_set_quantize
                0x00115664                png_set_gamma_fixed
                0x0011576c                png_set_gamma
                0x001159a0                png_set_expand
                0x001159dc                png_set_palette_to_rgb
                0x00115a18                png_set_expand_gray_1_2_4_to_8
                0x00115a50                png_set_tRNS_to_alpha
                0x00115a8c                png_set_expand_16
                0x00115ac8                png_set_gray_to_rgb
                0x00115b00                png_set_rgb_to_gray_fixed
                0x00115c58                png_set_rgb_to_gray
                0x00115dfc                png_set_read_user_transform_fn
                0x00115e10                png_init_read_transformations
                0x00116af8                png_read_transform_info
                0x00116de8                png_do_read_transformations
 .text          0x001192d0     0x524c c:/devkitPro/portlibs/armv6k/lib\libpng.a(pngrutil.o)
                0x00119f08                png_get_uint_31
                0x00119f44                png_get_uint_32
                0x00119f68                png_get_int_32
                0x00119f8c                png_get_uint_16
                0x00119fa0                png_read_sig
                0x0011a04c                png_read_chunk_header
                0x0011a1bc                png_crc_read
                0x0011a1ec                png_crc_finish
                0x0011a36c                png_crc_error
                0x0011a40c                png_handle_IHDR
                0x0011a584                png_handle_PLTE
                0x0011a7a4                png_handle_IEND
                0x0011a7f8                png_handle_gAMA
                0x0011a8dc                png_handle_sBIT
                0x0011aaf0                png_handle_cHRM
                0x0011adb0                png_handle_sRGB
                0x0011aeb8                png_handle_iCCP
                0x0011b49c                png_handle_sPLT
                0x0011b7bc                png_handle_tRNS
                0x0011b9f8                png_handle_bKGD
                0x0011bc28                png_handle_hIST
                0x0011bd60                png_handle_pHYs
                0x0011be9c                png_handle_oFFs
                0x0011bfec                png_handle_pCAL
                0x0011c35c                png_handle_sCAL
                0x0011c5e4                png_handle_tIME
                0x0011c6f8                png_handle_tEXt
                0x0011c8b8                png_handle_zTXt
                0x0011cb0c                png_handle_iTXt
                0x0011ce74                png_handle_unknown
                0x0011d1cc                png_check_chunk_name
                0x0011d294                png_combine_row
                0x0011d784                png_do_read_interlace
                0x0011dc10                png_read_filter_row
                0x0011dc98                png_read_IDAT_data
                0x0011e014                png_read_finish_IDAT
                0x0011e08c                png_read_finish_row
                0x0011e1dc                png_read_start_row
 .text          0x0011e51c     0x1e70 c:/devkitPro/portlibs/armv6k/lib\libpng.a(pngset.o)
                0x0011e87c                png_set_bKGD
                0x0011e8c8                png_set_cHRM_fixed
                0x0011e958                png_set_cHRM_XYZ_fixed
                0x0011e9f0                png_set_cHRM
                0x0011eb44                png_set_cHRM_XYZ
                0x0011eca0                png_set_gAMA_fixed
                0x0011ecd0                png_set_gAMA
                0x0011ed14                png_set_hIST
                0x0011edc0                png_set_IHDR
                0x0011ee9c                png_set_oFFs
                0x0011eec8                png_set_pCAL
                0x0011f148                png_set_sCAL_s
                0x0011f2ac                png_set_sCAL
                0x0011f478                png_set_sCAL_fixed
                0x0011f628                png_set_pHYs
                0x0011f654                png_set_PLTE
                0x0011f758                png_set_sBIT
                0x0011f79c                png_set_sRGB
                0x0011f7cc                png_set_sRGB_gAMA_and_cHRM
                0x0011f80c                png_set_iCCP
                0x0011f960                png_set_text
                0x0011f9a4                png_set_text_2
                0x0011f9dc                png_set_tIME
                0x0011fa7c                png_set_tRNS
                0x0011fbbc                png_set_sPLT
                0x0011fd2c                png_set_unknown_chunks
                0x0011febc                png_set_unknown_chunk_location
                0x0011ff68                png_permit_mng_features
                0x0011ff7c                png_set_keep_unknown_chunks
                0x00120230                png_set_read_user_chunk_fn
                0x00120240                png_set_rows
                0x0012029c                png_set_compression_buffer_size
                0x00120320                png_set_invalid
                0x00120338                png_set_user_limits
                0x00120348                png_set_chunk_cache_max
                0x00120354                png_set_chunk_malloc_max
                0x00120360                png_set_benign_errors
                0x00120378                png_set_check_for_invalid_index
 .text          0x0012038c      0xa8c c:/devkitPro/portlibs/armv6k/lib\libpng.a(pngtrans.o)
                0x0012038c                png_set_bgr
                0x001203a0                png_set_swap
                0x001203c0                png_set_packing
                0x001203e8                png_set_packswap
                0x00120408                png_set_shift
                0x00120430                png_set_interlace_handling
                0x00120460                png_set_filler
                0x001204e8                png_set_add_alpha
                0x00120590                png_set_swap_alpha
                0x001205a4                png_set_invert_alpha
                0x001205b8                png_set_invert_mono
                0x001205cc                png_do_invert
                0x001207bc                png_do_swap
                0x00120808                png_do_packswap
                0x00120874                png_do_strip_channel
                0x00120aa0                png_do_bgr
                0x00120bdc                png_do_check_palette_indexes
                0x00120da8                png_set_user_transform_info
                0x00120dec                png_get_user_transform_ptr
                0x00120df8                png_get_current_row_number
                0x00120e08                png_get_current_pass_number
 .text          0x00120e18     0x37ac c:/devkitPro/portlibs/armv6k/lib\libpng.a(pngwrite.o)
                0x0012142c                png_write_info_before_PLTE
                0x00121a6c                png_write_info
                0x00121a7c                png_write_end
                0x00121cc8                png_convert_from_struct_tm
                0x00121d08                png_convert_from_time_t
                0x00121d68                png_create_write_struct
                0x00121df4                png_create_write_struct_2
                0x00121e84                png_write_rows
                0x00122254                png_write_image
                0x00122634                png_write_row
                0x001230dc                png_set_flush
                0x001230ec                png_write_flush
                0x00123130                png_destroy_write_struct
                0x001231e0                png_set_filter
                0x00123b7c                png_set_filter_heuristics
                0x00123b80                png_set_filter_heuristics_fixed
                0x00123b84                png_set_compression_level
                0x00123b90                png_set_compression_mem_level
                0x00123b9c                png_set_compression_strategy
                0x00123bb4                png_set_compression_window_bits
                0x00123c08                png_set_compression_method
                0x00123c38                png_set_text_compression_level
                0x00123c44                png_set_text_compression_mem_level
                0x00123c50                png_set_text_compression_strategy
                0x00123c5c                png_set_text_compression_window_bits
                0x00123cb0                png_set_text_compression_method
                0x00123ce0                png_set_write_status_fn
                0x00123cec                png_set_write_user_transform_fn
                0x00123d04                png_write_png
                0x00124234                png_image_write_to_stdio
                0x00124484                png_image_write_to_file
 .text          0x001245c4      0x778 c:/devkitPro/portlibs/armv6k/lib\libpng.a(pngwtran.o)
                0x001245c4                png_do_write_transformations
 .text          0x00124d3c     0x4094 c:/devkitPro/portlibs/armv6k/lib\libpng.a(pngwutil.o)
                0x001256f0                png_save_uint_32
                0x00125710                png_save_uint_16
                0x00125720                png_write_sig
                0x0012577c                png_write_chunk_start
                0x00125828                png_write_chunk_data
                0x00125864                png_write_chunk_end
                0x001258b0                png_write_chunk
                0x001259dc                png_free_buffer_list
                0x00125a14                png_write_IHDR
                0x00125dac                png_write_PLTE
                0x00125f44                png_compress_IDAT
                0x00126380                png_write_IEND
                0x00126448                png_write_gAMA_fixed
                0x00126548                png_write_sRGB
                0x00126650                png_write_iCCP
                0x001268b8                png_write_sPLT
                0x00126b08                png_write_sBIT
                0x00126c10                png_write_cHRM_fixed
                0x00126d64                png_write_tRNS
                0x00126f3c                png_write_bKGD
                0x0012713c                png_write_hIST
                0x00127278                png_write_tEXt
                0x00127428                png_write_zTXt
                0x00127670                png_write_iTXt
                0x00127a38                png_write_oFFs
                0x00127b60                png_write_pCAL
                0x00127e70                png_write_sCAL_s
                0x00127f14                png_write_pHYs
                0x00128060                png_write_tIME
                0x001280fc                png_write_start_row
                0x00128250                png_write_finish_row
                0x00128390                png_do_write_interlace
                0x00128600                png_write_find_filter
 .text          0x00128dd0       0xd8 c:/devkitPro/portlibs/armv6k/lib\libpng.a(pngwio.o)
                0x00128dd0                png_default_write_data
                0x00128e0c                png_default_flush
                0x00128e1c                png_write_data
                0x00128e3c                png_flush
                0x00128e4c                png_set_write_fn
 .text          0x00128ea8      0x5c0 c:/devkitPro/portlibs/armv6k/lib\libz.a(adler32.o)
                0x00128ea8                adler32
                0x001292f0                adler32_combine
                0x001293ac                adler32_combine64
 .text          0x00129468      0x5d8 c:/devkitPro/portlibs/armv6k/lib\libz.a(crc32.o)
                0x0012967c                get_crc_table
                0x00129688                crc32
                0x00129a38                crc32_combine
                0x00129a3c                crc32_combine64
 .text          0x00129a40     0x40e0 c:/devkitPro/portlibs/armv6k/lib\libz.a(deflate.o)
                0x0012b0bc                deflateSetDictionary
                0x0012b2d4                deflateResetKeep
                0x0012b3ac                deflateReset
                0x0012b514                deflateSetHeader
                0x0012b548                deflatePending
                0x0012b594                deflatePrime
                0x0012b63c                deflateTune
                0x0012b674                deflateBound
                0x0012b788                deflate
                0x0012cfd8                deflateParams
                0x0012d0f4                deflateEnd
                0x0012d214                deflateInit2_
                0x0012d5dc                deflateInit_
                0x0012d91c                deflateCopy
 .text          0x0012db20     0x2c58 c:/devkitPro/portlibs/armv6k/lib\libz.a(inflate.o)
                0x0012db20                inflateResetKeep
                0x0012dbb0                inflateReset
                0x0012dc4c                inflateReset2
                0x0012dd6c                inflateInit2_
                0x0012def4                inflateInit_
                0x0012e058                inflatePrime
                0x0012e0d0                inflate
                0x0012ff6c                inflateEnd
                0x0012ffd0                inflateGetDictionary
                0x00130068                inflateSetDictionary
                0x00130210                inflateGetHeader
                0x0013024c                inflateSync
                0x00130504                inflateSyncPoint
                0x00130544                inflateCopy
                0x001306f0                inflateUndermine
                0x00130720                inflateMark
 .text          0x00130778      0xbf4 c:/devkitPro/portlibs/armv6k/lib\libz.a(inftrees.o)
                0x00130778                inflate_table
 .text          0x0013136c     0x257c c:/devkitPro/portlibs/armv6k/lib\libz.a(trees.o)
                0x0013289c                _tr_init
                0x00132968                _tr_stored_block
                0x00132afc                _tr_flush_bits
                0x00132b98                _tr_align
                0x00132d1c                _tr_flush_block
                0x00133830                _tr_tally
 .text          0x001338e8       0x38 c:/devkitPro/portlibs/armv6k/lib\libz.a(zutil.o)
                0x001338e8                zlibVersion
                0x001338f4                zlibCompileFlags
                0x001338fc                zError
                0x00133910                zcalloc
                0x00133918                zcfree
 .text          0x00133920      0xbe4 c:/devkitPro/portlibs/armv6k/lib\libz.a(inffast.o)
                0x00133920                inflate_fast
 .text          0x00134504      0x75c c:/devkitPro/libctru/lib\libsf2d.a(sf2d.o)
                0x0013471c                sf2d_init
                0x00134744                sf2d_init_advanced
                0x00134764                sf2d_fini
                0x001347c8                sf2d_set_3D
                0x001347d4                sf2d_start_frame
                0x00134964                sf2d_end_frame
                0x00134a7c                sf2d_swapbuffers
                0x00134b2c                sf2d_set_vblank_wait
                0x00134b3c                sf2d_get_fps
                0x00134b4c                sf2d_pool_malloc
                0x00134b78                sf2d_pool_memalign
                0x00134bb8                sf2d_pool_space_free
                0x00134bd0                sf2d_pool_reset
                0x00134be4                sf2d_set_clear_color
                0x00134bf4                sf2d_set_scissor_test
                0x00134c40                sf2d_get_current_screen
                0x00134c50                sf2d_get_current_side
 .text          0x00134c60      0x7cc c:/devkitPro/libctru/lib\libsf2d.a(sf2d_draw.o)
                0x00134c60                sf2d_draw_line
                0x00134e38                sf2d_draw_rectangle
                0x00134ff0                sf2d_draw_rectangle_rotate
                0x00135244                sf2d_draw_fill_circle
 .text          0x0013542c      0x4f8 c:/devkitPro/libctru/lib\libsf2d.a(sf2d_private.o)
                0x0013542c                GPU_SetDummyTexEnv
                0x00135460                vector_mult_matrix4x4
                0x001354e4                matrix_gpu_set_uniform
                0x00135534                matrix_copy
                0x00135570                matrix_identity4x4
                0x001355bc                matrix_mult4x4
                0x00135630                matrix_set_z_rotation
                0x001356a4                matrix_rotate_z
                0x00135704                matrix_set_scaling
                0x00135750                matrix_swap_xy
                0x001357f0                matrix_init_orthographic
                0x00135904                next_pow2
 .text          0x00135924     0x2114 c:/devkitPro/libctru/lib\libsf2d.a(sf2d_texture.o)
                0x00135a48                sf2d_create_texture
                0x00135c34                sf2d_free_texture
                0x00135c84                sf2d_fill_texture_from_RGBA8
                0x00135d3c                sf2d_create_texture_mem_RGBA8
                0x00135d80                sf2d_bind_texture
                0x00135df8                sf2d_bind_texture_color
                0x00135e78                sf2d_bind_texture_parameters
                0x00135ef0                sf2d_draw_texture
                0x00136030                sf2d_draw_texture_blend
                0x00136174                sf2d_draw_texture_rotate_hotspot
                0x00136324                sf2d_draw_texture_rotate_hotspot_blend
                0x001364d8                sf2d_draw_texture_rotate
                0x0013669c                sf2d_draw_texture_rotate_blend
                0x00136864                sf2d_draw_texture_part
                0x001369e0                sf2d_draw_texture_part_blend
                0x00136b60                sf2d_draw_texture_scale
                0x00136cc8                sf2d_draw_texture_scale_blend
                0x00136e34                sf2d_draw_texture_part_scale
                0x00136f88                sf2d_draw_texture_part_scale_blend
                0x001370e0                sf2d_draw_texture_part_rotate_scale
                0x001372f8                sf2d_draw_texture_part_rotate_scale_blend
                0x00137514                sf2d_draw_texture_depth
                0x00137674                sf2d_draw_texture_depth_blend
                0x001377d8                sf2d_draw_quad_uv
                0x00137904                sf2d_set_pixel
                0x00137998                sf2d_get_pixel
                0x00137a28                sf2d_texture_tile32
 .text          0x00137a38        0x0 c:/devkitPro/libctru/lib\libsf2d.a(shader.vsh.o)
 .text          0x00137a38      0x1d4 c:/devkitPro/libctru/lib\libctru.a(linear.o)
                0x00137a60                linearMemAlign
                0x00137ba0                linearAlloc
                0x00137ba8                linearRealloc
                0x00137bb0                linearFree
                0x00137c00                linearSpaceFree
 .text          0x00137c0c      0x35c c:/devkitPro/libctru/lib\libctru.a(mem_pool.o)
                0x00137c0c                MemPool::CoalesceRight(MemBlock*)
                0x00137cac                MemPool::Allocate(MemChunk&, unsigned long, int)
                0x00137e34                MemPool::Deallocate(MemChunk const&)
                0x00137f38                MemPool::GetFreeSpace()
 .text          0x00137f68      0x1c4 c:/devkitPro/libctru/lib\libctru.a(vram.o)
                0x00137f90                vramMemAlign
                0x001380c0                vramAlloc
                0x001380c8                vramRealloc
                0x001380d0                vramFree
                0x00138120                vramSpaceFree
 .text          0x0013812c      0x72c c:/devkitPro/libctru/lib\libctru.a(gfx.o)
                0x001381b8                gfxSet3D
                0x001381c8                gfxSetScreenFormat
                0x001381e0                gfxGetScreenFormat
                0x001381f8                gfxSetDoubleBuffering
                0x0013820c                gfxSetFramebufferInfo
                0x0013827c                gfxWriteFramebufferInfo
                0x00138340                gfxInit
                0x00138520                gfxInitDefault
                0x00138530                gfxExit
                0x001385fc                gfxGetFramebuffer
                0x001386ac                gfxFlushBuffers
                0x00138788                gfxSwapBuffers
                0x001387fc                gfxSwapBuffersGpu
 .text          0x00138858      0x288 c:/devkitPro/libctru/lib\libctru.a(os.o)
                0x001388b0                osConvertVirtToPhys
                0x001388fc                osConvertOldLINEARMemToNew
                0x0013891c                __libctru_gtod
                0x00138a14                osGetTime
                0x00138a88                osGetFirmVersion
                0x00138a9c                osGetKernelVersion
                0x00138ab0                osStrError
                0x00138ad0                osGetWifiStrength
 .text          0x00138ae0     0x1a58 c:/devkitPro/libctru/lib\libctru.a(gpu.o)
                0x00138b60                GPU_Init
                0x00138b8c                GPUCMD_SetBuffer
                0x00138bb8                GPUCMD_SetBufferOffset
                0x00138bc8                GPUCMD_GetBuffer
                0x00138c08                GPUCMD_AddRawCommands
                0x00138c54                GPUCMD_Run
                0x00138cb4                GPUCMD_FlushAndRun
                0x00138d28                GPUCMD_Add
                0x00138e0c                GPUCMD_Finalize
                0x00138ea4                GPU_Reset
                0x00139684                GPU_SetFloatUniform
                0x001396fc                GPU_SetViewport
                0x001398f0                GPU_SetScissorTest
                0x0013993c                GPU_DepthMap
                0x001399b8                GPU_SetAlphaTest
                0x001399f0                GPU_SetStencilTest
                0x00139a38                GPU_SetStencilOp
                0x00139a6c                GPU_SetDepthTestAndWriteMask
                0x00139aa4                GPU_SetAlphaBlending
                0x00139b0c                GPU_SetColorLogicOp
                0x00139b50                GPU_SetBlendingColor
                0x00139b8c                GPU_SetTextureEnable
                0x00139bd8                GPU_SetTexture
                0x00139d70                GPU_SetTextureBorderColor
                0x00139e04                GPU_SetAttributeBuffers
                0x0013a000                GPU_SetAttributeBuffersAddress
                0x0013a02c                GPU_SetFaceCulling
                0x0013a058                GPU_SetCombinerBufferWrite
                0x0013a08c                GPU_SetTexEnv
                0x0013a104                GPU_DrawArray
                0x0013a234                GPU_DrawElements
                0x0013a368                GPU_FinishDrawing
                0x0013a3c4                GPU_SetShaderOutmap
                0x0013a40c                GPU_SendShaderCode
                0x0013a4c4                GPU_SendOperandDescriptors
 .text          0x0013a538        0x0 c:/devkitPro/libctru/lib\libctru.a(gpuResetSequence.o)
 .text          0x0013a538      0x7f4 c:/devkitPro/libctru/lib\libctru.a(shaderProgram.o)
                0x0013a538                shaderInstanceInit
                0x0013a740                shaderInstanceFree
                0x0013a778                shaderInstanceSetBool
                0x0013a7b8                shaderInstanceGetBool
                0x0013a804                shaderInstanceGetUniformLocation
                0x0013a824                shaderProgramInit
                0x0013a83c                shaderProgramFree
                0x0013a86c                shaderProgramSetVsh
                0x0013a8d8                shaderProgramSetGsh
                0x0013a94c                shaderProgramUse
 .text          0x0013ad2c      0x348 c:/devkitPro/libctru/lib\libctru.a(shbin.o)
                0x0013ad2c                DVLB_Free
                0x0013ad68                DVLE_GetUniformRegister
                0x0013ade4                DVLE_GenerateOutmap
                0x0013aedc                DVLB_ParseFile
 .text          0x0013b074     0x1d4c c:/devkitPro/libctru/lib\libctru.a(apt.o)
                0x0013b0d8                _aptDebug
                0x0013b0dc                aptInitCaptureInfo
                0x0013b18c                aptWaitStatusEvent
                0x0013b1b4                aptHook
                0x0013b1ec                aptUnhook
                0x0013b218                aptGetStatus
                0x0013b250                aptSetStatus
                0x0013b2b4                aptGetStatusPower
                0x0013b2ec                aptSetStatusPower
                0x0013b324                aptOpenSession
                0x0013b348                aptCloseSession
                0x0013b370                aptSignalReadyForSleep
                0x0013b380                APT_GetLockHandle
                0x0013b3d0                APT_Initialize
                0x0013b438                APT_Finalize
                0x0013b474                APT_HardwareResetAsync
                0x0013b4a8                APT_Enable
                0x0013b4e4                APT_GetAppletManInfo
                0x0013b564                aptGetMenuAppID
                0x0013b5a0                APT_GetAppletProgramInfo
                0x0013b5f4                APT_IsRegistered
                0x0013b644                APT_InquireNotification
                0x0013b694                APT_PrepareToJumpToHomeMenu
                0x0013b6c8                APT_JumpToHomeMenu
                0x0013b718                APT_PrepareToJumpToApplication
                0x0013b754                APT_JumpToApplication
                0x0013b7a4                APT_NotifyToWait
                0x0013b7e0                APT_AppletUtility
                0x0013b868                aptAppletUtility_Exit_RetToApp
                0x0013b988                aptAppletClosed
                0x0013bac4                aptInit
                0x0013bc7c                APT_GlanceParameter
                0x0013bcf0                APT_ReceiveParameter
                0x0013bd64                APT_SendParameter
                0x0013bdd4                APT_SendCaptureBufferInfo
                0x0013be20                aptReturnToMenu
                0x0013bff4                APT_ReplySleepQuery
                0x0013c034                APT_ReplySleepNotificationComplete
                0x0013c070                aptEventHandler
                0x0013c37c                APT_PrepareToCloseApplication
                0x0013c3b8                APT_CloseApplication
                0x0013c410                aptExit
                0x0013c5fc                APT_SetAppCpuTimeLimit
                0x0013c640                APT_GetAppCpuTimeLimit
                0x0013c694                APT_CheckNew3DS_Application
                0x0013c6f0                APT_CheckNew3DS_System
                0x0013c74c                APT_CheckNew3DS
                0x0013c7c0                APT_PrepareToDoAppJump
                0x0013c80c                APT_DoAppJump
                0x0013c874                APT_PrepareToStartLibraryApplet
                0x0013c8b0                APT_StartLibraryApplet
                0x0013c910                aptAppletStarted
                0x0013ca14                aptMainLoop
                0x0013cb8c                APT_LaunchLibraryApplet
                0x0013cd24                APT_PrepareToStartSystemApplet
                0x0013cd60                APT_StartSystemApplet
 .text          0x0013cdc0      0x8a0 c:/devkitPro/libctru/lib\libctru.a(gsp.o)
                0x0013cea4                gspInit
                0x0013ceb8                gspExit
                0x0013ced0                gspInitEventHandler
                0x0013cf9c                gspExitEventHandler
                0x0013cff4                gspWaitForEvent
                0x0013d04c                GSPGPU_WriteHWRegs
                0x0013d0bc                GSPGPU_WriteHWRegsWithMask
                0x0013d148                GSPGPU_ReadHWRegs
                0x0013d1b8                GSPGPU_SetBufferSwap
                0x0013d22c                GSPGPU_FlushDataCache
                0x0013d280                GSPGPU_InvalidateDataCache
                0x0013d2d4                GSPGPU_SetLcdForceBlack
                0x0013d310                GSPGPU_TriggerCmdReqQueue
                0x0013d344                GSPGPU_RegisterInterruptRelayQueue
                0x0013d3b0                GSPGPU_UnregisterInterruptRelayQueue
                0x0013d3e4                GSPGPU_AcquireRight
                0x0013d434                GSPGPU_ReleaseRight
                0x0013d468                GSPGPU_ImportDisplayCaptureInfo
                0x0013d4ec                GSPGPU_SaveVramSysArea
                0x0013d520                GSPGPU_RestoreVramSysArea
                0x0013d554                GSPGPU_SubmitGxCommand
 .text          0x0013d660      0x264 c:/devkitPro/libctru/lib\libctru.a(gx.o)
                0x0013d660                GX_RequestDma
                0x0013d6b4                GX_SetCommandList_Last
                0x0013d71c                GX_SetMemoryFill
                0x0013d790                GX_SetDisplayTransfer
                0x0013d7f4                GX_SetTextureCopy
                0x0013d85c                GX_SetCommandList_First
 .text          0x0013d8c4      0x708 c:/devkitPro/libctru/lib\libctru.a(hid.o)
                0x0013d8c4                hidExit
                0x0013d968                hidWaitForEvent
                0x0013d9c0                hidCheckSectionUpdateTime
                0x0013d9fc                hidScanInput
                0x0013dc44                hidKeysHeld
                0x0013dc54                hidKeysDown
                0x0013dc64                hidKeysUp
                0x0013dc74                hidTouchRead
                0x0013dc8c                hidCircleRead
                0x0013dca4                hidAccelRead
                0x0013dcc4                hidGyroRead
                0x0013dce4                HIDUSER_GetHandles
                0x0013dd74                hidInit
                0x0013dea8                HIDUSER_EnableAccelerometer
                0x0013ded4                HIDUSER_DisableAccelerometer
                0x0013df00                HIDUSER_EnableGyroscope
                0x0013df2c                HIDUSER_DisableGyroscope
                0x0013df58                HIDUSER_GetGyroscopeRawToDpsCoefficient
                0x0013df94                HIDUSER_GetSoundVolume
 .text          0x0013dfcc      0x388 c:/devkitPro/libctru/lib\libctru.a(irrst.o)
                0x0013dfcc                irrstWaitForEvent
                0x0013e018                irrstCheckSectionUpdateTime
                0x0013e054                irrstScanInput
                0x0013e108                irrstKeysHeld
                0x0013e120                irrstCstickRead
                0x0013e138                IRRST_GetHandles
                0x0013e188                IRRST_Initialize
                0x0013e1c0                irrstInit
                0x0013e2a4                IRRST_Shutdown
                0x0013e2d0                irrstExit
 .text          0x0013e354       0x70 c:/devkitPro/libctru/lib\libctru.a(rbtree_find.o)
                0x0013e354                rbtree_find
 .text          0x0013e3c4       0x14 c:/devkitPro/libctru/lib\libctru.a(rbtree_init.o)
                0x0013e3c4                rbtree_init
 .text          0x0013e3d8      0x1f4 c:/devkitPro/libctru/lib\libctru.a(rbtree_insert.o)
                0x0013e5bc                rbtree_insert
                0x0013e5c4                rbtree_insert_multi
 .text          0x0013e5cc      0x340 c:/devkitPro/libctru/lib\libctru.a(rbtree_remove.o)
                0x0013e5cc                rbtree_remove
 .text          0x0013e90c       0xac c:/devkitPro/libctru/lib\libctru.a(rbtree_rotate.o)
                0x0013e90c                rbtree_rotate
 .text          0x0013e9b8       0xa4 c:/devkitPro/libctru/lib\libctru.a(allocateHeaps.o)
                0x0013e9b8                __system_allocateHeaps
 .text          0x0013ea5c       0xf4 c:/devkitPro/libctru/lib\libctru.a(initArgv.o)
                0x0013ea5c                __system_initArgv
 .text          0x0013eb50       0x4c c:/devkitPro/libctru/lib\libctru.a(initSystem.o)
                0x0013eb50                __libctru_init
 *fill*         0x0013eb9c        0x4 
 .text          0x0013eba0      0x460 c:/devkitPro/libctru/lib\libctru.a(svc.o)
                0x0013eba0                svcControlMemory
                0x0013ebc0                svcQueryMemory
                0x0013ebf0                svcExitProcess
                0x0013ebf8                svcCreateThread
                0x0013ec18                svcExitThread
                0x0013ec20                svcSleepThread
                0x0013ec28                svcGetThreadPriority
                0x0013ec3c                svcSetThreadPriority
                0x0013ec44                svcGetThreadAffinityMask
                0x0013ec4c                svcSetThreadAffinityMask
                0x0013ec54                svcGetThreadIdealProcessor
                0x0013ec68                svcSetThreadIdealProcessor
                0x0013ec70                svcGetProcessorID
                0x0013ec78                svcCreateMutex
                0x0013ec8c                svcReleaseMutex
                0x0013ec94                svcCreateSemaphore
                0x0013eca8                svcReleaseSemaphore
                0x0013ecbc                svcCreateEvent
                0x0013ecd0                svcSignalEvent
                0x0013ecd8                svcClearEvent
                0x0013ece0                svcCreateTimer
                0x0013ecf4                svcSetTimer
                0x0013ecfc                svcCancelTimer
                0x0013ed04                svcClearTimer
                0x0013ed0c                svcCreateMemoryBlock
                0x0013ed24                svcMapMemoryBlock
                0x0013ed2c                svcUnmapMemoryBlock
                0x0013ed34                svcCreateAddressArbiter
                0x0013ed48                svcArbitrateAddress
                0x0013ed68                svcCloseHandle
                0x0013ed70                svcWaitSynchronization
                0x0013ed78                svcWaitSynchronizationN
                0x0013eda0                svcDuplicateHandle
                0x0013edb4                svcGetSystemTick
                0x0013edbc                svcGetSystemInfo
                0x0013edd4                svcGetProcessInfo
                0x0013edec                svcGetThreadInfo
                0x0013ee04                svcConnectToPort
                0x0013ee18                svcSendSyncRequest
                0x0013ee20                svcOpenProcess
                0x0013ee34                svcOpenThread
                0x0013ee48                svcGetProcessId
                0x0013ee5c                svcGetProcessIdOfThread
                0x0013ee70                svcGetThreadId
                0x0013ee84                svcBreak
                0x0013ee8c                svcOutputDebugString
                0x0013ee94                svcCreatePort
                0x0013eeb4                svcAcceptSession
                0x0013eecc                svcReplyAndReceive
                0x0013eee4                svcInvalidateProcessDataCache
                0x0013eeec                svcFlushProcessDataCache
                0x0013eef4                svcStartInterProcessDma
                0x0013ef14                svcStopDma
                0x0013ef1c                svcGetDmaState
                0x0013ef30                svcDebugActiveProcess
                0x0013ef44                svcBreakDebugProcess
                0x0013ef4c                svcTerminateDebugProcess
                0x0013ef54                svcGetProcessDebugEvent
                0x0013ef5c                svcContinueDebugEvent
                0x0013ef64                svcGetProcessList
                0x0013ef84                svcReadProcessMemory
                0x0013ef8c                svcWriteProcessMemory
                0x0013ef94                svcControlProcessMemory
                0x0013efac                svcMapProcessMemory
                0x0013efb4                svcUnmapProcessMemory
                0x0013efbc                svcTerminateProcess
                0x0013efc4                svcBackdoor
                0x0013efcc                svcKernelSetState
                0x0013efd4                svcQueryProcessMemory
 .text          0x0013f000       0x64 c:/devkitPro/libctru/lib\libctru.a(stack_adjust.o)
                0x0013f000                initSystem
                0x0013f044                __ctru_exit
 .text          0x0013f064      0x3b8 c:/devkitPro/libctru/lib\libctru.a(srv.o)
                0x0013f064                __get_handle_from_list
                0x0013f0fc                __destroy_handle_list
                0x0013f150                srvExit
                0x0013f178                srvGetSessionHandle
                0x0013f184                srvRegisterClient
                0x0013f1bc                srvInit
                0x0013f224                srvGetServiceHandle
                0x0013f2a4                srvRegisterService
                0x0013f300                srvUnregisterService
                0x0013f34c                srvPmInit
                0x0013f3a0                srvRegisterProcess
                0x0013f3e8                srvUnregisterProcess
 .text          0x0013f41c      0x118 c:/devkitPro/libctru/lib\libctru.a(rbtree_iterator.o)
                0x0013f41c                rbtree_node_next
                0x0013f4a8                rbtree_node_prev
 .text          0x0013f534       0x1c c:/devkitPro/libctru/lib\libctru.a(appExit.o)
                0x0013f534                __appExit
 .text          0x0013f550       0x20 c:/devkitPro/libctru/lib\libctru.a(appInit.o)
                0x0013f550                __appInit
 .text          0x0013f570       0x90 c:/devkitPro/libctru/lib\libctru.a(ctru_exit.o)
                0x0013f570                __libctru_exit
 .text          0x0013f600      0xffc c:/devkitPro/libctru/lib\libctru.a(sdmc_dev.o)
                0x0014047c                sdmcInit
                0x001405ac                sdmcExit
 .text          0x001405fc      0xc88 c:/devkitPro/libctru/lib\libctru.a(fs.o)
                0x001405fc                FS_makePath
                0x00140628                fsExit
                0x0014064c                fsGetSessionHandle
                0x00140658                FSUSER_Initialize
                0x001406cc                fsInit
                0x00140738                FSUSER_OpenFile
                0x001407e4                FSUSER_OpenFileDirectly
                0x001408b0                FSUSER_DeleteFile
                0x00140938                FSUSER_RenameFile
                0x001409fc                FSUSER_DeleteDirectory
                0x00140a84                FSUSER_DeleteDirectoryRecursively
                0x00140b0c                FSUSER_CreateFile
                0x00140ba4                FSUSER_CreateDirectory
                0x00140c30                FSUSER_RenameDirectory
                0x00140cf4                FSUSER_OpenDirectory
                0x00140d88                FSUSER_OpenArchive
                0x00140e10                FSUSER_CloseArchive
                0x00140e68                FSUSER_GetSdmcArchiveResource
                0x00140ee4                FSUSER_GetNandArchiveResource
                0x00140f60                FSUSER_IsSdmcDetected
                0x00140fac                FSUSER_IsSdmcWritable
                0x00140ff8                FSFILE_Close
                0x0014103c                FSFILE_Read
                0x00141098                FSFILE_Write
                0x001410fc                FSFILE_GetSize
                0x0014113c                FSFILE_SetSize
                0x00141168                FSFILE_GetAttributes
                0x001411a0                FSFILE_SetAttributes
                0x001411c8                FSFILE_Flush
                0x001411ec                FSDIR_Read
                0x00141240                FSDIR_Close
 .text          0x00141284      0x138 c:/devkitPro/libctru/lib\libctru.a(decode_utf8.o)
                0x00141284                decode_utf8
 .text          0x001413bc       0xe8 c:/devkitPro/libctru/lib\libctru.a(utf16_to_utf8.o)
                0x001413bc                utf16_to_utf8
 .text          0x001414a4       0xb8 c:/devkitPro/libctru/lib\libctru.a(utf8_to_utf16.o)
                0x001414a4                utf8_to_utf16
 .text          0x0014155c       0x60 c:/devkitPro/libctru/lib\libctru.a(decode_utf16.o)
                0x0014155c                decode_utf16
 .text          0x001415bc       0x68 c:/devkitPro/libctru/lib\libctru.a(encode_utf16.o)
                0x001415bc                encode_utf16
 .text          0x00141624      0x104 c:/devkitPro/libctru/lib\libctru.a(encode_utf8.o)
                0x00141624                encode_utf8
 .text          0x00141728        0x0 c:/devkitpro/devkitarm/bin/../lib/gcc/arm-none-eabi/4.9.2/../../../../arm-none-eabi/lib/armv6k/fpu\libm.a(lib_a-sf_cos.o)
 .text          0x00141728        0x0 c:/devkitpro/devkitarm/bin/../lib/gcc/arm-none-eabi/4.9.2/../../../../arm-none-eabi/lib/armv6k/fpu\libm.a(lib_a-s_floor.o)
 .text          0x00141728        0x0 c:/devkitpro/devkitarm/bin/../lib/gcc/arm-none-eabi/4.9.2/../../../../arm-none-eabi/lib/armv6k/fpu\libm.a(lib_a-s_frexp.o)
 .text          0x00141728        0x0 c:/devkitpro/devkitarm/bin/../lib/gcc/arm-none-eabi/4.9.2/../../../../arm-none-eabi/lib/armv6k/fpu\libm.a(lib_a-sf_sin.o)
 .text          0x00141728        0x0 c:/devkitpro/devkitarm/bin/../lib/gcc/arm-none-eabi/4.9.2/../../../../arm-none-eabi/lib/armv6k/fpu\libm.a(lib_a-s_modf.o)
 .text          0x00141728        0x0 c:/devkitpro/devkitarm/bin/../lib/gcc/arm-none-eabi/4.9.2/../../../../arm-none-eabi/lib/armv6k/fpu\libm.a(lib_a-w_pow.o)
 .text          0x00141728        0x0 c:/devkitpro/devkitarm/bin/../lib/gcc/arm-none-eabi/4.9.2/../../../../arm-none-eabi/lib/armv6k/fpu\libm.a(lib_a-ef_rem_pio2.o)
 .text          0x00141728        0x0 c:/devkitpro/devkitarm/bin/../lib/gcc/arm-none-eabi/4.9.2/../../../../arm-none-eabi/lib/armv6k/fpu\libm.a(lib_a-e_pow.o)
 .text          0x00141728        0x0 c:/devkitpro/devkitarm/bin/../lib/gcc/arm-none-eabi/4.9.2/../../../../arm-none-eabi/lib/armv6k/fpu\libm.a(lib_a-e_sqrt.o)
 .text          0x00141728        0x0 c:/devkitpro/devkitarm/bin/../lib/gcc/arm-none-eabi/4.9.2/../../../../arm-none-eabi/lib/armv6k/fpu\libm.a(lib_a-kf_cos.o)
 .text          0x00141728        0x0 c:/devkitpro/devkitarm/bin/../lib/gcc/arm-none-eabi/4.9.2/../../../../arm-none-eabi/lib/armv6k/fpu\libm.a(lib_a-kf_rem_pio2.o)
 .text          0x00141728        0x0 c:/devkitpro/devkitarm/bin/../lib/gcc/arm-none-eabi/4.9.2/../../../../arm-none-eabi/lib/armv6k/fpu\libm.a(lib_a-kf_sin.o)
 .text          0x00141728        0x0 c:/devkitpro/devkitarm/bin/../lib/gcc/arm-none-eabi/4.9.2/../../../../arm-none-eabi/lib/armv6k/fpu\libm.a(lib_a-s_fabs.o)
 .text          0x00141728        0x0 c:/devkitpro/devkitarm/bin/../lib/gcc/arm-none-eabi/4.9.2/../../../../arm-none-eabi/lib/armv6k/fpu\libm.a(lib_a-sf_fabs.o)
 .text          0x00141728        0x0 c:/devkitpro/devkitarm/bin/../lib/gcc/arm-none-eabi/4.9.2/../../../../arm-none-eabi/lib/armv6k/fpu\libm.a(lib_a-sf_floor.o)
 .text          0x00141728        0x0 c:/devkitpro/devkitarm/bin/../lib/gcc/arm-none-eabi/4.9.2/../../../../arm-none-eabi/lib/armv6k/fpu\libm.a(lib_a-s_finite.o)
 .text          0x00141728        0x0 c:/devkitpro/devkitarm/bin/../lib/gcc/arm-none-eabi/4.9.2/../../../../arm-none-eabi/lib/armv6k/fpu\libm.a(lib_a-s_fpclassify.o)
 .text          0x00141728        0x0 c:/devkitpro/devkitarm/bin/../lib/gcc/arm-none-eabi/4.9.2/../../../../arm-none-eabi/lib/armv6k/fpu\libm.a(lib_a-sf_scalbn.o)
 .text          0x00141728        0x0 c:/devkitpro/devkitarm/bin/../lib/gcc/arm-none-eabi/4.9.2/../../../../arm-none-eabi/lib/armv6k/fpu\libm.a(lib_a-s_lib_ver.o)
 .text          0x00141728        0x0 c:/devkitpro/devkitarm/bin/../lib/gcc/arm-none-eabi/4.9.2/../../../../arm-none-eabi/lib/armv6k/fpu\libm.a(lib_a-s_matherr.o)
 .text          0x00141728        0x0 c:/devkitpro/devkitarm/bin/../lib/gcc/arm-none-eabi/4.9.2/../../../../arm-none-eabi/lib/armv6k/fpu\libm.a(lib_a-s_nan.o)
 .text          0x00141728        0x0 c:/devkitpro/devkitarm/bin/../lib/gcc/arm-none-eabi/4.9.2/../../../../arm-none-eabi/lib/armv6k/fpu\libm.a(lib_a-s_rint.o)
 .text          0x00141728        0x0 c:/devkitpro/devkitarm/bin/../lib/gcc/arm-none-eabi/4.9.2/../../../../arm-none-eabi/lib/armv6k/fpu\libm.a(lib_a-s_scalbn.o)
 .text          0x00141728        0x0 c:/devkitpro/devkitarm/bin/../lib/gcc/arm-none-eabi/4.9.2/../../../../arm-none-eabi/lib/armv6k/fpu\libm.a(lib_a-s_copysign.o)
 .text          0x00141728        0x0 c:/devkitpro/devkitarm/bin/../lib/gcc/arm-none-eabi/4.9.2/../../../../arm-none-eabi/lib/armv6k/fpu\libm.a(lib_a-sf_copysign.o)
 .text          0x00141728      0x20c c:/devkitpro/devkitarm/bin/../lib/gcc/arm-none-eabi/4.9.2/armv6k/fpu\libgcc.a(_udivsi3.o)
                0x00141728                __aeabi_uidiv
                0x00141728                __udivsi3
                0x00141914                __aeabi_uidivmod
 .text          0x00141934      0x240 c:/devkitpro/devkitarm/bin/../lib/gcc/arm-none-eabi/4.9.2/armv6k/fpu\libgcc.a(_divsi3.o)
                0x00141934                __divsi3
                0x00141934                __aeabi_idiv
                0x00141b54                __aeabi_idivmod
 .text          0x00141b74        0x4 c:/devkitpro/devkitarm/bin/../lib/gcc/arm-none-eabi/4.9.2/armv6k/fpu\libgcc.a(_dvmd_tls.o)
                0x00141b74                __aeabi_idiv0
                0x00141b74                __aeabi_ldiv0
 .text          0x00141b78      0x250 c:/devkitpro/devkitarm/bin/../lib/gcc/arm-none-eabi/4.9.2/armv6k/fpu\libgcc.a(_arm_addsubsf3.o)
                0x00141b78                __aeabi_frsub
                0x00141b80                __subsf3
                0x00141b80                __aeabi_fsub
                0x00141b84                __aeabi_fadd
                0x00141b84                __addsf3
                0x00141d14                __aeabi_ui2f
                0x00141d14                __floatunsisf
                0x00141d1c                __aeabi_i2f
                0x00141d1c                __floatsisf
                0x00141d3c                __aeabi_ul2f
                0x00141d3c                __floatundisf
                0x00141d4c                __aeabi_l2f
                0x00141d4c                __floatdisf
 .text          0x00141dc8        0x0 c:/devkitpro/devkitarm/bin/../lib/gcc/arm-none-eabi/4.9.2/../../../../arm-none-eabi/lib/armv6k/fpu\libg.a(lib_a-abort.o)
 .text          0x00141dc8        0x0 c:/devkitpro/devkitarm/bin/../lib/gcc/arm-none-eabi/4.9.2/../../../../arm-none-eabi/lib/armv6k/fpu\libg.a(lib_a-atof.o)
 .text          0x00141dc8        0x0 c:/devkitpro/devkitarm/bin/../lib/gcc/arm-none-eabi/4.9.2/../../../../arm-none-eabi/lib/armv6k/fpu\libg.a(lib_a-bsearch.o)
 .text          0x00141dc8        0x0 c:/devkitpro/devkitarm/bin/../lib/gcc/arm-none-eabi/4.9.2/../../../../arm-none-eabi/lib/armv6k/fpu\libg.a(lib_a-errno.o)
 .text          0x00141dc8        0x0 c:/devkitpro/devkitarm/bin/../lib/gcc/arm-none-eabi/4.9.2/../../../../arm-none-eabi/lib/armv6k/fpu\libg.a(lib_a-exit.o)
 .text          0x00141dc8        0x0 c:/devkitpro/devkitarm/bin/../lib/gcc/arm-none-eabi/4.9.2/../../../../arm-none-eabi/lib/armv6k/fpu\libg.a(lib_a-fclose.o)
 .text          0x00141dc8        0x0 c:/devkitpro/devkitarm/bin/../lib/gcc/arm-none-eabi/4.9.2/../../../../arm-none-eabi/lib/armv6k/fpu\libg.a(lib_a-fflush.o)
 .text          0x00141dc8        0x0 c:/devkitpro/devkitarm/bin/../lib/gcc/arm-none-eabi/4.9.2/../../../../arm-none-eabi/lib/armv6k/fpu\libg.a(lib_a-findfp.o)
 .text          0x00141dc8        0x0 c:/devkitpro/devkitarm/bin/../lib/gcc/arm-none-eabi/4.9.2/../../../../arm-none-eabi/lib/armv6k/fpu\libg.a(lib_a-fini.o)
 .text          0x00141dc8        0x0 c:/devkitpro/devkitarm/bin/../lib/gcc/arm-none-eabi/4.9.2/../../../../arm-none-eabi/lib/armv6k/fpu\libg.a(lib_a-fopen.o)
 .text          0x00141dc8        0x0 c:/devkitpro/devkitarm/bin/../lib/gcc/arm-none-eabi/4.9.2/../../../../arm-none-eabi/lib/armv6k/fpu\libg.a(lib_a-fprintf.o)
 .text          0x00141dc8        0x0 c:/devkitpro/devkitarm/bin/../lib/gcc/arm-none-eabi/4.9.2/../../../../arm-none-eabi/lib/armv6k/fpu\libg.a(lib_a-fputc.o)
 .text          0x00141dc8        0x0 c:/devkitpro/devkitarm/bin/../lib/gcc/arm-none-eabi/4.9.2/../../../../arm-none-eabi/lib/armv6k/fpu\libg.a(lib_a-fread.o)
 .text          0x00141dc8        0x0 c:/devkitpro/devkitarm/bin/../lib/gcc/arm-none-eabi/4.9.2/../../../../arm-none-eabi/lib/armv6k/fpu\libg.a(lib_a-freer.o)
 .text          0x00141dc8        0x0 c:/devkitpro/devkitarm/bin/../lib/gcc/arm-none-eabi/4.9.2/../../../../arm-none-eabi/lib/armv6k/fpu\libg.a(lib_a-fseek.o)
 .text          0x00141dc8        0x0 c:/devkitpro/devkitarm/bin/../lib/gcc/arm-none-eabi/4.9.2/../../../../arm-none-eabi/lib/armv6k/fpu\libg.a(lib_a-fseeko.o)
 .text          0x00141dc8        0x0 c:/devkitpro/devkitarm/bin/../lib/gcc/arm-none-eabi/4.9.2/../../../../arm-none-eabi/lib/armv6k/fpu\libg.a(lib_a-fwalk.o)
 .text          0x00141dc8        0x0 c:/devkitpro/devkitarm/bin/../lib/gcc/arm-none-eabi/4.9.2/../../../../arm-none-eabi/lib/armv6k/fpu\libg.a(lib_a-fwrite.o)
 .text          0x00141dc8        0x0 c:/devkitpro/devkitarm/bin/../lib/gcc/arm-none-eabi/4.9.2/../../../../arm-none-eabi/lib/armv6k/fpu\libg.a(lib_a-gmtime.o)
 .text          0x00141dc8        0x0 c:/devkitpro/devkitarm/bin/../lib/gcc/arm-none-eabi/4.9.2/../../../../arm-none-eabi/lib/armv6k/fpu\libg.a(lib_a-gmtime_r.o)
 .text          0x00141dc8        0x0 c:/devkitpro/devkitarm/bin/../lib/gcc/arm-none-eabi/4.9.2/../../../../arm-none-eabi/lib/armv6k/fpu\libg.a(lib_a-impure.o)
 .text          0x00141dc8        0x0 c:/devkitpro/devkitarm/bin/../lib/gcc/arm-none-eabi/4.9.2/../../../../arm-none-eabi/lib/armv6k/fpu\libg.a(lib_a-init.o)
 .text          0x00141dc8        0x0 c:/devkitpro/devkitarm/bin/../lib/gcc/arm-none-eabi/4.9.2/../../../../arm-none-eabi/lib/armv6k/fpu\libg.a(lib_a-makebuf.o)
 .text          0x00141dc8        0x0 c:/devkitpro/devkitarm/bin/../lib/gcc/arm-none-eabi/4.9.2/../../../../arm-none-eabi/lib/armv6k/fpu\libg.a(lib_a-malloc.o)
 .text          0x00141dc8        0x0 c:/devkitpro/devkitarm/bin/../lib/gcc/arm-none-eabi/4.9.2/../../../../arm-none-eabi/lib/armv6k/fpu\libg.a(lib_a-mallocr.o)
 .text          0x00141dc8        0x0 c:/devkitpro/devkitarm/bin/../lib/gcc/arm-none-eabi/4.9.2/../../../../arm-none-eabi/lib/armv6k/fpu\libg.a(lib_a-memcmp.o)
 .text          0x00141dc8        0x0 c:/devkitpro/devkitarm/bin/../lib/gcc/arm-none-eabi/4.9.2/../../../../arm-none-eabi/lib/armv6k/fpu\libg.a(lib_a-memcpy.o)
 .text          0x00141dc8        0x0 c:/devkitpro/devkitarm/bin/../lib/gcc/arm-none-eabi/4.9.2/../../../../arm-none-eabi/lib/armv6k/fpu\libg.a(lib_a-memset.o)
 .text          0x00141dc8        0x0 c:/devkitpro/devkitarm/bin/../lib/gcc/arm-none-eabi/4.9.2/../../../../arm-none-eabi/lib/armv6k/fpu\libg.a(lib_a-mlock.o)
 .text          0x00141dc8        0x0 c:/devkitpro/devkitarm/bin/../lib/gcc/arm-none-eabi/4.9.2/../../../../arm-none-eabi/lib/armv6k/fpu\libg.a(lib_a-month_lengths.o)
 .text          0x00141dc8        0x0 c:/devkitpro/devkitarm/bin/../lib/gcc/arm-none-eabi/4.9.2/../../../../arm-none-eabi/lib/armv6k/fpu\libg.a(lib_a-printf.o)
 .text          0x00141dc8        0x0 c:/devkitpro/devkitarm/bin/../lib/gcc/arm-none-eabi/4.9.2/../../../../arm-none-eabi/lib/armv6k/fpu\libg.a(lib_a-putchar.o)
 .text          0x00141dc8        0x0 c:/devkitpro/devkitarm/bin/../lib/gcc/arm-none-eabi/4.9.2/../../../../arm-none-eabi/lib/armv6k/fpu\libg.a(lib_a-putc.o)
 .text          0x00141dc8        0x0 c:/devkitpro/devkitarm/bin/../lib/gcc/arm-none-eabi/4.9.2/../../../../arm-none-eabi/lib/armv6k/fpu\libg.a(lib_a-rand.o)
 .text          0x00141dc8        0x0 c:/devkitpro/devkitarm/bin/../lib/gcc/arm-none-eabi/4.9.2/../../../../arm-none-eabi/lib/armv6k/fpu\libg.a(lib_a-realloc.o)
 .text          0x00141dc8        0x0 c:/devkitpro/devkitarm/bin/../lib/gcc/arm-none-eabi/4.9.2/../../../../arm-none-eabi/lib/armv6k/fpu\libg.a(lib_a-reallocr.o)
 .text          0x00141dc8        0x0 c:/devkitpro/devkitarm/bin/../lib/gcc/arm-none-eabi/4.9.2/../../../../arm-none-eabi/lib/armv6k/fpu\libg.a(lib_a-refill.o)
 .text          0x00141dc8        0x0 c:/devkitpro/devkitarm/bin/../lib/gcc/arm-none-eabi/4.9.2/../../../../arm-none-eabi/lib/armv6k/fpu\libg.a(lib_a-remove.o)
 .text          0x00141dc8       0x2c c:/devkitpro/devkitarm/bin/../lib/gcc/arm-none-eabi/4.9.2/../../../../arm-none-eabi/lib/armv6k/fpu\libg.a(lib_a-setjmp.o)
                0x00141dc8                setjmp
                0x00141ddc                longjmp
 .text          0x00141df4        0x0 c:/devkitpro/devkitarm/bin/../lib/gcc/arm-none-eabi/4.9.2/../../../../arm-none-eabi/lib/armv6k/fpu\libg.a(lib_a-signal.o)
 .text          0x00141df4        0x0 c:/devkitpro/devkitarm/bin/../lib/gcc/arm-none-eabi/4.9.2/../../../../arm-none-eabi/lib/armv6k/fpu\libg.a(lib_a-stdio.o)
 *fill*         0x00141df4        0xc 
 .text          0x00141e00      0x3a0 c:/devkitpro/devkitarm/bin/../lib/gcc/arm-none-eabi/4.9.2/../../../../arm-none-eabi/lib/armv6k/fpu\libg.a(lib_a-strcmp.o)
                0x00141e08                strcmp
 .text          0x001421a0        0x0 c:/devkitpro/devkitarm/bin/../lib/gcc/arm-none-eabi/4.9.2/../../../../arm-none-eabi/lib/armv6k/fpu\libg.a(lib_a-strcpy.o)
 .text          0x001421a0        0x0 c:/devkitpro/devkitarm/bin/../lib/gcc/arm-none-eabi/4.9.2/../../../../arm-none-eabi/lib/armv6k/fpu\libg.a(lib_a-strerror.o)
 .text          0x001421a0        0x0 c:/devkitpro/devkitarm/bin/../lib/gcc/arm-none-eabi/4.9.2/../../../../arm-none-eabi/lib/armv6k/fpu\libg.a(lib_a-strlen.o)
 .text          0x001421a0        0x0 c:/devkitpro/devkitarm/bin/../lib/gcc/arm-none-eabi/4.9.2/../../../../arm-none-eabi/lib/armv6k/fpu\libg.a(lib_a-strncat.o)
 .text          0x001421a0        0x0 c:/devkitpro/devkitarm/bin/../lib/gcc/arm-none-eabi/4.9.2/../../../../arm-none-eabi/lib/armv6k/fpu\libg.a(lib_a-strncpy.o)
 .text          0x001421a0        0x0 c:/devkitpro/devkitarm/bin/../lib/gcc/arm-none-eabi/4.9.2/../../../../arm-none-eabi/lib/armv6k/fpu\libg.a(lib_a-strtod.o)
 .text          0x001421a0        0x0 c:/devkitpro/devkitarm/bin/../lib/gcc/arm-none-eabi/4.9.2/../../../../arm-none-eabi/lib/armv6k/fpu\libg.a(lib_a-time.o)
 .text          0x001421a0        0x0 c:/devkitpro/devkitarm/bin/../lib/gcc/arm-none-eabi/4.9.2/../../../../arm-none-eabi/lib/armv6k/fpu\libg.a(lib_a-u_strerr.o)
 .text          0x001421a0        0x0 c:/devkitpro/devkitarm/bin/../lib/gcc/arm-none-eabi/4.9.2/../../../../arm-none-eabi/lib/armv6k/fpu\libg.a(lib_a-vfprintf.o)
 .text          0x001421a0        0x0 c:/devkitpro/devkitarm/bin/../lib/gcc/arm-none-eabi/4.9.2/../../../../arm-none-eabi/lib/armv6k/fpu\libg.a(lib_a-wbuf.o)
 .text          0x001421a0        0x0 c:/devkitpro/devkitarm/bin/../lib/gcc/arm-none-eabi/4.9.2/../../../../arm-none-eabi/lib/armv6k/fpu\libg.a(lib_a-wcrtomb.o)
 .text          0x001421a0        0x0 c:/devkitpro/devkitarm/bin/../lib/gcc/arm-none-eabi/4.9.2/../../../../arm-none-eabi/lib/armv6k/fpu\libg.a(lib_a-wcsrtombs.o)
 .text          0x001421a0        0x0 c:/devkitpro/devkitarm/bin/../lib/gcc/arm-none-eabi/4.9.2/../../../../arm-none-eabi/lib/armv6k/fpu\libg.a(lib_a-wctomb_r.o)
 .text          0x001421a0        0x0 c:/devkitpro/devkitarm/bin/../lib/gcc/arm-none-eabi/4.9.2/../../../../arm-none-eabi/lib/armv6k/fpu\libg.a(lib_a-wsetup.o)
 .text          0x001421a0        0x0 c:/devkitpro/devkitarm/bin/../lib/gcc/arm-none-eabi/4.9.2/../../../../arm-none-eabi/lib/armv6k/fpu\libg.a(lib_a-__call_atexit.o)
 .text          0x001421a0        0x0 c:/devkitpro/devkitarm/bin/../lib/gcc/arm-none-eabi/4.9.2/../../../../arm-none-eabi/lib/armv6k/fpu\libg.a(lib_a-dtoa.o)
 .text          0x001421a0        0x0 c:/devkitpro/devkitarm/bin/../lib/gcc/arm-none-eabi/4.9.2/../../../../arm-none-eabi/lib/armv6k/fpu\libg.a(lib_a-flags.o)
 .text          0x001421a0        0x0 c:/devkitpro/devkitarm/bin/../lib/gcc/arm-none-eabi/4.9.2/../../../../arm-none-eabi/lib/armv6k/fpu\libg.a(lib_a-fvwrite.o)
 .text          0x001421a0        0x0 c:/devkitpro/devkitarm/bin/../lib/gcc/arm-none-eabi/4.9.2/../../../../arm-none-eabi/lib/armv6k/fpu\libg.a(lib_a-gdtoa-gethex.o)
 .text          0x001421a0        0x0 c:/devkitpro/devkitarm/bin/../lib/gcc/arm-none-eabi/4.9.2/../../../../arm-none-eabi/lib/armv6k/fpu\libg.a(lib_a-gdtoa-hexnan.o)
 .text          0x001421a0        0x0 c:/devkitpro/devkitarm/bin/../lib/gcc/arm-none-eabi/4.9.2/../../../../arm-none-eabi/lib/armv6k/fpu\libg.a(lib_a-locale.o)
 .text          0x001421a0        0x0 c:/devkitpro/devkitarm/bin/../lib/gcc/arm-none-eabi/4.9.2/../../../../arm-none-eabi/lib/armv6k/fpu\libg.a(lib_a-mbtowc_r.o)
 .text          0x001421a0        0x0 c:/devkitpro/devkitarm/bin/../lib/gcc/arm-none-eabi/4.9.2/../../../../arm-none-eabi/lib/armv6k/fpu\libg.a(lib_a-memchr.o)
 .text          0x001421a0        0x0 c:/devkitpro/devkitarm/bin/../lib/gcc/arm-none-eabi/4.9.2/../../../../arm-none-eabi/lib/armv6k/fpu\libg.a(lib_a-memmove.o)
 .text          0x001421a0        0x0 c:/devkitpro/devkitarm/bin/../lib/gcc/arm-none-eabi/4.9.2/../../../../arm-none-eabi/lib/armv6k/fpu\libg.a(lib_a-mprec.o)
 .text          0x001421a0        0x0 c:/devkitpro/devkitarm/bin/../lib/gcc/arm-none-eabi/4.9.2/../../../../arm-none-eabi/lib/armv6k/fpu\libg.a(lib_a-sf_nan.o)
 .text          0x001421a0        0x0 c:/devkitpro/devkitarm/bin/../lib/gcc/arm-none-eabi/4.9.2/../../../../arm-none-eabi/lib/armv6k/fpu\libg.a(lib_a-strcasecmp.o)
 .text          0x001421a0        0x0 c:/devkitpro/devkitarm/bin/../lib/gcc/arm-none-eabi/4.9.2/../../../../arm-none-eabi/lib/armv6k/fpu\libg.a(lib_a-strcat.o)
 .text          0x001421a0        0x0 c:/devkitpro/devkitarm/bin/../lib/gcc/arm-none-eabi/4.9.2/../../../../arm-none-eabi/lib/armv6k/fpu\libg.a(lib_a-strchr.o)
 .text          0x001421a0        0x0 c:/devkitpro/devkitarm/bin/../lib/gcc/arm-none-eabi/4.9.2/../../../../arm-none-eabi/lib/armv6k/fpu\libg.a(lib_a-strlcpy.o)
 .text          0x001421a0        0x0 c:/devkitpro/devkitarm/bin/../lib/gcc/arm-none-eabi/4.9.2/../../../../arm-none-eabi/lib/armv6k/fpu\libg.a(lib_a-strncasecmp.o)
 .text          0x001421a0        0x0 c:/devkitpro/devkitarm/bin/../lib/gcc/arm-none-eabi/4.9.2/../../../../arm-none-eabi/lib/armv6k/fpu\libg.a(lib_a-strncmp.o)
 .text          0x001421a0        0x0 c:/devkitpro/devkitarm/bin/../lib/gcc/arm-none-eabi/4.9.2/../../../../arm-none-eabi/lib/armv6k/fpu\libg.a(lib_a-strtol.o)
 .text          0x001421a0        0x0 c:/devkitpro/devkitarm/bin/../lib/gcc/arm-none-eabi/4.9.2/../../../../arm-none-eabi/lib/armv6k/fpu\libg.a(lib_a-svfiprintf.o)
 .text          0x001421a0        0x0 c:/devkitpro/devkitarm/bin/../lib/gcc/arm-none-eabi/4.9.2/../../../../arm-none-eabi/lib/armv6k/fpu\libg.a(lib_a-vfiprintf.o)
 .text          0x001421a0        0x0 c:/devkitpro/devkitarm/bin/../lib/gcc/arm-none-eabi/4.9.2/../../../../arm-none-eabi/lib/armv6k/fpu\libg.a(lib_a-wcsnrtombs.o)
 .text          0x001421a0        0x0 c:/devkitpro/devkitarm/bin/../lib/gcc/arm-none-eabi/4.9.2/../../../../arm-none-eabi/lib/armv6k/fpu\libg.a(lib_a-callocr.o)
 .text          0x001421a0        0x0 c:/devkitpro/devkitarm/bin/../lib/gcc/arm-none-eabi/4.9.2/../../../../arm-none-eabi/lib/armv6k/fpu\libg.a(lib_a-ctype_.o)
 .text          0x001421a0        0x0 c:/devkitpro/devkitarm/bin/../lib/gcc/arm-none-eabi/4.9.2/../../../../arm-none-eabi/lib/armv6k/fpu\libg.a(lib_a-fputwc.o)
 .text          0x001421a0        0x0 c:/devkitpro/devkitarm/bin/../lib/gcc/arm-none-eabi/4.9.2/../../../../arm-none-eabi/lib/armv6k/fpu\libg.a(lib_a-getenv_r.o)
 .text          0x001421a0        0x0 c:/devkitpro/devkitarm/bin/../lib/gcc/arm-none-eabi/4.9.2/../../../../arm-none-eabi/lib/armv6k/fpu\libg.a(lib_a-environ.o)
 .text          0x001421a0        0x0 c:/devkitpro/devkitarm/bin/../lib/gcc/arm-none-eabi/4.9.2/../../../../arm-none-eabi/lib/armv6k/fpu\libg.a(lib_a-envlock.o)
 .text          0x001421a0      0x1a8 c:/devkitpro/devkitarm/bin/../lib/gcc/arm-none-eabi/4.9.2/../../../../arm-none-eabi/lib/armv6k/fpu\libsysbase.a(iosupport.o)
                0x001421a0                setDefaultDevice
                0x001421b8                FindDevice
                0x00142264                RemoveDevice
                0x00142290                AddDevice
                0x00142324                GetDeviceOpTab
 .text          0x00142348       0x7c c:/devkitpro/devkitarm/bin/../lib/gcc/arm-none-eabi/4.9.2/../../../../arm-none-eabi/lib/armv6k/fpu\libsysbase.a(close.o)
                0x00142348                _close_r
 .text          0x001423c4       0x6c c:/devkitpro/devkitarm/bin/../lib/gcc/arm-none-eabi/4.9.2/../../../../arm-none-eabi/lib/armv6k/fpu\libsysbase.a(fstat.o)
                0x001423c4                _fstat_r
 .text          0x00142430       0x10 c:/devkitpro/devkitarm/bin/../lib/gcc/arm-none-eabi/4.9.2/../../../../arm-none-eabi/lib/armv6k/fpu\libsysbase.a(getpid.o)
                0x00142430                _getpid_r
 .text          0x00142440       0x2c c:/devkitpro/devkitarm/bin/../lib/gcc/arm-none-eabi/4.9.2/../../../../arm-none-eabi/lib/armv6k/fpu\libsysbase.a(gettod.o)
                0x00142440                _gettimeofday_r
 .text          0x0014246c        0x8 c:/devkitpro/devkitarm/bin/../lib/gcc/arm-none-eabi/4.9.2/../../../../arm-none-eabi/lib/armv6k/fpu\libsysbase.a(isatty.o)
                0x0014246c                _isatty_r
 .text          0x00142474       0x10 c:/devkitpro/devkitarm/bin/../lib/gcc/arm-none-eabi/4.9.2/../../../../arm-none-eabi/lib/armv6k/fpu\libsysbase.a(kill.o)
                0x00142474                _kill_r
 .text          0x00142484       0x74 c:/devkitpro/devkitarm/bin/../lib/gcc/arm-none-eabi/4.9.2/../../../../arm-none-eabi/lib/armv6k/fpu\libsysbase.a(lseek.o)
                0x00142484                _lseek_r
 .text          0x001424f8       0xc8 c:/devkitpro/devkitarm/bin/../lib/gcc/arm-none-eabi/4.9.2/../../../../arm-none-eabi/lib/armv6k/fpu\libsysbase.a(open.o)
                0x001424f8                _open_r
 .text          0x001425c0       0x74 c:/devkitpro/devkitarm/bin/../lib/gcc/arm-none-eabi/4.9.2/../../../../arm-none-eabi/lib/armv6k/fpu\libsysbase.a(read.o)
                0x001425c0                _read_r
 .text          0x00142634       0x70 c:/devkitpro/devkitarm/bin/../lib/gcc/arm-none-eabi/4.9.2/../../../../arm-none-eabi/lib/armv6k/fpu\libsysbase.a(sbrk.o)
                0x00142634                _sbrk_r
 .text          0x001426a4       0x5c c:/devkitpro/devkitarm/bin/../lib/gcc/arm-none-eabi/4.9.2/../../../../arm-none-eabi/lib/armv6k/fpu\libsysbase.a(unlink.o)
                0x001426a4                _unlink_r
 .text          0x00142700       0x74 c:/devkitpro/devkitarm/bin/../lib/gcc/arm-none-eabi/4.9.2/../../../../arm-none-eabi/lib/armv6k/fpu\libsysbase.a(write.o)
                0x00142700                _write_r
 .text          0x00142774       0x20 c:/devkitpro/devkitarm/bin/../lib/gcc/arm-none-eabi/4.9.2/../../../../arm-none-eabi/lib/armv6k/fpu\libsysbase.a(_exit.o)
                0x00142774                _exit
 .text          0x00142794        0x0 c:/devkitpro/devkitarm/bin/../lib/gcc/arm-none-eabi/4.9.2/../../../../arm-none-eabi/lib/armv6k/fpu\libsysbase.a(malloc_vars.o)
 .text          0x00142794      0x3a4 c:/devkitpro/devkitarm/bin/../lib/gcc/arm-none-eabi/4.9.2/../../../../arm-none-eabi/lib/armv6k/fpu\libsysbase.a(chdir.o)
                0x00142794                _concatenate_path
                0x00142950                chdir
                0x00142a98                getcwd
 .text          0x00142b38        0x8 c:/devkitpro/devkitarm/bin/../lib/gcc/arm-none-eabi/4.9.2/../../../../arm-none-eabi/lib/armv6k/fpu\libsysbase.a(flock.o)
                0x00142b38                __flockfile
                0x00142b3c                __funlockfile
 .text          0x00142b40      0x108 c:/devkitpro/devkitarm/bin/../lib/gcc/arm-none-eabi/4.9.2/../../../../arm-none-eabi/lib/armv6k/fpu\libsysbase.a(syscall_support.o)
                0x00142b40                __libc_lock_init
                0x00142b58                __libc_lock_acquire
                0x00142b70                __libc_lock_try_acquire
                0x00142b94                __libc_lock_release
                0x00142bac                __libc_lock_close
                0x00142bc4                __libc_lock_init_recursive
                0x00142bdc                __libc_lock_acquire_recursive
                0x00142bf4                __libc_lock_try_acquire_recursive
                0x00142c18                __libc_lock_release_recursive
                0x00142c30                __libc_lock_close_recursive
 .text          0x00142c48      0x254 c:/devkitpro/devkitarm/bin/../lib/gcc/arm-none-eabi/4.9.2/../../../../arm-none-eabi/lib/armv6k/fpu\libsysbase.a(handle_manager.o)
                0x00142c48                __free_handle
                0x00142c8c                __release_handle
                0x00142cb8                __alloc_handle
                0x00142d20                __get_handle
                0x00142d3c                dup
                0x00142dc8                dup2
 .text          0x00142e9c       0x28 c:/devkitpro/devkitarm/bin/../lib/gcc/arm-none-eabi/4.9.2/../../../../arm-none-eabi/lib/armv6k/fpu\libsysbase.a(getreent.o)
                0x00142e9c                __getreent
 .text          0x00142ec4       0x3c c:/devkitpro/devkitarm/bin/../lib/gcc/arm-none-eabi/4.9.2/armv6k/fpu\libgcc.a(_aeabi_uldivmod.o)
                0x00142ec4                __aeabi_uldivmod
 .text          0x00142f00       0x78 c:/devkitpro/devkitarm/bin/../lib/gcc/arm-none-eabi/4.9.2/armv6k/fpu\libgcc.a(bpabi.o)
                0x00142f00                __gnu_ldivmod_helper
                0x00142f3c                __gnu_uldivmod_helper
 .text          0x00142f78      0x180 c:/devkitpro/devkitarm/bin/../lib/gcc/arm-none-eabi/4.9.2/armv6k/fpu\libgcc.a(_divdi3.o)
                0x00142f78                __divdi3
 .text          0x001430f8      0x124 c:/devkitpro/devkitarm/bin/../lib/gcc/arm-none-eabi/4.9.2/armv6k/fpu\libgcc.a(_udivdi3.o)
                0x001430f8                __udivdi3
 .text          0x0014321c        0x0 c:/devkitpro/devkitarm/bin/../lib/gcc/arm-none-eabi/4.9.2/../../../../arm-none-eabi/lib/armv6k/fpu\libg.a(lib_a-strnlen.o)
 .text          0x0014321c        0x0 c:/devkitpro/devkitarm/bin/../lib/gcc/arm-none-eabi/4.9.2/../../../../arm-none-eabi/lib/armv6k/fpu\libg.a(lib_a-strrchr.o)
 .text          0x0014321c        0x0 c:/devkitpro/devkitarm/bin/../lib/gcc/arm-none-eabi/4.9.2/armv6k/fpu/crtend.o
 .text          0x0014321c        0x0 c:/devkitpro/devkitarm/bin/../lib/gcc/arm-none-eabi/4.9.2/armv6k/fpu/crtn.o
 *(.text.*)
 .text.startup  0x0014321c       0x48 main.o
                0x0014321c                main
 *fill*         0x00143264        0x4 
 .text.unlikely
                0x00143268      0x108 c:/devkitPro/portlibs/armv6k/lib\libpng.a(png.o)
 .text.cosf     0x00143370       0xa8 c:/devkitpro/devkitarm/bin/../lib/gcc/arm-none-eabi/4.9.2/../../../../arm-none-eabi/lib/armv6k/fpu\libm.a(lib_a-sf_cos.o)
                0x00143370                cosf
 .text.floor    0x00143418      0x180 c:/devkitpro/devkitarm/bin/../lib/gcc/arm-none-eabi/4.9.2/../../../../arm-none-eabi/lib/armv6k/fpu\libm.a(lib_a-s_floor.o)
                0x00143418                floor
 .text.frexp    0x00143598       0x98 c:/devkitpro/devkitarm/bin/../lib/gcc/arm-none-eabi/4.9.2/../../../../arm-none-eabi/lib/armv6k/fpu\libm.a(lib_a-s_frexp.o)
                0x00143598                frexp
 .text.sinf     0x00143630       0xb0 c:/devkitpro/devkitarm/bin/../lib/gcc/arm-none-eabi/4.9.2/../../../../arm-none-eabi/lib/armv6k/fpu\libm.a(lib_a-sf_sin.o)
                0x00143630                sinf
 .text.modf     0x001436e0       0xd4 c:/devkitpro/devkitarm/bin/../lib/gcc/arm-none-eabi/4.9.2/../../../../arm-none-eabi/lib/armv6k/fpu\libm.a(lib_a-s_modf.o)
                0x001436e0                modf
 *fill*         0x001437b4        0x4 
 .text.pow      0x001437b8      0x3c0 c:/devkitpro/devkitarm/bin/../lib/gcc/arm-none-eabi/4.9.2/../../../../arm-none-eabi/lib/armv6k/fpu\libm.a(lib_a-w_pow.o)
                0x001437b8                pow
 .text.__ieee754_rem_pio2f
                0x00143b78      0x2e0 c:/devkitpro/devkitarm/bin/../lib/gcc/arm-none-eabi/4.9.2/../../../../arm-none-eabi/lib/armv6k/fpu\libm.a(lib_a-ef_rem_pio2.o)
                0x00143b78                __ieee754_rem_pio2f
 .text.__ieee754_pow
                0x00143e58      0x880 c:/devkitpro/devkitarm/bin/../lib/gcc/arm-none-eabi/4.9.2/../../../../arm-none-eabi/lib/armv6k/fpu\libm.a(lib_a-e_pow.o)
                0x00143e58                __ieee754_pow
 .text.__ieee754_sqrt
                0x001446d8      0x200 c:/devkitpro/devkitarm/bin/../lib/gcc/arm-none-eabi/4.9.2/../../../../arm-none-eabi/lib/armv6k/fpu\libm.a(lib_a-e_sqrt.o)
                0x001446d8                __ieee754_sqrt
 .text.__kernel_cosf
                0x001448d8      0x124 c:/devkitpro/devkitarm/bin/../lib/gcc/arm-none-eabi/4.9.2/../../../../arm-none-eabi/lib/armv6k/fpu\libm.a(lib_a-kf_cos.o)
                0x001448d8                __kernel_cosf
 .text.__kernel_rem_pio2f
                0x001449fc      0x838 c:/devkitpro/devkitarm/bin/../lib/gcc/arm-none-eabi/4.9.2/../../../../arm-none-eabi/lib/armv6k/fpu\libm.a(lib_a-kf_rem_pio2.o)
                0x001449fc                __kernel_rem_pio2f
 .text.__kernel_sinf
                0x00145234       0xa0 c:/devkitpro/devkitarm/bin/../lib/gcc/arm-none-eabi/4.9.2/../../../../arm-none-eabi/lib/armv6k/fpu\libm.a(lib_a-kf_sin.o)
                0x00145234                __kernel_sinf
 .text.fabs     0x001452d4       0x10 c:/devkitpro/devkitarm/bin/../lib/gcc/arm-none-eabi/4.9.2/../../../../arm-none-eabi/lib/armv6k/fpu\libm.a(lib_a-s_fabs.o)
                0x001452d4                fabs
 .text.fabsf    0x001452e4       0x10 c:/devkitpro/devkitarm/bin/../lib/gcc/arm-none-eabi/4.9.2/../../../../arm-none-eabi/lib/armv6k/fpu\libm.a(lib_a-sf_fabs.o)
                0x001452e4                fabsf
 .text.floorf   0x001452f4       0xb8 c:/devkitpro/devkitarm/bin/../lib/gcc/arm-none-eabi/4.9.2/../../../../arm-none-eabi/lib/armv6k/fpu\libm.a(lib_a-sf_floor.o)
                0x001452f4                floorf
 .text.finite   0x001453ac       0x14 c:/devkitpro/devkitarm/bin/../lib/gcc/arm-none-eabi/4.9.2/../../../../arm-none-eabi/lib/armv6k/fpu\libm.a(lib_a-s_finite.o)
                0x001453ac                finite
 .text.__fpclassifyd
                0x001453c0       0x74 c:/devkitpro/devkitarm/bin/../lib/gcc/arm-none-eabi/4.9.2/../../../../arm-none-eabi/lib/armv6k/fpu\libm.a(lib_a-s_fpclassify.o)
                0x001453c0                __fpclassifyd
 .text.scalbnf  0x00145434      0x118 c:/devkitpro/devkitarm/bin/../lib/gcc/arm-none-eabi/4.9.2/../../../../arm-none-eabi/lib/armv6k/fpu\libm.a(lib_a-sf_scalbn.o)
                0x00145434                scalbnf
 .text.matherr  0x0014554c        0x8 c:/devkitpro/devkitarm/bin/../lib/gcc/arm-none-eabi/4.9.2/../../../../arm-none-eabi/lib/armv6k/fpu\libm.a(lib_a-s_matherr.o)
                0x0014554c                matherr
 *fill*         0x00145554        0x4 
 .text.nan      0x00145558       0x10 c:/devkitpro/devkitarm/bin/../lib/gcc/arm-none-eabi/4.9.2/../../../../arm-none-eabi/lib/armv6k/fpu\libm.a(lib_a-s_nan.o)
                0x00145558                nan
 .text.rint     0x00145568      0x170 c:/devkitpro/devkitarm/bin/../lib/gcc/arm-none-eabi/4.9.2/../../../../arm-none-eabi/lib/armv6k/fpu\libm.a(lib_a-s_rint.o)
                0x00145568                rint
 .text.scalbn   0x001456d8      0x198 c:/devkitpro/devkitarm/bin/../lib/gcc/arm-none-eabi/4.9.2/../../../../arm-none-eabi/lib/armv6k/fpu\libm.a(lib_a-s_scalbn.o)
                0x001456d8                scalbn
 .text.copysign
                0x00145870       0x1c c:/devkitpro/devkitarm/bin/../lib/gcc/arm-none-eabi/4.9.2/../../../../arm-none-eabi/lib/armv6k/fpu\libm.a(lib_a-s_copysign.o)
                0x00145870                copysign
 .text.copysignf
                0x0014588c       0x1c c:/devkitpro/devkitarm/bin/../lib/gcc/arm-none-eabi/4.9.2/../../../../arm-none-eabi/lib/armv6k/fpu\libm.a(lib_a-sf_copysign.o)
                0x0014588c                copysignf
 .text.abort    0x001458a8       0x14 c:/devkitpro/devkitarm/bin/../lib/gcc/arm-none-eabi/4.9.2/../../../../arm-none-eabi/lib/armv6k/fpu\libg.a(lib_a-abort.o)
                0x001458a8                abort
 .text.atof     0x001458bc        0x8 c:/devkitpro/devkitarm/bin/../lib/gcc/arm-none-eabi/4.9.2/../../../../arm-none-eabi/lib/armv6k/fpu\libg.a(lib_a-atof.o)
                0x001458bc                atof
 .text.bsearch  0x001458c4       0x78 c:/devkitpro/devkitarm/bin/../lib/gcc/arm-none-eabi/4.9.2/../../../../arm-none-eabi/lib/armv6k/fpu\libg.a(lib_a-bsearch.o)
                0x001458c4                bsearch
 .text.__errno  0x0014593c        0xc c:/devkitpro/devkitarm/bin/../lib/gcc/arm-none-eabi/4.9.2/../../../../arm-none-eabi/lib/armv6k/fpu\libg.a(lib_a-errno.o)
                0x0014593c                __errno
 .text.exit     0x00145948       0x34 c:/devkitpro/devkitarm/bin/../lib/gcc/arm-none-eabi/4.9.2/../../../../arm-none-eabi/lib/armv6k/fpu\libg.a(lib_a-exit.o)
                0x00145948                exit
 .text._fclose_r
                0x0014597c      0x118 c:/devkitpro/devkitarm/bin/../lib/gcc/arm-none-eabi/4.9.2/../../../../arm-none-eabi/lib/armv6k/fpu\libg.a(lib_a-fclose.o)
                0x0014597c                _fclose_r
 .text.fclose   0x00145a94       0x18 c:/devkitpro/devkitarm/bin/../lib/gcc/arm-none-eabi/4.9.2/../../../../arm-none-eabi/lib/armv6k/fpu\libg.a(lib_a-fclose.o)
                0x00145a94                fclose
 .text.__sflush_r
                0x00145aac      0x238 c:/devkitpro/devkitarm/bin/../lib/gcc/arm-none-eabi/4.9.2/../../../../arm-none-eabi/lib/armv6k/fpu\libg.a(lib_a-fflush.o)
                0x00145aac                __sflush_r
 .text._fflush_r
                0x00145ce4       0x98 c:/devkitpro/devkitarm/bin/../lib/gcc/arm-none-eabi/4.9.2/../../../../arm-none-eabi/lib/armv6k/fpu\libg.a(lib_a-fflush.o)
                0x00145ce4                _fflush_r
 .text.fflush   0x00145d7c       0x38 c:/devkitpro/devkitarm/bin/../lib/gcc/arm-none-eabi/4.9.2/../../../../arm-none-eabi/lib/armv6k/fpu\libg.a(lib_a-fflush.o)
                0x00145d7c                fflush
 .text._cleanup_r
                0x00145db4        0xc c:/devkitpro/devkitarm/bin/../lib/gcc/arm-none-eabi/4.9.2/../../../../arm-none-eabi/lib/armv6k/fpu\libg.a(lib_a-findfp.o)
                0x00145db4                _cleanup_r
 .text.__fp_lock
                0x00145dc0       0x1c c:/devkitpro/devkitarm/bin/../lib/gcc/arm-none-eabi/4.9.2/../../../../arm-none-eabi/lib/armv6k/fpu\libg.a(lib_a-findfp.o)
 .text.__fp_unlock
                0x00145ddc       0x1c c:/devkitpro/devkitarm/bin/../lib/gcc/arm-none-eabi/4.9.2/../../../../arm-none-eabi/lib/armv6k/fpu\libg.a(lib_a-findfp.o)
 .text.__sinit.part.1