Archive member included to satisfy reference by file (symbol)

c:/devkitPro/libctru/lib\libsfil.a(sfil_png.o)
                              gfx.o (sfil_load_PNG_buffer)
c:/devkitPro/portlibs/armv6k/lib\libpng.a(png.o)
                              c:/devkitPro/libctru/lib\libsfil.a(sfil_png.o) (png_set_sig_bytes)
c:/devkitPro/portlibs/armv6k/lib\libpng.a(pngerror.o)
                              c:/devkitPro/portlibs/armv6k/lib\libpng.a(png.o) (png_safecat)
c:/devkitPro/portlibs/armv6k/lib\libpng.a(pngget.o)
                              c:/devkitPro/libctru/lib\libsfil.a(sfil_png.o) (png_get_valid)
c:/devkitPro/portlibs/armv6k/lib\libpng.a(pngmem.o)
                              c:/devkitPro/portlibs/armv6k/lib\libpng.a(png.o) (png_calloc)
c:/devkitPro/portlibs/armv6k/lib\libpng.a(pngread.o)
                              c:/devkitPro/libctru/lib\libsfil.a(sfil_png.o) (png_create_read_struct)
c:/devkitPro/portlibs/armv6k/lib\libpng.a(pngrio.o)
                              c:/devkitPro/libctru/lib\libsfil.a(sfil_png.o) (png_set_read_fn)
c:/devkitPro/portlibs/armv6k/lib\libpng.a(pngrtran.o)
                              c:/devkitPro/portlibs/armv6k/lib\libpng.a(pngread.o) (png_set_background_fixed)
c:/devkitPro/portlibs/armv6k/lib\libpng.a(pngrutil.o)
                              c:/devkitPro/portlibs/armv6k/lib\libpng.a(pngread.o) (png_read_sig)
c:/devkitPro/portlibs/armv6k/lib\libpng.a(pngset.o)
                              c:/devkitPro/portlibs/armv6k/lib\libpng.a(pngrutil.o) (png_set_bKGD)
c:/devkitPro/portlibs/armv6k/lib\libpng.a(pngtrans.o)
                              c:/devkitPro/portlibs/armv6k/lib\libpng.a(pngread.o) (png_set_bgr)
c:/devkitPro/portlibs/armv6k/lib\libpng.a(pngwrite.o)
                              c:/devkitPro/portlibs/armv6k/lib\libpng.a(png.o) (png_destroy_write_struct)
c:/devkitPro/portlibs/armv6k/lib\libpng.a(pngwtran.o)
                              c:/devkitPro/portlibs/armv6k/lib\libpng.a(pngwrite.o) (png_do_write_transformations)
c:/devkitPro/portlibs/armv6k/lib\libpng.a(pngwutil.o)
                              c:/devkitPro/portlibs/armv6k/lib\libpng.a(pngwrite.o) (png_write_sig)
c:/devkitPro/portlibs/armv6k/lib\libpng.a(pngwio.o)
                              c:/devkitPro/portlibs/armv6k/lib\libpng.a(pngwutil.o) (png_write_data)
c:/devkitPro/portlibs/armv6k/lib\libz.a(adler32.o)
                              c:/devkitPro/portlibs/armv6k/lib\libpng.a(png.o) (adler32)
c:/devkitPro/portlibs/armv6k/lib\libz.a(crc32.o)
                              c:/devkitPro/portlibs/armv6k/lib\libpng.a(png.o) (crc32)
c:/devkitPro/portlibs/armv6k/lib\libz.a(deflate.o)
                              c:/devkitPro/portlibs/armv6k/lib\libpng.a(pngwutil.o) (deflateReset)
c:/devkitPro/portlibs/armv6k/lib\libz.a(inflate.o)
                              c:/devkitPro/portlibs/armv6k/lib\libpng.a(png.o) (inflateReset)
c:/devkitPro/portlibs/armv6k/lib\libz.a(inftrees.o)
                              c:/devkitPro/portlibs/armv6k/lib\libz.a(inflate.o) (inflate_table)
c:/devkitPro/portlibs/armv6k/lib\libz.a(trees.o)
                              c:/devkitPro/portlibs/armv6k/lib\libz.a(deflate.o) (_tr_init)
c:/devkitPro/portlibs/armv6k/lib\libz.a(zutil.o)
                              c:/devkitPro/portlibs/armv6k/lib\libz.a(deflate.o) (zcalloc)
c:/devkitPro/portlibs/armv6k/lib\libz.a(inffast.o)
                              c:/devkitPro/portlibs/armv6k/lib\libz.a(inflate.o) (inflate_fast)
c:/devkitPro/libctru/lib\libsf2d.a(sf2d.o)
                              gfx.o (sf2d_init)
c:/devkitPro/libctru/lib\libsf2d.a(sf2d_draw.o)
                              gfx.o (sf2d_draw_rectangle)
c:/devkitPro/libctru/lib\libsf2d.a(sf2d_private.o)
                              c:/devkitPro/libctru/lib\libsf2d.a(sf2d.o) (GPU_SetDummyTexEnv)
c:/devkitPro/libctru/lib\libsf2d.a(sf2d_texture.o)
                              c:/devkitPro/libctru/lib\libsfil.a(sfil_png.o) (sf2d_create_texture)
c:/devkitPro/libctru/lib\libsf2d.a(shader.vsh.o)
                              c:/devkitPro/libctru/lib\libsf2d.a(sf2d.o) (shader_vsh_shbin_size)
c:/devkitPro/libctru/lib\libctru.a(linear.o)
                              c:/devkitPro/libctru/lib\libsf2d.a(sf2d_texture.o) (linearMemAlign)
c:/devkitPro/libctru/lib\libctru.a(mem_pool.o)
                              c:/devkitPro/libctru/lib\libctru.a(linear.o) (MemPool::Allocate(MemChunk&, unsigned long, int))
c:/devkitPro/libctru/lib\libctru.a(vram.o)
                              c:/devkitPro/libctru/lib\libsf2d.a(sf2d.o) (vramMemAlign)
c:/devkitPro/libctru/lib\libctru.a(gfx.o)
                              c:/devkitPro/libctru/lib\libsf2d.a(sf2d.o) (gfxSet3D)
c:/devkitPro/libctru/lib\libctru.a(os.o)
                              c:/devkitPro/libctru/lib\libsf2d.a(sf2d.o) (osConvertVirtToPhys)
c:/devkitPro/libctru/lib\libctru.a(gpu.o)
                              c:/devkitPro/libctru/lib\libsf2d.a(sf2d.o) (GPU_Init)
c:/devkitPro/libctru/lib\libctru.a(gpuResetSequence.o)
[...]
Memory Configuration

Name             Origin             Length             Attributes
*default*        0x00000000         0xffffffff

Linker script and memory map

                0x00100000                . = 0x100000
                0x00100000                __start__ = .

.text           0x00100000    0x5c164
 *(.crt0)
 .crt0          0x00100000       0x94 c:/devkitpro/devkitarm/bin/../lib/gcc/arm-none-eabi/4.9.2/../../../../arm-none-eabi/lib/armv6k/fpu/3dsx_crt0.o
                0x00100000                _start
                0x00100008                __service_ptr
                0x0010000c                __apt_appid
                0x00100010                __heap_size
                0x00100014                __linear_heap_size
                0x00100018                __system_arglist
                0x0010001c                __system_runflags
 *(.init)
 .init          0x00100094        0xc c:/devkitpro/devkitarm/bin/../lib/gcc/arm-none-eabi/4.9.2/armv6k/fpu/crti.o
                0x00100094                _init
 .init          0x001000a0        0xc c:/devkitpro/devkitarm/bin/../lib/gcc/arm-none-eabi/4.9.2/armv6k/fpu/crtn.o
                0x001000ac                . = ALIGN (0x4)
 *(.text)
 .text          0x001000ac        0x0 c:/devkitpro/devkitarm/bin/../lib/gcc/arm-none-eabi/4.9.2/../../../../arm-none-eabi/lib/armv6k/fpu/3dsx_crt0.o
 .text          0x001000ac        0x0 c:/devkitpro/devkitarm/bin/../lib/gcc/arm-none-eabi/4.9.2/armv6k/fpu/crti.o
 .text          0x001000ac      0x108 c:/devkitpro/devkitarm/bin/../lib/gcc/arm-none-eabi/4.9.2/armv6k/fpu/crtbegin.o
 .text          0x001001b4        0x0 0.bin.o
 .text          0x001001b4        0x0 1.bin.o
 .text          0x001001b4        0x0 2.bin.o
 .text          0x001001b4        0x0 3.bin.o
 .text          0x001001b4        0x0 4.bin.o
 .text          0x001001b4        0x0 5.bin.o
 .text          0x001001b4        0x0 6.bin.o
 .text          0x001001b4        0x0 7.bin.o
 .text          0x001001b4        0x0 8.bin.o
 .text          0x001001b4        0x0 9.bin.o
 .text          0x001001b4        0x0 bg.bin.o
 .text          0x001001b4        0x0 immut_numbers.bin.o
 .text          0x001001b4        0x0 mut_numbers.bin.o
 .text          0x001001b4        0x0 selector.bin.o
 .text          0x001001b4       0xb0 gfx.o
                0x001001b4                SudokuGFX_init
                0x00100220                sudoku_gfx_free
                0x00100224                draw
 .text          0x00100264      0x1b8 main.o
                0x00100264                check_input
                0x001003a4                update_state
                0x001003a8                initialize_game
 .text          0x0010041c      0x164 mylib.o
                0x0010041c                emalloc
                0x00100450                erealloc
                0x00100484                rand_lim
                0x001004b4                mod
                0x001004d0                itoa
 .text          0x00100580      0x7f0 sudoku.o
                0x00100580                sudoku_new
                0x001005cc                sudoku_free
                0x001005e8                sudoku_print
                0x00100660                sudoku_default
                0x00100754                sudoku_delete_space
                0x001007d0                sudoku_flip_vert
                0x0010084c                sudoku_flip_hori
                0x001008c4                sudoku_flip_dia1
                0x00100940                sudoku_flip_dia2
                0x001009a8                sudoku_transform
                0x00100a3c                check_horizontals
                0x00100b0c                check_verticals
                0x00100be0                check_boxes
                0x00100d30                check_all
 .text          0x00100d70      0x3e8 c:/devkitPro/libctru/lib\libsfil.a(sfil_png.o)
                0x00101070                sfil_load_PNG_file
                0x0010110c                sfil_load_PNG_buffer
 .text          0x00101158     0x6ce0 c:/devkitPro/portlibs/armv6k/lib\libpng.a(png.o)
                0x00101158                png_zalloc
                0x001011b0                png_zfree
                0x00101ab0                png_set_sig_bytes
                0x00101ae4                png_sig_cmp
                0x00101b54                png_reset_crc
                0x00101b74                png_calculate_crc
                0x00101bc8                png_user_version_check
                0x00101cc8                png_create_png_struct
                0x00101ddc                png_create_info_struct
                0x00101e1c                png_destroy_info_struct
                0x001021a4                png_info_init_3
                0x00102200                png_data_freer
                0x0010224c                png_free_data
                0x0010225c                png_get_io_ptr
                0x00102268                png_init_io
                0x00102274                png_save_int_32
                0x00102294                png_convert_to_rfc1123_buffer
                0x00102478                png_convert_to_rfc1123
                0x0010266c                png_get_copyright
                0x00102678                png_get_libpng_ver
                0x00102684                png_get_header_ver
                0x00102690                png_get_header_version
                0x0010269c                png_build_grayscale_palette
                0x001026fc                png_handle_as_unknown
                0x00102770                png_chunk_unknown_handling
                0x00102800                png_reset_zstream
                0x00102818                png_access_version_number
                0x00102824                png_zstream_error
                0x00102908                png_colorspace_set_gamma
                0x00102a78                png_colorspace_sync_info
                0x00102ae8                png_colorspace_sync
                0x00102b70                png_colorspace_set_sRGB
                0x00102df4                png_icc_check_length
                0x00102f8c                png_icc_check_header
                0x001032e8                png_icc_check_tag_table
                0x00103420                png_icc_set_sRGB
                0x00103674                png_colorspace_set_ICC
                0x00103a4c                png_colorspace_set_rgb_coefficients
                0x00103cf4                png_check_IHDR
                0x00103fac                png_check_fp_number
                0x00104244                png_check_fp_string
                0x00104504                png_ascii_from_fp
                0x00104e30                png_ascii_from_fixed
                0x00105260                png_fixed
                0x001052e8                png_muldiv
                0x001053a0                png_muldiv_warn
                0x0010545c                png_reciprocal
                0x001054e8                png_colorspace_set_endpoints
                0x001064e8                png_colorspace_set_chromaticities
                0x00106fbc                png_gamma_significant
                0x00106fdc                png_reciprocal2
                0x00107098                png_gamma_8bit_correct
                0x00107120                png_gamma_16bit_correct
                0x001071b4                png_gamma_correct
                0x001072c4                png_destroy_gamma_table
                0x001073f8                png_build_gamma_table
                0x00107d34                png_set_option
                0x00107d94                png_image_free
                0x00107dd0                png_image_error
 .text          0x00107e38     0x1a6c c:/devkitPro/portlibs/armv6k/lib\libpng.a(pngerror.o)
                0x001080a4                png_safecat
                0x00108118                png_format_number
                0x00108284                png_warning
                0x001083cc                png_warning_parameter
                0x00108448                png_warning_parameter_unsigned
                0x001084dc                png_warning_parameter_signed
                0x001085a8                png_formatted_warning
                0x00108880                png_chunk_warning
                0x00108a2c                png_free_jmpbuf
                0x00108abc                png_longjmp
                0x00108ae8                png_error
                0x00108b48                png_app_warning
                0x00108ca0                png_app_error
                0x00108df8                png_chunk_error
                0x00108e24                png_chunk_benign_error
                0x00108fc8                png_benign_error
                0x00109298                png_fixed_error
                0x00109318                png_set_longjmp_fn
                0x001093fc                png_chunk_report
                0x001096d4                png_set_error_fn
                0x001096e8                png_get_error_ptr
                0x001096f4                png_safe_error
                0x00109798                png_safe_warning
                0x0010980c                png_safe_execute
 *fill*         0x001098a4        0x4 
 .text          0x001098a8     0x12d0 c:/devkitPro/portlibs/armv6k/lib\libpng.a(pngget.o)
                0x001098a8                png_get_valid
                0x001098c4                png_get_rowbytes
                0x001098dc                png_get_rows
                0x001098f4                png_get_image_width
                0x0010990c                png_get_image_height
                0x00109924                png_get_bit_depth
                0x0010993c                png_get_color_type
                0x00109954                png_get_filter_type
                0x0010996c                png_get_interlace_type
                0x00109984                png_get_compression_type
                0x0010999c                png_get_x_pixels_per_meter
                0x001099d0                png_get_y_pixels_per_meter
                0x00109a04                png_get_pixels_per_meter
                0x00109a50                png_get_pixel_aspect_ratio
                0x00109a98                png_get_pixel_aspect_ratio_fixed
                0x00109b28                png_get_x_offset_microns
                0x00109b5c                png_get_y_offset_microns
                0x00109b90                png_get_x_offset_pixels
                0x00109bc4                png_get_y_offset_pixels
                0x00109bf8                png_get_pixels_per_inch
                0x00109c84                png_get_x_pixels_per_inch
                0x00109d00                png_get_y_pixels_per_inch
                0x00109d7c                png_get_x_offset_inches_fixed
                0x00109dcc                png_get_y_offset_inches_fixed
                0x00109e1c                png_get_x_offset_inches
                0x00109e6c                png_get_y_offset_inches
                0x00109ebc                png_get_pHYs_dpi
                0x00109f88                png_get_channels
                0x00109fa0                png_get_signature
                0x00109fb8                png_get_bKGD
                0x00109ff4                png_get_cHRM
                0x0010a108                png_get_cHRM_XYZ
                0x0010a238                png_get_cHRM_XYZ_fixed
                0x0010a310                png_get_cHRM_fixed
                0x0010a3d4                png_get_gAMA_fixed
                0x0010a40c                png_get_gAMA
                0x0010a460                png_get_sRGB
                0x0010a49c                png_get_iCCP
                0x0010a540                png_get_sPLT
                0x0010a570                png_get_hIST
                0x0010a5ac                png_get_IHDR
                0x0010a668                png_get_oFFs
                0x0010a6d4                png_get_pCAL
                0x0010a7a4                png_get_sCAL_fixed
                0x0010a82c                png_get_sCAL
                0x0010a884                png_get_sCAL_s
                0x0010a8c8                png_get_pHYs
                0x0010a928                png_get_PLTE
                0x0010a96c                png_get_sBIT
                0x0010a9a8                png_get_text
                0x0010a9f0                png_get_tIME
                0x0010aa2c                png_get_tRNS
                0x0010aabc                png_get_unknown_chunks
                0x0010aaec                png_get_rgb_to_gray_status
                0x0010aaf8                png_get_user_chunk_ptr
                0x0010ab04                png_get_compression_buffer_size
                0x0010ab20                png_get_user_width_max
                0x0010ab2c                png_get_user_height_max
                0x0010ab38                png_get_chunk_cache_max
                0x0010ab44                png_get_chunk_malloc_max
                0x0010ab50                png_get_io_state
                0x0010ab58                png_get_io_chunk_type
                0x0010ab60                png_get_palette_max
 .text          0x0010ab78      0x3ec c:/devkitPro/portlibs/armv6k/lib\libpng.a(pngmem.o)
                0x0010ab78                png_destroy_png_struct
                0x0010abe0                png_calloc
                0x0010ac58                png_malloc_base
                0x0010ac88                png_malloc_array
                0x0010ad04                png_realloc_array
                0x0010ae0c                png_malloc
                0x0010ae68                png_malloc_default
                0x0010aea8                png_malloc_warn
                0x0010af0c                png_free
                0x0010af30                png_free_default
                0x0010af44                png_set_mem_fn
                0x0010af58                png_get_mem_ptr
 .text          0x0010af64     0x7704 c:/devkitPro/portlibs/armv6k/lib\libpng.a(pngread.o)
                0x00110bbc                png_create_read_struct
                0x00110c14                png_create_read_struct_2
                0x00110c70                png_read_info
                0x00110c80                png_read_update_info
                0x00110cc4                png_start_read_image
                0x00110ce8                png_read_row
                0x00111040                png_read_rows
                0x00111434                png_read_image
                0x001117d0                png_read_end
                0x00111c60                png_destroy_read_struct
                0x00111ee4                png_set_read_status_fn
                0x00111ef0                png_read_png
                0x001121a8                png_image_begin_read_from_stdio
                0x00112358                png_image_begin_read_from_file
                0x00112420                png_image_begin_read_from_memory
                0x001124bc                png_image_finish_read
 .text          0x00112668       0xac c:/devkitPro/portlibs/armv6k/lib\libpng.a(pngrio.o)
                0x00112668                png_default_read_data
                0x001126a4                png_read_data
                0x001126c4                png_set_read_fn
 *fill*         0x00112714        0x4 
 .text          0x00112718     0x6020 c:/devkitPro/portlibs/armv6k/lib\libpng.a(pngrtran.o)
                0x00113a64                png_set_crc_action
                0x00113b40                png_set_background_fixed
                0x00113bf8                png_set_background
                0x00113cd0                png_set_scale_16
                0x00113d08                png_set_strip_16
                0x00113d40                png_set_strip_alpha
                0x00113d78                png_set_alpha_mode_fixed
                0x00113f74                png_set_alpha_mode
                0x00114224                png_set_quantize
                0x00114acc                png_set_gamma_fixed
                0x00114bd4                png_set_gamma
                0x00114e08                png_set_expand
                0x00114e44                png_set_palette_to_rgb
                0x00114e80                png_set_expand_gray_1_2_4_to_8
                0x00114eb8                png_set_tRNS_to_alpha
                0x00114ef4                png_set_expand_16
                0x00114f30                png_set_gray_to_rgb
                0x00114f68                png_set_rgb_to_gray_fixed
                0x001150c0                png_set_rgb_to_gray
                0x00115264                png_set_read_user_transform_fn
                0x00115278                png_init_read_transformations
                0x00115f60                png_read_transform_info
                0x00116250                png_do_read_transformations
 .text          0x00118738     0x524c c:/devkitPro/portlibs/armv6k/lib\libpng.a(pngrutil.o)
                0x00119370                png_get_uint_31
                0x001193ac                png_get_uint_32
                0x001193d0                png_get_int_32
                0x001193f4                png_get_uint_16
                0x00119408                png_read_sig
                0x001194b4                png_read_chunk_header
                0x00119624                png_crc_read
                0x00119654                png_crc_finish
                0x001197d4                png_crc_error
                0x00119874                png_handle_IHDR
                0x001199ec                png_handle_PLTE
                0x00119c0c                png_handle_IEND
                0x00119c60                png_handle_gAMA
                0x00119d44                png_handle_sBIT
                0x00119f58                png_handle_cHRM
                0x0011a218                png_handle_sRGB
                0x0011a320                png_handle_iCCP
                0x0011a904                png_handle_sPLT
                0x0011ac24                png_handle_tRNS
                0x0011ae60                png_handle_bKGD
                0x0011b090                png_handle_hIST
                0x0011b1c8                png_handle_pHYs
                0x0011b304                png_handle_oFFs
                0x0011b454                png_handle_pCAL
                0x0011b7c4                png_handle_sCAL
                0x0011ba4c                png_handle_tIME
                0x0011bb60                png_handle_tEXt
                0x0011bd20                png_handle_zTXt
                0x0011bf74                png_handle_iTXt
                0x0011c2dc                png_handle_unknown
                0x0011c634                png_check_chunk_name
                0x0011c6fc                png_combine_row
                0x0011cbec                png_do_read_interlace
                0x0011d078                png_read_filter_row
                0x0011d100                png_read_IDAT_data
                0x0011d47c                png_read_finish_IDAT
                0x0011d4f4                png_read_finish_row
                0x0011d644                png_read_start_row
 .text          0x0011d984     0x1e70 c:/devkitPro/portlibs/armv6k/lib\libpng.a(pngset.o)
                0x0011dce4                png_set_bKGD
                0x0011dd30                png_set_cHRM_fixed
                0x0011ddc0                png_set_cHRM_XYZ_fixed
                0x0011de58                png_set_cHRM
                0x0011dfac                png_set_cHRM_XYZ
                0x0011e108                png_set_gAMA_fixed
                0x0011e138                png_set_gAMA
                0x0011e17c                png_set_hIST
                0x0011e228                png_set_IHDR
                0x0011e304                png_set_oFFs
                0x0011e330                png_set_pCAL
                0x0011e5b0                png_set_sCAL_s
                0x0011e714                png_set_sCAL
                0x0011e8e0                png_set_sCAL_fixed
                0x0011ea90                png_set_pHYs
                0x0011eabc                png_set_PLTE
                0x0011ebc0                png_set_sBIT
                0x0011ec04                png_set_sRGB
                0x0011ec34                png_set_sRGB_gAMA_and_cHRM
                0x0011ec74                png_set_iCCP
                0x0011edc8                png_set_text
                0x0011ee0c                png_set_text_2
                0x0011ee44                png_set_tIME
                0x0011eee4                png_set_tRNS
                0x0011f024                png_set_sPLT
                0x0011f194                png_set_unknown_chunks
                0x0011f324                png_set_unknown_chunk_location
                0x0011f3d0                png_permit_mng_features
                0x0011f3e4                png_set_keep_unknown_chunks
                0x0011f698                png_set_read_user_chunk_fn
                0x0011f6a8                png_set_rows
                0x0011f704                png_set_compression_buffer_size
                0x0011f788                png_set_invalid
                0x0011f7a0                png_set_user_limits
                0x0011f7b0                png_set_chunk_cache_max
                0x0011f7bc                png_set_chunk_malloc_max
                0x0011f7c8                png_set_benign_errors
                0x0011f7e0                png_set_check_for_invalid_index
 .text          0x0011f7f4      0xa8c c:/devkitPro/portlibs/armv6k/lib\libpng.a(pngtrans.o)
                0x0011f7f4                png_set_bgr
                0x0011f808                png_set_swap
                0x0011f828                png_set_packing
                0x0011f850                png_set_packswap
                0x0011f870                png_set_shift
                0x0011f898                png_set_interlace_handling
                0x0011f8c8                png_set_filler
                0x0011f950                png_set_add_alpha
                0x0011f9f8                png_set_swap_alpha
                0x0011fa0c                png_set_invert_alpha
                0x0011fa20                png_set_invert_mono
                0x0011fa34                png_do_invert
                0x0011fc24                png_do_swap
                0x0011fc70                png_do_packswap
                0x0011fcdc                png_do_strip_channel
                0x0011ff08                png_do_bgr
                0x00120044                png_do_check_palette_indexes
                0x00120210                png_set_user_transform_info
                0x00120254                png_get_user_transform_ptr
                0x00120260                png_get_current_row_number
                0x00120270                png_get_current_pass_number
 .text          0x00120280     0x37ac c:/devkitPro/portlibs/armv6k/lib\libpng.a(pngwrite.o)
                0x00120894                png_write_info_before_PLTE
                0x00120ed4                png_write_info
                0x00120ee4                png_write_end
                0x00121130                png_convert_from_struct_tm
                0x00121170                png_convert_from_time_t
                0x001211d0                png_create_write_struct
                0x0012125c                png_create_write_struct_2
                0x001212ec                png_write_rows
                0x001216bc                png_write_image
                0x00121a9c                png_write_row
                0x00122544                png_set_flush
                0x00122554                png_write_flush
                0x00122598                png_destroy_write_struct
                0x00122648                png_set_filter
                0x00122fe4                png_set_filter_heuristics
                0x00122fe8                png_set_filter_heuristics_fixed
                0x00122fec                png_set_compression_level
                0x00122ff8                png_set_compression_mem_level
                0x00123004                png_set_compression_strategy
                0x0012301c                png_set_compression_window_bits
                0x00123070                png_set_compression_method
                0x001230a0                png_set_text_compression_level
                0x001230ac                png_set_text_compression_mem_level
                0x001230b8                png_set_text_compression_strategy
                0x001230c4                png_set_text_compression_window_bits
                0x00123118                png_set_text_compression_method
                0x00123148                png_set_write_status_fn
                0x00123154                png_set_write_user_transform_fn
                0x0012316c                png_write_png
                0x0012369c                png_image_write_to_stdio
                0x001238ec                png_image_write_to_file
 .text          0x00123a2c      0x778 c:/devkitPro/portlibs/armv6k/lib\libpng.a(pngwtran.o)
                0x00123a2c                png_do_write_transformations
 .text          0x001241a4     0x4094 c:/devkitPro/portlibs/armv6k/lib\libpng.a(pngwutil.o)
                0x00124b58                png_save_uint_32
                0x00124b78                png_save_uint_16
                0x00124b88                png_write_sig
                0x00124be4                png_write_chunk_start
                0x00124c90                png_write_chunk_data
                0x00124ccc                png_write_chunk_end
                0x00124d18                png_write_chunk
                0x00124e44                png_free_buffer_list
                0x00124e7c                png_write_IHDR
                0x00125214                png_write_PLTE
                0x001253ac                png_compress_IDAT
                0x001257e8                png_write_IEND
                0x001258b0                png_write_gAMA_fixed
                0x001259b0                png_write_sRGB
                0x00125ab8                png_write_iCCP
                0x00125d20                png_write_sPLT
                0x00125f70                png_write_sBIT
                0x00126078                png_write_cHRM_fixed
                0x001261cc                png_write_tRNS
                0x001263a4                png_write_bKGD
                0x001265a4                png_write_hIST
                0x001266e0                png_write_tEXt
                0x00126890                png_write_zTXt
                0x00126ad8                png_write_iTXt
                0x00126ea0                png_write_oFFs
                0x00126fc8                png_write_pCAL
                0x001272d8                png_write_sCAL_s
                0x0012737c                png_write_pHYs
                0x001274c8                png_write_tIME
                0x00127564                png_write_start_row
                0x001276b8                png_write_finish_row
                0x001277f8                png_do_write_interlace
                0x00127a68                png_write_find_filter
 .text          0x00128238       0xd8 c:/devkitPro/portlibs/armv6k/lib\libpng.a(pngwio.o)
                0x00128238                png_default_write_data
                0x00128274                png_default_flush
                0x00128284                png_write_data
                0x001282a4                png_flush
                0x001282b4                png_set_write_fn
 .text          0x00128310      0x5c0 c:/devkitPro/portlibs/armv6k/lib\libz.a(adler32.o)
                0x00128310                adler32
                0x00128758                adler32_combine
                0x00128814                adler32_combine64
 .text          0x001288d0      0x5d8 c:/devkitPro/portlibs/armv6k/lib\libz.a(crc32.o)
                0x00128ae4                get_crc_table
                0x00128af0                crc32
                0x00128ea0                crc32_combine
                0x00128ea4                crc32_combine64
 .text          0x00128ea8     0x40e0 c:/devkitPro/portlibs/armv6k/lib\libz.a(deflate.o)
                0x0012a524                deflateSetDictionary
                0x0012a73c                deflateResetKeep
                0x0012a814                deflateReset
                0x0012a97c                deflateSetHeader
                0x0012a9b0                deflatePending
                0x0012a9fc                deflatePrime
                0x0012aaa4                deflateTune
                0x0012aadc                deflateBound
                0x0012abf0                deflate
                0x0012c440                deflateParams
                0x0012c55c                deflateEnd
                0x0012c67c                deflateInit2_
                0x0012ca44                deflateInit_
                0x0012cd84                deflateCopy
 .text          0x0012cf88     0x2c58 c:/devkitPro/portlibs/armv6k/lib\libz.a(inflate.o)
                0x0012cf88                inflateResetKeep
                0x0012d018                inflateReset
                0x0012d0b4                inflateReset2
                0x0012d1d4                inflateInit2_
                0x0012d35c                inflateInit_
                0x0012d4c0                inflatePrime
                0x0012d538                inflate
                0x0012f3d4                inflateEnd
                0x0012f438                inflateGetDictionary
                0x0012f4d0                inflateSetDictionary
                0x0012f678                inflateGetHeader
                0x0012f6b4                inflateSync
                0x0012f96c                inflateSyncPoint
                0x0012f9ac                inflateCopy
                0x0012fb58                inflateUndermine
                0x0012fb88                inflateMark
 .text          0x0012fbe0      0xbf4 c:/devkitPro/portlibs/armv6k/lib\libz.a(inftrees.o)
                0x0012fbe0                inflate_table
 .text          0x001307d4     0x257c c:/devkitPro/portlibs/armv6k/lib\libz.a(trees.o)
                0x00131d04                _tr_init
                0x00131dd0                _tr_stored_block
                0x00131f64                _tr_flush_bits
                0x00132000                _tr_align
                0x00132184                _tr_flush_block
                0x00132c98                _tr_tally
 .text          0x00132d50       0x38 c:/devkitPro/portlibs/armv6k/lib\libz.a(zutil.o)
                0x00132d50                zlibVersion
                0x00132d5c                zlibCompileFlags
                0x00132d64                zError
                0x00132d78                zcalloc
                0x00132d80                zcfree
 .text          0x00132d88      0xbe4 c:/devkitPro/portlibs/armv6k/lib\libz.a(inffast.o)
                0x00132d88                inflate_fast
 .text          0x0013396c      0x75c c:/devkitPro/libctru/lib\libsf2d.a(sf2d.o)
                0x00133b84                sf2d_init
                0x00133bac                sf2d_init_advanced
                0x00133bcc                sf2d_fini
                0x00133c30                sf2d_set_3D
                0x00133c3c                sf2d_start_frame
                0x00133dcc                sf2d_end_frame
                0x00133ee4                sf2d_swapbuffers
                0x00133f94                sf2d_set_vblank_wait
                0x00133fa4                sf2d_get_fps
                0x00133fb4                sf2d_pool_malloc
                0x00133fe0                sf2d_pool_memalign
                0x00134020                sf2d_pool_space_free
                0x00134038                sf2d_pool_reset
                0x0013404c                sf2d_set_clear_color
                0x0013405c                sf2d_set_scissor_test
                0x001340a8                sf2d_get_current_screen
                0x001340b8                sf2d_get_current_side
 .text          0x001340c8      0x7cc c:/devkitPro/libctru/lib\libsf2d.a(sf2d_draw.o)
                0x001340c8                sf2d_draw_line
                0x001342a0                sf2d_draw_rectangle
                0x00134458                sf2d_draw_rectangle_rotate
                0x001346ac                sf2d_draw_fill_circle
 .text          0x00134894      0x4f8 c:/devkitPro/libctru/lib\libsf2d.a(sf2d_private.o)
                0x00134894                GPU_SetDummyTexEnv
                0x001348c8                vector_mult_matrix4x4
                0x0013494c                matrix_gpu_set_uniform
                0x0013499c                matrix_copy
                0x001349d8                matrix_identity4x4
                0x00134a24                matrix_mult4x4
                0x00134a98                matrix_set_z_rotation
                0x00134b0c                matrix_rotate_z
                0x00134b6c                matrix_set_scaling
                0x00134bb8                matrix_swap_xy
                0x00134c58                matrix_init_orthographic
                0x00134d6c                next_pow2
 .text          0x00134d8c     0x2114 c:/devkitPro/libctru/lib\libsf2d.a(sf2d_texture.o)
                0x00134eb0                sf2d_create_texture
                0x0013509c                sf2d_free_texture
                0x001350ec                sf2d_fill_texture_from_RGBA8
                0x001351a4                sf2d_create_texture_mem_RGBA8
                0x001351e8                sf2d_bind_texture
                0x00135260                sf2d_bind_texture_color
                0x001352e0                sf2d_bind_texture_parameters
                0x00135358                sf2d_draw_texture
                0x00135498                sf2d_draw_texture_blend
                0x001355dc                sf2d_draw_texture_rotate_hotspot
                0x0013578c                sf2d_draw_texture_rotate_hotspot_blend
                0x00135940                sf2d_draw_texture_rotate
                0x00135b04                sf2d_draw_texture_rotate_blend
                0x00135ccc                sf2d_draw_texture_part
                0x00135e48                sf2d_draw_texture_part_blend
                0x00135fc8                sf2d_draw_texture_scale
                0x00136130                sf2d_draw_texture_scale_blend
                0x0013629c                sf2d_draw_texture_part_scale
                0x001363f0                sf2d_draw_texture_part_scale_blend
                0x00136548                sf2d_draw_texture_part_rotate_scale
                0x00136760                sf2d_draw_texture_part_rotate_scale_blend
                0x0013697c                sf2d_draw_texture_depth
                0x00136adc                sf2d_draw_texture_depth_blend
                0x00136c40                sf2d_draw_quad_uv
                0x00136d6c                sf2d_set_pixel
                0x00136e00                sf2d_get_pixel
                0x00136e90                sf2d_texture_tile32
 .text          0x00136ea0        0x0 c:/devkitPro/libctru/lib\libsf2d.a(shader.vsh.o)
 .text          0x00136ea0      0x1d4 c:/devkitPro/libctru/lib\libctru.a(linear.o)
                0x00136ec8                linearMemAlign
                0x00137008                linearAlloc
                0x00137010                linearRealloc
                0x00137018                linearFree
                0x00137068                linearSpaceFree
 .text          0x00137074      0x35c c:/devkitPro/libctru/lib\libctru.a(mem_pool.o)
                0x00137074                MemPool::CoalesceRight(MemBlock*)
                0x00137114                MemPool::Allocate(MemChunk&, unsigned long, int)
                0x0013729c                MemPool::Deallocate(MemChunk const&)
                0x001373a0                MemPool::GetFreeSpace()
 .text          0x001373d0      0x1c4 c:/devkitPro/libctru/lib\libctru.a(vram.o)
                0x001373f8                vramMemAlign
                0x00137528                vramAlloc
                0x00137530                vramRealloc
                0x00137538                vramFree
                0x00137588                vramSpaceFree
 .text          0x00137594      0x72c c:/devkitPro/libctru/lib\libctru.a(gfx.o)
                0x00137620                gfxSet3D
                0x00137630                gfxSetScreenFormat
                0x00137648                gfxGetScreenFormat
                0x00137660                gfxSetDoubleBuffering
                0x00137674                gfxSetFramebufferInfo
                0x001376e4                gfxWriteFramebufferInfo
                0x001377a8                gfxInit
                0x00137988                gfxInitDefault
                0x00137998                gfxExit
                0x00137a64                gfxGetFramebuffer
                0x00137b14                gfxFlushBuffers
                0x00137bf0                gfxSwapBuffers
                0x00137c64                gfxSwapBuffersGpu
 .text          0x00137cc0      0x288 c:/devkitPro/libctru/lib\libctru.a(os.o)
                0x00137d18                osConvertVirtToPhys
                0x00137d64                osConvertOldLINEARMemToNew
                0x00137d84                __libctru_gtod
                0x00137e7c                osGetTime
                0x00137ef0                osGetFirmVersion
                0x00137f04                osGetKernelVersion
                0x00137f18                osStrError
                0x00137f38                osGetWifiStrength
 .text          0x00137f48     0x1a58 c:/devkitPro/libctru/lib\libctru.a(gpu.o)
                0x00137fc8                GPU_Init
                0x00137ff4                GPUCMD_SetBuffer
                0x00138020                GPUCMD_SetBufferOffset
                0x00138030                GPUCMD_GetBuffer
                0x00138070                GPUCMD_AddRawCommands
                0x001380bc                GPUCMD_Run
                0x0013811c                GPUCMD_FlushAndRun
                0x00138190                GPUCMD_Add
                0x00138274                GPUCMD_Finalize
                0x0013830c                GPU_Reset
                0x00138aec                GPU_SetFloatUniform
                0x00138b64                GPU_SetViewport
                0x00138d58                GPU_SetScissorTest
                0x00138da4                GPU_DepthMap
                0x00138e20                GPU_SetAlphaTest
                0x00138e58                GPU_SetStencilTest
                0x00138ea0                GPU_SetStencilOp
                0x00138ed4                GPU_SetDepthTestAndWriteMask
                0x00138f0c                GPU_SetAlphaBlending
                0x00138f74                GPU_SetColorLogicOp
                0x00138fb8                GPU_SetBlendingColor
                0x00138ff4                GPU_SetTextureEnable
                0x00139040                GPU_SetTexture
                0x001391d8                GPU_SetTextureBorderColor
                0x0013926c                GPU_SetAttributeBuffers
                0x00139468                GPU_SetAttributeBuffersAddress
                0x00139494                GPU_SetFaceCulling
                0x001394c0                GPU_SetCombinerBufferWrite
                0x001394f4                GPU_SetTexEnv
                0x0013956c                GPU_DrawArray
                0x0013969c                GPU_DrawElements
                0x001397d0                GPU_FinishDrawing
                0x0013982c                GPU_SetShaderOutmap
                0x00139874                GPU_SendShaderCode
                0x0013992c                GPU_SendOperandDescriptors
 .text          0x001399a0        0x0 c:/devkitPro/libctru/lib\libctru.a(gpuResetSequence.o)
 .text          0x001399a0      0x7f4 c:/devkitPro/libctru/lib\libctru.a(shaderProgram.o)
                0x001399a0                shaderInstanceInit
                0x00139ba8                shaderInstanceFree
                0x00139be0                shaderInstanceSetBool
                0x00139c20                shaderInstanceGetBool
                0x00139c6c                shaderInstanceGetUniformLocation
                0x00139c8c                shaderProgramInit
                0x00139ca4                shaderProgramFree
                0x00139cd4                shaderProgramSetVsh
                0x00139d40                shaderProgramSetGsh
                0x00139db4                shaderProgramUse
 .text          0x0013a194      0x348 c:/devkitPro/libctru/lib\libctru.a(shbin.o)
                0x0013a194                DVLB_Free
                0x0013a1d0                DVLE_GetUniformRegister
                0x0013a24c                DVLE_GenerateOutmap
                0x0013a344                DVLB_ParseFile
 .text          0x0013a4dc     0x1d4c c:/devkitPro/libctru/lib\libctru.a(apt.o)
                0x0013a540                _aptDebug
                0x0013a544                aptInitCaptureInfo
                0x0013a5f4                aptWaitStatusEvent
                0x0013a61c                aptHook
                0x0013a654                aptUnhook
                0x0013a680                aptGetStatus
                0x0013a6b8                aptSetStatus
                0x0013a71c                aptGetStatusPower
                0x0013a754                aptSetStatusPower
                0x0013a78c                aptOpenSession
                0x0013a7b0                aptCloseSession
                0x0013a7d8                aptSignalReadyForSleep
                0x0013a7e8                APT_GetLockHandle
                0x0013a838                APT_Initialize
                0x0013a8a0                APT_Finalize
                0x0013a8dc                APT_HardwareResetAsync
                0x0013a910                APT_Enable
                0x0013a94c                APT_GetAppletManInfo
                0x0013a9cc                aptGetMenuAppID
                0x0013aa08                APT_GetAppletProgramInfo
                0x0013aa5c                APT_IsRegistered
                0x0013aaac                APT_InquireNotification
                0x0013aafc                APT_PrepareToJumpToHomeMenu
                0x0013ab30                APT_JumpToHomeMenu
                0x0013ab80                APT_PrepareToJumpToApplication
                0x0013abbc                APT_JumpToApplication
                0x0013ac0c                APT_NotifyToWait
                0x0013ac48                APT_AppletUtility
                0x0013acd0                aptAppletUtility_Exit_RetToApp
                0x0013adf0                aptAppletClosed
                0x0013af2c                aptInit
                0x0013b0e4                APT_GlanceParameter
                0x0013b158                APT_ReceiveParameter
                0x0013b1cc                APT_SendParameter
                0x0013b23c                APT_SendCaptureBufferInfo
                0x0013b288                aptReturnToMenu
                0x0013b45c                APT_ReplySleepQuery
                0x0013b49c                APT_ReplySleepNotificationComplete
                0x0013b4d8                aptEventHandler
                0x0013b7e4                APT_PrepareToCloseApplication
                0x0013b820                APT_CloseApplication
                0x0013b878                aptExit
                0x0013ba64                APT_SetAppCpuTimeLimit
                0x0013baa8                APT_GetAppCpuTimeLimit
                0x0013bafc                APT_CheckNew3DS_Application
                0x0013bb58                APT_CheckNew3DS_System
                0x0013bbb4                APT_CheckNew3DS
                0x0013bc28                APT_PrepareToDoAppJump
                0x0013bc74                APT_DoAppJump
                0x0013bcdc                APT_PrepareToStartLibraryApplet
                0x0013bd18                APT_StartLibraryApplet
                0x0013bd78                aptAppletStarted
                0x0013be7c                aptMainLoop
                0x0013bff4                APT_LaunchLibraryApplet
                0x0013c18c                APT_PrepareToStartSystemApplet
                0x0013c1c8                APT_StartSystemApplet
 .text          0x0013c228      0x8a0 c:/devkitPro/libctru/lib\libctru.a(gsp.o)
                0x0013c30c                gspInit
                0x0013c320                gspExit
                0x0013c338                gspInitEventHandler
                0x0013c404                gspExitEventHandler
                0x0013c45c                gspWaitForEvent
                0x0013c4b4                GSPGPU_WriteHWRegs
                0x0013c524                GSPGPU_WriteHWRegsWithMask
                0x0013c5b0                GSPGPU_ReadHWRegs
                0x0013c620                GSPGPU_SetBufferSwap
                0x0013c694                GSPGPU_FlushDataCache
                0x0013c6e8                GSPGPU_InvalidateDataCache
                0x0013c73c                GSPGPU_SetLcdForceBlack
                0x0013c778                GSPGPU_TriggerCmdReqQueue
                0x0013c7ac                GSPGPU_RegisterInterruptRelayQueue
                0x0013c818                GSPGPU_UnregisterInterruptRelayQueue
                0x0013c84c                GSPGPU_AcquireRight
                0x0013c89c                GSPGPU_ReleaseRight
                0x0013c8d0                GSPGPU_ImportDisplayCaptureInfo
                0x0013c954                GSPGPU_SaveVramSysArea
                0x0013c988                GSPGPU_RestoreVramSysArea
                0x0013c9bc                GSPGPU_SubmitGxCommand
 .text          0x0013cac8      0x264 c:/devkitPro/libctru/lib\libctru.a(gx.o)
                0x0013cac8                GX_RequestDma
                0x0013cb1c                GX_SetCommandList_Last
                0x0013cb84                GX_SetMemoryFill
                0x0013cbf8                GX_SetDisplayTransfer
                0x0013cc5c                GX_SetTextureCopy
                0x0013ccc4                GX_SetCommandList_First
 .text          0x0013cd2c      0x708 c:/devkitPro/libctru/lib\libctru.a(hid.o)
                0x0013cd2c                hidExit
                0x0013cdd0                hidWaitForEvent
                0x0013ce28                hidCheckSectionUpdateTime
                0x0013ce64                hidScanInput
                0x0013d0ac                hidKeysHeld
                0x0013d0bc                hidKeysDown
                0x0013d0cc                hidKeysUp
                0x0013d0dc                hidTouchRead
                0x0013d0f4                hidCircleRead
                0x0013d10c                hidAccelRead
                0x0013d12c                hidGyroRead
                0x0013d14c                HIDUSER_GetHandles
                0x0013d1dc                hidInit
                0x0013d310                HIDUSER_EnableAccelerometer
                0x0013d33c                HIDUSER_DisableAccelerometer
                0x0013d368                HIDUSER_EnableGyroscope
                0x0013d394                HIDUSER_DisableGyroscope
                0x0013d3c0                HIDUSER_GetGyroscopeRawToDpsCoefficient
                0x0013d3fc                HIDUSER_GetSoundVolume
 .text          0x0013d434      0x388 c:/devkitPro/libctru/lib\libctru.a(irrst.o)
                0x0013d434                irrstWaitForEvent
                0x0013d480                irrstCheckSectionUpdateTime
                0x0013d4bc                irrstScanInput
                0x0013d570                irrstKeysHeld
                0x0013d588                irrstCstickRead
                0x0013d5a0                IRRST_GetHandles
                0x0013d5f0                IRRST_Initialize
                0x0013d628                irrstInit
                0x0013d70c                IRRST_Shutdown
                0x0013d738                irrstExit
 .text          0x0013d7bc       0x70 c:/devkitPro/libctru/lib\libctru.a(rbtree_find.o)
                0x0013d7bc                rbtree_find
 .text          0x0013d82c       0x14 c:/devkitPro/libctru/lib\libctru.a(rbtree_init.o)
                0x0013d82c                rbtree_init
 .text          0x0013d840      0x1f4 c:/devkitPro/libctru/lib\libctru.a(rbtree_insert.o)
                0x0013da24                rbtree_insert
                0x0013da2c                rbtree_insert_multi
 .text          0x0013da34      0x340 c:/devkitPro/libctru/lib\libctru.a(rbtree_remove.o)
                0x0013da34                rbtree_remove
 .text          0x0013dd74       0xac c:/devkitPro/libctru/lib\libctru.a(rbtree_rotate.o)
                0x0013dd74                rbtree_rotate
 .text          0x0013de20       0xa4 c:/devkitPro/libctru/lib\libctru.a(allocateHeaps.o)
                0x0013de20                __system_allocateHeaps
 .text          0x0013dec4       0xf4 c:/devkitPro/libctru/lib\libctru.a(initArgv.o)
                0x0013dec4                __system_initArgv
 .text          0x0013dfb8       0x4c c:/devkitPro/libctru/lib\libctru.a(initSystem.o)
                0x0013dfb8                __libctru_init
 *fill*         0x0013e004        0xc 
 .text          0x0013e010      0x460 c:/devkitPro/libctru/lib\libctru.a(svc.o)
                0x0013e010                svcControlMemory
                0x0013e030                svcQueryMemory
                0x0013e060                svcExitProcess
                0x0013e068                svcCreateThread
                0x0013e088                svcExitThread
                0x0013e090                svcSleepThread
                0x0013e098                svcGetThreadPriority
                0x0013e0ac                svcSetThreadPriority
                0x0013e0b4                svcGetThreadAffinityMask
                0x0013e0bc                svcSetThreadAffinityMask
                0x0013e0c4                svcGetThreadIdealProcessor
                0x0013e0d8                svcSetThreadIdealProcessor
                0x0013e0e0                svcGetProcessorID
                0x0013e0e8                svcCreateMutex
                0x0013e0fc                svcReleaseMutex
                0x0013e104                svcCreateSemaphore
                0x0013e118                svcReleaseSemaphore
                0x0013e12c                svcCreateEvent
                0x0013e140                svcSignalEvent
                0x0013e148                svcClearEvent
                0x0013e150                svcCreateTimer
                0x0013e164                svcSetTimer
                0x0013e16c                svcCancelTimer
                0x0013e174                svcClearTimer
                0x0013e17c                svcCreateMemoryBlock
                0x0013e194                svcMapMemoryBlock
                0x0013e19c                svcUnmapMemoryBlock
                0x0013e1a4                svcCreateAddressArbiter
                0x0013e1b8                svcArbitrateAddress
                0x0013e1d8                svcCloseHandle
                0x0013e1e0                svcWaitSynchronization
                0x0013e1e8                svcWaitSynchronizationN
                0x0013e210                svcDuplicateHandle
                0x0013e224                svcGetSystemTick
                0x0013e22c                svcGetSystemInfo
                0x0013e244                svcGetProcessInfo
                0x0013e25c                svcGetThreadInfo
                0x0013e274                svcConnectToPort
                0x0013e288                svcSendSyncRequest
                0x0013e290                svcOpenProcess
                0x0013e2a4                svcOpenThread
                0x0013e2b8                svcGetProcessId
                0x0013e2cc                svcGetProcessIdOfThread
                0x0013e2e0                svcGetThreadId
                0x0013e2f4                svcBreak
                0x0013e2fc                svcOutputDebugString
                0x0013e304                svcCreatePort
                0x0013e324                svcAcceptSession
                0x0013e33c                svcReplyAndReceive
                0x0013e354                svcInvalidateProcessDataCache
                0x0013e35c                svcFlushProcessDataCache
                0x0013e364                svcStartInterProcessDma
                0x0013e384                svcStopDma
                0x0013e38c                svcGetDmaState
                0x0013e3a0                svcDebugActiveProcess
                0x0013e3b4                svcBreakDebugProcess
                0x0013e3bc                svcTerminateDebugProcess
                0x0013e3c4                svcGetProcessDebugEvent
                0x0013e3cc                svcContinueDebugEvent
                0x0013e3d4                svcGetProcessList
                0x0013e3f4                svcReadProcessMemory
                0x0013e3fc                svcWriteProcessMemory
                0x0013e404                svcControlProcessMemory
                0x0013e41c                svcMapProcessMemory
                0x0013e424                svcUnmapProcessMemory
                0x0013e42c                svcTerminateProcess
                0x0013e434                svcBackdoor
                0x0013e43c                svcKernelSetState
                0x0013e444                svcQueryProcessMemory
 .text          0x0013e470       0x64 c:/devkitPro/libctru/lib\libctru.a(stack_adjust.o)
                0x0013e470                initSystem
                0x0013e4b4                __ctru_exit
 .text          0x0013e4d4      0x3b8 c:/devkitPro/libctru/lib\libctru.a(srv.o)
                0x0013e4d4                __get_handle_from_list
                0x0013e56c                __destroy_handle_list
                0x0013e5c0                srvExit
                0x0013e5e8                srvGetSessionHandle
                0x0013e5f4                srvRegisterClient
                0x0013e62c                srvInit
                0x0013e694                srvGetServiceHandle
                0x0013e714                srvRegisterService
                0x0013e770                srvUnregisterService
                0x0013e7bc                srvPmInit
                0x0013e810                srvRegisterProcess
                0x0013e858                srvUnregisterProcess
 .text          0x0013e88c      0x118 c:/devkitPro/libctru/lib\libctru.a(rbtree_iterator.o)
                0x0013e88c                rbtree_node_next
                0x0013e918                rbtree_node_prev
 .text          0x0013e9a4       0x1c c:/devkitPro/libctru/lib\libctru.a(appExit.o)
                0x0013e9a4                __appExit
 .text          0x0013e9c0       0x20 c:/devkitPro/libctru/lib\libctru.a(appInit.o)
                0x0013e9c0                __appInit
 .text          0x0013e9e0       0x90 c:/devkitPro/libctru/lib\libctru.a(ctru_exit.o)
                0x0013e9e0                __libctru_exit
 .text          0x0013ea70      0xffc c:/devkitPro/libctru/lib\libctru.a(sdmc_dev.o)
                0x0013f8ec                sdmcInit
                0x0013fa1c                sdmcExit
 .text          0x0013fa6c      0xc88 c:/devkitPro/libctru/lib\libctru.a(fs.o)
                0x0013fa6c                FS_makePath
                0x0013fa98                fsExit
                0x0013fabc                fsGetSessionHandle
                0x0013fac8                FSUSER_Initialize
                0x0013fb3c                fsInit
                0x0013fba8                FSUSER_OpenFile
                0x0013fc54                FSUSER_OpenFileDirectly
                0x0013fd20                FSUSER_DeleteFile
                0x0013fda8                FSUSER_RenameFile
                0x0013fe6c                FSUSER_DeleteDirectory
                0x0013fef4                FSUSER_DeleteDirectoryRecursively
                0x0013ff7c                FSUSER_CreateFile
                0x00140014                FSUSER_CreateDirectory
                0x001400a0                FSUSER_RenameDirectory
                0x00140164                FSUSER_OpenDirectory
                0x001401f8                FSUSER_OpenArchive
                0x00140280                FSUSER_CloseArchive
                0x001402d8                FSUSER_GetSdmcArchiveResource
                0x00140354                FSUSER_GetNandArchiveResource
                0x001403d0                FSUSER_IsSdmcDetected
                0x0014041c                FSUSER_IsSdmcWritable
                0x00140468                FSFILE_Close
                0x001404ac                FSFILE_Read
                0x00140508                FSFILE_Write
                0x0014056c                FSFILE_GetSize
                0x001405ac                FSFILE_SetSize
                0x001405d8                FSFILE_GetAttributes
                0x00140610                FSFILE_SetAttributes
                0x00140638                FSFILE_Flush
                0x0014065c                FSDIR_Read
                0x001406b0                FSDIR_Close
 .text          0x001406f4      0x138 c:/devkitPro/libctru/lib\libctru.a(decode_utf8.o)
                0x001406f4                decode_utf8
 .text          0x0014082c       0xe8 c:/devkitPro/libctru/lib\libctru.a(utf16_to_utf8.o)
                0x0014082c                utf16_to_utf8
 .text          0x00140914       0xb8 c:/devkitPro/libctru/lib\libctru.a(utf8_to_utf16.o)
                0x00140914                utf8_to_utf16
 .text          0x001409cc       0x60 c:/devkitPro/libctru/lib\libctru.a(decode_utf16.o)
                0x001409cc                decode_utf16
 .text          0x00140a2c       0x68 c:/devkitPro/libctru/lib\libctru.a(encode_utf16.o)
                0x00140a2c                encode_utf16
 .text          0x00140a94      0x104 c:/devkitPro/libctru/lib\libctru.a(encode_utf8.o)
                0x00140a94                encode_utf8
 .text          0x00140b98        0x0 c:/devkitpro/devkitarm/bin/../lib/gcc/arm-none-eabi/4.9.2/../../../../arm-none-eabi/lib/armv6k/fpu\libm.a(lib_a-sf_cos.o)
 .text          0x00140b98        0x0 c:/devkitpro/devkitarm/bin/../lib/gcc/arm-none-eabi/4.9.2/../../../../arm-none-eabi/lib/armv6k/fpu\libm.a(lib_a-s_floor.o)
 .text          0x00140b98        0x0 c:/devkitpro/devkitarm/bin/../lib/gcc/arm-none-eabi/4.9.2/../../../../arm-none-eabi/lib/armv6k/fpu\libm.a(lib_a-s_frexp.o)
 .text          0x00140b98        0x0 c:/devkitpro/devkitarm/bin/../lib/gcc/arm-none-eabi/4.9.2/../../../../arm-none-eabi/lib/armv6k/fpu\libm.a(lib_a-sf_sin.o)
 .text          0x00140b98        0x0 c:/devkitpro/devkitarm/bin/../lib/gcc/arm-none-eabi/4.9.2/../../../../arm-none-eabi/lib/armv6k/fpu\libm.a(lib_a-s_modf.o)
 .text          0x00140b98        0x0 c:/devkitpro/devkitarm/bin/../lib/gcc/arm-none-eabi/4.9.2/../../../../arm-none-eabi/lib/armv6k/fpu\libm.a(lib_a-w_pow.o)
 .text          0x00140b98        0x0 c:/devkitpro/devkitarm/bin/../lib/gcc/arm-none-eabi/4.9.2/../../../../arm-none-eabi/lib/armv6k/fpu\libm.a(lib_a-ef_rem_pio2.o)
 .text          0x00140b98        0x0 c:/devkitpro/devkitarm/bin/../lib/gcc/arm-none-eabi/4.9.2/../../../../arm-none-eabi/lib/armv6k/fpu\libm.a(lib_a-e_pow.o)
 .text          0x00140b98        0x0 c:/devkitpro/devkitarm/bin/../lib/gcc/arm-none-eabi/4.9.2/../../../../arm-none-eabi/lib/armv6k/fpu\libm.a(lib_a-e_sqrt.o)
 .text          0x00140b98        0x0 c:/devkitpro/devkitarm/bin/../lib/gcc/arm-none-eabi/4.9.2/../../../../arm-none-eabi/lib/armv6k/fpu\libm.a(lib_a-kf_cos.o)
 .text          0x00140b98        0x0 c:/devkitpro/devkitarm/bin/../lib/gcc/arm-none-eabi/4.9.2/../../../../arm-none-eabi/lib/armv6k/fpu\libm.a(lib_a-kf_rem_pio2.o)
 .text          0x00140b98        0x0 c:/devkitpro/devkitarm/bin/../lib/gcc/arm-none-eabi/4.9.2/../../../../arm-none-eabi/lib/armv6k/fpu\libm.a(lib_a-kf_sin.o)
 .text          0x00140b98        0x0 c:/devkitpro/devkitarm/bin/../lib/gcc/arm-none-eabi/4.9.2/../../../../arm-none-eabi/lib/armv6k/fpu\libm.a(lib_a-s_fabs.o)
 .text          0x00140b98        0x0 c:/devkitpro/devkitarm/bin/../lib/gcc/arm-none-eabi/4.9.2/../../../../arm-none-eabi/lib/armv6k/fpu\libm.a(lib_a-sf_fabs.o)
 .text          0x00140b98        0x0 c:/devkitpro/devkitarm/bin/../lib/gcc/arm-none-eabi/4.9.2/../../../../arm-none-eabi/lib/armv6k/fpu\libm.a(lib_a-sf_floor.o)
 .text          0x00140b98        0x0 c:/devkitpro/devkitarm/bin/../lib/gcc/arm-none-eabi/4.9.2/../../../../arm-none-eabi/lib/armv6k/fpu\libm.a(lib_a-s_finite.o)
 .text          0x00140b98        0x0 c:/devkitpro/devkitarm/bin/../lib/gcc/arm-none-eabi/4.9.2/../../../../arm-none-eabi/lib/armv6k/fpu\libm.a(lib_a-s_fpclassify.o)
 .text          0x00140b98        0x0 c:/devkitpro/devkitarm/bin/../lib/gcc/arm-none-eabi/4.9.2/../../../../arm-none-eabi/lib/armv6k/fpu\libm.a(lib_a-sf_scalbn.o)
 .text          0x00140b98        0x0 c:/devkitpro/devkitarm/bin/../lib/gcc/arm-none-eabi/4.9.2/../../../../arm-none-eabi/lib/armv6k/fpu\libm.a(lib_a-s_lib_ver.o)
 .text          0x00140b98        0x0 c:/devkitpro/devkitarm/bin/../lib/gcc/arm-none-eabi/4.9.2/../../../../arm-none-eabi/lib/armv6k/fpu\libm.a(lib_a-s_matherr.o)
 .text          0x00140b98        0x0 c:/devkitpro/devkitarm/bin/../lib/gcc/arm-none-eabi/4.9.2/../../../../arm-none-eabi/lib/armv6k/fpu\libm.a(lib_a-s_nan.o)
 .text          0x00140b98        0x0 c:/devkitpro/devkitarm/bin/../lib/gcc/arm-none-eabi/4.9.2/../../../../arm-none-eabi/lib/armv6k/fpu\libm.a(lib_a-s_rint.o)
 .text          0x00140b98        0x0 c:/devkitpro/devkitarm/bin/../lib/gcc/arm-none-eabi/4.9.2/../../../../arm-none-eabi/lib/armv6k/fpu\libm.a(lib_a-s_scalbn.o)
 .text          0x00140b98        0x0 c:/devkitpro/devkitarm/bin/../lib/gcc/arm-none-eabi/4.9.2/../../../../arm-none-eabi/lib/armv6k/fpu\libm.a(lib_a-s_copysign.o)
 .text          0x00140b98        0x0 c:/devkitpro/devkitarm/bin/../lib/gcc/arm-none-eabi/4.9.2/../../../../arm-none-eabi/lib/armv6k/fpu\libm.a(lib_a-sf_copysign.o)
 .text          0x00140b98      0x20c c:/devkitpro/devkitarm/bin/../lib/gcc/arm-none-eabi/4.9.2/armv6k/fpu\libgcc.a(_udivsi3.o)
                0x00140b98                __aeabi_uidiv
                0x00140b98                __udivsi3
                0x00140d84                __aeabi_uidivmod
 .text          0x00140da4      0x240 c:/devkitpro/devkitarm/bin/../lib/gcc/arm-none-eabi/4.9.2/armv6k/fpu\libgcc.a(_divsi3.o)
                0x00140da4                __divsi3
                0x00140da4                __aeabi_idiv
                0x00140fc4                __aeabi_idivmod
 .text          0x00140fe4        0x4 c:/devkitpro/devkitarm/bin/../lib/gcc/arm-none-eabi/4.9.2/armv6k/fpu\libgcc.a(_dvmd_tls.o)
                0x00140fe4                __aeabi_idiv0
                0x00140fe4                __aeabi_ldiv0
 .text          0x00140fe8      0x250 c:/devkitpro/devkitarm/bin/../lib/gcc/arm-none-eabi/4.9.2/armv6k/fpu\libgcc.a(_arm_addsubsf3.o)
                0x00140fe8                __aeabi_frsub
                0x00140ff0                __subsf3
                0x00140ff0                __aeabi_fsub
                0x00140ff4                __aeabi_fadd
                0x00140ff4                __addsf3
                0x00141184                __aeabi_ui2f
                0x00141184                __floatunsisf
                0x0014118c                __aeabi_i2f
                0x0014118c                __floatsisf
                0x001411ac                __aeabi_ul2f
                0x001411ac                __floatundisf
                0x001411bc                __aeabi_l2f
                0x001411bc                __floatdisf
 .text          0x00141238        0x0 c:/devkitpro/devkitarm/bin/../lib/gcc/arm-none-eabi/4.9.2/../../../../arm-none-eabi/lib/armv6k/fpu\libg.a(lib_a-abort.o)
 .text          0x00141238        0x0 c:/devkitpro/devkitarm/bin/../lib/gcc/arm-none-eabi/4.9.2/../../../../arm-none-eabi/lib/armv6k/fpu\libg.a(lib_a-atof.o)
 .text          0x00141238        0x0 c:/devkitpro/devkitarm/bin/../lib/gcc/arm-none-eabi/4.9.2/../../../../arm-none-eabi/lib/armv6k/fpu\libg.a(lib_a-bsearch.o)
 .text          0x00141238        0x0 c:/devkitpro/devkitarm/bin/../lib/gcc/arm-none-eabi/4.9.2/../../../../arm-none-eabi/lib/armv6k/fpu\libg.a(lib_a-errno.o)
 .text          0x00141238        0x0 c:/devkitpro/devkitarm/bin/../lib/gcc/arm-none-eabi/4.9.2/../../../../arm-none-eabi/lib/armv6k/fpu\libg.a(lib_a-exit.o)
 .text          0x00141238        0x0 c:/devkitpro/devkitarm/bin/../lib/gcc/arm-none-eabi/4.9.2/../../../../arm-none-eabi/lib/armv6k/fpu\libg.a(lib_a-fclose.o)
 .text          0x00141238        0x0 c:/devkitpro/devkitarm/bin/../lib/gcc/arm-none-eabi/4.9.2/../../../../arm-none-eabi/lib/armv6k/fpu\libg.a(lib_a-fflush.o)
 .text          0x00141238        0x0 c:/devkitpro/devkitarm/bin/../lib/gcc/arm-none-eabi/4.9.2/../../../../arm-none-eabi/lib/armv6k/fpu\libg.a(lib_a-findfp.o)
 .text          0x00141238        0x0 c:/devkitpro/devkitarm/bin/../lib/gcc/arm-none-eabi/4.9.2/../../../../arm-none-eabi/lib/armv6k/fpu\libg.a(lib_a-fini.o)
 .text          0x00141238        0x0 c:/devkitpro/devkitarm/bin/../lib/gcc/arm-none-eabi/4.9.2/../../../../arm-none-eabi/lib/armv6k/fpu\libg.a(lib_a-fopen.o)
 .text          0x00141238        0x0 c:/devkitpro/devkitarm/bin/../lib/gcc/arm-none-eabi/4.9.2/../../../../arm-none-eabi/lib/armv6k/fpu\libg.a(lib_a-fprintf.o)
 .text          0x00141238        0x0 c:/devkitpro/devkitarm/bin/../lib/gcc/arm-none-eabi/4.9.2/../../../../arm-none-eabi/lib/armv6k/fpu\libg.a(lib_a-fputc.o)
 .text          0x00141238        0x0 c:/devkitpro/devkitarm/bin/../lib/gcc/arm-none-eabi/4.9.2/../../../../arm-none-eabi/lib/armv6k/fpu\libg.a(lib_a-fread.o)
 .text          0x00141238        0x0 c:/devkitpro/devkitarm/bin/../lib/gcc/arm-none-eabi/4.9.2/../../../../arm-none-eabi/lib/armv6k/fpu\libg.a(lib_a-freer.o)
 .text          0x00141238        0x0 c:/devkitpro/devkitarm/bin/../lib/gcc/arm-none-eabi/4.9.2/../../../../arm-none-eabi/lib/armv6k/fpu\libg.a(lib_a-fseek.o)
 .text          0x00141238        0x0 c:/devkitpro/devkitarm/bin/../lib/gcc/arm-none-eabi/4.9.2/../../../../arm-none-eabi/lib/armv6k/fpu\libg.a(lib_a-fseeko.o)
 .text          0x00141238        0x0 c:/devkitpro/devkitarm/bin/../lib/gcc/arm-none-eabi/4.9.2/../../../../arm-none-eabi/lib/armv6k/fpu\libg.a(lib_a-fwalk.o)
 .text          0x00141238        0x0 c:/devkitpro/devkitarm/bin/../lib/gcc/arm-none-eabi/4.9.2/../../../../arm-none-eabi/lib/armv6k/fpu\libg.a(lib_a-fwrite.o)
 .text          0x00141238        0x0 c:/devkitpro/devkitarm/bin/../lib/gcc/arm-none-eabi/4.9.2/../../../../arm-none-eabi/lib/armv6k/fpu\libg.a(lib_a-gmtime.o)
 .text          0x00141238        0x0 c:/devkitpro/devkitarm/bin/../lib/gcc/arm-none-eabi/4.9.2/../../../../arm-none-eabi/lib/armv6k/fpu\libg.a(lib_a-gmtime_r.o)
 .text          0x00141238        0x0 c:/devkitpro/devkitarm/bin/../lib/gcc/arm-none-eabi/4.9.2/../../../../arm-none-eabi/lib/armv6k/fpu\libg.a(lib_a-impure.o)
 .text          0x00141238        0x0 c:/devkitpro/devkitarm/bin/../lib/gcc/arm-none-eabi/4.9.2/../../../../arm-none-eabi/lib/armv6k/fpu\libg.a(lib_a-init.o)
 .text          0x00141238        0x0 c:/devkitpro/devkitarm/bin/../lib/gcc/arm-none-eabi/4.9.2/../../../../arm-none-eabi/lib/armv6k/fpu\libg.a(lib_a-makebuf.o)
 .text          0x00141238        0x0 c:/devkitpro/devkitarm/bin/../lib/gcc/arm-none-eabi/4.9.2/../../../../arm-none-eabi/lib/armv6k/fpu\libg.a(lib_a-malloc.o)
 .text          0x00141238        0x0 c:/devkitpro/devkitarm/bin/../lib/gcc/arm-none-eabi/4.9.2/../../../../arm-none-eabi/lib/armv6k/fpu\libg.a(lib_a-mallocr.o)
 .text          0x00141238        0x0 c:/devkitpro/devkitarm/bin/../lib/gcc/arm-none-eabi/4.9.2/../../../../arm-none-eabi/lib/armv6k/fpu\libg.a(lib_a-memcmp.o)
 .text          0x00141238        0x0 c:/devkitpro/devkitarm/bin/../lib/gcc/arm-none-eabi/4.9.2/../../../../arm-none-eabi/lib/armv6k/fpu\libg.a(lib_a-memcpy.o)
 .text          0x00141238        0x0 c:/devkitpro/devkitarm/bin/../lib/gcc/arm-none-eabi/4.9.2/../../../../arm-none-eabi/lib/armv6k/fpu\libg.a(lib_a-memset.o)
 .text          0x00141238        0x0 c:/devkitpro/devkitarm/bin/../lib/gcc/arm-none-eabi/4.9.2/../../../../arm-none-eabi/lib/armv6k/fpu\libg.a(lib_a-mlock.o)
 .text          0x00141238        0x0 c:/devkitpro/devkitarm/bin/../lib/gcc/arm-none-eabi/4.9.2/../../../../arm-none-eabi/lib/armv6k/fpu\libg.a(lib_a-month_lengths.o)
 .text          0x00141238        0x0 c:/devkitpro/devkitarm/bin/../lib/gcc/arm-none-eabi/4.9.2/../../../../arm-none-eabi/lib/armv6k/fpu\libg.a(lib_a-printf.o)
 .text          0x00141238        0x0 c:/devkitpro/devkitarm/bin/../lib/gcc/arm-none-eabi/4.9.2/../../../../arm-none-eabi/lib/armv6k/fpu\libg.a(lib_a-putchar.o)
 .text          0x00141238        0x0 c:/devkitpro/devkitarm/bin/../lib/gcc/arm-none-eabi/4.9.2/../../../../arm-none-eabi/lib/armv6k/fpu\libg.a(lib_a-putc.o)
 .text          0x00141238        0x0 c:/devkitpro/devkitarm/bin/../lib/gcc/arm-none-eabi/4.9.2/../../../../arm-none-eabi/lib/armv6k/fpu\libg.a(lib_a-rand.o)
 .text          0x00141238        0x0 c:/devkitpro/devkitarm/bin/../lib/gcc/arm-none-eabi/4.9.2/../../../../arm-none-eabi/lib/armv6k/fpu\libg.a(lib_a-realloc.o)
 .text          0x00141238        0x0 c:/devkitpro/devkitarm/bin/../lib/gcc/arm-none-eabi/4.9.2/../../../../arm-none-eabi/lib/armv6k/fpu\libg.a(lib_a-reallocr.o)
 .text          0x00141238        0x0 c:/devkitpro/devkitarm/bin/../lib/gcc/arm-none-eabi/4.9.2/../../../../arm-none-eabi/lib/armv6k/fpu\libg.a(lib_a-refill.o)
 .text          0x00141238        0x0 c:/devkitpro/devkitarm/bin/../lib/gcc/arm-none-eabi/4.9.2/../../../../arm-none-eabi/lib/armv6k/fpu\libg.a(lib_a-remove.o)
 .text          0x00141238       0x2c c:/devkitpro/devkitarm/bin/../lib/gcc/arm-none-eabi/4.9.2/../../../../arm-none-eabi/lib/armv6k/fpu\libg.a(lib_a-setjmp.o)
                0x00141238                setjmp
                0x0014124c                longjmp
 .text          0x00141264        0x0 c:/devkitpro/devkitarm/bin/../lib/gcc/arm-none-eabi/4.9.2/../../../../arm-none-eabi/lib/armv6k/fpu\libg.a(lib_a-signal.o)
 .text          0x00141264        0x0 c:/devkitpro/devkitarm/bin/../lib/gcc/arm-none-eabi/4.9.2/../../../../arm-none-eabi/lib/armv6k/fpu\libg.a(lib_a-stdio.o)
 *fill*         0x00141264       0x1c 
 .text          0x00141280      0x3a0 c:/devkitpro/devkitarm/bin/../lib/gcc/arm-none-eabi/4.9.2/../../../../arm-none-eabi/lib/armv6k/fpu\libg.a(lib_a-strcmp.o)
                0x00141288                strcmp
 .text          0x00141620        0x0 c:/devkitpro/devkitarm/bin/../lib/gcc/arm-none-eabi/4.9.2/../../../../arm-none-eabi/lib/armv6k/fpu\libg.a(lib_a-strcpy.o)
 .text          0x00141620        0x0 c:/devkitpro/devkitarm/bin/../lib/gcc/arm-none-eabi/4.9.2/../../../../arm-none-eabi/lib/armv6k/fpu\libg.a(lib_a-strerror.o)
 .text          0x00141620        0x0 c:/devkitpro/devkitarm/bin/../lib/gcc/arm-none-eabi/4.9.2/../../../../arm-none-eabi/lib/armv6k/fpu\libg.a(lib_a-strlen.o)
 .text          0x00141620        0x0 c:/devkitpro/devkitarm/bin/../lib/gcc/arm-none-eabi/4.9.2/../../../../arm-none-eabi/lib/armv6k/fpu\libg.a(lib_a-strncat.o)
 .text          0x00141620        0x0 c:/devkitpro/devkitarm/bin/../lib/gcc/arm-none-eabi/4.9.2/../../../../arm-none-eabi/lib/armv6k/fpu\libg.a(lib_a-strncpy.o)
 .text          0x00141620        0x0 c:/devkitpro/devkitarm/bin/../lib/gcc/arm-none-eabi/4.9.2/../../../../arm-none-eabi/lib/armv6k/fpu\libg.a(lib_a-strtod.o)
 .text          0x00141620        0x0 c:/devkitpro/devkitarm/bin/../lib/gcc/arm-none-eabi/4.9.2/../../../../arm-none-eabi/lib/armv6k/fpu\libg.a(lib_a-time.o)
 .text          0x00141620        0x0 c:/devkitpro/devkitarm/bin/../lib/gcc/arm-none-eabi/4.9.2/../../../../arm-none-eabi/lib/armv6k/fpu\libg.a(lib_a-u_strerr.o)
 .text          0x00141620        0x0 c:/devkitpro/devkitarm/bin/../lib/gcc/arm-none-eabi/4.9.2/../../../../arm-none-eabi/lib/armv6k/fpu\libg.a(lib_a-vfprintf.o)
 .text          0x00141620        0x0 c:/devkitpro/devkitarm/bin/../lib/gcc/arm-none-eabi/4.9.2/../../../../arm-none-eabi/lib/armv6k/fpu\libg.a(lib_a-wbuf.o)
 .text          0x00141620        0x0 c:/devkitpro/devkitarm/bin/../lib/gcc/arm-none-eabi/4.9.2/../../../../arm-none-eabi/lib/armv6k/fpu\libg.a(lib_a-wcrtomb.o)
 .text          0x00141620        0x0 c:/devkitpro/devkitarm/bin/../lib/gcc/arm-none-eabi/4.9.2/../../../../arm-none-eabi/lib/armv6k/fpu\libg.a(lib_a-wcsrtombs.o)
 .text          0x00141620        0x0 c:/devkitpro/devkitarm/bin/../lib/gcc/arm-none-eabi/4.9.2/../../../../arm-none-eabi/lib/armv6k/fpu\libg.a(lib_a-wctomb_r.o)
 .text          0x00141620        0x0 c:/devkitpro/devkitarm/bin/../lib/gcc/arm-none-eabi/4.9.2/../../../../arm-none-eabi/lib/armv6k/fpu\libg.a(lib_a-wsetup.o)
 .text          0x00141620        0x0 c:/devkitpro/devkitarm/bin/../lib/gcc/arm-none-eabi/4.9.2/../../../../arm-none-eabi/lib/armv6k/fpu\libg.a(lib_a-__call_atexit.o)
 .text          0x00141620        0x0 c:/devkitpro/devkitarm/bin/../lib/gcc/arm-none-eabi/4.9.2/../../../../arm-none-eabi/lib/armv6k/fpu\libg.a(lib_a-dtoa.o)
 .text          0x00141620        0x0 c:/devkitpro/devkitarm/bin/../lib/gcc/arm-none-eabi/4.9.2/../../../../arm-none-eabi/lib/armv6k/fpu\libg.a(lib_a-flags.o)
 .text          0x00141620        0x0 c:/devkitpro/devkitarm/bin/../lib/gcc/arm-none-eabi/4.9.2/../../../../arm-none-eabi/lib/armv6k/fpu\libg.a(lib_a-fvwrite.o)
 .text          0x00141620        0x0 c:/devkitpro/devkitarm/bin/../lib/gcc/arm-none-eabi/4.9.2/../../../../arm-none-eabi/lib/armv6k/fpu\libg.a(lib_a-gdtoa-gethex.o)
 .text          0x00141620        0x0 c:/devkitpro/devkitarm/bin/../lib/gcc/arm-none-eabi/4.9.2/../../../../arm-none-eabi/lib/armv6k/fpu\libg.a(lib_a-gdtoa-hexnan.o)
 .text          0x00141620        0x0 c:/devkitpro/devkitarm/bin/../lib/gcc/arm-none-eabi/4.9.2/../../../../arm-none-eabi/lib/armv6k/fpu\libg.a(lib_a-locale.o)
 .text          0x00141620        0x0 c:/devkitpro/devkitarm/bin/../lib/gcc/arm-none-eabi/4.9.2/../../../../arm-none-eabi/lib/armv6k/fpu\libg.a(lib_a-mbtowc_r.o)
 .text          0x00141620        0x0 c:/devkitpro/devkitarm/bin/../lib/gcc/arm-none-eabi/4.9.2/../../../../arm-none-eabi/lib/armv6k/fpu\libg.a(lib_a-memchr.o)
 .text          0x00141620        0x0 c:/devkitpro/devkitarm/bin/../lib/gcc/arm-none-eabi/4.9.2/../../../../arm-none-eabi/lib/armv6k/fpu\libg.a(lib_a-memmove.o)
 .text          0x00141620        0x0 c:/devkitpro/devkitarm/bin/../lib/gcc/arm-none-eabi/4.9.2/../../../../arm-none-eabi/lib/armv6k/fpu\libg.a(lib_a-mprec.o)
 .text          0x00141620        0x0 c:/devkitpro/devkitarm/bin/../lib/gcc/arm-none-eabi/4.9.2/../../../../arm-none-eabi/lib/armv6k/fpu\libg.a(lib_a-sf_nan.o)
 .text          0x00141620        0x0 c:/devkitpro/devkitarm/bin/../lib/gcc/arm-none-eabi/4.9.2/../../../../arm-none-eabi/lib/armv6k/fpu\libg.a(lib_a-strcasecmp.o)
 .text          0x00141620        0x0 c:/devkitpro/devkitarm/bin/../lib/gcc/arm-none-eabi/4.9.2/../../../../arm-none-eabi/lib/armv6k/fpu\libg.a(lib_a-strcat.o)
 .text          0x00141620        0x0 c:/devkitpro/devkitarm/bin/../lib/gcc/arm-none-eabi/4.9.2/../../../../arm-none-eabi/lib/armv6k/fpu\libg.a(lib_a-strchr.o)
 .text          0x00141620        0x0 c:/devkitpro/devkitarm/bin/../lib/gcc/arm-none-eabi/4.9.2/../../../../arm-none-eabi/lib/armv6k/fpu\libg.a(lib_a-strlcpy.o)
 .text          0x00141620        0x0 c:/devkitpro/devkitarm/bin/../lib/gcc/arm-none-eabi/4.9.2/../../../../arm-none-eabi/lib/armv6k/fpu\libg.a(lib_a-strncasecmp.o)
 .text          0x00141620        0x0 c:/devkitpro/devkitarm/bin/../lib/gcc/arm-none-eabi/4.9.2/../../../../arm-none-eabi/lib/armv6k/fpu\libg.a(lib_a-strncmp.o)
 .text          0x00141620        0x0 c:/devkitpro/devkitarm/bin/../lib/gcc/arm-none-eabi/4.9.2/../../../../arm-none-eabi/lib/armv6k/fpu\libg.a(lib_a-strtol.o)
 .text          0x00141620        0x0 c:/devkitpro/devkitarm/bin/../lib/gcc/arm-none-eabi/4.9.2/../../../../arm-none-eabi/lib/armv6k/fpu\libg.a(lib_a-svfiprintf.o)
 .text          0x00141620        0x0 c:/devkitpro/devkitarm/bin/../lib/gcc/arm-none-eabi/4.9.2/../../../../arm-none-eabi/lib/armv6k/fpu\libg.a(lib_a-vfiprintf.o)
 .text          0x00141620        0x0 c:/devkitpro/devkitarm/bin/../lib/gcc/arm-none-eabi/4.9.2/../../../../arm-none-eabi/lib/armv6k/fpu\libg.a(lib_a-wcsnrtombs.o)
 .text          0x00141620        0x0 c:/devkitpro/devkitarm/bin/../lib/gcc/arm-none-eabi/4.9.2/../../../../arm-none-eabi/lib/armv6k/fpu\libg.a(lib_a-callocr.o)
 .text          0x00141620        0x0 c:/devkitpro/devkitarm/bin/../lib/gcc/arm-none-eabi/4.9.2/../../../../arm-none-eabi/lib/armv6k/fpu\libg.a(lib_a-ctype_.o)
 .text          0x00141620        0x0 c:/devkitpro/devkitarm/bin/../lib/gcc/arm-none-eabi/4.9.2/../../../../arm-none-eabi/lib/armv6k/fpu\libg.a(lib_a-fputwc.o)
 .text          0x00141620        0x0 c:/devkitpro/devkitarm/bin/../lib/gcc/arm-none-eabi/4.9.2/../../../../arm-none-eabi/lib/armv6k/fpu\libg.a(lib_a-getenv_r.o)
 .text          0x00141620        0x0 c:/devkitpro/devkitarm/bin/../lib/gcc/arm-none-eabi/4.9.2/../../../../arm-none-eabi/lib/armv6k/fpu\libg.a(lib_a-environ.o)
 .text          0x00141620        0x0 c:/devkitpro/devkitarm/bin/../lib/gcc/arm-none-eabi/4.9.2/../../../../arm-none-eabi/lib/armv6k/fpu\libg.a(lib_a-envlock.o)
 .text          0x00141620      0x1a8 c:/devkitpro/devkitarm/bin/../lib/gcc/arm-none-eabi/4.9.2/../../../../arm-none-eabi/lib/armv6k/fpu\libsysbase.a(iosupport.o)
                0x00141620                setDefaultDevice
                0x00141638                FindDevice
                0x001416e4                RemoveDevice
                0x00141710                AddDevice
                0x001417a4                GetDeviceOpTab
 .text          0x001417c8       0x7c c:/devkitpro/devkitarm/bin/../lib/gcc/arm-none-eabi/4.9.2/../../../../arm-none-eabi/lib/armv6k/fpu\libsysbase.a(close.o)
                0x001417c8                _close_r
 .text          0x00141844       0x6c c:/devkitpro/devkitarm/bin/../lib/gcc/arm-none-eabi/4.9.2/../../../../arm-none-eabi/lib/armv6k/fpu\libsysbase.a(fstat.o)
                0x00141844                _fstat_r
 .text          0x001418b0       0x10 c:/devkitpro/devkitarm/bin/../lib/gcc/arm-none-eabi/4.9.2/../../../../arm-none-eabi/lib/armv6k/fpu\libsysbase.a(getpid.o)
                0x001418b0                _getpid_r
 .text          0x001418c0       0x2c c:/devkitpro/devkitarm/bin/../lib/gcc/arm-none-eabi/4.9.2/../../../../arm-none-eabi/lib/armv6k/fpu\libsysbase.a(gettod.o)
                0x001418c0                _gettimeofday_r
 .text          0x001418ec        0x8 c:/devkitpro/devkitarm/bin/../lib/gcc/arm-none-eabi/4.9.2/../../../../arm-none-eabi/lib/armv6k/fpu\libsysbase.a(isatty.o)
                0x001418ec                _isatty_r
 .text          0x001418f4       0x10 c:/devkitpro/devkitarm/bin/../lib/gcc/arm-none-eabi/4.9.2/../../../../arm-none-eabi/lib/armv6k/fpu\libsysbase.a(kill.o)
                0x001418f4                _kill_r
 .text          0x00141904       0x74 c:/devkitpro/devkitarm/bin/../lib/gcc/arm-none-eabi/4.9.2/../../../../arm-none-eabi/lib/armv6k/fpu\libsysbase.a(lseek.o)
                0x00141904                _lseek_r
 .text          0x00141978       0xc8 c:/devkitpro/devkitarm/bin/../lib/gcc/arm-none-eabi/4.9.2/../../../../arm-none-eabi/lib/armv6k/fpu\libsysbase.a(open.o)
                0x00141978                _open_r
 .text          0x00141a40       0x74 c:/devkitpro/devkitarm/bin/../lib/gcc/arm-none-eabi/4.9.2/../../../../arm-none-eabi/lib/armv6k/fpu\libsysbase.a(read.o)
                0x00141a40                _read_r
 .text          0x00141ab4       0x70 c:/devkitpro/devkitarm/bin/../lib/gcc/arm-none-eabi/4.9.2/../../../../arm-none-eabi/lib/armv6k/fpu\libsysbase.a(sbrk.o)
                0x00141ab4                _sbrk_r
 .text          0x00141b24       0x5c c:/devkitpro/devkitarm/bin/../lib/gcc/arm-none-eabi/4.9.2/../../../../arm-none-eabi/lib/armv6k/fpu\libsysbase.a(unlink.o)
                0x00141b24                _unlink_r
 .text          0x00141b80       0x74 c:/devkitpro/devkitarm/bin/../lib/gcc/arm-none-eabi/4.9.2/../../../../arm-none-eabi/lib/armv6k/fpu\libsysbase.a(write.o)
                0x00141b80                _write_r
 .text          0x00141bf4       0x20 c:/devkitpro/devkitarm/bin/../lib/gcc/arm-none-eabi/4.9.2/../../../../arm-none-eabi/lib/armv6k/fpu\libsysbase.a(_exit.o)
                0x00141bf4                _exit
 .text          0x00141c14        0x0 c:/devkitpro/devkitarm/bin/../lib/gcc/arm-none-eabi/4.9.2/../../../../arm-none-eabi/lib/armv6k/fpu\libsysbase.a(malloc_vars.o)
 .text          0x00141c14      0x3a4 c:/devkitpro/devkitarm/bin/../lib/gcc/arm-none-eabi/4.9.2/../../../../arm-none-eabi/lib/armv6k/fpu\libsysbase.a(chdir.o)
                0x00141c14                _concatenate_path
                0x00141dd0                chdir
                0x00141f18                getcwd
 .text          0x00141fb8        0x8 c:/devkitpro/devkitarm/bin/../lib/gcc/arm-none-eabi/4.9.2/../../../../arm-none-eabi/lib/armv6k/fpu\libsysbase.a(flock.o)
                0x00141fb8                __flockfile
                0x00141fbc                __funlockfile
 .text          0x00141fc0      0x108 c:/devkitpro/devkitarm/bin/../lib/gcc/arm-none-eabi/4.9.2/../../../../arm-none-eabi/lib/armv6k/fpu\libsysbase.a(syscall_support.o)
                0x00141fc0                __libc_lock_init
                0x00141fd8                __libc_lock_acquire
                0x00141ff0                __libc_lock_try_acquire
                0x00142014                __libc_lock_release
                0x0014202c                __libc_lock_close
                0x00142044                __libc_lock_init_recursive
                0x0014205c                __libc_lock_acquire_recursive
                0x00142074                __libc_lock_try_acquire_recursive
                0x00142098                __libc_lock_release_recursive
                0x001420b0                __libc_lock_close_recursive
 .text          0x001420c8      0x254 c:/devkitpro/devkitarm/bin/../lib/gcc/arm-none-eabi/4.9.2/../../../../arm-none-eabi/lib/armv6k/fpu\libsysbase.a(handle_manager.o)
                0x001420c8                __free_handle
                0x0014210c                __release_handle
                0x00142138                __alloc_handle
                0x001421a0                __get_handle
                0x001421bc                dup
                0x00142248                dup2
 .text          0x0014231c       0x28 c:/devkitpro/devkitarm/bin/../lib/gcc/arm-none-eabi/4.9.2/../../../../arm-none-eabi/lib/armv6k/fpu\libsysbase.a(getreent.o)
                0x0014231c                __getreent
 .text          0x00142344       0x3c c:/devkitpro/devkitarm/bin/../lib/gcc/arm-none-eabi/4.9.2/armv6k/fpu\libgcc.a(_aeabi_uldivmod.o)
                0x00142344                __aeabi_uldivmod
 .text          0x00142380       0x78 c:/devkitpro/devkitarm/bin/../lib/gcc/arm-none-eabi/4.9.2/armv6k/fpu\libgcc.a(bpabi.o)
                0x00142380                __gnu_ldivmod_helper
                0x001423bc                __gnu_uldivmod_helper
 .text          0x001423f8      0x180 c:/devkitpro/devkitarm/bin/../lib/gcc/arm-none-eabi/4.9.2/armv6k/fpu\libgcc.a(_divdi3.o)
                0x001423f8                __divdi3
 .text          0x00142578      0x124 c:/devkitpro/devkitarm/bin/../lib/gcc/arm-none-eabi/4.9.2/armv6k/fpu\libgcc.a(_udivdi3.o)
                0x00142578                __udivdi3
 .text          0x0014269c        0x0 c:/devkitpro/devkitarm/bin/../lib/gcc/arm-none-eabi/4.9.2/../../../../arm-none-eabi/lib/armv6k/fpu\libg.a(lib_a-strnlen.o)
 .text          0x0014269c        0x0 c:/devkitpro/devkitarm/bin/../lib/gcc/arm-none-eabi/4.9.2/../../../../arm-none-eabi/lib/armv6k/fpu\libg.a(lib_a-strrchr.o)
 .text          0x0014269c        0x0 c:/devkitpro/devkitarm/bin/../lib/gcc/arm-none-eabi/4.9.2/armv6k/fpu/crtend.o
 .text          0x0014269c        0x0 c:/devkitpro/devkitarm/bin/../lib/gcc/arm-none-eabi/4.9.2/armv6k/fpu/crtn.o
 *(.text.*)
 .text.startup  0x0014269c       0x44 main.o
                0x0014269c                main
 .text.unlikely
                0x001426e0      0x108 c:/devkitPro/portlibs/armv6k/lib\libpng.a(png.o)
 .text.cosf     0x001427e8       0xa8 c:/devkitpro/devkitarm/bin/../lib/gcc/arm-none-eabi/4.9.2/../../../../arm-none-eabi/lib/armv6k/fpu\libm.a(lib_a-sf_cos.o)
                0x001427e8                cosf
 .text.floor    0x00142890      0x180 c:/devkitpro/devkitarm/bin/../lib/gcc/arm-none-eabi/4.9.2/../../../../arm-none-eabi/lib/armv6k/fpu\libm.a(lib_a-s_floor.o)
                0x00142890                floor
 .text.frexp    0x00142a10       0x98 c:/devkitpro/devkitarm/bin/../lib/gcc/arm-none-eabi/4.9.2/../../../../arm-none-eabi/lib/armv6k/fpu\libm.a(lib_a-s_frexp.o)
                0x00142a10                frexp
 .text.sinf     0x00142aa8       0xb0 c:/devkitpro/devkitarm/bin/../lib/gcc/arm-none-eabi/4.9.2/../../../../arm-none-eabi/lib/armv6k/fpu\libm.a(lib_a-sf_sin.o)
                0x00142aa8                sinf
 .text.modf     0x00142b58       0xd4 c:/devkitpro/devkitarm/bin/../lib/gcc/arm-none-eabi/4.9.2/../../../../arm-none-eabi/lib/armv6k/fpu\libm.a(lib_a-s_modf.o)
                0x00142b58                modf
 *fill*         0x00142c2c        0x4 
 .text.pow      0x00142c30      0x3c0 c:/devkitpro/devkitarm/bin/../lib/gcc/arm-none-eabi/4.9.2/../../../../arm-none-eabi/lib/armv6k/fpu\libm.a(lib_a-w_pow.o)
                0x00142c30                pow
 .text.__ieee754_rem_pio2f
                0x00142ff0      0x2e0 c:/devkitpro/devkitarm/bin/../lib/gcc/arm-none-eabi/4.9.2/../../../../arm-none-eabi/lib/armv6k/fpu\libm.a(lib_a-ef_rem_pio2.o)
                0x00142ff0                __ieee754_rem_pio2f
 .text.__ieee754_pow
                0x001432d0      0x880 c:/devkitpro/devkitarm/bin/../lib/gcc/arm-none-eabi/4.9.2/../../../../arm-none-eabi/lib/armv6k/fpu\libm.a(lib_a-e_pow.o)
                0x001432d0                __ieee754_pow
 .text.__ieee754_sqrt
                0x00143b50      0x200 c:/devkitpro/devkitarm/bin/../lib/gcc/arm-none-eabi/4.9.2/../../../../arm-none-eabi/lib/armv6k/fpu\libm.a(lib_a-e_sqrt.o)
                0x00143b50                __ieee754_sqrt
 .text.__kernel_cosf
                0x00143d50      0x124 c:/devkitpro/devkitarm/bin/../lib/gcc/arm-none-eabi/4.9.2/../../../../arm-none-eabi/lib/armv6k/fpu\libm.a(lib_a-kf_cos.o)
                0x00143d50                __kernel_cosf
 .text.__kernel_rem_pio2f
                0x00143e74      0x838 c:/devkitpro/devkitarm/bin/../lib/gcc/arm-none-eabi/4.9.2/../../../../arm-none-eabi/lib/armv6k/fpu\libm.a(lib_a-kf_rem_pio2.o)
                0x00143e74                __kernel_rem_pio2f
 .text.__kernel_sinf
                0x001446ac       0xa0 c:/devkitpro/devkitarm/bin/../lib/gcc/arm-none-eabi/4.9.2/../../../../arm-none-eabi/lib/armv6k/fpu\libm.a(lib_a-kf_sin.o)
                0x001446ac                __kernel_sinf
 .text.fabs     0x0014474c       0x10 c:/devkitpro/devkitarm/bin/../lib/gcc/arm-none-eabi/4.9.2/../../../../arm-none-eabi/lib/armv6k/fpu\libm.a(lib_a-s_fabs.o)
                0x0014474c                fabs
 .text.fabsf    0x0014475c       0x10 c:/devkitpro/devkitarm/bin/../lib/gcc/arm-none-eabi/4.9.2/../../../../arm-none-eabi/lib/armv6k/fpu\libm.a(lib_a-sf_fabs.o)
                0x0014475c                fabsf
 .text.floorf   0x0014476c       0xb8 c:/devkitpro/devkitarm/bin/../lib/gcc/arm-none-eabi/4.9.2/../../../../arm-none-eabi/lib/armv6k/fpu\libm.a(lib_a-sf_floor.o)
                0x0014476c                floorf
 .text.finite   0x00144824       0x14 c:/devkitpro/devkitarm/bin/../lib/gcc/arm-none-eabi/4.9.2/../../../../arm-none-eabi/lib/armv6k/fpu\libm.a(lib_a-s_finite.o)
                0x00144824                finite
 .text.__fpclassifyd
                0x00144838       0x74 c:/devkitpro/devkitarm/bin/../lib/gcc/arm-none-eabi/4.9.2/../../../../arm-none-eabi/lib/armv6k/fpu\libm.a(lib_a-s_fpclassify.o)
                0x00144838                __fpclassifyd
 .text.scalbnf  0x001448ac      0x118 c:/devkitpro/devkitarm/bin/../lib/gcc/arm-none-eabi/4.9.2/../../../../arm-none-eabi/lib/armv6k/fpu\libm.a(lib_a-sf_scalbn.o)
                0x001448ac                scalbnf
 .text.matherr  0x001449c4        0x8 c:/devkitpro/devkitarm/bin/../lib/gcc/arm-none-eabi/4.9.2/../../../../arm-none-eabi/lib/armv6k/fpu\libm.a(lib_a-s_matherr.o)
                0x001449c4                matherr
 *fill*         0x001449cc        0x4 
 .text.nan      0x001449d0       0x10 c:/devkitpro/devkitarm/bin/../lib/gcc/arm-none-eabi/4.9.2/../../../../arm-none-eabi/lib/armv6k/fpu\libm.a(lib_a-s_nan.o)
                0x001449d0                nan
 .text.rint     0x001449e0      0x170 c:/devkitpro/devkitarm/bin/../lib/gcc/arm-none-eabi/4.9.2/../../../../arm-none-eabi/lib/armv6k/fpu\libm.a(lib_a-s_rint.o)
                0x001449e0                rint
 .text.scalbn   0x00144b50      0x198 c:/devkitpro/devkitarm/bin/../lib/gcc/arm-none-eabi/4.9.2/../../../../arm-none-eabi/lib/armv6k/fpu\libm.a(lib_a-s_scalbn.o)
                0x00144b50                scalbn
 .text.copysign
                0x00144ce8       0x1c c:/devkitpro/devkitarm/bin/../lib/gcc/arm-none-eabi/4.9.2/../../../../arm-none-eabi/lib/armv6k/fpu\libm.a(lib_a-s_copysign.o)
                0x00144ce8                copysign
 .text.copysignf
                0x00144d04       0x1c c:/devkitpro/devkitarm/bin/../lib/gcc/arm-none-eabi/4.9.2/../../../../arm-none-eabi/lib/armv6k/fpu\libm.a(lib_a-sf_copysign.o)
                0x00144d04                copysignf
 .text.abort    0x00144d20       0x14 c:/devkitpro/devkitarm/bin/../lib/gcc/arm-none-eabi/4.9.2/../../../../arm-none-eabi/lib/armv6k/fpu\libg.a(lib_a-abort.o)
                0x00144d20                abort
 .text.atof     0x00144d34        0x8 c:/devkitpro/devkitarm/bin/../lib/gcc/arm-none-eabi/4.9.2/../../../../arm-none-eabi/lib/armv6k/fpu\libg.a(lib_a-atof.o)
                0x00144d34                atof
 .text.bsearch  0x00144d3c       0x78 c:/devkitpro/devkitarm/bin/../lib/gcc/arm-none-eabi/4.9.2/../../../../arm-none-eabi/lib/armv6k/fpu\libg.a(lib_a-bsearch.o)
                0x00144d3c                bsearch
 .text.__errno  0x00144db4        0xc c:/devkitpro/devkitarm/bin/../lib/gcc/arm-none-eabi/4.9.2/../../../../arm-none-eabi/lib/armv6k/fpu\libg.a(lib_a-errno.o)
                0x00144db4                __errno
 .text.exit     0x00144dc0       0x34 c:/devkitpro/devkitarm/bin/../lib/gcc/arm-none-eabi/4.9.2/../../../../arm-none-eabi/lib/armv6k/fpu\libg.a(lib_a-exit.o)
                0x00144dc0                exit
 .text._fclose_r
                0x00144df4      0x118 c:/devkitpro/devkitarm/bin/../lib/gcc/arm-none-eabi/4.9.2/../../../../arm-none-eabi/lib/armv6k/fpu\libg.a(lib_a-fclose.o)
                0x00144df4                _fclose_r
 .text.fclose   0x00144f0c       0x18 c:/devkitpro/devkitarm/bin/../lib/gcc/arm-none-eabi/4.9.2/../../../../arm-none-eabi/lib/armv6k/fpu\libg.a(lib_a-fclose.o)
                0x00144f0c                fclose
 .text.__sflush_r
                0x00144f24      0x238 c:/devkitpro/devkitarm/bin/../lib/gcc/arm-none-eabi/4.9.2/../../../../arm-none-eabi/lib/armv6k/fpu\libg.a(lib_a-fflush.o)
                0x00144f24                __sflush_r
 .text._fflush_r
                0x0014515c       0x98 c:/devkitpro/devkitarm/bin/../lib/gcc/arm-none-eabi/4.9.2/../../../../arm-none-eabi/lib/armv6k/fpu\libg.a(lib_a-fflush.o)
                0x0014515c                _fflush_r
 .text.fflush   0x001451f4       0x38 c:/devkitpro/devkitarm/bin/../lib/gcc/arm-none-eabi/4.9.2/../../../../arm-none-eabi/lib/armv6k/fpu\libg.a(lib_a-fflush.o)
                0x001451f4                fflush
 .text._cleanup_r
                0x0014522c        0xc c:/devkitpro/devkitarm/bin/../lib/gcc/arm-none-eabi/4.9.2/../../../../arm-none-eabi/lib/armv6k/fpu\libg.a(lib_a-findfp.o)
                0x0014522c                _cleanup_r
 .text.__fp_lock
                0x00145238       0x1c c:/devkitpro/devkitarm/bin/../lib/gcc/arm-none-eabi/4.9.2/../../../../arm-none-eabi/lib/armv6k/fpu\libg.a(lib_a-findfp.o)
 .text.__fp_unlock
                0x00145254       0x1c c:/devkitpro/devkitarm/bin/../lib/gcc/arm-none-eabi/4.9.2/../../../../arm-none-eabi/lib/armv6k/fpu\libg.a(lib_a-findfp.o)
 .text.__sinit.part.1
                0x00145270      0x15c c:/devkitpro/devkitarm/bin/../lib/gcc/arm-none-eabi/4.9.2/../../../../arm-none-eabi/lib/armv6k/fpu\libg.a(lib_a-findfp.o)
 .text.__sfmoreglue
                0x001453cc       0x48 c:/devkitpro/devkitarm/bin/../lib/gcc/arm-none-eabi/4.9.2/../../../../arm-none-eabi/lib/armv6k/fpu\libg.a(lib_a-findfp.o)
                0x001453cc                __sfmoreglue
 .text.__sfp    0x00145414       0xe8 c:/devkitpro/devkitarm/bin/../lib/gcc/arm-none-eabi/4.9.2/../../../../arm-none-eabi/lib/armv6k/fpu\libg.a(lib_a-findfp.o)
                0x00145414                __sfp
 .text._cleanup
                0x001454fc       0x18 c:/devkitpro/devkitarm/bin/../lib/gcc/arm-none-eabi/4.9.2/../../../../arm-none-eabi/lib/armv6k/fpu\libg.a(lib_a-findfp.o)
                0x001454fc                _cleanup
 .text.__sinit  0x00145514       0x10 c:/devkitpro/devkitarm/bin/../lib/gcc/arm-none-eabi/4.9.2/../../../../arm-none-eabi/lib/armv6k/fpu\libg.a(lib_a-findfp.o)
                0x00145514                __sinit
 .text.__sfp_lock_acquire
                0x00145524        0x4 c:/devkitpro/devkitarm/bin/../lib/gcc/arm-none-eabi/4.9.2/../../../../arm-none-eabi/lib/armv6k/fpu\libg.a(lib_a-findfp.o)
                0x00145524                __sfp_lock_acquire
 .text.__sfp_lock_release
                0x00145528        0x4 c:/devkitpro/devkitarm/bin/../lib/gcc/arm-none-eabi/4.9.2/../../../../arm-none-eabi/lib/armv6k/fpu\libg.a(lib_a-findfp.o)