Archive member included to satisfy reference by file (symbol)

c:/devkitPro/libctru/lib\libsfil.a(sfil_png.o)
                              gfx.o (sfil_load_PNG_buffer)
c:/devkitPro/portlibs/armv6k/lib\libpng.a(png.o)
                              c:/devkitPro/libctru/lib\libsfil.a(sfil_png.o) (png_set_sig_bytes)
c:/devkitPro/portlibs/armv6k/lib\libpng.a(pngerror.o)
                              c:/devkitPro/portlibs/armv6k/lib\libpng.a(png.o) (png_safecat)
c:/devkitPro/portlibs/armv6k/lib\libpng.a(pngget.o)
                              c:/devkitPro/libctru/lib\libsfil.a(sfil_png.o) (png_get_valid)
c:/devkitPro/portlibs/armv6k/lib\libpng.a(pngmem.o)
                              c:/devkitPro/portlibs/armv6k/lib\libpng.a(png.o) (png_calloc)
c:/devkitPro/portlibs/armv6k/lib\libpng.a(pngread.o)
                              c:/devkitPro/libctru/lib\libsfil.a(sfil_png.o) (png_create_read_struct)
c:/devkitPro/portlibs/armv6k/lib\libpng.a(pngrio.o)
                              c:/devkitPro/libctru/lib\libsfil.a(sfil_png.o) (png_set_read_fn)
c:/devkitPro/portlibs/armv6k/lib\libpng.a(pngrtran.o)
                              c:/devkitPro/portlibs/armv6k/lib\libpng.a(pngread.o) (png_set_background_fixed)
c:/devkitPro/portlibs/armv6k/lib\libpng.a(pngrutil.o)
                              c:/devkitPro/portlibs/armv6k/lib\libpng.a(pngread.o) (png_read_sig)
c:/devkitPro/portlibs/armv6k/lib\libpng.a(pngset.o)
                              c:/devkitPro/portlibs/armv6k/lib\libpng.a(pngrutil.o) (png_set_bKGD)
c:/devkitPro/portlibs/armv6k/lib\libpng.a(pngtrans.o)
                              c:/devkitPro/portlibs/armv6k/lib\libpng.a(pngread.o) (png_set_bgr)
c:/devkitPro/portlibs/armv6k/lib\libpng.a(pngwrite.o)
                              c:/devkitPro/portlibs/armv6k/lib\libpng.a(png.o) (png_destroy_write_struct)
c:/devkitPro/portlibs/armv6k/lib\libpng.a(pngwtran.o)
                              c:/devkitPro/portlibs/armv6k/lib\libpng.a(pngwrite.o) (png_do_write_transformations)
c:/devkitPro/portlibs/armv6k/lib\libpng.a(pngwutil.o)
                              c:/devkitPro/portlibs/armv6k/lib\libpng.a(pngwrite.o) (png_write_sig)
c:/devkitPro/portlibs/armv6k/lib\libpng.a(pngwio.o)
                              c:/devkitPro/portlibs/armv6k/lib\libpng.a(pngwutil.o) (png_write_data)
c:/devkitPro/portlibs/armv6k/lib\libz.a(adler32.o)
                              c:/devkitPro/portlibs/armv6k/lib\libpng.a(png.o) (adler32)
c:/devkitPro/portlibs/armv6k/lib\libz.a(crc32.o)
                              c:/devkitPro/portlibs/armv6k/lib\libpng.a(png.o) (crc32)
c:/devkitPro/portlibs/armv6k/lib\libz.a(deflate.o)
                              c:/devkitPro/portlibs/armv6k/lib\libpng.a(pngwutil.o) (deflateReset)
c:/devkitPro/portlibs/armv6k/lib\libz.a(inflate.o)
                              c:/devkitPro/portlibs/armv6k/lib\libpng.a(png.o) (inflateReset)
c:/devkitPro/portlibs/armv6k/lib\libz.a(inftrees.o)
                              c:/devkitPro/portlibs/armv6k/lib\libz.a(inflate.o) (inflate_table)
c:/devkitPro/portlibs/armv6k/lib\libz.a(trees.o)
                              c:/devkitPro/portlibs/armv6k/lib\libz.a(deflate.o) (_tr_init)
c:/devkitPro/portlibs/armv6k/lib\libz.a(zutil.o)
                              c:/devkitPro/portlibs/armv6k/lib\libz.a(deflate.o) (zcalloc)
c:/devkitPro/portlibs/armv6k/lib\libz.a(inffast.o)
                              c:/devkitPro/portlibs/armv6k/lib\libz.a(inflate.o) (inflate_fast)
c:/devkitPro/libctru/lib\libsf2d.a(sf2d.o)
                              gfx.o (sf2d_init)
c:/devkitPro/libctru/lib\libsf2d.a(sf2d_draw.o)
                              gfx.o (sf2d_draw_line)
c:/devkitPro/libctru/lib\libsf2d.a(sf2d_private.o)
                              c:/devkitPro/libctru/lib\libsf2d.a(sf2d.o) (GPU_SetDummyTexEnv)
c:/devkitPro/libctru/lib\libsf2d.a(sf2d_texture.o)
                              c:/devkitPro/libctru/lib\libsfil.a(sfil_png.o) (sf2d_create_texture)
c:/devkitPro/libctru/lib\libsf2d.a(shader.vsh.o)
                              c:/devkitPro/libctru/lib\libsf2d.a(sf2d.o) (shader_vsh_shbin_size)
c:/devkitPro/libctru/lib\libctru.a(linear.o)
                              c:/devkitPro/libctru/lib\libsf2d.a(sf2d_texture.o) (linearMemAlign)
c:/devkitPro/libctru/lib\libctru.a(mem_pool.o)
                              c:/devkitPro/libctru/lib\libctru.a(linear.o) (MemPool::Allocate(MemChunk&, unsigned long, int))
c:/devkitPro/libctru/lib\libctru.a(vram.o)
                              c:/devkitPro/libctru/lib\libsf2d.a(sf2d.o) (vramMemAlign)
c:/devkitPro/libctru/lib\libctru.a(gfx.o)
                              c:/devkitPro/libctru/lib\libsf2d.a(sf2d.o) (gfxSet3D)
c:/devkitPro/libctru/lib\libctru.a(os.o)
                              c:/devkitPro/libctru/lib\libsf2d.a(sf2d.o) (osConvertVirtToPhys)
c:/devkitPro/libctru/lib\libctru.a(gpu.o)
                              c:/devkitPro/libctru/lib\libsf2d.a(sf2d.o) (GPU_Init)
c:/devkitPro/libctru/lib\libctru.a(gpuResetSequence.o)
[...]
Memory Configuration

Name             Origin             Length             Attributes
*default*        0x00000000         0xffffffff

Linker script and memory map

                0x00100000                . = 0x100000
                0x00100000                __start__ = .

.text           0x00100000    0x5c52c
 *(.crt0)
 .crt0          0x00100000       0x94 c:/devkitpro/devkitarm/bin/../lib/gcc/arm-none-eabi/4.9.2/../../../../arm-none-eabi/lib/armv6k/fpu/3dsx_crt0.o
                0x00100000                _start
                0x00100008                __service_ptr
                0x0010000c                __apt_appid
                0x00100010                __heap_size
                0x00100014                __linear_heap_size
                0x00100018                __system_arglist
                0x0010001c                __system_runflags
 *(.init)
 .init          0x00100094        0xc c:/devkitpro/devkitarm/bin/../lib/gcc/arm-none-eabi/4.9.2/armv6k/fpu/crti.o
                0x00100094                _init
 .init          0x001000a0        0xc c:/devkitpro/devkitarm/bin/../lib/gcc/arm-none-eabi/4.9.2/armv6k/fpu/crtn.o
                0x001000ac                . = ALIGN (0x4)
 *(.text)
 .text          0x001000ac        0x0 c:/devkitpro/devkitarm/bin/../lib/gcc/arm-none-eabi/4.9.2/../../../../arm-none-eabi/lib/armv6k/fpu/3dsx_crt0.o
 .text          0x001000ac        0x0 c:/devkitpro/devkitarm/bin/../lib/gcc/arm-none-eabi/4.9.2/armv6k/fpu/crti.o
 .text          0x001000ac      0x108 c:/devkitpro/devkitarm/bin/../lib/gcc/arm-none-eabi/4.9.2/armv6k/fpu/crtbegin.o
 .text          0x001001b4        0x0 0.bin.o
 .text          0x001001b4        0x0 1.bin.o
 .text          0x001001b4        0x0 2.bin.o
 .text          0x001001b4        0x0 3.bin.o
 .text          0x001001b4        0x0 4.bin.o
 .text          0x001001b4        0x0 5.bin.o
 .text          0x001001b4        0x0 6.bin.o
 .text          0x001001b4        0x0 7.bin.o
 .text          0x001001b4        0x0 8.bin.o
 .text          0x001001b4        0x0 9.bin.o
 .text          0x001001b4        0x0 bg.bin.o
 .text          0x001001b4        0x0 immut_numbers.bin.o
 .text          0x001001b4        0x0 mut_numbers.bin.o
 .text          0x001001b4        0x0 selector.bin.o
 .text          0x001001b4      0x340 gfx.o
                0x001001b4                SudokuGFX_init
                0x00100224                sudoku_gfx_free
                0x00100244                draw_background
                0x00100254                draw_victory
                0x00100290                draw_sudoku
                0x001003dc                draw_selector
                0x00100450                draw
 .text          0x001004f4        0x0 main.o
 .text          0x001004f4      0x164 mylib.o
                0x001004f4                emalloc
                0x00100528                erealloc
                0x0010055c                rand_lim
                0x0010058c                mod
                0x001005a8                itoa
 .text          0x00100658      0x804 sudoku.o
                0x00100658                sudoku_new
                0x001006c4                sudoku_free
                0x001006d4                sudoku_print
                0x0010074c                sudoku_default
                0x00100840                sudoku_delete_space
                0x001008bc                sudoku_flip_vert
                0x00100938                sudoku_flip_hori
                0x001009b0                sudoku_flip_dia1
                0x00100a2c                sudoku_flip_dia2
                0x00100a94                sudoku_transform
                0x00100b28                check_horizontals
                0x00100bf8                check_verticals
                0x00100ccc                check_boxes
                0x00100e1c                check_all
 .text          0x00100e5c      0x2e4 sudokucontroller.o
                0x00100eb0                check_input
                0x00100fdc                update_victory_state
                0x00101000                update_sudoku_input
                0x00101010                update_state
                0x00101058                initialize_game
                0x00101114                sudoku_control_free
 .text          0x00101140      0x3e8 c:/devkitPro/libctru/lib\libsfil.a(sfil_png.o)
                0x00101440                sfil_load_PNG_file
                0x001014dc                sfil_load_PNG_buffer
 .text          0x00101528     0x6ce0 c:/devkitPro/portlibs/armv6k/lib\libpng.a(png.o)
                0x00101528                png_zalloc
                0x00101580                png_zfree
                0x00101e80                png_set_sig_bytes
                0x00101eb4                png_sig_cmp
                0x00101f24                png_reset_crc
                0x00101f44                png_calculate_crc
                0x00101f98                png_user_version_check
                0x00102098                png_create_png_struct
                0x001021ac                png_create_info_struct
                0x001021ec                png_destroy_info_struct
                0x00102574                png_info_init_3
                0x001025d0                png_data_freer
                0x0010261c                png_free_data
                0x0010262c                png_get_io_ptr
                0x00102638                png_init_io
                0x00102644                png_save_int_32
                0x00102664                png_convert_to_rfc1123_buffer
                0x00102848                png_convert_to_rfc1123
                0x00102a3c                png_get_copyright
                0x00102a48                png_get_libpng_ver
                0x00102a54                png_get_header_ver
                0x00102a60                png_get_header_version
                0x00102a6c                png_build_grayscale_palette
                0x00102acc                png_handle_as_unknown
                0x00102b40                png_chunk_unknown_handling
                0x00102bd0                png_reset_zstream
                0x00102be8                png_access_version_number
                0x00102bf4                png_zstream_error
                0x00102cd8                png_colorspace_set_gamma
                0x00102e48                png_colorspace_sync_info
                0x00102eb8                png_colorspace_sync
                0x00102f40                png_colorspace_set_sRGB
                0x001031c4                png_icc_check_length
                0x0010335c                png_icc_check_header
                0x001036b8                png_icc_check_tag_table
                0x001037f0                png_icc_set_sRGB
                0x00103a44                png_colorspace_set_ICC
                0x00103e1c                png_colorspace_set_rgb_coefficients
                0x001040c4                png_check_IHDR
                0x0010437c                png_check_fp_number
                0x00104614                png_check_fp_string
                0x001048d4                png_ascii_from_fp
                0x00105200                png_ascii_from_fixed
                0x00105630                png_fixed
                0x001056b8                png_muldiv
                0x00105770                png_muldiv_warn
                0x0010582c                png_reciprocal
                0x001058b8                png_colorspace_set_endpoints
                0x001068b8                png_colorspace_set_chromaticities
                0x0010738c                png_gamma_significant
                0x001073ac                png_reciprocal2
                0x00107468                png_gamma_8bit_correct
                0x001074f0                png_gamma_16bit_correct
                0x00107584                png_gamma_correct
                0x00107694                png_destroy_gamma_table
                0x001077c8                png_build_gamma_table
                0x00108104                png_set_option
                0x00108164                png_image_free
                0x001081a0                png_image_error
 .text          0x00108208     0x1a6c c:/devkitPro/portlibs/armv6k/lib\libpng.a(pngerror.o)
                0x00108474                png_safecat
                0x001084e8                png_format_number
                0x00108654                png_warning
                0x0010879c                png_warning_parameter
                0x00108818                png_warning_parameter_unsigned
                0x001088ac                png_warning_parameter_signed
                0x00108978                png_formatted_warning
                0x00108c50                png_chunk_warning
                0x00108dfc                png_free_jmpbuf
                0x00108e8c                png_longjmp
                0x00108eb8                png_error
                0x00108f18                png_app_warning
                0x00109070                png_app_error
                0x001091c8                png_chunk_error
                0x001091f4                png_chunk_benign_error
                0x00109398                png_benign_error
                0x00109668                png_fixed_error
                0x001096e8                png_set_longjmp_fn
                0x001097cc                png_chunk_report
                0x00109aa4                png_set_error_fn
                0x00109ab8                png_get_error_ptr
                0x00109ac4                png_safe_error
                0x00109b68                png_safe_warning
                0x00109bdc                png_safe_execute
 *fill*         0x00109c74        0x4 
 .text          0x00109c78     0x12d0 c:/devkitPro/portlibs/armv6k/lib\libpng.a(pngget.o)
                0x00109c78                png_get_valid
                0x00109c94                png_get_rowbytes
                0x00109cac                png_get_rows
                0x00109cc4                png_get_image_width
                0x00109cdc                png_get_image_height
                0x00109cf4                png_get_bit_depth
                0x00109d0c                png_get_color_type
                0x00109d24                png_get_filter_type
                0x00109d3c                png_get_interlace_type
                0x00109d54                png_get_compression_type
                0x00109d6c                png_get_x_pixels_per_meter
                0x00109da0                png_get_y_pixels_per_meter
                0x00109dd4                png_get_pixels_per_meter
                0x00109e20                png_get_pixel_aspect_ratio
                0x00109e68                png_get_pixel_aspect_ratio_fixed
                0x00109ef8                png_get_x_offset_microns
                0x00109f2c                png_get_y_offset_microns
                0x00109f60                png_get_x_offset_pixels
                0x00109f94                png_get_y_offset_pixels
                0x00109fc8                png_get_pixels_per_inch
                0x0010a054                png_get_x_pixels_per_inch
                0x0010a0d0                png_get_y_pixels_per_inch
                0x0010a14c                png_get_x_offset_inches_fixed
                0x0010a19c                png_get_y_offset_inches_fixed
                0x0010a1ec                png_get_x_offset_inches
                0x0010a23c                png_get_y_offset_inches
                0x0010a28c                png_get_pHYs_dpi
                0x0010a358                png_get_channels
                0x0010a370                png_get_signature
                0x0010a388                png_get_bKGD
                0x0010a3c4                png_get_cHRM
                0x0010a4d8                png_get_cHRM_XYZ
                0x0010a608                png_get_cHRM_XYZ_fixed
                0x0010a6e0                png_get_cHRM_fixed
                0x0010a7a4                png_get_gAMA_fixed
                0x0010a7dc                png_get_gAMA
                0x0010a830                png_get_sRGB
                0x0010a86c                png_get_iCCP
                0x0010a910                png_get_sPLT
                0x0010a940                png_get_hIST
                0x0010a97c                png_get_IHDR
                0x0010aa38                png_get_oFFs
                0x0010aaa4                png_get_pCAL
                0x0010ab74                png_get_sCAL_fixed
                0x0010abfc                png_get_sCAL
                0x0010ac54                png_get_sCAL_s
                0x0010ac98                png_get_pHYs
                0x0010acf8                png_get_PLTE
                0x0010ad3c                png_get_sBIT
                0x0010ad78                png_get_text
                0x0010adc0                png_get_tIME
                0x0010adfc                png_get_tRNS
                0x0010ae8c                png_get_unknown_chunks
                0x0010aebc                png_get_rgb_to_gray_status
                0x0010aec8                png_get_user_chunk_ptr
                0x0010aed4                png_get_compression_buffer_size
                0x0010aef0                png_get_user_width_max
                0x0010aefc                png_get_user_height_max
                0x0010af08                png_get_chunk_cache_max
                0x0010af14                png_get_chunk_malloc_max
                0x0010af20                png_get_io_state
                0x0010af28                png_get_io_chunk_type
                0x0010af30                png_get_palette_max
 .text          0x0010af48      0x3ec c:/devkitPro/portlibs/armv6k/lib\libpng.a(pngmem.o)
                0x0010af48                png_destroy_png_struct
                0x0010afb0                png_calloc
                0x0010b028                png_malloc_base
                0x0010b058                png_malloc_array
                0x0010b0d4                png_realloc_array
                0x0010b1dc                png_malloc
                0x0010b238                png_malloc_default
                0x0010b278                png_malloc_warn
                0x0010b2dc                png_free
                0x0010b300                png_free_default
                0x0010b314                png_set_mem_fn
                0x0010b328                png_get_mem_ptr
 .text          0x0010b334     0x7704 c:/devkitPro/portlibs/armv6k/lib\libpng.a(pngread.o)
                0x00110f8c                png_create_read_struct
                0x00110fe4                png_create_read_struct_2
                0x00111040                png_read_info
                0x00111050                png_read_update_info
                0x00111094                png_start_read_image
                0x001110b8                png_read_row
                0x00111410                png_read_rows
                0x00111804                png_read_image
                0x00111ba0                png_read_end
                0x00112030                png_destroy_read_struct
                0x001122b4                png_set_read_status_fn
                0x001122c0                png_read_png
                0x00112578                png_image_begin_read_from_stdio
                0x00112728                png_image_begin_read_from_file
                0x001127f0                png_image_begin_read_from_memory
                0x0011288c                png_image_finish_read
 .text          0x00112a38       0xac c:/devkitPro/portlibs/armv6k/lib\libpng.a(pngrio.o)
                0x00112a38                png_default_read_data
                0x00112a74                png_read_data
                0x00112a94                png_set_read_fn
 *fill*         0x00112ae4        0x4 
 .text          0x00112ae8     0x6020 c:/devkitPro/portlibs/armv6k/lib\libpng.a(pngrtran.o)
                0x00113e34                png_set_crc_action
                0x00113f10                png_set_background_fixed
                0x00113fc8                png_set_background
                0x001140a0                png_set_scale_16
                0x001140d8                png_set_strip_16
                0x00114110                png_set_strip_alpha
                0x00114148                png_set_alpha_mode_fixed
                0x00114344                png_set_alpha_mode
                0x001145f4                png_set_quantize
                0x00114e9c                png_set_gamma_fixed
                0x00114fa4                png_set_gamma
                0x001151d8                png_set_expand
                0x00115214                png_set_palette_to_rgb
                0x00115250                png_set_expand_gray_1_2_4_to_8
                0x00115288                png_set_tRNS_to_alpha
                0x001152c4                png_set_expand_16
                0x00115300                png_set_gray_to_rgb
                0x00115338                png_set_rgb_to_gray_fixed
                0x00115490                png_set_rgb_to_gray
                0x00115634                png_set_read_user_transform_fn
                0x00115648                png_init_read_transformations
                0x00116330                png_read_transform_info
                0x00116620                png_do_read_transformations
 .text          0x00118b08     0x524c c:/devkitPro/portlibs/armv6k/lib\libpng.a(pngrutil.o)
                0x00119740                png_get_uint_31
                0x0011977c                png_get_uint_32
                0x001197a0                png_get_int_32
                0x001197c4                png_get_uint_16
                0x001197d8                png_read_sig
                0x00119884                png_read_chunk_header
                0x001199f4                png_crc_read
                0x00119a24                png_crc_finish
                0x00119ba4                png_crc_error
                0x00119c44                png_handle_IHDR
                0x00119dbc                png_handle_PLTE
                0x00119fdc                png_handle_IEND
                0x0011a030                png_handle_gAMA
                0x0011a114                png_handle_sBIT
                0x0011a328                png_handle_cHRM
                0x0011a5e8                png_handle_sRGB
                0x0011a6f0                png_handle_iCCP
                0x0011acd4                png_handle_sPLT
                0x0011aff4                png_handle_tRNS
                0x0011b230                png_handle_bKGD
                0x0011b460                png_handle_hIST
                0x0011b598                png_handle_pHYs
                0x0011b6d4                png_handle_oFFs
                0x0011b824                png_handle_pCAL
                0x0011bb94                png_handle_sCAL
                0x0011be1c                png_handle_tIME
                0x0011bf30                png_handle_tEXt
                0x0011c0f0                png_handle_zTXt
                0x0011c344                png_handle_iTXt
                0x0011c6ac                png_handle_unknown
                0x0011ca04                png_check_chunk_name
                0x0011cacc                png_combine_row
                0x0011cfbc                png_do_read_interlace
                0x0011d448                png_read_filter_row
                0x0011d4d0                png_read_IDAT_data
                0x0011d84c                png_read_finish_IDAT
                0x0011d8c4                png_read_finish_row
                0x0011da14                png_read_start_row
 .text          0x0011dd54     0x1e70 c:/devkitPro/portlibs/armv6k/lib\libpng.a(pngset.o)
                0x0011e0b4                png_set_bKGD
                0x0011e100                png_set_cHRM_fixed
                0x0011e190                png_set_cHRM_XYZ_fixed
                0x0011e228                png_set_cHRM
                0x0011e37c                png_set_cHRM_XYZ
                0x0011e4d8                png_set_gAMA_fixed
                0x0011e508                png_set_gAMA
                0x0011e54c                png_set_hIST
                0x0011e5f8                png_set_IHDR
                0x0011e6d4                png_set_oFFs
                0x0011e700                png_set_pCAL
                0x0011e980                png_set_sCAL_s
                0x0011eae4                png_set_sCAL
                0x0011ecb0                png_set_sCAL_fixed
                0x0011ee60                png_set_pHYs
                0x0011ee8c                png_set_PLTE
                0x0011ef90                png_set_sBIT
                0x0011efd4                png_set_sRGB
                0x0011f004                png_set_sRGB_gAMA_and_cHRM
                0x0011f044                png_set_iCCP
                0x0011f198                png_set_text
                0x0011f1dc                png_set_text_2
                0x0011f214                png_set_tIME
                0x0011f2b4                png_set_tRNS
                0x0011f3f4                png_set_sPLT
                0x0011f564                png_set_unknown_chunks
                0x0011f6f4                png_set_unknown_chunk_location
                0x0011f7a0                png_permit_mng_features
                0x0011f7b4                png_set_keep_unknown_chunks
                0x0011fa68                png_set_read_user_chunk_fn
                0x0011fa78                png_set_rows
                0x0011fad4                png_set_compression_buffer_size
                0x0011fb58                png_set_invalid
                0x0011fb70                png_set_user_limits
                0x0011fb80                png_set_chunk_cache_max
                0x0011fb8c                png_set_chunk_malloc_max
                0x0011fb98                png_set_benign_errors
                0x0011fbb0                png_set_check_for_invalid_index
 .text          0x0011fbc4      0xa8c c:/devkitPro/portlibs/armv6k/lib\libpng.a(pngtrans.o)
                0x0011fbc4                png_set_bgr
                0x0011fbd8                png_set_swap
                0x0011fbf8                png_set_packing
                0x0011fc20                png_set_packswap
                0x0011fc40                png_set_shift
                0x0011fc68                png_set_interlace_handling
                0x0011fc98                png_set_filler
                0x0011fd20                png_set_add_alpha
                0x0011fdc8                png_set_swap_alpha
                0x0011fddc                png_set_invert_alpha
                0x0011fdf0                png_set_invert_mono
                0x0011fe04                png_do_invert
                0x0011fff4                png_do_swap
                0x00120040                png_do_packswap
                0x001200ac                png_do_strip_channel
                0x001202d8                png_do_bgr
                0x00120414                png_do_check_palette_indexes
                0x001205e0                png_set_user_transform_info
                0x00120624                png_get_user_transform_ptr
                0x00120630                png_get_current_row_number
                0x00120640                png_get_current_pass_number
 .text          0x00120650     0x37ac c:/devkitPro/portlibs/armv6k/lib\libpng.a(pngwrite.o)
                0x00120c64                png_write_info_before_PLTE
                0x001212a4                png_write_info
                0x001212b4                png_write_end
                0x00121500                png_convert_from_struct_tm
                0x00121540                png_convert_from_time_t
                0x001215a0                png_create_write_struct
                0x0012162c                png_create_write_struct_2
                0x001216bc                png_write_rows
                0x00121a8c                png_write_image
                0x00121e6c                png_write_row
                0x00122914                png_set_flush
                0x00122924                png_write_flush
                0x00122968                png_destroy_write_struct
                0x00122a18                png_set_filter
                0x001233b4                png_set_filter_heuristics
                0x001233b8                png_set_filter_heuristics_fixed
                0x001233bc                png_set_compression_level
                0x001233c8                png_set_compression_mem_level
                0x001233d4                png_set_compression_strategy
                0x001233ec                png_set_compression_window_bits
                0x00123440                png_set_compression_method
                0x00123470                png_set_text_compression_level
                0x0012347c                png_set_text_compression_mem_level
                0x00123488                png_set_text_compression_strategy
                0x00123494                png_set_text_compression_window_bits
                0x001234e8                png_set_text_compression_method
                0x00123518                png_set_write_status_fn
                0x00123524                png_set_write_user_transform_fn
                0x0012353c                png_write_png
                0x00123a6c                png_image_write_to_stdio
                0x00123cbc                png_image_write_to_file
 .text          0x00123dfc      0x778 c:/devkitPro/portlibs/armv6k/lib\libpng.a(pngwtran.o)
                0x00123dfc                png_do_write_transformations
 .text          0x00124574     0x4094 c:/devkitPro/portlibs/armv6k/lib\libpng.a(pngwutil.o)
                0x00124f28                png_save_uint_32
                0x00124f48                png_save_uint_16
                0x00124f58                png_write_sig
                0x00124fb4                png_write_chunk_start
                0x00125060                png_write_chunk_data
                0x0012509c                png_write_chunk_end
                0x001250e8                png_write_chunk
                0x00125214                png_free_buffer_list
                0x0012524c                png_write_IHDR
                0x001255e4                png_write_PLTE
                0x0012577c                png_compress_IDAT
                0x00125bb8                png_write_IEND
                0x00125c80                png_write_gAMA_fixed
                0x00125d80                png_write_sRGB
                0x00125e88                png_write_iCCP
                0x001260f0                png_write_sPLT
                0x00126340                png_write_sBIT
                0x00126448                png_write_cHRM_fixed
                0x0012659c                png_write_tRNS
                0x00126774                png_write_bKGD
                0x00126974                png_write_hIST
                0x00126ab0                png_write_tEXt
                0x00126c60                png_write_zTXt
                0x00126ea8                png_write_iTXt
                0x00127270                png_write_oFFs
                0x00127398                png_write_pCAL
                0x001276a8                png_write_sCAL_s
                0x0012774c                png_write_pHYs
                0x00127898                png_write_tIME
                0x00127934                png_write_start_row
                0x00127a88                png_write_finish_row
                0x00127bc8                png_do_write_interlace
                0x00127e38                png_write_find_filter
 .text          0x00128608       0xd8 c:/devkitPro/portlibs/armv6k/lib\libpng.a(pngwio.o)
                0x00128608                png_default_write_data
                0x00128644                png_default_flush
                0x00128654                png_write_data
                0x00128674                png_flush
                0x00128684                png_set_write_fn
 .text          0x001286e0      0x5c0 c:/devkitPro/portlibs/armv6k/lib\libz.a(adler32.o)
                0x001286e0                adler32
                0x00128b28                adler32_combine
                0x00128be4                adler32_combine64
 .text          0x00128ca0      0x5d8 c:/devkitPro/portlibs/armv6k/lib\libz.a(crc32.o)
                0x00128eb4                get_crc_table
                0x00128ec0                crc32
                0x00129270                crc32_combine
                0x00129274                crc32_combine64
 .text          0x00129278     0x40e0 c:/devkitPro/portlibs/armv6k/lib\libz.a(deflate.o)
                0x0012a8f4                deflateSetDictionary
                0x0012ab0c                deflateResetKeep
                0x0012abe4                deflateReset
                0x0012ad4c                deflateSetHeader
                0x0012ad80                deflatePending
                0x0012adcc                deflatePrime
                0x0012ae74                deflateTune
                0x0012aeac                deflateBound
                0x0012afc0                deflate
                0x0012c810                deflateParams
                0x0012c92c                deflateEnd
                0x0012ca4c                deflateInit2_
                0x0012ce14                deflateInit_
                0x0012d154                deflateCopy
 .text          0x0012d358     0x2c58 c:/devkitPro/portlibs/armv6k/lib\libz.a(inflate.o)
                0x0012d358                inflateResetKeep
                0x0012d3e8                inflateReset
                0x0012d484                inflateReset2
                0x0012d5a4                inflateInit2_
                0x0012d72c                inflateInit_
                0x0012d890                inflatePrime
                0x0012d908                inflate
                0x0012f7a4                inflateEnd
                0x0012f808                inflateGetDictionary
                0x0012f8a0                inflateSetDictionary
                0x0012fa48                inflateGetHeader
                0x0012fa84                inflateSync
                0x0012fd3c                inflateSyncPoint
                0x0012fd7c                inflateCopy
                0x0012ff28                inflateUndermine
                0x0012ff58                inflateMark
 .text          0x0012ffb0      0xbf4 c:/devkitPro/portlibs/armv6k/lib\libz.a(inftrees.o)
                0x0012ffb0                inflate_table
 .text          0x00130ba4     0x257c c:/devkitPro/portlibs/armv6k/lib\libz.a(trees.o)
                0x001320d4                _tr_init
                0x001321a0                _tr_stored_block
                0x00132334                _tr_flush_bits
                0x001323d0                _tr_align
                0x00132554                _tr_flush_block
                0x00133068                _tr_tally
 .text          0x00133120       0x38 c:/devkitPro/portlibs/armv6k/lib\libz.a(zutil.o)
                0x00133120                zlibVersion
                0x0013312c                zlibCompileFlags
                0x00133134                zError
                0x00133148                zcalloc
                0x00133150                zcfree
 .text          0x00133158      0xbe4 c:/devkitPro/portlibs/armv6k/lib\libz.a(inffast.o)
                0x00133158                inflate_fast
 .text          0x00133d3c      0x75c c:/devkitPro/libctru/lib\libsf2d.a(sf2d.o)
                0x00133f54                sf2d_init
                0x00133f7c                sf2d_init_advanced
                0x00133f9c                sf2d_fini
                0x00134000                sf2d_set_3D
                0x0013400c                sf2d_start_frame
                0x0013419c                sf2d_end_frame
                0x001342b4                sf2d_swapbuffers
                0x00134364                sf2d_set_vblank_wait
                0x00134374                sf2d_get_fps
                0x00134384                sf2d_pool_malloc
                0x001343b0                sf2d_pool_memalign
                0x001343f0                sf2d_pool_space_free
                0x00134408                sf2d_pool_reset
                0x0013441c                sf2d_set_clear_color
                0x0013442c                sf2d_set_scissor_test
                0x00134478                sf2d_get_current_screen
                0x00134488                sf2d_get_current_side
 .text          0x00134498      0x7cc c:/devkitPro/libctru/lib\libsf2d.a(sf2d_draw.o)
                0x00134498                sf2d_draw_line
                0x00134670                sf2d_draw_rectangle
                0x00134828                sf2d_draw_rectangle_rotate
                0x00134a7c                sf2d_draw_fill_circle
 .text          0x00134c64      0x4f8 c:/devkitPro/libctru/lib\libsf2d.a(sf2d_private.o)
                0x00134c64                GPU_SetDummyTexEnv
                0x00134c98                vector_mult_matrix4x4
                0x00134d1c                matrix_gpu_set_uniform
                0x00134d6c                matrix_copy
                0x00134da8                matrix_identity4x4
                0x00134df4                matrix_mult4x4
                0x00134e68                matrix_set_z_rotation
                0x00134edc                matrix_rotate_z
                0x00134f3c                matrix_set_scaling
                0x00134f88                matrix_swap_xy
                0x00135028                matrix_init_orthographic
                0x0013513c                next_pow2
 .text          0x0013515c     0x2114 c:/devkitPro/libctru/lib\libsf2d.a(sf2d_texture.o)
                0x00135280                sf2d_create_texture
                0x0013546c                sf2d_free_texture
                0x001354bc                sf2d_fill_texture_from_RGBA8
                0x00135574                sf2d_create_texture_mem_RGBA8
                0x001355b8                sf2d_bind_texture
                0x00135630                sf2d_bind_texture_color
                0x001356b0                sf2d_bind_texture_parameters
                0x00135728                sf2d_draw_texture
                0x00135868                sf2d_draw_texture_blend
                0x001359ac                sf2d_draw_texture_rotate_hotspot
                0x00135b5c                sf2d_draw_texture_rotate_hotspot_blend
                0x00135d10                sf2d_draw_texture_rotate
                0x00135ed4                sf2d_draw_texture_rotate_blend
                0x0013609c                sf2d_draw_texture_part
                0x00136218                sf2d_draw_texture_part_blend
                0x00136398                sf2d_draw_texture_scale
                0x00136500                sf2d_draw_texture_scale_blend
                0x0013666c                sf2d_draw_texture_part_scale
                0x001367c0                sf2d_draw_texture_part_scale_blend
                0x00136918                sf2d_draw_texture_part_rotate_scale
                0x00136b30                sf2d_draw_texture_part_rotate_scale_blend
                0x00136d4c                sf2d_draw_texture_depth
                0x00136eac                sf2d_draw_texture_depth_blend
                0x00137010                sf2d_draw_quad_uv
                0x0013713c                sf2d_set_pixel
                0x001371d0                sf2d_get_pixel
                0x00137260                sf2d_texture_tile32
 .text          0x00137270        0x0 c:/devkitPro/libctru/lib\libsf2d.a(shader.vsh.o)
 .text          0x00137270      0x1d4 c:/devkitPro/libctru/lib\libctru.a(linear.o)
                0x00137298                linearMemAlign
                0x001373d8                linearAlloc
                0x001373e0                linearRealloc
                0x001373e8                linearFree
                0x00137438                linearSpaceFree
 .text          0x00137444      0x35c c:/devkitPro/libctru/lib\libctru.a(mem_pool.o)
                0x00137444                MemPool::CoalesceRight(MemBlock*)
                0x001374e4                MemPool::Allocate(MemChunk&, unsigned long, int)
                0x0013766c                MemPool::Deallocate(MemChunk const&)
                0x00137770                MemPool::GetFreeSpace()
 .text          0x001377a0      0x1c4 c:/devkitPro/libctru/lib\libctru.a(vram.o)
                0x001377c8                vramMemAlign
                0x001378f8                vramAlloc
                0x00137900                vramRealloc
                0x00137908                vramFree
                0x00137958                vramSpaceFree
 .text          0x00137964      0x72c c:/devkitPro/libctru/lib\libctru.a(gfx.o)
                0x001379f0                gfxSet3D
                0x00137a00                gfxSetScreenFormat
                0x00137a18                gfxGetScreenFormat
                0x00137a30                gfxSetDoubleBuffering
                0x00137a44                gfxSetFramebufferInfo
                0x00137ab4                gfxWriteFramebufferInfo
                0x00137b78                gfxInit
                0x00137d58                gfxInitDefault
                0x00137d68                gfxExit
                0x00137e34                gfxGetFramebuffer
                0x00137ee4                gfxFlushBuffers
                0x00137fc0                gfxSwapBuffers
                0x00138034                gfxSwapBuffersGpu
 .text          0x00138090      0x288 c:/devkitPro/libctru/lib\libctru.a(os.o)
                0x001380e8                osConvertVirtToPhys
                0x00138134                osConvertOldLINEARMemToNew
                0x00138154                __libctru_gtod
                0x0013824c                osGetTime
                0x001382c0                osGetFirmVersion
                0x001382d4                osGetKernelVersion
                0x001382e8                osStrError
                0x00138308                osGetWifiStrength
 .text          0x00138318     0x1a58 c:/devkitPro/libctru/lib\libctru.a(gpu.o)
                0x00138398                GPU_Init
                0x001383c4                GPUCMD_SetBuffer
                0x001383f0                GPUCMD_SetBufferOffset
                0x00138400                GPUCMD_GetBuffer
                0x00138440                GPUCMD_AddRawCommands
                0x0013848c                GPUCMD_Run
                0x001384ec                GPUCMD_FlushAndRun
                0x00138560                GPUCMD_Add
                0x00138644                GPUCMD_Finalize
                0x001386dc                GPU_Reset
                0x00138ebc                GPU_SetFloatUniform
                0x00138f34                GPU_SetViewport
                0x00139128                GPU_SetScissorTest
                0x00139174                GPU_DepthMap
                0x001391f0                GPU_SetAlphaTest
                0x00139228                GPU_SetStencilTest
                0x00139270                GPU_SetStencilOp
                0x001392a4                GPU_SetDepthTestAndWriteMask
                0x001392dc                GPU_SetAlphaBlending
                0x00139344                GPU_SetColorLogicOp
                0x00139388                GPU_SetBlendingColor
                0x001393c4                GPU_SetTextureEnable
                0x00139410                GPU_SetTexture
                0x001395a8                GPU_SetTextureBorderColor
                0x0013963c                GPU_SetAttributeBuffers
                0x00139838                GPU_SetAttributeBuffersAddress
                0x00139864                GPU_SetFaceCulling
                0x00139890                GPU_SetCombinerBufferWrite
                0x001398c4                GPU_SetTexEnv
                0x0013993c                GPU_DrawArray
                0x00139a6c                GPU_DrawElements
                0x00139ba0                GPU_FinishDrawing
                0x00139bfc                GPU_SetShaderOutmap
                0x00139c44                GPU_SendShaderCode
                0x00139cfc                GPU_SendOperandDescriptors
 .text          0x00139d70        0x0 c:/devkitPro/libctru/lib\libctru.a(gpuResetSequence.o)
 .text          0x00139d70      0x7f4 c:/devkitPro/libctru/lib\libctru.a(shaderProgram.o)
                0x00139d70                shaderInstanceInit
                0x00139f78                shaderInstanceFree
                0x00139fb0                shaderInstanceSetBool
                0x00139ff0                shaderInstanceGetBool
                0x0013a03c                shaderInstanceGetUniformLocation
                0x0013a05c                shaderProgramInit
                0x0013a074                shaderProgramFree
                0x0013a0a4                shaderProgramSetVsh
                0x0013a110                shaderProgramSetGsh
                0x0013a184                shaderProgramUse
 .text          0x0013a564      0x348 c:/devkitPro/libctru/lib\libctru.a(shbin.o)
                0x0013a564                DVLB_Free
                0x0013a5a0                DVLE_GetUniformRegister
                0x0013a61c                DVLE_GenerateOutmap
                0x0013a714                DVLB_ParseFile
 .text          0x0013a8ac     0x1d4c c:/devkitPro/libctru/lib\libctru.a(apt.o)
                0x0013a910                _aptDebug
                0x0013a914                aptInitCaptureInfo
                0x0013a9c4                aptWaitStatusEvent
                0x0013a9ec                aptHook
                0x0013aa24                aptUnhook
                0x0013aa50                aptGetStatus
                0x0013aa88                aptSetStatus
                0x0013aaec                aptGetStatusPower
                0x0013ab24                aptSetStatusPower
                0x0013ab5c                aptOpenSession
                0x0013ab80                aptCloseSession
                0x0013aba8                aptSignalReadyForSleep
                0x0013abb8                APT_GetLockHandle
                0x0013ac08                APT_Initialize
                0x0013ac70                APT_Finalize
                0x0013acac                APT_HardwareResetAsync
                0x0013ace0                APT_Enable
                0x0013ad1c                APT_GetAppletManInfo
                0x0013ad9c                aptGetMenuAppID
                0x0013add8                APT_GetAppletProgramInfo
                0x0013ae2c                APT_IsRegistered
                0x0013ae7c                APT_InquireNotification
                0x0013aecc                APT_PrepareToJumpToHomeMenu
                0x0013af00                APT_JumpToHomeMenu
                0x0013af50                APT_PrepareToJumpToApplication
                0x0013af8c                APT_JumpToApplication
                0x0013afdc                APT_NotifyToWait
                0x0013b018                APT_AppletUtility
                0x0013b0a0                aptAppletUtility_Exit_RetToApp
                0x0013b1c0                aptAppletClosed
                0x0013b2fc                aptInit
                0x0013b4b4                APT_GlanceParameter
                0x0013b528                APT_ReceiveParameter
                0x0013b59c                APT_SendParameter
                0x0013b60c                APT_SendCaptureBufferInfo
                0x0013b658                aptReturnToMenu
                0x0013b82c                APT_ReplySleepQuery
                0x0013b86c                APT_ReplySleepNotificationComplete
                0x0013b8a8                aptEventHandler
                0x0013bbb4                APT_PrepareToCloseApplication
                0x0013bbf0                APT_CloseApplication
                0x0013bc48                aptExit
                0x0013be34                APT_SetAppCpuTimeLimit
                0x0013be78                APT_GetAppCpuTimeLimit
                0x0013becc                APT_CheckNew3DS_Application
                0x0013bf28                APT_CheckNew3DS_System
                0x0013bf84                APT_CheckNew3DS
                0x0013bff8                APT_PrepareToDoAppJump
                0x0013c044                APT_DoAppJump
                0x0013c0ac                APT_PrepareToStartLibraryApplet
                0x0013c0e8                APT_StartLibraryApplet
                0x0013c148                aptAppletStarted
                0x0013c24c                aptMainLoop
                0x0013c3c4                APT_LaunchLibraryApplet
                0x0013c55c                APT_PrepareToStartSystemApplet
                0x0013c598                APT_StartSystemApplet
 .text          0x0013c5f8      0x8a0 c:/devkitPro/libctru/lib\libctru.a(gsp.o)
                0x0013c6dc                gspInit
                0x0013c6f0                gspExit
                0x0013c708                gspInitEventHandler
                0x0013c7d4                gspExitEventHandler
                0x0013c82c                gspWaitForEvent
                0x0013c884                GSPGPU_WriteHWRegs
                0x0013c8f4                GSPGPU_WriteHWRegsWithMask
                0x0013c980                GSPGPU_ReadHWRegs
                0x0013c9f0                GSPGPU_SetBufferSwap
                0x0013ca64                GSPGPU_FlushDataCache
                0x0013cab8                GSPGPU_InvalidateDataCache
                0x0013cb0c                GSPGPU_SetLcdForceBlack
                0x0013cb48                GSPGPU_TriggerCmdReqQueue
                0x0013cb7c                GSPGPU_RegisterInterruptRelayQueue
                0x0013cbe8                GSPGPU_UnregisterInterruptRelayQueue
                0x0013cc1c                GSPGPU_AcquireRight
                0x0013cc6c                GSPGPU_ReleaseRight
                0x0013cca0                GSPGPU_ImportDisplayCaptureInfo
                0x0013cd24                GSPGPU_SaveVramSysArea
                0x0013cd58                GSPGPU_RestoreVramSysArea
                0x0013cd8c                GSPGPU_SubmitGxCommand
 .text          0x0013ce98      0x264 c:/devkitPro/libctru/lib\libctru.a(gx.o)
                0x0013ce98                GX_RequestDma
                0x0013ceec                GX_SetCommandList_Last
                0x0013cf54                GX_SetMemoryFill
                0x0013cfc8                GX_SetDisplayTransfer
                0x0013d02c                GX_SetTextureCopy
                0x0013d094                GX_SetCommandList_First
 .text          0x0013d0fc      0x708 c:/devkitPro/libctru/lib\libctru.a(hid.o)
                0x0013d0fc                hidExit
                0x0013d1a0                hidWaitForEvent
                0x0013d1f8                hidCheckSectionUpdateTime
                0x0013d234                hidScanInput
                0x0013d47c                hidKeysHeld
                0x0013d48c                hidKeysDown
                0x0013d49c                hidKeysUp
                0x0013d4ac                hidTouchRead
                0x0013d4c4                hidCircleRead
                0x0013d4dc                hidAccelRead
                0x0013d4fc                hidGyroRead
                0x0013d51c                HIDUSER_GetHandles
                0x0013d5ac                hidInit
                0x0013d6e0                HIDUSER_EnableAccelerometer
                0x0013d70c                HIDUSER_DisableAccelerometer
                0x0013d738                HIDUSER_EnableGyroscope
                0x0013d764                HIDUSER_DisableGyroscope
                0x0013d790                HIDUSER_GetGyroscopeRawToDpsCoefficient
                0x0013d7cc                HIDUSER_GetSoundVolume
 .text          0x0013d804      0x388 c:/devkitPro/libctru/lib\libctru.a(irrst.o)
                0x0013d804                irrstWaitForEvent
                0x0013d850                irrstCheckSectionUpdateTime
                0x0013d88c                irrstScanInput
                0x0013d940                irrstKeysHeld
                0x0013d958                irrstCstickRead
                0x0013d970                IRRST_GetHandles
                0x0013d9c0                IRRST_Initialize
                0x0013d9f8                irrstInit
                0x0013dadc                IRRST_Shutdown
                0x0013db08                irrstExit
 .text          0x0013db8c       0x70 c:/devkitPro/libctru/lib\libctru.a(rbtree_find.o)
                0x0013db8c                rbtree_find
 .text          0x0013dbfc       0x14 c:/devkitPro/libctru/lib\libctru.a(rbtree_init.o)
                0x0013dbfc                rbtree_init
 .text          0x0013dc10      0x1f4 c:/devkitPro/libctru/lib\libctru.a(rbtree_insert.o)
                0x0013ddf4                rbtree_insert
                0x0013ddfc                rbtree_insert_multi
 .text          0x0013de04      0x340 c:/devkitPro/libctru/lib\libctru.a(rbtree_remove.o)
                0x0013de04                rbtree_remove
 .text          0x0013e144       0xac c:/devkitPro/libctru/lib\libctru.a(rbtree_rotate.o)
                0x0013e144                rbtree_rotate
 .text          0x0013e1f0       0xa4 c:/devkitPro/libctru/lib\libctru.a(allocateHeaps.o)
                0x0013e1f0                __system_allocateHeaps
 .text          0x0013e294       0xf4 c:/devkitPro/libctru/lib\libctru.a(initArgv.o)
                0x0013e294                __system_initArgv
 .text          0x0013e388       0x4c c:/devkitPro/libctru/lib\libctru.a(initSystem.o)
                0x0013e388                __libctru_init
 *fill*         0x0013e3d4        0xc 
 .text          0x0013e3e0      0x460 c:/devkitPro/libctru/lib\libctru.a(svc.o)
                0x0013e3e0                svcControlMemory
                0x0013e400                svcQueryMemory
                0x0013e430                svcExitProcess
                0x0013e438                svcCreateThread
                0x0013e458                svcExitThread
                0x0013e460                svcSleepThread
                0x0013e468                svcGetThreadPriority
                0x0013e47c                svcSetThreadPriority
                0x0013e484                svcGetThreadAffinityMask
                0x0013e48c                svcSetThreadAffinityMask
                0x0013e494                svcGetThreadIdealProcessor
                0x0013e4a8                svcSetThreadIdealProcessor
                0x0013e4b0                svcGetProcessorID
                0x0013e4b8                svcCreateMutex
                0x0013e4cc                svcReleaseMutex
                0x0013e4d4                svcCreateSemaphore
                0x0013e4e8                svcReleaseSemaphore
                0x0013e4fc                svcCreateEvent
                0x0013e510                svcSignalEvent
                0x0013e518                svcClearEvent
                0x0013e520                svcCreateTimer
                0x0013e534                svcSetTimer
                0x0013e53c                svcCancelTimer
                0x0013e544                svcClearTimer
                0x0013e54c                svcCreateMemoryBlock
                0x0013e564                svcMapMemoryBlock
                0x0013e56c                svcUnmapMemoryBlock
                0x0013e574                svcCreateAddressArbiter
                0x0013e588                svcArbitrateAddress
                0x0013e5a8                svcCloseHandle
                0x0013e5b0                svcWaitSynchronization
                0x0013e5b8                svcWaitSynchronizationN
                0x0013e5e0                svcDuplicateHandle
                0x0013e5f4                svcGetSystemTick
                0x0013e5fc                svcGetSystemInfo
                0x0013e614                svcGetProcessInfo
                0x0013e62c                svcGetThreadInfo
                0x0013e644                svcConnectToPort
                0x0013e658                svcSendSyncRequest
                0x0013e660                svcOpenProcess
                0x0013e674                svcOpenThread
                0x0013e688                svcGetProcessId
                0x0013e69c                svcGetProcessIdOfThread
                0x0013e6b0                svcGetThreadId
                0x0013e6c4                svcBreak
                0x0013e6cc                svcOutputDebugString
                0x0013e6d4                svcCreatePort
                0x0013e6f4                svcAcceptSession
                0x0013e70c                svcReplyAndReceive
                0x0013e724                svcInvalidateProcessDataCache
                0x0013e72c                svcFlushProcessDataCache
                0x0013e734                svcStartInterProcessDma
                0x0013e754                svcStopDma
                0x0013e75c                svcGetDmaState
                0x0013e770                svcDebugActiveProcess
                0x0013e784                svcBreakDebugProcess
                0x0013e78c                svcTerminateDebugProcess
                0x0013e794                svcGetProcessDebugEvent
                0x0013e79c                svcContinueDebugEvent
                0x0013e7a4                svcGetProcessList
                0x0013e7c4                svcReadProcessMemory
                0x0013e7cc                svcWriteProcessMemory
                0x0013e7d4                svcControlProcessMemory
                0x0013e7ec                svcMapProcessMemory
                0x0013e7f4                svcUnmapProcessMemory
                0x0013e7fc                svcTerminateProcess
                0x0013e804                svcBackdoor
                0x0013e80c                svcKernelSetState
                0x0013e814                svcQueryProcessMemory
 .text          0x0013e840       0x64 c:/devkitPro/libctru/lib\libctru.a(stack_adjust.o)
                0x0013e840                initSystem
                0x0013e884                __ctru_exit
 .text          0x0013e8a4      0x3b8 c:/devkitPro/libctru/lib\libctru.a(srv.o)
                0x0013e8a4                __get_handle_from_list
                0x0013e93c                __destroy_handle_list
                0x0013e990                srvExit
                0x0013e9b8                srvGetSessionHandle
                0x0013e9c4                srvRegisterClient
                0x0013e9fc                srvInit
                0x0013ea64                srvGetServiceHandle
                0x0013eae4                srvRegisterService
                0x0013eb40                srvUnregisterService
                0x0013eb8c                srvPmInit
                0x0013ebe0                srvRegisterProcess
                0x0013ec28                srvUnregisterProcess
 .text          0x0013ec5c      0x118 c:/devkitPro/libctru/lib\libctru.a(rbtree_iterator.o)
                0x0013ec5c                rbtree_node_next
                0x0013ece8                rbtree_node_prev
 .text          0x0013ed74       0x1c c:/devkitPro/libctru/lib\libctru.a(appExit.o)
                0x0013ed74                __appExit
 .text          0x0013ed90       0x20 c:/devkitPro/libctru/lib\libctru.a(appInit.o)
                0x0013ed90                __appInit
 .text          0x0013edb0       0x90 c:/devkitPro/libctru/lib\libctru.a(ctru_exit.o)
                0x0013edb0                __libctru_exit
 .text          0x0013ee40      0xffc c:/devkitPro/libctru/lib\libctru.a(sdmc_dev.o)
                0x0013fcbc                sdmcInit
                0x0013fdec                sdmcExit
 .text          0x0013fe3c      0xc88 c:/devkitPro/libctru/lib\libctru.a(fs.o)
                0x0013fe3c                FS_makePath
                0x0013fe68                fsExit
                0x0013fe8c                fsGetSessionHandle
                0x0013fe98                FSUSER_Initialize
                0x0013ff0c                fsInit
                0x0013ff78                FSUSER_OpenFile
                0x00140024                FSUSER_OpenFileDirectly
                0x001400f0                FSUSER_DeleteFile
                0x00140178                FSUSER_RenameFile
                0x0014023c                FSUSER_DeleteDirectory
                0x001402c4                FSUSER_DeleteDirectoryRecursively
                0x0014034c                FSUSER_CreateFile
                0x001403e4                FSUSER_CreateDirectory
                0x00140470                FSUSER_RenameDirectory
                0x00140534                FSUSER_OpenDirectory
                0x001405c8                FSUSER_OpenArchive
                0x00140650                FSUSER_CloseArchive
                0x001406a8                FSUSER_GetSdmcArchiveResource
                0x00140724                FSUSER_GetNandArchiveResource
                0x001407a0                FSUSER_IsSdmcDetected
                0x001407ec                FSUSER_IsSdmcWritable
                0x00140838                FSFILE_Close
                0x0014087c                FSFILE_Read
                0x001408d8                FSFILE_Write
                0x0014093c                FSFILE_GetSize
                0x0014097c                FSFILE_SetSize
                0x001409a8                FSFILE_GetAttributes
                0x001409e0                FSFILE_SetAttributes
                0x00140a08                FSFILE_Flush
                0x00140a2c                FSDIR_Read
                0x00140a80                FSDIR_Close
 .text          0x00140ac4      0x138 c:/devkitPro/libctru/lib\libctru.a(decode_utf8.o)
                0x00140ac4                decode_utf8
 .text          0x00140bfc       0xe8 c:/devkitPro/libctru/lib\libctru.a(utf16_to_utf8.o)
                0x00140bfc                utf16_to_utf8
 .text          0x00140ce4       0xb8 c:/devkitPro/libctru/lib\libctru.a(utf8_to_utf16.o)
                0x00140ce4                utf8_to_utf16
 .text          0x00140d9c       0x60 c:/devkitPro/libctru/lib\libctru.a(decode_utf16.o)
                0x00140d9c                decode_utf16
 .text          0x00140dfc       0x68 c:/devkitPro/libctru/lib\libctru.a(encode_utf16.o)
                0x00140dfc                encode_utf16
 .text          0x00140e64      0x104 c:/devkitPro/libctru/lib\libctru.a(encode_utf8.o)
                0x00140e64                encode_utf8
 .text          0x00140f68        0x0 c:/devkitpro/devkitarm/bin/../lib/gcc/arm-none-eabi/4.9.2/../../../../arm-none-eabi/lib/armv6k/fpu\libm.a(lib_a-sf_cos.o)
 .text          0x00140f68        0x0 c:/devkitpro/devkitarm/bin/../lib/gcc/arm-none-eabi/4.9.2/../../../../arm-none-eabi/lib/armv6k/fpu\libm.a(lib_a-s_floor.o)
 .text          0x00140f68        0x0 c:/devkitpro/devkitarm/bin/../lib/gcc/arm-none-eabi/4.9.2/../../../../arm-none-eabi/lib/armv6k/fpu\libm.a(lib_a-s_frexp.o)
 .text          0x00140f68        0x0 c:/devkitpro/devkitarm/bin/../lib/gcc/arm-none-eabi/4.9.2/../../../../arm-none-eabi/lib/armv6k/fpu\libm.a(lib_a-sf_sin.o)
 .text          0x00140f68        0x0 c:/devkitpro/devkitarm/bin/../lib/gcc/arm-none-eabi/4.9.2/../../../../arm-none-eabi/lib/armv6k/fpu\libm.a(lib_a-s_modf.o)
 .text          0x00140f68        0x0 c:/devkitpro/devkitarm/bin/../lib/gcc/arm-none-eabi/4.9.2/../../../../arm-none-eabi/lib/armv6k/fpu\libm.a(lib_a-w_pow.o)
 .text          0x00140f68        0x0 c:/devkitpro/devkitarm/bin/../lib/gcc/arm-none-eabi/4.9.2/../../../../arm-none-eabi/lib/armv6k/fpu\libm.a(lib_a-ef_rem_pio2.o)
 .text          0x00140f68        0x0 c:/devkitpro/devkitarm/bin/../lib/gcc/arm-none-eabi/4.9.2/../../../../arm-none-eabi/lib/armv6k/fpu\libm.a(lib_a-e_pow.o)
 .text          0x00140f68        0x0 c:/devkitpro/devkitarm/bin/../lib/gcc/arm-none-eabi/4.9.2/../../../../arm-none-eabi/lib/armv6k/fpu\libm.a(lib_a-e_sqrt.o)
 .text          0x00140f68        0x0 c:/devkitpro/devkitarm/bin/../lib/gcc/arm-none-eabi/4.9.2/../../../../arm-none-eabi/lib/armv6k/fpu\libm.a(lib_a-kf_cos.o)
 .text          0x00140f68        0x0 c:/devkitpro/devkitarm/bin/../lib/gcc/arm-none-eabi/4.9.2/../../../../arm-none-eabi/lib/armv6k/fpu\libm.a(lib_a-kf_rem_pio2.o)
 .text          0x00140f68        0x0 c:/devkitpro/devkitarm/bin/../lib/gcc/arm-none-eabi/4.9.2/../../../../arm-none-eabi/lib/armv6k/fpu\libm.a(lib_a-kf_sin.o)
 .text          0x00140f68        0x0 c:/devkitpro/devkitarm/bin/../lib/gcc/arm-none-eabi/4.9.2/../../../../arm-none-eabi/lib/armv6k/fpu\libm.a(lib_a-s_fabs.o)
 .text          0x00140f68        0x0 c:/devkitpro/devkitarm/bin/../lib/gcc/arm-none-eabi/4.9.2/../../../../arm-none-eabi/lib/armv6k/fpu\libm.a(lib_a-sf_fabs.o)
 .text          0x00140f68        0x0 c:/devkitpro/devkitarm/bin/../lib/gcc/arm-none-eabi/4.9.2/../../../../arm-none-eabi/lib/armv6k/fpu\libm.a(lib_a-sf_floor.o)
 .text          0x00140f68        0x0 c:/devkitpro/devkitarm/bin/../lib/gcc/arm-none-eabi/4.9.2/../../../../arm-none-eabi/lib/armv6k/fpu\libm.a(lib_a-s_finite.o)
 .text          0x00140f68        0x0 c:/devkitpro/devkitarm/bin/../lib/gcc/arm-none-eabi/4.9.2/../../../../arm-none-eabi/lib/armv6k/fpu\libm.a(lib_a-s_fpclassify.o)
 .text          0x00140f68        0x0 c:/devkitpro/devkitarm/bin/../lib/gcc/arm-none-eabi/4.9.2/../../../../arm-none-eabi/lib/armv6k/fpu\libm.a(lib_a-sf_scalbn.o)
 .text          0x00140f68        0x0 c:/devkitpro/devkitarm/bin/../lib/gcc/arm-none-eabi/4.9.2/../../../../arm-none-eabi/lib/armv6k/fpu\libm.a(lib_a-s_lib_ver.o)
 .text          0x00140f68        0x0 c:/devkitpro/devkitarm/bin/../lib/gcc/arm-none-eabi/4.9.2/../../../../arm-none-eabi/lib/armv6k/fpu\libm.a(lib_a-s_matherr.o)
 .text          0x00140f68        0x0 c:/devkitpro/devkitarm/bin/../lib/gcc/arm-none-eabi/4.9.2/../../../../arm-none-eabi/lib/armv6k/fpu\libm.a(lib_a-s_nan.o)
 .text          0x00140f68        0x0 c:/devkitpro/devkitarm/bin/../lib/gcc/arm-none-eabi/4.9.2/../../../../arm-none-eabi/lib/armv6k/fpu\libm.a(lib_a-s_rint.o)
 .text          0x00140f68        0x0 c:/devkitpro/devkitarm/bin/../lib/gcc/arm-none-eabi/4.9.2/../../../../arm-none-eabi/lib/armv6k/fpu\libm.a(lib_a-s_scalbn.o)
 .text          0x00140f68        0x0 c:/devkitpro/devkitarm/bin/../lib/gcc/arm-none-eabi/4.9.2/../../../../arm-none-eabi/lib/armv6k/fpu\libm.a(lib_a-s_copysign.o)
 .text          0x00140f68        0x0 c:/devkitpro/devkitarm/bin/../lib/gcc/arm-none-eabi/4.9.2/../../../../arm-none-eabi/lib/armv6k/fpu\libm.a(lib_a-sf_copysign.o)
 .text          0x00140f68      0x20c c:/devkitpro/devkitarm/bin/../lib/gcc/arm-none-eabi/4.9.2/armv6k/fpu\libgcc.a(_udivsi3.o)
                0x00140f68                __aeabi_uidiv
                0x00140f68                __udivsi3
                0x00141154                __aeabi_uidivmod
 .text          0x00141174      0x240 c:/devkitpro/devkitarm/bin/../lib/gcc/arm-none-eabi/4.9.2/armv6k/fpu\libgcc.a(_divsi3.o)
                0x00141174                __divsi3
                0x00141174                __aeabi_idiv
                0x00141394                __aeabi_idivmod
 .text          0x001413b4        0x4 c:/devkitpro/devkitarm/bin/../lib/gcc/arm-none-eabi/4.9.2/armv6k/fpu\libgcc.a(_dvmd_tls.o)
                0x001413b4                __aeabi_idiv0
                0x001413b4                __aeabi_ldiv0
 .text          0x001413b8      0x250 c:/devkitpro/devkitarm/bin/../lib/gcc/arm-none-eabi/4.9.2/armv6k/fpu\libgcc.a(_arm_addsubsf3.o)
                0x001413b8                __aeabi_frsub
                0x001413c0                __subsf3
                0x001413c0                __aeabi_fsub
                0x001413c4                __aeabi_fadd
                0x001413c4                __addsf3
                0x00141554                __aeabi_ui2f
                0x00141554                __floatunsisf
                0x0014155c                __aeabi_i2f
                0x0014155c                __floatsisf
                0x0014157c                __aeabi_ul2f
                0x0014157c                __floatundisf
                0x0014158c                __aeabi_l2f
                0x0014158c                __floatdisf
 .text          0x00141608        0x0 c:/devkitpro/devkitarm/bin/../lib/gcc/arm-none-eabi/4.9.2/../../../../arm-none-eabi/lib/armv6k/fpu\libg.a(lib_a-abort.o)
 .text          0x00141608        0x0 c:/devkitpro/devkitarm/bin/../lib/gcc/arm-none-eabi/4.9.2/../../../../arm-none-eabi/lib/armv6k/fpu\libg.a(lib_a-atof.o)
 .text          0x00141608        0x0 c:/devkitpro/devkitarm/bin/../lib/gcc/arm-none-eabi/4.9.2/../../../../arm-none-eabi/lib/armv6k/fpu\libg.a(lib_a-bsearch.o)
 .text          0x00141608        0x0 c:/devkitpro/devkitarm/bin/../lib/gcc/arm-none-eabi/4.9.2/../../../../arm-none-eabi/lib/armv6k/fpu\libg.a(lib_a-errno.o)
 .text          0x00141608        0x0 c:/devkitpro/devkitarm/bin/../lib/gcc/arm-none-eabi/4.9.2/../../../../arm-none-eabi/lib/armv6k/fpu\libg.a(lib_a-exit.o)
 .text          0x00141608        0x0 c:/devkitpro/devkitarm/bin/../lib/gcc/arm-none-eabi/4.9.2/../../../../arm-none-eabi/lib/armv6k/fpu\libg.a(lib_a-fclose.o)
 .text          0x00141608        0x0 c:/devkitpro/devkitarm/bin/../lib/gcc/arm-none-eabi/4.9.2/../../../../arm-none-eabi/lib/armv6k/fpu\libg.a(lib_a-fflush.o)
 .text          0x00141608        0x0 c:/devkitpro/devkitarm/bin/../lib/gcc/arm-none-eabi/4.9.2/../../../../arm-none-eabi/lib/armv6k/fpu\libg.a(lib_a-findfp.o)
 .text          0x00141608        0x0 c:/devkitpro/devkitarm/bin/../lib/gcc/arm-none-eabi/4.9.2/../../../../arm-none-eabi/lib/armv6k/fpu\libg.a(lib_a-fini.o)
 .text          0x00141608        0x0 c:/devkitpro/devkitarm/bin/../lib/gcc/arm-none-eabi/4.9.2/../../../../arm-none-eabi/lib/armv6k/fpu\libg.a(lib_a-fopen.o)
 .text          0x00141608        0x0 c:/devkitpro/devkitarm/bin/../lib/gcc/arm-none-eabi/4.9.2/../../../../arm-none-eabi/lib/armv6k/fpu\libg.a(lib_a-fprintf.o)
 .text          0x00141608        0x0 c:/devkitpro/devkitarm/bin/../lib/gcc/arm-none-eabi/4.9.2/../../../../arm-none-eabi/lib/armv6k/fpu\libg.a(lib_a-fputc.o)
 .text          0x00141608        0x0 c:/devkitpro/devkitarm/bin/../lib/gcc/arm-none-eabi/4.9.2/../../../../arm-none-eabi/lib/armv6k/fpu\libg.a(lib_a-fread.o)
 .text          0x00141608        0x0 c:/devkitpro/devkitarm/bin/../lib/gcc/arm-none-eabi/4.9.2/../../../../arm-none-eabi/lib/armv6k/fpu\libg.a(lib_a-freer.o)
 .text          0x00141608        0x0 c:/devkitpro/devkitarm/bin/../lib/gcc/arm-none-eabi/4.9.2/../../../../arm-none-eabi/lib/armv6k/fpu\libg.a(lib_a-fseek.o)
 .text          0x00141608        0x0 c:/devkitpro/devkitarm/bin/../lib/gcc/arm-none-eabi/4.9.2/../../../../arm-none-eabi/lib/armv6k/fpu\libg.a(lib_a-fseeko.o)
 .text          0x00141608        0x0 c:/devkitpro/devkitarm/bin/../lib/gcc/arm-none-eabi/4.9.2/../../../../arm-none-eabi/lib/armv6k/fpu\libg.a(lib_a-fwalk.o)
 .text          0x00141608        0x0 c:/devkitpro/devkitarm/bin/../lib/gcc/arm-none-eabi/4.9.2/../../../../arm-none-eabi/lib/armv6k/fpu\libg.a(lib_a-fwrite.o)
 .text          0x00141608        0x0 c:/devkitpro/devkitarm/bin/../lib/gcc/arm-none-eabi/4.9.2/../../../../arm-none-eabi/lib/armv6k/fpu\libg.a(lib_a-gmtime.o)
 .text          0x00141608        0x0 c:/devkitpro/devkitarm/bin/../lib/gcc/arm-none-eabi/4.9.2/../../../../arm-none-eabi/lib/armv6k/fpu\libg.a(lib_a-gmtime_r.o)
 .text          0x00141608        0x0 c:/devkitpro/devkitarm/bin/../lib/gcc/arm-none-eabi/4.9.2/../../../../arm-none-eabi/lib/armv6k/fpu\libg.a(lib_a-impure.o)
 .text          0x00141608        0x0 c:/devkitpro/devkitarm/bin/../lib/gcc/arm-none-eabi/4.9.2/../../../../arm-none-eabi/lib/armv6k/fpu\libg.a(lib_a-init.o)
 .text          0x00141608        0x0 c:/devkitpro/devkitarm/bin/../lib/gcc/arm-none-eabi/4.9.2/../../../../arm-none-eabi/lib/armv6k/fpu\libg.a(lib_a-makebuf.o)
 .text          0x00141608        0x0 c:/devkitpro/devkitarm/bin/../lib/gcc/arm-none-eabi/4.9.2/../../../../arm-none-eabi/lib/armv6k/fpu\libg.a(lib_a-malloc.o)
 .text          0x00141608        0x0 c:/devkitpro/devkitarm/bin/../lib/gcc/arm-none-eabi/4.9.2/../../../../arm-none-eabi/lib/armv6k/fpu\libg.a(lib_a-mallocr.o)
 .text          0x00141608        0x0 c:/devkitpro/devkitarm/bin/../lib/gcc/arm-none-eabi/4.9.2/../../../../arm-none-eabi/lib/armv6k/fpu\libg.a(lib_a-memcmp.o)
 .text          0x00141608        0x0 c:/devkitpro/devkitarm/bin/../lib/gcc/arm-none-eabi/4.9.2/../../../../arm-none-eabi/lib/armv6k/fpu\libg.a(lib_a-memcpy.o)
 .text          0x00141608        0x0 c:/devkitpro/devkitarm/bin/../lib/gcc/arm-none-eabi/4.9.2/../../../../arm-none-eabi/lib/armv6k/fpu\libg.a(lib_a-memset.o)
 .text          0x00141608        0x0 c:/devkitpro/devkitarm/bin/../lib/gcc/arm-none-eabi/4.9.2/../../../../arm-none-eabi/lib/armv6k/fpu\libg.a(lib_a-mlock.o)
 .text          0x00141608        0x0 c:/devkitpro/devkitarm/bin/../lib/gcc/arm-none-eabi/4.9.2/../../../../arm-none-eabi/lib/armv6k/fpu\libg.a(lib_a-month_lengths.o)
 .text          0x00141608        0x0 c:/devkitpro/devkitarm/bin/../lib/gcc/arm-none-eabi/4.9.2/../../../../arm-none-eabi/lib/armv6k/fpu\libg.a(lib_a-printf.o)
 .text          0x00141608        0x0 c:/devkitpro/devkitarm/bin/../lib/gcc/arm-none-eabi/4.9.2/../../../../arm-none-eabi/lib/armv6k/fpu\libg.a(lib_a-putchar.o)
 .text          0x00141608        0x0 c:/devkitpro/devkitarm/bin/../lib/gcc/arm-none-eabi/4.9.2/../../../../arm-none-eabi/lib/armv6k/fpu\libg.a(lib_a-putc.o)
 .text          0x00141608        0x0 c:/devkitpro/devkitarm/bin/../lib/gcc/arm-none-eabi/4.9.2/../../../../arm-none-eabi/lib/armv6k/fpu\libg.a(lib_a-rand.o)
 .text          0x00141608        0x0 c:/devkitpro/devkitarm/bin/../lib/gcc/arm-none-eabi/4.9.2/../../../../arm-none-eabi/lib/armv6k/fpu\libg.a(lib_a-realloc.o)
 .text          0x00141608        0x0 c:/devkitpro/devkitarm/bin/../lib/gcc/arm-none-eabi/4.9.2/../../../../arm-none-eabi/lib/armv6k/fpu\libg.a(lib_a-reallocr.o)
 .text          0x00141608        0x0 c:/devkitpro/devkitarm/bin/../lib/gcc/arm-none-eabi/4.9.2/../../../../arm-none-eabi/lib/armv6k/fpu\libg.a(lib_a-refill.o)
 .text          0x00141608        0x0 c:/devkitpro/devkitarm/bin/../lib/gcc/arm-none-eabi/4.9.2/../../../../arm-none-eabi/lib/armv6k/fpu\libg.a(lib_a-remove.o)
 .text          0x00141608       0x2c c:/devkitpro/devkitarm/bin/../lib/gcc/arm-none-eabi/4.9.2/../../../../arm-none-eabi/lib/armv6k/fpu\libg.a(lib_a-setjmp.o)
                0x00141608                setjmp
                0x0014161c                longjmp
 .text          0x00141634        0x0 c:/devkitpro/devkitarm/bin/../lib/gcc/arm-none-eabi/4.9.2/../../../../arm-none-eabi/lib/armv6k/fpu\libg.a(lib_a-signal.o)
 .text          0x00141634        0x0 c:/devkitpro/devkitarm/bin/../lib/gcc/arm-none-eabi/4.9.2/../../../../arm-none-eabi/lib/armv6k/fpu\libg.a(lib_a-stdio.o)
 *fill*         0x00141634        0xc 
 .text          0x00141640      0x3a0 c:/devkitpro/devkitarm/bin/../lib/gcc/arm-none-eabi/4.9.2/../../../../arm-none-eabi/lib/armv6k/fpu\libg.a(lib_a-strcmp.o)
                0x00141648                strcmp
 .text          0x001419e0        0x0 c:/devkitpro/devkitarm/bin/../lib/gcc/arm-none-eabi/4.9.2/../../../../arm-none-eabi/lib/armv6k/fpu\libg.a(lib_a-strcpy.o)
 .text          0x001419e0        0x0 c:/devkitpro/devkitarm/bin/../lib/gcc/arm-none-eabi/4.9.2/../../../../arm-none-eabi/lib/armv6k/fpu\libg.a(lib_a-strerror.o)
 .text          0x001419e0        0x0 c:/devkitpro/devkitarm/bin/../lib/gcc/arm-none-eabi/4.9.2/../../../../arm-none-eabi/lib/armv6k/fpu\libg.a(lib_a-strlen.o)
 .text          0x001419e0        0x0 c:/devkitpro/devkitarm/bin/../lib/gcc/arm-none-eabi/4.9.2/../../../../arm-none-eabi/lib/armv6k/fpu\libg.a(lib_a-strncat.o)
 .text          0x001419e0        0x0 c:/devkitpro/devkitarm/bin/../lib/gcc/arm-none-eabi/4.9.2/../../../../arm-none-eabi/lib/armv6k/fpu\libg.a(lib_a-strncpy.o)
 .text          0x001419e0        0x0 c:/devkitpro/devkitarm/bin/../lib/gcc/arm-none-eabi/4.9.2/../../../../arm-none-eabi/lib/armv6k/fpu\libg.a(lib_a-strtod.o)
 .text          0x001419e0        0x0 c:/devkitpro/devkitarm/bin/../lib/gcc/arm-none-eabi/4.9.2/../../../../arm-none-eabi/lib/armv6k/fpu\libg.a(lib_a-time.o)
 .text          0x001419e0        0x0 c:/devkitpro/devkitarm/bin/../lib/gcc/arm-none-eabi/4.9.2/../../../../arm-none-eabi/lib/armv6k/fpu\libg.a(lib_a-u_strerr.o)
 .text          0x001419e0        0x0 c:/devkitpro/devkitarm/bin/../lib/gcc/arm-none-eabi/4.9.2/../../../../arm-none-eabi/lib/armv6k/fpu\libg.a(lib_a-vfprintf.o)
 .text          0x001419e0        0x0 c:/devkitpro/devkitarm/bin/../lib/gcc/arm-none-eabi/4.9.2/../../../../arm-none-eabi/lib/armv6k/fpu\libg.a(lib_a-wbuf.o)
 .text          0x001419e0        0x0 c:/devkitpro/devkitarm/bin/../lib/gcc/arm-none-eabi/4.9.2/../../../../arm-none-eabi/lib/armv6k/fpu\libg.a(lib_a-wcrtomb.o)
 .text          0x001419e0        0x0 c:/devkitpro/devkitarm/bin/../lib/gcc/arm-none-eabi/4.9.2/../../../../arm-none-eabi/lib/armv6k/fpu\libg.a(lib_a-wcsrtombs.o)
 .text          0x001419e0        0x0 c:/devkitpro/devkitarm/bin/../lib/gcc/arm-none-eabi/4.9.2/../../../../arm-none-eabi/lib/armv6k/fpu\libg.a(lib_a-wctomb_r.o)
 .text          0x001419e0        0x0 c:/devkitpro/devkitarm/bin/../lib/gcc/arm-none-eabi/4.9.2/../../../../arm-none-eabi/lib/armv6k/fpu\libg.a(lib_a-wsetup.o)
 .text          0x001419e0        0x0 c:/devkitpro/devkitarm/bin/../lib/gcc/arm-none-eabi/4.9.2/../../../../arm-none-eabi/lib/armv6k/fpu\libg.a(lib_a-__call_atexit.o)
 .text          0x001419e0        0x0 c:/devkitpro/devkitarm/bin/../lib/gcc/arm-none-eabi/4.9.2/../../../../arm-none-eabi/lib/armv6k/fpu\libg.a(lib_a-dtoa.o)
 .text          0x001419e0        0x0 c:/devkitpro/devkitarm/bin/../lib/gcc/arm-none-eabi/4.9.2/../../../../arm-none-eabi/lib/armv6k/fpu\libg.a(lib_a-flags.o)
 .text          0x001419e0        0x0 c:/devkitpro/devkitarm/bin/../lib/gcc/arm-none-eabi/4.9.2/../../../../arm-none-eabi/lib/armv6k/fpu\libg.a(lib_a-fvwrite.o)
 .text          0x001419e0        0x0 c:/devkitpro/devkitarm/bin/../lib/gcc/arm-none-eabi/4.9.2/../../../../arm-none-eabi/lib/armv6k/fpu\libg.a(lib_a-gdtoa-gethex.o)
 .text          0x001419e0        0x0 c:/devkitpro/devkitarm/bin/../lib/gcc/arm-none-eabi/4.9.2/../../../../arm-none-eabi/lib/armv6k/fpu\libg.a(lib_a-gdtoa-hexnan.o)
 .text          0x001419e0        0x0 c:/devkitpro/devkitarm/bin/../lib/gcc/arm-none-eabi/4.9.2/../../../../arm-none-eabi/lib/armv6k/fpu\libg.a(lib_a-locale.o)
 .text          0x001419e0        0x0 c:/devkitpro/devkitarm/bin/../lib/gcc/arm-none-eabi/4.9.2/../../../../arm-none-eabi/lib/armv6k/fpu\libg.a(lib_a-mbtowc_r.o)
 .text          0x001419e0        0x0 c:/devkitpro/devkitarm/bin/../lib/gcc/arm-none-eabi/4.9.2/../../../../arm-none-eabi/lib/armv6k/fpu\libg.a(lib_a-memchr.o)
 .text          0x001419e0        0x0 c:/devkitpro/devkitarm/bin/../lib/gcc/arm-none-eabi/4.9.2/../../../../arm-none-eabi/lib/armv6k/fpu\libg.a(lib_a-memmove.o)
 .text          0x001419e0        0x0 c:/devkitpro/devkitarm/bin/../lib/gcc/arm-none-eabi/4.9.2/../../../../arm-none-eabi/lib/armv6k/fpu\libg.a(lib_a-mprec.o)
 .text          0x001419e0        0x0 c:/devkitpro/devkitarm/bin/../lib/gcc/arm-none-eabi/4.9.2/../../../../arm-none-eabi/lib/armv6k/fpu\libg.a(lib_a-sf_nan.o)
 .text          0x001419e0        0x0 c:/devkitpro/devkitarm/bin/../lib/gcc/arm-none-eabi/4.9.2/../../../../arm-none-eabi/lib/armv6k/fpu\libg.a(lib_a-strcasecmp.o)
 .text          0x001419e0        0x0 c:/devkitpro/devkitarm/bin/../lib/gcc/arm-none-eabi/4.9.2/../../../../arm-none-eabi/lib/armv6k/fpu\libg.a(lib_a-strcat.o)
 .text          0x001419e0        0x0 c:/devkitpro/devkitarm/bin/../lib/gcc/arm-none-eabi/4.9.2/../../../../arm-none-eabi/lib/armv6k/fpu\libg.a(lib_a-strchr.o)
 .text          0x001419e0        0x0 c:/devkitpro/devkitarm/bin/../lib/gcc/arm-none-eabi/4.9.2/../../../../arm-none-eabi/lib/armv6k/fpu\libg.a(lib_a-strlcpy.o)
 .text          0x001419e0        0x0 c:/devkitpro/devkitarm/bin/../lib/gcc/arm-none-eabi/4.9.2/../../../../arm-none-eabi/lib/armv6k/fpu\libg.a(lib_a-strncasecmp.o)
 .text          0x001419e0        0x0 c:/devkitpro/devkitarm/bin/../lib/gcc/arm-none-eabi/4.9.2/../../../../arm-none-eabi/lib/armv6k/fpu\libg.a(lib_a-strncmp.o)
 .text          0x001419e0        0x0 c:/devkitpro/devkitarm/bin/../lib/gcc/arm-none-eabi/4.9.2/../../../../arm-none-eabi/lib/armv6k/fpu\libg.a(lib_a-strtol.o)
 .text          0x001419e0        0x0 c:/devkitpro/devkitarm/bin/../lib/gcc/arm-none-eabi/4.9.2/../../../../arm-none-eabi/lib/armv6k/fpu\libg.a(lib_a-svfiprintf.o)
 .text          0x001419e0        0x0 c:/devkitpro/devkitarm/bin/../lib/gcc/arm-none-eabi/4.9.2/../../../../arm-none-eabi/lib/armv6k/fpu\libg.a(lib_a-vfiprintf.o)
 .text          0x001419e0        0x0 c:/devkitpro/devkitarm/bin/../lib/gcc/arm-none-eabi/4.9.2/../../../../arm-none-eabi/lib/armv6k/fpu\libg.a(lib_a-wcsnrtombs.o)
 .text          0x001419e0        0x0 c:/devkitpro/devkitarm/bin/../lib/gcc/arm-none-eabi/4.9.2/../../../../arm-none-eabi/lib/armv6k/fpu\libg.a(lib_a-callocr.o)
 .text          0x001419e0        0x0 c:/devkitpro/devkitarm/bin/../lib/gcc/arm-none-eabi/4.9.2/../../../../arm-none-eabi/lib/armv6k/fpu\libg.a(lib_a-ctype_.o)
 .text          0x001419e0        0x0 c:/devkitpro/devkitarm/bin/../lib/gcc/arm-none-eabi/4.9.2/../../../../arm-none-eabi/lib/armv6k/fpu\libg.a(lib_a-fputwc.o)
 .text          0x001419e0        0x0 c:/devkitpro/devkitarm/bin/../lib/gcc/arm-none-eabi/4.9.2/../../../../arm-none-eabi/lib/armv6k/fpu\libg.a(lib_a-getenv_r.o)
 .text          0x001419e0        0x0 c:/devkitpro/devkitarm/bin/../lib/gcc/arm-none-eabi/4.9.2/../../../../arm-none-eabi/lib/armv6k/fpu\libg.a(lib_a-environ.o)
 .text          0x001419e0        0x0 c:/devkitpro/devkitarm/bin/../lib/gcc/arm-none-eabi/4.9.2/../../../../arm-none-eabi/lib/armv6k/fpu\libg.a(lib_a-envlock.o)
 .text          0x001419e0      0x1a8 c:/devkitpro/devkitarm/bin/../lib/gcc/arm-none-eabi/4.9.2/../../../../arm-none-eabi/lib/armv6k/fpu\libsysbase.a(iosupport.o)
                0x001419e0                setDefaultDevice
                0x001419f8                FindDevice
                0x00141aa4                RemoveDevice
                0x00141ad0                AddDevice
                0x00141b64                GetDeviceOpTab
 .text          0x00141b88       0x7c c:/devkitpro/devkitarm/bin/../lib/gcc/arm-none-eabi/4.9.2/../../../../arm-none-eabi/lib/armv6k/fpu\libsysbase.a(close.o)
                0x00141b88                _close_r
 .text          0x00141c04       0x6c c:/devkitpro/devkitarm/bin/../lib/gcc/arm-none-eabi/4.9.2/../../../../arm-none-eabi/lib/armv6k/fpu\libsysbase.a(fstat.o)
                0x00141c04                _fstat_r
 .text          0x00141c70       0x10 c:/devkitpro/devkitarm/bin/../lib/gcc/arm-none-eabi/4.9.2/../../../../arm-none-eabi/lib/armv6k/fpu\libsysbase.a(getpid.o)
                0x00141c70                _getpid_r
 .text          0x00141c80       0x2c c:/devkitpro/devkitarm/bin/../lib/gcc/arm-none-eabi/4.9.2/../../../../arm-none-eabi/lib/armv6k/fpu\libsysbase.a(gettod.o)
                0x00141c80                _gettimeofday_r
 .text          0x00141cac        0x8 c:/devkitpro/devkitarm/bin/../lib/gcc/arm-none-eabi/4.9.2/../../../../arm-none-eabi/lib/armv6k/fpu\libsysbase.a(isatty.o)
                0x00141cac                _isatty_r
 .text          0x00141cb4       0x10 c:/devkitpro/devkitarm/bin/../lib/gcc/arm-none-eabi/4.9.2/../../../../arm-none-eabi/lib/armv6k/fpu\libsysbase.a(kill.o)
                0x00141cb4                _kill_r
 .text          0x00141cc4       0x74 c:/devkitpro/devkitarm/bin/../lib/gcc/arm-none-eabi/4.9.2/../../../../arm-none-eabi/lib/armv6k/fpu\libsysbase.a(lseek.o)
                0x00141cc4                _lseek_r
 .text          0x00141d38       0xc8 c:/devkitpro/devkitarm/bin/../lib/gcc/arm-none-eabi/4.9.2/../../../../arm-none-eabi/lib/armv6k/fpu\libsysbase.a(open.o)
                0x00141d38                _open_r
 .text          0x00141e00       0x74 c:/devkitpro/devkitarm/bin/../lib/gcc/arm-none-eabi/4.9.2/../../../../arm-none-eabi/lib/armv6k/fpu\libsysbase.a(read.o)
                0x00141e00                _read_r
 .text          0x00141e74       0x70 c:/devkitpro/devkitarm/bin/../lib/gcc/arm-none-eabi/4.9.2/../../../../arm-none-eabi/lib/armv6k/fpu\libsysbase.a(sbrk.o)
                0x00141e74                _sbrk_r
 .text          0x00141ee4       0x5c c:/devkitpro/devkitarm/bin/../lib/gcc/arm-none-eabi/4.9.2/../../../../arm-none-eabi/lib/armv6k/fpu\libsysbase.a(unlink.o)
                0x00141ee4                _unlink_r
 .text          0x00141f40       0x74 c:/devkitpro/devkitarm/bin/../lib/gcc/arm-none-eabi/4.9.2/../../../../arm-none-eabi/lib/armv6k/fpu\libsysbase.a(write.o)
                0x00141f40                _write_r
 .text          0x00141fb4       0x20 c:/devkitpro/devkitarm/bin/../lib/gcc/arm-none-eabi/4.9.2/../../../../arm-none-eabi/lib/armv6k/fpu\libsysbase.a(_exit.o)
                0x00141fb4                _exit
 .text          0x00141fd4        0x0 c:/devkitpro/devkitarm/bin/../lib/gcc/arm-none-eabi/4.9.2/../../../../arm-none-eabi/lib/armv6k/fpu\libsysbase.a(malloc_vars.o)
 .text          0x00141fd4      0x3a4 c:/devkitpro/devkitarm/bin/../lib/gcc/arm-none-eabi/4.9.2/../../../../arm-none-eabi/lib/armv6k/fpu\libsysbase.a(chdir.o)
                0x00141fd4                _concatenate_path
                0x00142190                chdir
                0x001422d8                getcwd
 .text          0x00142378        0x8 c:/devkitpro/devkitarm/bin/../lib/gcc/arm-none-eabi/4.9.2/../../../../arm-none-eabi/lib/armv6k/fpu\libsysbase.a(flock.o)
                0x00142378                __flockfile
                0x0014237c                __funlockfile
 .text          0x00142380      0x108 c:/devkitpro/devkitarm/bin/../lib/gcc/arm-none-eabi/4.9.2/../../../../arm-none-eabi/lib/armv6k/fpu\libsysbase.a(syscall_support.o)
                0x00142380                __libc_lock_init
                0x00142398                __libc_lock_acquire
                0x001423b0                __libc_lock_try_acquire
                0x001423d4                __libc_lock_release
                0x001423ec                __libc_lock_close
                0x00142404                __libc_lock_init_recursive
                0x0014241c                __libc_lock_acquire_recursive
                0x00142434                __libc_lock_try_acquire_recursive
                0x00142458                __libc_lock_release_recursive
                0x00142470                __libc_lock_close_recursive
 .text          0x00142488      0x254 c:/devkitpro/devkitarm/bin/../lib/gcc/arm-none-eabi/4.9.2/../../../../arm-none-eabi/lib/armv6k/fpu\libsysbase.a(handle_manager.o)
                0x00142488                __free_handle
                0x001424cc                __release_handle
                0x001424f8                __alloc_handle
                0x00142560                __get_handle
                0x0014257c                dup
                0x00142608                dup2
 .text          0x001426dc       0x28 c:/devkitpro/devkitarm/bin/../lib/gcc/arm-none-eabi/4.9.2/../../../../arm-none-eabi/lib/armv6k/fpu\libsysbase.a(getreent.o)
                0x001426dc                __getreent
 .text          0x00142704       0x3c c:/devkitpro/devkitarm/bin/../lib/gcc/arm-none-eabi/4.9.2/armv6k/fpu\libgcc.a(_aeabi_uldivmod.o)
                0x00142704                __aeabi_uldivmod
 .text          0x00142740       0x78 c:/devkitpro/devkitarm/bin/../lib/gcc/arm-none-eabi/4.9.2/armv6k/fpu\libgcc.a(bpabi.o)
                0x00142740                __gnu_ldivmod_helper
                0x0014277c                __gnu_uldivmod_helper
 .text          0x001427b8      0x180 c:/devkitpro/devkitarm/bin/../lib/gcc/arm-none-eabi/4.9.2/armv6k/fpu\libgcc.a(_divdi3.o)
                0x001427b8                __divdi3
 .text          0x00142938      0x124 c:/devkitpro/devkitarm/bin/../lib/gcc/arm-none-eabi/4.9.2/armv6k/fpu\libgcc.a(_udivdi3.o)
                0x00142938                __udivdi3
 .text          0x00142a5c        0x0 c:/devkitpro/devkitarm/bin/../lib/gcc/arm-none-eabi/4.9.2/../../../../arm-none-eabi/lib/armv6k/fpu\libg.a(lib_a-strnlen.o)
 .text          0x00142a5c        0x0 c:/devkitpro/devkitarm/bin/../lib/gcc/arm-none-eabi/4.9.2/../../../../arm-none-eabi/lib/armv6k/fpu\libg.a(lib_a-strrchr.o)
 .text          0x00142a5c        0x0 c:/devkitpro/devkitarm/bin/../lib/gcc/arm-none-eabi/4.9.2/armv6k/fpu/crtend.o
 .text          0x00142a5c        0x0 c:/devkitpro/devkitarm/bin/../lib/gcc/arm-none-eabi/4.9.2/armv6k/fpu/crtn.o
 *(.text.*)
 .text.startup  0x00142a5c       0x48 main.o
                0x00142a5c                main
 *fill*         0x00142aa4        0x4 
 .text.unlikely
                0x00142aa8      0x108 c:/devkitPro/portlibs/armv6k/lib\libpng.a(png.o)
 .text.cosf     0x00142bb0       0xa8 c:/devkitpro/devkitarm/bin/../lib/gcc/arm-none-eabi/4.9.2/../../../../arm-none-eabi/lib/armv6k/fpu\libm.a(lib_a-sf_cos.o)
                0x00142bb0                cosf
 .text.floor    0x00142c58      0x180 c:/devkitpro/devkitarm/bin/../lib/gcc/arm-none-eabi/4.9.2/../../../../arm-none-eabi/lib/armv6k/fpu\libm.a(lib_a-s_floor.o)
                0x00142c58                floor
 .text.frexp    0x00142dd8       0x98 c:/devkitpro/devkitarm/bin/../lib/gcc/arm-none-eabi/4.9.2/../../../../arm-none-eabi/lib/armv6k/fpu\libm.a(lib_a-s_frexp.o)
                0x00142dd8                frexp
 .text.sinf     0x00142e70       0xb0 c:/devkitpro/devkitarm/bin/../lib/gcc/arm-none-eabi/4.9.2/../../../../arm-none-eabi/lib/armv6k/fpu\libm.a(lib_a-sf_sin.o)
                0x00142e70                sinf
 .text.modf     0x00142f20       0xd4 c:/devkitpro/devkitarm/bin/../lib/gcc/arm-none-eabi/4.9.2/../../../../arm-none-eabi/lib/armv6k/fpu\libm.a(lib_a-s_modf.o)
                0x00142f20                modf
 *fill*         0x00142ff4        0x4 
 .text.pow      0x00142ff8      0x3c0 c:/devkitpro/devkitarm/bin/../lib/gcc/arm-none-eabi/4.9.2/../../../../arm-none-eabi/lib/armv6k/fpu\libm.a(lib_a-w_pow.o)
                0x00142ff8                pow
 .text.__ieee754_rem_pio2f
                0x001433b8      0x2e0 c:/devkitpro/devkitarm/bin/../lib/gcc/arm-none-eabi/4.9.2/../../../../arm-none-eabi/lib/armv6k/fpu\libm.a(lib_a-ef_rem_pio2.o)
                0x001433b8                __ieee754_rem_pio2f
 .text.__ieee754_pow
                0x00143698      0x880 c:/devkitpro/devkitarm/bin/../lib/gcc/arm-none-eabi/4.9.2/../../../../arm-none-eabi/lib/armv6k/fpu\libm.a(lib_a-e_pow.o)
                0x00143698                __ieee754_pow
 .text.__ieee754_sqrt
                0x00143f18      0x200 c:/devkitpro/devkitarm/bin/../lib/gcc/arm-none-eabi/4.9.2/../../../../arm-none-eabi/lib/armv6k/fpu\libm.a(lib_a-e_sqrt.o)
                0x00143f18                __ieee754_sqrt
 .text.__kernel_cosf
                0x00144118      0x124 c:/devkitpro/devkitarm/bin/../lib/gcc/arm-none-eabi/4.9.2/../../../../arm-none-eabi/lib/armv6k/fpu\libm.a(lib_a-kf_cos.o)
                0x00144118                __kernel_cosf
 .text.__kernel_rem_pio2f
                0x0014423c      0x838 c:/devkitpro/devkitarm/bin/../lib/gcc/arm-none-eabi/4.9.2/../../../../arm-none-eabi/lib/armv6k/fpu\libm.a(lib_a-kf_rem_pio2.o)
                0x0014423c                __kernel_rem_pio2f
 .text.__kernel_sinf
                0x00144a74       0xa0 c:/devkitpro/devkitarm/bin/../lib/gcc/arm-none-eabi/4.9.2/../../../../arm-none-eabi/lib/armv6k/fpu\libm.a(lib_a-kf_sin.o)
                0x00144a74                __kernel_sinf
 .text.fabs     0x00144b14       0x10 c:/devkitpro/devkitarm/bin/../lib/gcc/arm-none-eabi/4.9.2/../../../../arm-none-eabi/lib/armv6k/fpu\libm.a(lib_a-s_fabs.o)
                0x00144b14                fabs
 .text.fabsf    0x00144b24       0x10 c:/devkitpro/devkitarm/bin/../lib/gcc/arm-none-eabi/4.9.2/../../../../arm-none-eabi/lib/armv6k/fpu\libm.a(lib_a-sf_fabs.o)
                0x00144b24                fabsf
 .text.floorf   0x00144b34       0xb8 c:/devkitpro/devkitarm/bin/../lib/gcc/arm-none-eabi/4.9.2/../../../../arm-none-eabi/lib/armv6k/fpu\libm.a(lib_a-sf_floor.o)
                0x00144b34                floorf
 .text.finite   0x00144bec       0x14 c:/devkitpro/devkitarm/bin/../lib/gcc/arm-none-eabi/4.9.2/../../../../arm-none-eabi/lib/armv6k/fpu\libm.a(lib_a-s_finite.o)
                0x00144bec                finite
 .text.__fpclassifyd
                0x00144c00       0x74 c:/devkitpro/devkitarm/bin/../lib/gcc/arm-none-eabi/4.9.2/../../../../arm-none-eabi/lib/armv6k/fpu\libm.a(lib_a-s_fpclassify.o)
                0x00144c00                __fpclassifyd
 .text.scalbnf  0x00144c74      0x118 c:/devkitpro/devkitarm/bin/../lib/gcc/arm-none-eabi/4.9.2/../../../../arm-none-eabi/lib/armv6k/fpu\libm.a(lib_a-sf_scalbn.o)
                0x00144c74                scalbnf
 .text.matherr  0x00144d8c        0x8 c:/devkitpro/devkitarm/bin/../lib/gcc/arm-none-eabi/4.9.2/../../../../arm-none-eabi/lib/armv6k/fpu\libm.a(lib_a-s_matherr.o)
                0x00144d8c                matherr
 *fill*         0x00144d94        0x4 
 .text.nan      0x00144d98       0x10 c:/devkitpro/devkitarm/bin/../lib/gcc/arm-none-eabi/4.9.2/../../../../arm-none-eabi/lib/armv6k/fpu\libm.a(lib_a-s_nan.o)
                0x00144d98                nan
 .text.rint     0x00144da8      0x170 c:/devkitpro/devkitarm/bin/../lib/gcc/arm-none-eabi/4.9.2/../../../../arm-none-eabi/lib/armv6k/fpu\libm.a(lib_a-s_rint.o)
                0x00144da8                rint
 .text.scalbn   0x00144f18      0x198 c:/devkitpro/devkitarm/bin/../lib/gcc/arm-none-eabi/4.9.2/../../../../arm-none-eabi/lib/armv6k/fpu\libm.a(lib_a-s_scalbn.o)
                0x00144f18                scalbn
 .text.copysign
                0x001450b0       0x1c c:/devkitpro/devkitarm/bin/../lib/gcc/arm-none-eabi/4.9.2/../../../../arm-none-eabi/lib/armv6k/fpu\libm.a(lib_a-s_copysign.o)
                0x001450b0                copysign
 .text.copysignf
                0x001450cc       0x1c c:/devkitpro/devkitarm/bin/../lib/gcc/arm-none-eabi/4.9.2/../../../../arm-none-eabi/lib/armv6k/fpu\libm.a(lib_a-sf_copysign.o)
                0x001450cc                copysignf
 .text.abort    0x001450e8       0x14 c:/devkitpro/devkitarm/bin/../lib/gcc/arm-none-eabi/4.9.2/../../../../arm-none-eabi/lib/armv6k/fpu\libg.a(lib_a-abort.o)
                0x001450e8                abort
 .text.atof     0x001450fc        0x8 c:/devkitpro/devkitarm/bin/../lib/gcc/arm-none-eabi/4.9.2/../../../../arm-none-eabi/lib/armv6k/fpu\libg.a(lib_a-atof.o)
                0x001450fc                atof
 .text.bsearch  0x00145104       0x78 c:/devkitpro/devkitarm/bin/../lib/gcc/arm-none-eabi/4.9.2/../../../../arm-none-eabi/lib/armv6k/fpu\libg.a(lib_a-bsearch.o)
                0x00145104                bsearch
 .text.__errno  0x0014517c        0xc c:/devkitpro/devkitarm/bin/../lib/gcc/arm-none-eabi/4.9.2/../../../../arm-none-eabi/lib/armv6k/fpu\libg.a(lib_a-errno.o)
                0x0014517c                __errno
 .text.exit     0x00145188       0x34 c:/devkitpro/devkitarm/bin/../lib/gcc/arm-none-eabi/4.9.2/../../../../arm-none-eabi/lib/armv6k/fpu\libg.a(lib_a-exit.o)
                0x00145188                exit
 .text._fclose_r
                0x001451bc      0x118 c:/devkitpro/devkitarm/bin/../lib/gcc/arm-none-eabi/4.9.2/../../../../arm-none-eabi/lib/armv6k/fpu\libg.a(lib_a-fclose.o)
                0x001451bc                _fclose_r
 .text.fclose   0x001452d4       0x18 c:/devkitpro/devkitarm/bin/../lib/gcc/arm-none-eabi/4.9.2/../../../../arm-none-eabi/lib/armv6k/fpu\libg.a(lib_a-fclose.o)
                0x001452d4                fclose
 .text.__sflush_r
                0x001452ec      0x238 c:/devkitpro/devkitarm/bin/../lib/gcc/arm-none-eabi/4.9.2/../../../../arm-none-eabi/lib/armv6k/fpu\libg.a(lib_a-fflush.o)
                0x001452ec                __sflush_r
 .text._fflush_r
                0x00145524       0x98 c:/devkitpro/devkitarm/bin/../lib/gcc/arm-none-eabi/4.9.2/../../../../arm-none-eabi/lib/armv6k/fpu\libg.a(lib_a-fflush.o)
                0x00145524                _fflush_r
 .text.fflush   0x001455bc       0x38 c:/devkitpro/devkitarm/bin/../lib/gcc/arm-none-eabi/4.9.2/../../../../arm-none-eabi/lib/armv6k/fpu\libg.a(lib_a-fflush.o)
                0x001455bc                fflush
 .text._cleanup_r
                0x001455f4        0xc c:/devkitpro/devkitarm/bin/../lib/gcc/arm-none-eabi/4.9.2/../../../../arm-none-eabi/lib/armv6k/fpu\libg.a(lib_a-findfp.o)
                0x001455f4                _cleanup_r
 .text.__fp_lock
                0x00145600       0x1c c:/devkitpro/devkitarm/bin/../lib/gcc/arm-none-eabi/4.9.2/../../../../arm-none-eabi/lib/armv6k/fpu\libg.a(lib_a-findfp.o)
 .text.__fp_unlock
                0x0014561c       0x1c c:/devkitpro/devkitarm/bin/../lib/gcc/arm-none-eabi/4.9.2/../../../../arm-none-eabi/lib/armv6k/fpu\libg.a(lib_a-findfp.o)
 .text.__sinit.part.1
                0x00145638      0x15c c:/devkitpro/devkitarm/bin/../lib/gcc/arm-none-eabi/4.9.2/../../../../arm-none-eabi/lib/armv6k/fpu\libg.a(lib_a-findfp.o)
 .text.__sfmoreglue
                0x00145794       0x48 c:/devkitpro/devkitarm/bin/../lib/gcc/arm-none-eabi/4.9.2/../../../../arm-none-eabi/lib/armv6k/fpu\libg.a(lib_a-findfp.o)
                0x00145794                __sfmoreglue
 .text.__sfp    0x001457dc       0xe8 c:/devkitpro/devkitarm/bin/../lib/gcc/arm-none-eabi/4.9.2/../../../../arm-none-eabi/lib/armv6k/fpu\libg.a(lib_a-findfp.o)
                0x001457dc                __sfp
 .text._cleanup
                0x001458c4       0x18 c:/devkitpro/devkitarm/bin/../lib/gcc/arm-none-eabi/4.9.2/../../../../arm-none-eabi/lib/armv6k/fpu\libg.a(lib_a-findfp.o)
                0x001458c4                _cleanup
 .text.__sinit  0x001458dc       0x10 c:/devkitpro/devkitarm/bin/../lib/gcc/arm-none-eabi/4.9.2/../../../../arm-none-eabi/lib/armv6k/fpu\libg.a(lib_a-findfp.o)