Archive member included to satisfy reference by file (symbol)

c:/devkitPro/libctru/lib\libsfil.a(sfil_png.o)
                              gfx.o (sfil_load_PNG_buffer)
c:/devkitPro/portlibs/armv6k/lib\libpng.a(png.o)
                              c:/devkitPro/libctru/lib\libsfil.a(sfil_png.o) (png_set_sig_bytes)
c:/devkitPro/portlibs/armv6k/lib\libpng.a(pngerror.o)
                              c:/devkitPro/portlibs/armv6k/lib\libpng.a(png.o) (png_safecat)
c:/devkitPro/portlibs/armv6k/lib\libpng.a(pngget.o)
                              c:/devkitPro/libctru/lib\libsfil.a(sfil_png.o) (png_get_valid)
c:/devkitPro/portlibs/armv6k/lib\libpng.a(pngmem.o)
                              c:/devkitPro/portlibs/armv6k/lib\libpng.a(png.o) (png_calloc)
c:/devkitPro/portlibs/armv6k/lib\libpng.a(pngread.o)
                              c:/devkitPro/libctru/lib\libsfil.a(sfil_png.o) (png_create_read_struct)
c:/devkitPro/portlibs/armv6k/lib\libpng.a(pngrio.o)
                              c:/devkitPro/libctru/lib\libsfil.a(sfil_png.o) (png_set_read_fn)
c:/devkitPro/portlibs/armv6k/lib\libpng.a(pngrtran.o)
                              c:/devkitPro/portlibs/armv6k/lib\libpng.a(pngread.o) (png_set_background_fixed)
c:/devkitPro/portlibs/armv6k/lib\libpng.a(pngrutil.o)
                              c:/devkitPro/portlibs/armv6k/lib\libpng.a(pngread.o) (png_read_sig)
c:/devkitPro/portlibs/armv6k/lib\libpng.a(pngset.o)
                              c:/devkitPro/portlibs/armv6k/lib\libpng.a(pngrutil.o) (png_set_bKGD)
c:/devkitPro/portlibs/armv6k/lib\libpng.a(pngtrans.o)
                              c:/devkitPro/portlibs/armv6k/lib\libpng.a(pngread.o) (png_set_bgr)
c:/devkitPro/portlibs/armv6k/lib\libpng.a(pngwrite.o)
                              c:/devkitPro/portlibs/armv6k/lib\libpng.a(png.o) (png_destroy_write_struct)
c:/devkitPro/portlibs/armv6k/lib\libpng.a(pngwtran.o)
                              c:/devkitPro/portlibs/armv6k/lib\libpng.a(pngwrite.o) (png_do_write_transformations)
c:/devkitPro/portlibs/armv6k/lib\libpng.a(pngwutil.o)
                              c:/devkitPro/portlibs/armv6k/lib\libpng.a(pngwrite.o) (png_write_sig)
c:/devkitPro/portlibs/armv6k/lib\libpng.a(pngwio.o)
                              c:/devkitPro/portlibs/armv6k/lib\libpng.a(pngwutil.o) (png_write_data)
c:/devkitPro/portlibs/armv6k/lib\libz.a(adler32.o)
                              c:/devkitPro/portlibs/armv6k/lib\libpng.a(png.o) (adler32)
c:/devkitPro/portlibs/armv6k/lib\libz.a(crc32.o)
                              c:/devkitPro/portlibs/armv6k/lib\libpng.a(png.o) (crc32)
c:/devkitPro/portlibs/armv6k/lib\libz.a(deflate.o)
                              c:/devkitPro/portlibs/armv6k/lib\libpng.a(pngwutil.o) (deflateReset)
c:/devkitPro/portlibs/armv6k/lib\libz.a(inflate.o)
                              c:/devkitPro/portlibs/armv6k/lib\libpng.a(png.o) (inflateReset)
c:/devkitPro/portlibs/armv6k/lib\libz.a(inftrees.o)
                              c:/devkitPro/portlibs/armv6k/lib\libz.a(inflate.o) (inflate_table)
c:/devkitPro/portlibs/armv6k/lib\libz.a(trees.o)
                              c:/devkitPro/portlibs/armv6k/lib\libz.a(deflate.o) (_tr_init)
c:/devkitPro/portlibs/armv6k/lib\libz.a(zutil.o)
                              c:/devkitPro/portlibs/armv6k/lib\libz.a(deflate.o) (zcalloc)
c:/devkitPro/portlibs/armv6k/lib\libz.a(inffast.o)
                              c:/devkitPro/portlibs/armv6k/lib\libz.a(inflate.o) (inflate_fast)
c:/devkitPro/libctru/lib\libsf2d.a(sf2d.o)
                              gfx.o (sf2d_init)
c:/devkitPro/libctru/lib\libsf2d.a(sf2d_draw.o)
                              gfx.o (sf2d_draw_rectangle)
c:/devkitPro/libctru/lib\libsf2d.a(sf2d_private.o)
                              c:/devkitPro/libctru/lib\libsf2d.a(sf2d.o) (GPU_SetDummyTexEnv)
c:/devkitPro/libctru/lib\libsf2d.a(sf2d_texture.o)
                              c:/devkitPro/libctru/lib\libsfil.a(sfil_png.o) (sf2d_create_texture)
c:/devkitPro/libctru/lib\libsf2d.a(shader.vsh.o)
                              c:/devkitPro/libctru/lib\libsf2d.a(sf2d.o) (shader_vsh_shbin_size)
c:/devkitPro/libctru/lib\libctru.a(linear.o)
                              c:/devkitPro/libctru/lib\libsf2d.a(sf2d_texture.o) (linearMemAlign)
c:/devkitPro/libctru/lib\libctru.a(mem_pool.o)
                              c:/devkitPro/libctru/lib\libctru.a(linear.o) (MemPool::Allocate(MemChunk&, unsigned long, int))
c:/devkitPro/libctru/lib\libctru.a(vram.o)
                              c:/devkitPro/libctru/lib\libsf2d.a(sf2d.o) (vramMemAlign)
c:/devkitPro/libctru/lib\libctru.a(gfx.o)
                              c:/devkitPro/libctru/lib\libsf2d.a(sf2d.o) (gfxSet3D)
c:/devkitPro/libctru/lib\libctru.a(os.o)
                              c:/devkitPro/libctru/lib\libsf2d.a(sf2d.o) (osConvertVirtToPhys)
c:/devkitPro/libctru/lib\libctru.a(gpu.o)
                              c:/devkitPro/libctru/lib\libsf2d.a(sf2d.o) (GPU_Init)
c:/devkitPro/libctru/lib\libctru.a(gpuResetSequence.o)
[...]
Memory Configuration

Name             Origin             Length             Attributes
*default*        0x00000000         0xffffffff

Linker script and memory map

                0x00100000                . = 0x100000
                0x00100000                __start__ = .

.text           0x00100000    0x5c8cc
 *(.crt0)
 .crt0          0x00100000       0x94 c:/devkitpro/devkitarm/bin/../lib/gcc/arm-none-eabi/4.9.2/../../../../arm-none-eabi/lib/armv6k/fpu/3dsx_crt0.o
                0x00100000                _start
                0x00100008                __service_ptr
                0x0010000c                __apt_appid
                0x00100010                __heap_size
                0x00100014                __linear_heap_size
                0x00100018                __system_arglist
                0x0010001c                __system_runflags
 *(.init)
 .init          0x00100094        0xc c:/devkitpro/devkitarm/bin/../lib/gcc/arm-none-eabi/4.9.2/armv6k/fpu/crti.o
                0x00100094                _init
 .init          0x001000a0        0xc c:/devkitpro/devkitarm/bin/../lib/gcc/arm-none-eabi/4.9.2/armv6k/fpu/crtn.o
                0x001000ac                . = ALIGN (0x4)
 *(.text)
 .text          0x001000ac        0x0 c:/devkitpro/devkitarm/bin/../lib/gcc/arm-none-eabi/4.9.2/../../../../arm-none-eabi/lib/armv6k/fpu/3dsx_crt0.o
 .text          0x001000ac        0x0 c:/devkitpro/devkitarm/bin/../lib/gcc/arm-none-eabi/4.9.2/armv6k/fpu/crti.o
 .text          0x001000ac      0x108 c:/devkitpro/devkitarm/bin/../lib/gcc/arm-none-eabi/4.9.2/armv6k/fpu/crtbegin.o
 .text          0x001001b4        0x0 0.bin.o
 .text          0x001001b4        0x0 1.bin.o
 .text          0x001001b4        0x0 2.bin.o
 .text          0x001001b4        0x0 3.bin.o
 .text          0x001001b4        0x0 4.bin.o
 .text          0x001001b4        0x0 5.bin.o
 .text          0x001001b4        0x0 6.bin.o
 .text          0x001001b4        0x0 7.bin.o
 .text          0x001001b4        0x0 8.bin.o
 .text          0x001001b4        0x0 9.bin.o
 .text          0x001001b4        0x0 bg.bin.o
 .text          0x001001b4        0x0 icon.bin.o
 .text          0x001001b4        0x0 icon_2.bin.o
 .text          0x001001b4        0x0 immut_numbers.bin.o
 .text          0x001001b4        0x0 immut_numbers_2.bin.o
 .text          0x001001b4        0x0 mut_numbers.bin.o
 .text          0x001001b4        0x0 selector.bin.o
 .text          0x001001b4        0x0 sudoku3ds.bin.o
 .text          0x001001b4      0x63c gfx.o
                0x001001b4                SudokuGFX_init
                0x001002a0                sudoku_gfx_free
                0x001002c8                init_background
                0x001002fc                update_background_position
                0x00100354                draw_many_boxes
                0x001003bc                draw_top_background
                0x00100468                draw_bottom_background
                0x0010059c                draw_victory
                0x001005d4                draw_sudoku
                0x00100768                start_draw
                0x001007e8                end_draw
                0x001007ec                end
 .text          0x001007f0        0x0 main.o
 .text          0x001007f0      0x164 mylib.o
                0x001007f0                emalloc
                0x00100824                erealloc
                0x00100858                rand_lim
                0x00100888                mod
                0x001008a4                itoa
 .text          0x00100954      0x818 sudoku.o
                0x00100954                sudoku_new
                0x001009c0                sudoku_free
                0x001009e4                sudoku_print
                0x00100a5c                sudoku_default
                0x00100b50                sudoku_delete_space
                0x00100bcc                sudoku_flip_vert
                0x00100c48                sudoku_flip_hori
                0x00100cc0                sudoku_flip_dia1
                0x00100d3c                sudoku_flip_dia2
                0x00100da4                sudoku_transform
                0x00100e38                check_horizontals
                0x00100f08                check_verticals
                0x00100fdc                check_boxes
                0x0010112c                check_all
 .text          0x0010116c      0x364 sudokucontroller.o
                0x001011c0                check_input
                0x001012ec                update_victory_state
                0x00101310                update_sudoku_input
                0x00101320                update_state
                0x001013e8                initialize_game
                0x001014a4                sudoku_control_free
 .text          0x001014d0      0x3e8 c:/devkitPro/libctru/lib\libsfil.a(sfil_png.o)
                0x001017d0                sfil_load_PNG_file
                0x0010186c                sfil_load_PNG_buffer
 .text          0x001018b8     0x6ce0 c:/devkitPro/portlibs/armv6k/lib\libpng.a(png.o)
                0x001018b8                png_zalloc
                0x00101910                png_zfree
                0x00102210                png_set_sig_bytes
                0x00102244                png_sig_cmp
                0x001022b4                png_reset_crc
                0x001022d4                png_calculate_crc
                0x00102328                png_user_version_check
                0x00102428                png_create_png_struct
                0x0010253c                png_create_info_struct
                0x0010257c                png_destroy_info_struct
                0x00102904                png_info_init_3
                0x00102960                png_data_freer
                0x001029ac                png_free_data
                0x001029bc                png_get_io_ptr
                0x001029c8                png_init_io
                0x001029d4                png_save_int_32
                0x001029f4                png_convert_to_rfc1123_buffer
                0x00102bd8                png_convert_to_rfc1123
                0x00102dcc                png_get_copyright
                0x00102dd8                png_get_libpng_ver
                0x00102de4                png_get_header_ver
                0x00102df0                png_get_header_version
                0x00102dfc                png_build_grayscale_palette
                0x00102e5c                png_handle_as_unknown
                0x00102ed0                png_chunk_unknown_handling
                0x00102f60                png_reset_zstream
                0x00102f78                png_access_version_number
                0x00102f84                png_zstream_error
                0x00103068                png_colorspace_set_gamma
                0x001031d8                png_colorspace_sync_info
                0x00103248                png_colorspace_sync
                0x001032d0                png_colorspace_set_sRGB
                0x00103554                png_icc_check_length
                0x001036ec                png_icc_check_header
                0x00103a48                png_icc_check_tag_table
                0x00103b80                png_icc_set_sRGB
                0x00103dd4                png_colorspace_set_ICC
                0x001041ac                png_colorspace_set_rgb_coefficients
                0x00104454                png_check_IHDR
                0x0010470c                png_check_fp_number
                0x001049a4                png_check_fp_string
                0x00104c64                png_ascii_from_fp
                0x00105590                png_ascii_from_fixed
                0x001059c0                png_fixed
                0x00105a48                png_muldiv
                0x00105b00                png_muldiv_warn
                0x00105bbc                png_reciprocal
                0x00105c48                png_colorspace_set_endpoints
                0x00106c48                png_colorspace_set_chromaticities
                0x0010771c                png_gamma_significant
                0x0010773c                png_reciprocal2
                0x001077f8                png_gamma_8bit_correct
                0x00107880                png_gamma_16bit_correct
                0x00107914                png_gamma_correct
                0x00107a24                png_destroy_gamma_table
                0x00107b58                png_build_gamma_table
                0x00108494                png_set_option
                0x001084f4                png_image_free
                0x00108530                png_image_error
 .text          0x00108598     0x1a6c c:/devkitPro/portlibs/armv6k/lib\libpng.a(pngerror.o)
                0x00108804                png_safecat
                0x00108878                png_format_number
                0x001089e4                png_warning
                0x00108b2c                png_warning_parameter
                0x00108ba8                png_warning_parameter_unsigned
                0x00108c3c                png_warning_parameter_signed
                0x00108d08                png_formatted_warning
                0x00108fe0                png_chunk_warning
                0x0010918c                png_free_jmpbuf
                0x0010921c                png_longjmp
                0x00109248                png_error
                0x001092a8                png_app_warning
                0x00109400                png_app_error
                0x00109558                png_chunk_error
                0x00109584                png_chunk_benign_error
                0x00109728                png_benign_error
                0x001099f8                png_fixed_error
                0x00109a78                png_set_longjmp_fn
                0x00109b5c                png_chunk_report
                0x00109e34                png_set_error_fn
                0x00109e48                png_get_error_ptr
                0x00109e54                png_safe_error
                0x00109ef8                png_safe_warning
                0x00109f6c                png_safe_execute
 *fill*         0x0010a004        0x4 
 .text          0x0010a008     0x12d0 c:/devkitPro/portlibs/armv6k/lib\libpng.a(pngget.o)
                0x0010a008                png_get_valid
                0x0010a024                png_get_rowbytes
                0x0010a03c                png_get_rows
                0x0010a054                png_get_image_width
                0x0010a06c                png_get_image_height
                0x0010a084                png_get_bit_depth
                0x0010a09c                png_get_color_type
                0x0010a0b4                png_get_filter_type
                0x0010a0cc                png_get_interlace_type
                0x0010a0e4                png_get_compression_type
                0x0010a0fc                png_get_x_pixels_per_meter
                0x0010a130                png_get_y_pixels_per_meter
                0x0010a164                png_get_pixels_per_meter
                0x0010a1b0                png_get_pixel_aspect_ratio
                0x0010a1f8                png_get_pixel_aspect_ratio_fixed
                0x0010a288                png_get_x_offset_microns
                0x0010a2bc                png_get_y_offset_microns
                0x0010a2f0                png_get_x_offset_pixels
                0x0010a324                png_get_y_offset_pixels
                0x0010a358                png_get_pixels_per_inch
                0x0010a3e4                png_get_x_pixels_per_inch
                0x0010a460                png_get_y_pixels_per_inch
                0x0010a4dc                png_get_x_offset_inches_fixed
                0x0010a52c                png_get_y_offset_inches_fixed
                0x0010a57c                png_get_x_offset_inches
                0x0010a5cc                png_get_y_offset_inches
                0x0010a61c                png_get_pHYs_dpi
                0x0010a6e8                png_get_channels
                0x0010a700                png_get_signature
                0x0010a718                png_get_bKGD
                0x0010a754                png_get_cHRM
                0x0010a868                png_get_cHRM_XYZ
                0x0010a998                png_get_cHRM_XYZ_fixed
                0x0010aa70                png_get_cHRM_fixed
                0x0010ab34                png_get_gAMA_fixed
                0x0010ab6c                png_get_gAMA
                0x0010abc0                png_get_sRGB
                0x0010abfc                png_get_iCCP
                0x0010aca0                png_get_sPLT
                0x0010acd0                png_get_hIST
                0x0010ad0c                png_get_IHDR
                0x0010adc8                png_get_oFFs
                0x0010ae34                png_get_pCAL
                0x0010af04                png_get_sCAL_fixed
                0x0010af8c                png_get_sCAL
                0x0010afe4                png_get_sCAL_s
                0x0010b028                png_get_pHYs
                0x0010b088                png_get_PLTE
                0x0010b0cc                png_get_sBIT
                0x0010b108                png_get_text
                0x0010b150                png_get_tIME
                0x0010b18c                png_get_tRNS
                0x0010b21c                png_get_unknown_chunks
                0x0010b24c                png_get_rgb_to_gray_status
                0x0010b258                png_get_user_chunk_ptr
                0x0010b264                png_get_compression_buffer_size
                0x0010b280                png_get_user_width_max
                0x0010b28c                png_get_user_height_max
                0x0010b298                png_get_chunk_cache_max
                0x0010b2a4                png_get_chunk_malloc_max
                0x0010b2b0                png_get_io_state
                0x0010b2b8                png_get_io_chunk_type
                0x0010b2c0                png_get_palette_max
 .text          0x0010b2d8      0x3ec c:/devkitPro/portlibs/armv6k/lib\libpng.a(pngmem.o)
                0x0010b2d8                png_destroy_png_struct
                0x0010b340                png_calloc
                0x0010b3b8                png_malloc_base
                0x0010b3e8                png_malloc_array
                0x0010b464                png_realloc_array
                0x0010b56c                png_malloc
                0x0010b5c8                png_malloc_default
                0x0010b608                png_malloc_warn
                0x0010b66c                png_free
                0x0010b690                png_free_default
                0x0010b6a4                png_set_mem_fn
                0x0010b6b8                png_get_mem_ptr
 .text          0x0010b6c4     0x7704 c:/devkitPro/portlibs/armv6k/lib\libpng.a(pngread.o)
                0x0011131c                png_create_read_struct
                0x00111374                png_create_read_struct_2
                0x001113d0                png_read_info
                0x001113e0                png_read_update_info
                0x00111424                png_start_read_image
                0x00111448                png_read_row
                0x001117a0                png_read_rows
                0x00111b94                png_read_image
                0x00111f30                png_read_end
                0x001123c0                png_destroy_read_struct
                0x00112644                png_set_read_status_fn
                0x00112650                png_read_png
                0x00112908                png_image_begin_read_from_stdio
                0x00112ab8                png_image_begin_read_from_file
                0x00112b80                png_image_begin_read_from_memory
                0x00112c1c                png_image_finish_read
 .text          0x00112dc8       0xac c:/devkitPro/portlibs/armv6k/lib\libpng.a(pngrio.o)
                0x00112dc8                png_default_read_data
                0x00112e04                png_read_data
                0x00112e24                png_set_read_fn
 *fill*         0x00112e74        0x4 
 .text          0x00112e78     0x6020 c:/devkitPro/portlibs/armv6k/lib\libpng.a(pngrtran.o)
                0x001141c4                png_set_crc_action
                0x001142a0                png_set_background_fixed
                0x00114358                png_set_background
                0x00114430                png_set_scale_16
                0x00114468                png_set_strip_16
                0x001144a0                png_set_strip_alpha
                0x001144d8                png_set_alpha_mode_fixed
                0x001146d4                png_set_alpha_mode
                0x00114984                png_set_quantize
                0x0011522c                png_set_gamma_fixed
                0x00115334                png_set_gamma
                0x00115568                png_set_expand
                0x001155a4                png_set_palette_to_rgb
                0x001155e0                png_set_expand_gray_1_2_4_to_8
                0x00115618                png_set_tRNS_to_alpha
                0x00115654                png_set_expand_16
                0x00115690                png_set_gray_to_rgb
                0x001156c8                png_set_rgb_to_gray_fixed
                0x00115820                png_set_rgb_to_gray
                0x001159c4                png_set_read_user_transform_fn
                0x001159d8                png_init_read_transformations
                0x001166c0                png_read_transform_info
                0x001169b0                png_do_read_transformations
 .text          0x00118e98     0x524c c:/devkitPro/portlibs/armv6k/lib\libpng.a(pngrutil.o)
                0x00119ad0                png_get_uint_31
                0x00119b0c                png_get_uint_32
                0x00119b30                png_get_int_32
                0x00119b54                png_get_uint_16
                0x00119b68                png_read_sig
                0x00119c14                png_read_chunk_header
                0x00119d84                png_crc_read
                0x00119db4                png_crc_finish
                0x00119f34                png_crc_error
                0x00119fd4                png_handle_IHDR
                0x0011a14c                png_handle_PLTE
                0x0011a36c                png_handle_IEND
                0x0011a3c0                png_handle_gAMA
                0x0011a4a4                png_handle_sBIT
                0x0011a6b8                png_handle_cHRM
                0x0011a978                png_handle_sRGB
                0x0011aa80                png_handle_iCCP
                0x0011b064                png_handle_sPLT
                0x0011b384                png_handle_tRNS
                0x0011b5c0                png_handle_bKGD
                0x0011b7f0                png_handle_hIST
                0x0011b928                png_handle_pHYs
                0x0011ba64                png_handle_oFFs
                0x0011bbb4                png_handle_pCAL
                0x0011bf24                png_handle_sCAL
                0x0011c1ac                png_handle_tIME
                0x0011c2c0                png_handle_tEXt
                0x0011c480                png_handle_zTXt
                0x0011c6d4                png_handle_iTXt
                0x0011ca3c                png_handle_unknown
                0x0011cd94                png_check_chunk_name
                0x0011ce5c                png_combine_row
                0x0011d34c                png_do_read_interlace
                0x0011d7d8                png_read_filter_row
                0x0011d860                png_read_IDAT_data
                0x0011dbdc                png_read_finish_IDAT
                0x0011dc54                png_read_finish_row
                0x0011dda4                png_read_start_row
 .text          0x0011e0e4     0x1e70 c:/devkitPro/portlibs/armv6k/lib\libpng.a(pngset.o)
                0x0011e444                png_set_bKGD
                0x0011e490                png_set_cHRM_fixed
                0x0011e520                png_set_cHRM_XYZ_fixed
                0x0011e5b8                png_set_cHRM
                0x0011e70c                png_set_cHRM_XYZ
                0x0011e868                png_set_gAMA_fixed
                0x0011e898                png_set_gAMA
                0x0011e8dc                png_set_hIST
                0x0011e988                png_set_IHDR
                0x0011ea64                png_set_oFFs
                0x0011ea90                png_set_pCAL
                0x0011ed10                png_set_sCAL_s
                0x0011ee74                png_set_sCAL
                0x0011f040                png_set_sCAL_fixed
                0x0011f1f0                png_set_pHYs
                0x0011f21c                png_set_PLTE
                0x0011f320                png_set_sBIT
                0x0011f364                png_set_sRGB
                0x0011f394                png_set_sRGB_gAMA_and_cHRM
                0x0011f3d4                png_set_iCCP
                0x0011f528                png_set_text
                0x0011f56c                png_set_text_2
                0x0011f5a4                png_set_tIME
                0x0011f644                png_set_tRNS
                0x0011f784                png_set_sPLT
                0x0011f8f4                png_set_unknown_chunks
                0x0011fa84                png_set_unknown_chunk_location
                0x0011fb30                png_permit_mng_features
                0x0011fb44                png_set_keep_unknown_chunks
                0x0011fdf8                png_set_read_user_chunk_fn
                0x0011fe08                png_set_rows
                0x0011fe64                png_set_compression_buffer_size
                0x0011fee8                png_set_invalid
                0x0011ff00                png_set_user_limits
                0x0011ff10                png_set_chunk_cache_max
                0x0011ff1c                png_set_chunk_malloc_max
                0x0011ff28                png_set_benign_errors
                0x0011ff40                png_set_check_for_invalid_index
 .text          0x0011ff54      0xa8c c:/devkitPro/portlibs/armv6k/lib\libpng.a(pngtrans.o)
                0x0011ff54                png_set_bgr
                0x0011ff68                png_set_swap
                0x0011ff88                png_set_packing
                0x0011ffb0                png_set_packswap
                0x0011ffd0                png_set_shift
                0x0011fff8                png_set_interlace_handling
                0x00120028                png_set_filler
                0x001200b0                png_set_add_alpha
                0x00120158                png_set_swap_alpha
                0x0012016c                png_set_invert_alpha
                0x00120180                png_set_invert_mono
                0x00120194                png_do_invert
                0x00120384                png_do_swap
                0x001203d0                png_do_packswap
                0x0012043c                png_do_strip_channel
                0x00120668                png_do_bgr
                0x001207a4                png_do_check_palette_indexes
                0x00120970                png_set_user_transform_info
                0x001209b4                png_get_user_transform_ptr
                0x001209c0                png_get_current_row_number
                0x001209d0                png_get_current_pass_number
 .text          0x001209e0     0x37ac c:/devkitPro/portlibs/armv6k/lib\libpng.a(pngwrite.o)
                0x00120ff4                png_write_info_before_PLTE
                0x00121634                png_write_info
                0x00121644                png_write_end
                0x00121890                png_convert_from_struct_tm
                0x001218d0                png_convert_from_time_t
                0x00121930                png_create_write_struct
                0x001219bc                png_create_write_struct_2
                0x00121a4c                png_write_rows
                0x00121e1c                png_write_image
                0x001221fc                png_write_row
                0x00122ca4                png_set_flush
                0x00122cb4                png_write_flush
                0x00122cf8                png_destroy_write_struct
                0x00122da8                png_set_filter
                0x00123744                png_set_filter_heuristics
                0x00123748                png_set_filter_heuristics_fixed
                0x0012374c                png_set_compression_level
                0x00123758                png_set_compression_mem_level
                0x00123764                png_set_compression_strategy
                0x0012377c                png_set_compression_window_bits
                0x001237d0                png_set_compression_method
                0x00123800                png_set_text_compression_level
                0x0012380c                png_set_text_compression_mem_level
                0x00123818                png_set_text_compression_strategy
                0x00123824                png_set_text_compression_window_bits
                0x00123878                png_set_text_compression_method
                0x001238a8                png_set_write_status_fn
                0x001238b4                png_set_write_user_transform_fn
                0x001238cc                png_write_png
                0x00123dfc                png_image_write_to_stdio
                0x0012404c                png_image_write_to_file
 .text          0x0012418c      0x778 c:/devkitPro/portlibs/armv6k/lib\libpng.a(pngwtran.o)
                0x0012418c                png_do_write_transformations
 .text          0x00124904     0x4094 c:/devkitPro/portlibs/armv6k/lib\libpng.a(pngwutil.o)
                0x001252b8                png_save_uint_32
                0x001252d8                png_save_uint_16
                0x001252e8                png_write_sig
                0x00125344                png_write_chunk_start
                0x001253f0                png_write_chunk_data
                0x0012542c                png_write_chunk_end
                0x00125478                png_write_chunk
                0x001255a4                png_free_buffer_list
                0x001255dc                png_write_IHDR
                0x00125974                png_write_PLTE
                0x00125b0c                png_compress_IDAT
                0x00125f48                png_write_IEND
                0x00126010                png_write_gAMA_fixed
                0x00126110                png_write_sRGB
                0x00126218                png_write_iCCP
                0x00126480                png_write_sPLT
                0x001266d0                png_write_sBIT
                0x001267d8                png_write_cHRM_fixed
                0x0012692c                png_write_tRNS
                0x00126b04                png_write_bKGD
                0x00126d04                png_write_hIST
                0x00126e40                png_write_tEXt
                0x00126ff0                png_write_zTXt
                0x00127238                png_write_iTXt
                0x00127600                png_write_oFFs
                0x00127728                png_write_pCAL
                0x00127a38                png_write_sCAL_s
                0x00127adc                png_write_pHYs
                0x00127c28                png_write_tIME
                0x00127cc4                png_write_start_row
                0x00127e18                png_write_finish_row
                0x00127f58                png_do_write_interlace
                0x001281c8                png_write_find_filter
 .text          0x00128998       0xd8 c:/devkitPro/portlibs/armv6k/lib\libpng.a(pngwio.o)
                0x00128998                png_default_write_data
                0x001289d4                png_default_flush
                0x001289e4                png_write_data
                0x00128a04                png_flush
                0x00128a14                png_set_write_fn
 .text          0x00128a70      0x5c0 c:/devkitPro/portlibs/armv6k/lib\libz.a(adler32.o)
                0x00128a70                adler32
                0x00128eb8                adler32_combine
                0x00128f74                adler32_combine64
 .text          0x00129030      0x5d8 c:/devkitPro/portlibs/armv6k/lib\libz.a(crc32.o)
                0x00129244                get_crc_table
                0x00129250                crc32
                0x00129600                crc32_combine
                0x00129604                crc32_combine64
 .text          0x00129608     0x40e0 c:/devkitPro/portlibs/armv6k/lib\libz.a(deflate.o)
                0x0012ac84                deflateSetDictionary
                0x0012ae9c                deflateResetKeep
                0x0012af74                deflateReset
                0x0012b0dc                deflateSetHeader
                0x0012b110                deflatePending
                0x0012b15c                deflatePrime
                0x0012b204                deflateTune
                0x0012b23c                deflateBound
                0x0012b350                deflate
                0x0012cba0                deflateParams
                0x0012ccbc                deflateEnd
                0x0012cddc                deflateInit2_
                0x0012d1a4                deflateInit_
                0x0012d4e4                deflateCopy
 .text          0x0012d6e8     0x2c58 c:/devkitPro/portlibs/armv6k/lib\libz.a(inflate.o)
                0x0012d6e8                inflateResetKeep
                0x0012d778                inflateReset
                0x0012d814                inflateReset2
                0x0012d934                inflateInit2_
                0x0012dabc                inflateInit_
                0x0012dc20                inflatePrime
                0x0012dc98                inflate
                0x0012fb34                inflateEnd
                0x0012fb98                inflateGetDictionary
                0x0012fc30                inflateSetDictionary
                0x0012fdd8                inflateGetHeader
                0x0012fe14                inflateSync
                0x001300cc                inflateSyncPoint
                0x0013010c                inflateCopy
                0x001302b8                inflateUndermine
                0x001302e8                inflateMark
 .text          0x00130340      0xbf4 c:/devkitPro/portlibs/armv6k/lib\libz.a(inftrees.o)
                0x00130340                inflate_table
 .text          0x00130f34     0x257c c:/devkitPro/portlibs/armv6k/lib\libz.a(trees.o)
                0x00132464                _tr_init
                0x00132530                _tr_stored_block
                0x001326c4                _tr_flush_bits
                0x00132760                _tr_align
                0x001328e4                _tr_flush_block
                0x001333f8                _tr_tally
 .text          0x001334b0       0x38 c:/devkitPro/portlibs/armv6k/lib\libz.a(zutil.o)
                0x001334b0                zlibVersion
                0x001334bc                zlibCompileFlags
                0x001334c4                zError
                0x001334d8                zcalloc
                0x001334e0                zcfree
 .text          0x001334e8      0xbe4 c:/devkitPro/portlibs/armv6k/lib\libz.a(inffast.o)
                0x001334e8                inflate_fast
 .text          0x001340cc      0x75c c:/devkitPro/libctru/lib\libsf2d.a(sf2d.o)
                0x001342e4                sf2d_init
                0x0013430c                sf2d_init_advanced
                0x0013432c                sf2d_fini
                0x00134390                sf2d_set_3D
                0x0013439c                sf2d_start_frame
                0x0013452c                sf2d_end_frame
                0x00134644                sf2d_swapbuffers
                0x001346f4                sf2d_set_vblank_wait
                0x00134704                sf2d_get_fps
                0x00134714                sf2d_pool_malloc
                0x00134740                sf2d_pool_memalign
                0x00134780                sf2d_pool_space_free
                0x00134798                sf2d_pool_reset
                0x001347ac                sf2d_set_clear_color
                0x001347bc                sf2d_set_scissor_test
                0x00134808                sf2d_get_current_screen
                0x00134818                sf2d_get_current_side
 .text          0x00134828      0x7cc c:/devkitPro/libctru/lib\libsf2d.a(sf2d_draw.o)
                0x00134828                sf2d_draw_line
                0x00134a00                sf2d_draw_rectangle
                0x00134bb8                sf2d_draw_rectangle_rotate
                0x00134e0c                sf2d_draw_fill_circle
 .text          0x00134ff4      0x4f8 c:/devkitPro/libctru/lib\libsf2d.a(sf2d_private.o)
                0x00134ff4                GPU_SetDummyTexEnv
                0x00135028                vector_mult_matrix4x4
                0x001350ac                matrix_gpu_set_uniform
                0x001350fc                matrix_copy
                0x00135138                matrix_identity4x4
                0x00135184                matrix_mult4x4
                0x001351f8                matrix_set_z_rotation
                0x0013526c                matrix_rotate_z
                0x001352cc                matrix_set_scaling
                0x00135318                matrix_swap_xy
                0x001353b8                matrix_init_orthographic
                0x001354cc                next_pow2
 .text          0x001354ec     0x2114 c:/devkitPro/libctru/lib\libsf2d.a(sf2d_texture.o)
                0x00135610                sf2d_create_texture
                0x001357fc                sf2d_free_texture
                0x0013584c                sf2d_fill_texture_from_RGBA8
                0x00135904                sf2d_create_texture_mem_RGBA8
                0x00135948                sf2d_bind_texture
                0x001359c0                sf2d_bind_texture_color
                0x00135a40                sf2d_bind_texture_parameters
                0x00135ab8                sf2d_draw_texture
                0x00135bf8                sf2d_draw_texture_blend
                0x00135d3c                sf2d_draw_texture_rotate_hotspot
                0x00135eec                sf2d_draw_texture_rotate_hotspot_blend
                0x001360a0                sf2d_draw_texture_rotate
                0x00136264                sf2d_draw_texture_rotate_blend
                0x0013642c                sf2d_draw_texture_part
                0x001365a8                sf2d_draw_texture_part_blend
                0x00136728                sf2d_draw_texture_scale
                0x00136890                sf2d_draw_texture_scale_blend
                0x001369fc                sf2d_draw_texture_part_scale
                0x00136b50                sf2d_draw_texture_part_scale_blend
                0x00136ca8                sf2d_draw_texture_part_rotate_scale
                0x00136ec0                sf2d_draw_texture_part_rotate_scale_blend
                0x001370dc                sf2d_draw_texture_depth
                0x0013723c                sf2d_draw_texture_depth_blend
                0x001373a0                sf2d_draw_quad_uv
                0x001374cc                sf2d_set_pixel
                0x00137560                sf2d_get_pixel
                0x001375f0                sf2d_texture_tile32
 .text          0x00137600        0x0 c:/devkitPro/libctru/lib\libsf2d.a(shader.vsh.o)
 .text          0x00137600      0x1d4 c:/devkitPro/libctru/lib\libctru.a(linear.o)
                0x00137628                linearMemAlign
                0x00137768                linearAlloc
                0x00137770                linearRealloc
                0x00137778                linearFree
                0x001377c8                linearSpaceFree
 .text          0x001377d4      0x35c c:/devkitPro/libctru/lib\libctru.a(mem_pool.o)
                0x001377d4                MemPool::CoalesceRight(MemBlock*)
                0x00137874                MemPool::Allocate(MemChunk&, unsigned long, int)
                0x001379fc                MemPool::Deallocate(MemChunk const&)
                0x00137b00                MemPool::GetFreeSpace()
 .text          0x00137b30      0x1c4 c:/devkitPro/libctru/lib\libctru.a(vram.o)
                0x00137b58                vramMemAlign
                0x00137c88                vramAlloc
                0x00137c90                vramRealloc
                0x00137c98                vramFree
                0x00137ce8                vramSpaceFree
 .text          0x00137cf4      0x72c c:/devkitPro/libctru/lib\libctru.a(gfx.o)
                0x00137d80                gfxSet3D
                0x00137d90                gfxSetScreenFormat
                0x00137da8                gfxGetScreenFormat
                0x00137dc0                gfxSetDoubleBuffering
                0x00137dd4                gfxSetFramebufferInfo
                0x00137e44                gfxWriteFramebufferInfo
                0x00137f08                gfxInit
                0x001380e8                gfxInitDefault
                0x001380f8                gfxExit
                0x001381c4                gfxGetFramebuffer
                0x00138274                gfxFlushBuffers
                0x00138350                gfxSwapBuffers
                0x001383c4                gfxSwapBuffersGpu
 .text          0x00138420      0x288 c:/devkitPro/libctru/lib\libctru.a(os.o)
                0x00138478                osConvertVirtToPhys
                0x001384c4                osConvertOldLINEARMemToNew
                0x001384e4                __libctru_gtod
                0x001385dc                osGetTime
                0x00138650                osGetFirmVersion
                0x00138664                osGetKernelVersion
                0x00138678                osStrError
                0x00138698                osGetWifiStrength
 .text          0x001386a8     0x1a58 c:/devkitPro/libctru/lib\libctru.a(gpu.o)
                0x00138728                GPU_Init
                0x00138754                GPUCMD_SetBuffer
                0x00138780                GPUCMD_SetBufferOffset
                0x00138790                GPUCMD_GetBuffer
                0x001387d0                GPUCMD_AddRawCommands
                0x0013881c                GPUCMD_Run
                0x0013887c                GPUCMD_FlushAndRun
                0x001388f0                GPUCMD_Add
                0x001389d4                GPUCMD_Finalize
                0x00138a6c                GPU_Reset
                0x0013924c                GPU_SetFloatUniform
                0x001392c4                GPU_SetViewport
                0x001394b8                GPU_SetScissorTest
                0x00139504                GPU_DepthMap
                0x00139580                GPU_SetAlphaTest
                0x001395b8                GPU_SetStencilTest
                0x00139600                GPU_SetStencilOp
                0x00139634                GPU_SetDepthTestAndWriteMask
                0x0013966c                GPU_SetAlphaBlending
                0x001396d4                GPU_SetColorLogicOp
                0x00139718                GPU_SetBlendingColor
                0x00139754                GPU_SetTextureEnable
                0x001397a0                GPU_SetTexture
                0x00139938                GPU_SetTextureBorderColor
                0x001399cc                GPU_SetAttributeBuffers
                0x00139bc8                GPU_SetAttributeBuffersAddress
                0x00139bf4                GPU_SetFaceCulling
                0x00139c20                GPU_SetCombinerBufferWrite
                0x00139c54                GPU_SetTexEnv
                0x00139ccc                GPU_DrawArray
                0x00139dfc                GPU_DrawElements
                0x00139f30                GPU_FinishDrawing
                0x00139f8c                GPU_SetShaderOutmap
                0x00139fd4                GPU_SendShaderCode
                0x0013a08c                GPU_SendOperandDescriptors
 .text          0x0013a100        0x0 c:/devkitPro/libctru/lib\libctru.a(gpuResetSequence.o)
 .text          0x0013a100      0x7f4 c:/devkitPro/libctru/lib\libctru.a(shaderProgram.o)
                0x0013a100                shaderInstanceInit
                0x0013a308                shaderInstanceFree
                0x0013a340                shaderInstanceSetBool
                0x0013a380                shaderInstanceGetBool
                0x0013a3cc                shaderInstanceGetUniformLocation
                0x0013a3ec                shaderProgramInit
                0x0013a404                shaderProgramFree
                0x0013a434                shaderProgramSetVsh
                0x0013a4a0                shaderProgramSetGsh
                0x0013a514                shaderProgramUse
 .text          0x0013a8f4      0x348 c:/devkitPro/libctru/lib\libctru.a(shbin.o)
                0x0013a8f4                DVLB_Free
                0x0013a930                DVLE_GetUniformRegister
                0x0013a9ac                DVLE_GenerateOutmap
                0x0013aaa4                DVLB_ParseFile
 .text          0x0013ac3c     0x1d4c c:/devkitPro/libctru/lib\libctru.a(apt.o)
                0x0013aca0                _aptDebug
                0x0013aca4                aptInitCaptureInfo
                0x0013ad54                aptWaitStatusEvent
                0x0013ad7c                aptHook
                0x0013adb4                aptUnhook
                0x0013ade0                aptGetStatus
                0x0013ae18                aptSetStatus
                0x0013ae7c                aptGetStatusPower
                0x0013aeb4                aptSetStatusPower
                0x0013aeec                aptOpenSession
                0x0013af10                aptCloseSession
                0x0013af38                aptSignalReadyForSleep
                0x0013af48                APT_GetLockHandle
                0x0013af98                APT_Initialize
                0x0013b000                APT_Finalize
                0x0013b03c                APT_HardwareResetAsync
                0x0013b070                APT_Enable
                0x0013b0ac                APT_GetAppletManInfo
                0x0013b12c                aptGetMenuAppID
                0x0013b168                APT_GetAppletProgramInfo
                0x0013b1bc                APT_IsRegistered
                0x0013b20c                APT_InquireNotification
                0x0013b25c                APT_PrepareToJumpToHomeMenu
                0x0013b290                APT_JumpToHomeMenu
                0x0013b2e0                APT_PrepareToJumpToApplication
                0x0013b31c                APT_JumpToApplication
                0x0013b36c                APT_NotifyToWait
                0x0013b3a8                APT_AppletUtility
                0x0013b430                aptAppletUtility_Exit_RetToApp
                0x0013b550                aptAppletClosed
                0x0013b68c                aptInit
                0x0013b844                APT_GlanceParameter
                0x0013b8b8                APT_ReceiveParameter
                0x0013b92c                APT_SendParameter
                0x0013b99c                APT_SendCaptureBufferInfo
                0x0013b9e8                aptReturnToMenu
                0x0013bbbc                APT_ReplySleepQuery
                0x0013bbfc                APT_ReplySleepNotificationComplete
                0x0013bc38                aptEventHandler
                0x0013bf44                APT_PrepareToCloseApplication
                0x0013bf80                APT_CloseApplication
                0x0013bfd8                aptExit
                0x0013c1c4                APT_SetAppCpuTimeLimit
                0x0013c208                APT_GetAppCpuTimeLimit
                0x0013c25c                APT_CheckNew3DS_Application
                0x0013c2b8                APT_CheckNew3DS_System
                0x0013c314                APT_CheckNew3DS
                0x0013c388                APT_PrepareToDoAppJump
                0x0013c3d4                APT_DoAppJump
                0x0013c43c                APT_PrepareToStartLibraryApplet
                0x0013c478                APT_StartLibraryApplet
                0x0013c4d8                aptAppletStarted
                0x0013c5dc                aptMainLoop
                0x0013c754                APT_LaunchLibraryApplet
                0x0013c8ec                APT_PrepareToStartSystemApplet
                0x0013c928                APT_StartSystemApplet
 .text          0x0013c988      0x8a0 c:/devkitPro/libctru/lib\libctru.a(gsp.o)
                0x0013ca6c                gspInit
                0x0013ca80                gspExit
                0x0013ca98                gspInitEventHandler
                0x0013cb64                gspExitEventHandler
                0x0013cbbc                gspWaitForEvent
                0x0013cc14                GSPGPU_WriteHWRegs
                0x0013cc84                GSPGPU_WriteHWRegsWithMask
                0x0013cd10                GSPGPU_ReadHWRegs
                0x0013cd80                GSPGPU_SetBufferSwap
                0x0013cdf4                GSPGPU_FlushDataCache
                0x0013ce48                GSPGPU_InvalidateDataCache
                0x0013ce9c                GSPGPU_SetLcdForceBlack
                0x0013ced8                GSPGPU_TriggerCmdReqQueue
                0x0013cf0c                GSPGPU_RegisterInterruptRelayQueue
                0x0013cf78                GSPGPU_UnregisterInterruptRelayQueue
                0x0013cfac                GSPGPU_AcquireRight
                0x0013cffc                GSPGPU_ReleaseRight
                0x0013d030                GSPGPU_ImportDisplayCaptureInfo
                0x0013d0b4                GSPGPU_SaveVramSysArea
                0x0013d0e8                GSPGPU_RestoreVramSysArea
                0x0013d11c                GSPGPU_SubmitGxCommand
 .text          0x0013d228      0x264 c:/devkitPro/libctru/lib\libctru.a(gx.o)
                0x0013d228                GX_RequestDma
                0x0013d27c                GX_SetCommandList_Last
                0x0013d2e4                GX_SetMemoryFill
                0x0013d358                GX_SetDisplayTransfer
                0x0013d3bc                GX_SetTextureCopy
                0x0013d424                GX_SetCommandList_First
 .text          0x0013d48c      0x708 c:/devkitPro/libctru/lib\libctru.a(hid.o)
                0x0013d48c                hidExit
                0x0013d530                hidWaitForEvent
                0x0013d588                hidCheckSectionUpdateTime
                0x0013d5c4                hidScanInput
                0x0013d80c                hidKeysHeld
                0x0013d81c                hidKeysDown
                0x0013d82c                hidKeysUp
                0x0013d83c                hidTouchRead
                0x0013d854                hidCircleRead
                0x0013d86c                hidAccelRead
                0x0013d88c                hidGyroRead
                0x0013d8ac                HIDUSER_GetHandles
                0x0013d93c                hidInit
                0x0013da70                HIDUSER_EnableAccelerometer
                0x0013da9c                HIDUSER_DisableAccelerometer
                0x0013dac8                HIDUSER_EnableGyroscope
                0x0013daf4                HIDUSER_DisableGyroscope
                0x0013db20                HIDUSER_GetGyroscopeRawToDpsCoefficient
                0x0013db5c                HIDUSER_GetSoundVolume
 .text          0x0013db94      0x388 c:/devkitPro/libctru/lib\libctru.a(irrst.o)
                0x0013db94                irrstWaitForEvent
                0x0013dbe0                irrstCheckSectionUpdateTime
                0x0013dc1c                irrstScanInput
                0x0013dcd0                irrstKeysHeld
                0x0013dce8                irrstCstickRead
                0x0013dd00                IRRST_GetHandles
                0x0013dd50                IRRST_Initialize
                0x0013dd88                irrstInit
                0x0013de6c                IRRST_Shutdown
                0x0013de98                irrstExit
 .text          0x0013df1c       0x70 c:/devkitPro/libctru/lib\libctru.a(rbtree_find.o)
                0x0013df1c                rbtree_find
 .text          0x0013df8c       0x14 c:/devkitPro/libctru/lib\libctru.a(rbtree_init.o)
                0x0013df8c                rbtree_init
 .text          0x0013dfa0      0x1f4 c:/devkitPro/libctru/lib\libctru.a(rbtree_insert.o)
                0x0013e184                rbtree_insert
                0x0013e18c                rbtree_insert_multi
 .text          0x0013e194      0x340 c:/devkitPro/libctru/lib\libctru.a(rbtree_remove.o)
                0x0013e194                rbtree_remove
 .text          0x0013e4d4       0xac c:/devkitPro/libctru/lib\libctru.a(rbtree_rotate.o)
                0x0013e4d4                rbtree_rotate
 .text          0x0013e580       0xa4 c:/devkitPro/libctru/lib\libctru.a(allocateHeaps.o)
                0x0013e580                __system_allocateHeaps
 .text          0x0013e624       0xf4 c:/devkitPro/libctru/lib\libctru.a(initArgv.o)
                0x0013e624                __system_initArgv
 .text          0x0013e718       0x4c c:/devkitPro/libctru/lib\libctru.a(initSystem.o)
                0x0013e718                __libctru_init
 *fill*         0x0013e764        0xc 
 .text          0x0013e770      0x460 c:/devkitPro/libctru/lib\libctru.a(svc.o)
                0x0013e770                svcControlMemory
                0x0013e790                svcQueryMemory
                0x0013e7c0                svcExitProcess
                0x0013e7c8                svcCreateThread
                0x0013e7e8                svcExitThread
                0x0013e7f0                svcSleepThread
                0x0013e7f8                svcGetThreadPriority
                0x0013e80c                svcSetThreadPriority
                0x0013e814                svcGetThreadAffinityMask
                0x0013e81c                svcSetThreadAffinityMask
                0x0013e824                svcGetThreadIdealProcessor
                0x0013e838                svcSetThreadIdealProcessor
                0x0013e840                svcGetProcessorID
                0x0013e848                svcCreateMutex
                0x0013e85c                svcReleaseMutex
                0x0013e864                svcCreateSemaphore
                0x0013e878                svcReleaseSemaphore
                0x0013e88c                svcCreateEvent
                0x0013e8a0                svcSignalEvent
                0x0013e8a8                svcClearEvent
                0x0013e8b0                svcCreateTimer
                0x0013e8c4                svcSetTimer
                0x0013e8cc                svcCancelTimer
                0x0013e8d4                svcClearTimer
                0x0013e8dc                svcCreateMemoryBlock
                0x0013e8f4                svcMapMemoryBlock
                0x0013e8fc                svcUnmapMemoryBlock
                0x0013e904                svcCreateAddressArbiter
                0x0013e918                svcArbitrateAddress
                0x0013e938                svcCloseHandle
                0x0013e940                svcWaitSynchronization
                0x0013e948                svcWaitSynchronizationN
                0x0013e970                svcDuplicateHandle
                0x0013e984                svcGetSystemTick
                0x0013e98c                svcGetSystemInfo
                0x0013e9a4                svcGetProcessInfo
                0x0013e9bc                svcGetThreadInfo
                0x0013e9d4                svcConnectToPort
                0x0013e9e8                svcSendSyncRequest
                0x0013e9f0                svcOpenProcess
                0x0013ea04                svcOpenThread
                0x0013ea18                svcGetProcessId
                0x0013ea2c                svcGetProcessIdOfThread
                0x0013ea40                svcGetThreadId
                0x0013ea54                svcBreak
                0x0013ea5c                svcOutputDebugString
                0x0013ea64                svcCreatePort
                0x0013ea84                svcAcceptSession
                0x0013ea9c                svcReplyAndReceive
                0x0013eab4                svcInvalidateProcessDataCache
                0x0013eabc                svcFlushProcessDataCache
                0x0013eac4                svcStartInterProcessDma
                0x0013eae4                svcStopDma
                0x0013eaec                svcGetDmaState
                0x0013eb00                svcDebugActiveProcess
                0x0013eb14                svcBreakDebugProcess
                0x0013eb1c                svcTerminateDebugProcess
                0x0013eb24                svcGetProcessDebugEvent
                0x0013eb2c                svcContinueDebugEvent
                0x0013eb34                svcGetProcessList
                0x0013eb54                svcReadProcessMemory
                0x0013eb5c                svcWriteProcessMemory
                0x0013eb64                svcControlProcessMemory
                0x0013eb7c                svcMapProcessMemory
                0x0013eb84                svcUnmapProcessMemory
                0x0013eb8c                svcTerminateProcess
                0x0013eb94                svcBackdoor
                0x0013eb9c                svcKernelSetState
                0x0013eba4                svcQueryProcessMemory
 .text          0x0013ebd0       0x64 c:/devkitPro/libctru/lib\libctru.a(stack_adjust.o)
                0x0013ebd0                initSystem
                0x0013ec14                __ctru_exit
 .text          0x0013ec34      0x3b8 c:/devkitPro/libctru/lib\libctru.a(srv.o)
                0x0013ec34                __get_handle_from_list
                0x0013eccc                __destroy_handle_list
                0x0013ed20                srvExit
                0x0013ed48                srvGetSessionHandle
                0x0013ed54                srvRegisterClient
                0x0013ed8c                srvInit
                0x0013edf4                srvGetServiceHandle
                0x0013ee74                srvRegisterService
                0x0013eed0                srvUnregisterService
                0x0013ef1c                srvPmInit
                0x0013ef70                srvRegisterProcess
                0x0013efb8                srvUnregisterProcess
 .text          0x0013efec      0x118 c:/devkitPro/libctru/lib\libctru.a(rbtree_iterator.o)
                0x0013efec                rbtree_node_next
                0x0013f078                rbtree_node_prev
 .text          0x0013f104       0x1c c:/devkitPro/libctru/lib\libctru.a(appExit.o)
                0x0013f104                __appExit
 .text          0x0013f120       0x20 c:/devkitPro/libctru/lib\libctru.a(appInit.o)
                0x0013f120                __appInit
 .text          0x0013f140       0x90 c:/devkitPro/libctru/lib\libctru.a(ctru_exit.o)
                0x0013f140                __libctru_exit
 .text          0x0013f1d0      0xffc c:/devkitPro/libctru/lib\libctru.a(sdmc_dev.o)
                0x0014004c                sdmcInit
                0x0014017c                sdmcExit
 .text          0x001401cc      0xc88 c:/devkitPro/libctru/lib\libctru.a(fs.o)
                0x001401cc                FS_makePath
                0x001401f8                fsExit
                0x0014021c                fsGetSessionHandle
                0x00140228                FSUSER_Initialize
                0x0014029c                fsInit
                0x00140308                FSUSER_OpenFile
                0x001403b4                FSUSER_OpenFileDirectly
                0x00140480                FSUSER_DeleteFile
                0x00140508                FSUSER_RenameFile
                0x001405cc                FSUSER_DeleteDirectory
                0x00140654                FSUSER_DeleteDirectoryRecursively
                0x001406dc                FSUSER_CreateFile
                0x00140774                FSUSER_CreateDirectory
                0x00140800                FSUSER_RenameDirectory
                0x001408c4                FSUSER_OpenDirectory
                0x00140958                FSUSER_OpenArchive
                0x001409e0                FSUSER_CloseArchive
                0x00140a38                FSUSER_GetSdmcArchiveResource
                0x00140ab4                FSUSER_GetNandArchiveResource
                0x00140b30                FSUSER_IsSdmcDetected
                0x00140b7c                FSUSER_IsSdmcWritable
                0x00140bc8                FSFILE_Close
                0x00140c0c                FSFILE_Read
                0x00140c68                FSFILE_Write
                0x00140ccc                FSFILE_GetSize
                0x00140d0c                FSFILE_SetSize
                0x00140d38                FSFILE_GetAttributes
                0x00140d70                FSFILE_SetAttributes
                0x00140d98                FSFILE_Flush
                0x00140dbc                FSDIR_Read
                0x00140e10                FSDIR_Close
 .text          0x00140e54      0x138 c:/devkitPro/libctru/lib\libctru.a(decode_utf8.o)
                0x00140e54                decode_utf8
 .text          0x00140f8c       0xe8 c:/devkitPro/libctru/lib\libctru.a(utf16_to_utf8.o)
                0x00140f8c                utf16_to_utf8
 .text          0x00141074       0xb8 c:/devkitPro/libctru/lib\libctru.a(utf8_to_utf16.o)
                0x00141074                utf8_to_utf16
 .text          0x0014112c       0x60 c:/devkitPro/libctru/lib\libctru.a(decode_utf16.o)
                0x0014112c                decode_utf16
 .text          0x0014118c       0x68 c:/devkitPro/libctru/lib\libctru.a(encode_utf16.o)
                0x0014118c                encode_utf16
 .text          0x001411f4      0x104 c:/devkitPro/libctru/lib\libctru.a(encode_utf8.o)
                0x001411f4                encode_utf8
 .text          0x001412f8        0x0 c:/devkitpro/devkitarm/bin/../lib/gcc/arm-none-eabi/4.9.2/../../../../arm-none-eabi/lib/armv6k/fpu\libm.a(lib_a-sf_cos.o)
 .text          0x001412f8        0x0 c:/devkitpro/devkitarm/bin/../lib/gcc/arm-none-eabi/4.9.2/../../../../arm-none-eabi/lib/armv6k/fpu\libm.a(lib_a-s_floor.o)
 .text          0x001412f8        0x0 c:/devkitpro/devkitarm/bin/../lib/gcc/arm-none-eabi/4.9.2/../../../../arm-none-eabi/lib/armv6k/fpu\libm.a(lib_a-s_frexp.o)
 .text          0x001412f8        0x0 c:/devkitpro/devkitarm/bin/../lib/gcc/arm-none-eabi/4.9.2/../../../../arm-none-eabi/lib/armv6k/fpu\libm.a(lib_a-sf_sin.o)
 .text          0x001412f8        0x0 c:/devkitpro/devkitarm/bin/../lib/gcc/arm-none-eabi/4.9.2/../../../../arm-none-eabi/lib/armv6k/fpu\libm.a(lib_a-s_modf.o)
 .text          0x001412f8        0x0 c:/devkitpro/devkitarm/bin/../lib/gcc/arm-none-eabi/4.9.2/../../../../arm-none-eabi/lib/armv6k/fpu\libm.a(lib_a-w_pow.o)
 .text          0x001412f8        0x0 c:/devkitpro/devkitarm/bin/../lib/gcc/arm-none-eabi/4.9.2/../../../../arm-none-eabi/lib/armv6k/fpu\libm.a(lib_a-ef_rem_pio2.o)
 .text          0x001412f8        0x0 c:/devkitpro/devkitarm/bin/../lib/gcc/arm-none-eabi/4.9.2/../../../../arm-none-eabi/lib/armv6k/fpu\libm.a(lib_a-e_pow.o)
 .text          0x001412f8        0x0 c:/devkitpro/devkitarm/bin/../lib/gcc/arm-none-eabi/4.9.2/../../../../arm-none-eabi/lib/armv6k/fpu\libm.a(lib_a-e_sqrt.o)
 .text          0x001412f8        0x0 c:/devkitpro/devkitarm/bin/../lib/gcc/arm-none-eabi/4.9.2/../../../../arm-none-eabi/lib/armv6k/fpu\libm.a(lib_a-kf_cos.o)
 .text          0x001412f8        0x0 c:/devkitpro/devkitarm/bin/../lib/gcc/arm-none-eabi/4.9.2/../../../../arm-none-eabi/lib/armv6k/fpu\libm.a(lib_a-kf_rem_pio2.o)
 .text          0x001412f8        0x0 c:/devkitpro/devkitarm/bin/../lib/gcc/arm-none-eabi/4.9.2/../../../../arm-none-eabi/lib/armv6k/fpu\libm.a(lib_a-kf_sin.o)
 .text          0x001412f8        0x0 c:/devkitpro/devkitarm/bin/../lib/gcc/arm-none-eabi/4.9.2/../../../../arm-none-eabi/lib/armv6k/fpu\libm.a(lib_a-s_fabs.o)
 .text          0x001412f8        0x0 c:/devkitpro/devkitarm/bin/../lib/gcc/arm-none-eabi/4.9.2/../../../../arm-none-eabi/lib/armv6k/fpu\libm.a(lib_a-sf_fabs.o)
 .text          0x001412f8        0x0 c:/devkitpro/devkitarm/bin/../lib/gcc/arm-none-eabi/4.9.2/../../../../arm-none-eabi/lib/armv6k/fpu\libm.a(lib_a-sf_floor.o)
 .text          0x001412f8        0x0 c:/devkitpro/devkitarm/bin/../lib/gcc/arm-none-eabi/4.9.2/../../../../arm-none-eabi/lib/armv6k/fpu\libm.a(lib_a-s_finite.o)
 .text          0x001412f8        0x0 c:/devkitpro/devkitarm/bin/../lib/gcc/arm-none-eabi/4.9.2/../../../../arm-none-eabi/lib/armv6k/fpu\libm.a(lib_a-s_fpclassify.o)
 .text          0x001412f8        0x0 c:/devkitpro/devkitarm/bin/../lib/gcc/arm-none-eabi/4.9.2/../../../../arm-none-eabi/lib/armv6k/fpu\libm.a(lib_a-sf_scalbn.o)
 .text          0x001412f8        0x0 c:/devkitpro/devkitarm/bin/../lib/gcc/arm-none-eabi/4.9.2/../../../../arm-none-eabi/lib/armv6k/fpu\libm.a(lib_a-s_lib_ver.o)
 .text          0x001412f8        0x0 c:/devkitpro/devkitarm/bin/../lib/gcc/arm-none-eabi/4.9.2/../../../../arm-none-eabi/lib/armv6k/fpu\libm.a(lib_a-s_matherr.o)
 .text          0x001412f8        0x0 c:/devkitpro/devkitarm/bin/../lib/gcc/arm-none-eabi/4.9.2/../../../../arm-none-eabi/lib/armv6k/fpu\libm.a(lib_a-s_nan.o)
 .text          0x001412f8        0x0 c:/devkitpro/devkitarm/bin/../lib/gcc/arm-none-eabi/4.9.2/../../../../arm-none-eabi/lib/armv6k/fpu\libm.a(lib_a-s_rint.o)
 .text          0x001412f8        0x0 c:/devkitpro/devkitarm/bin/../lib/gcc/arm-none-eabi/4.9.2/../../../../arm-none-eabi/lib/armv6k/fpu\libm.a(lib_a-s_scalbn.o)
 .text          0x001412f8        0x0 c:/devkitpro/devkitarm/bin/../lib/gcc/arm-none-eabi/4.9.2/../../../../arm-none-eabi/lib/armv6k/fpu\libm.a(lib_a-s_copysign.o)
 .text          0x001412f8        0x0 c:/devkitpro/devkitarm/bin/../lib/gcc/arm-none-eabi/4.9.2/../../../../arm-none-eabi/lib/armv6k/fpu\libm.a(lib_a-sf_copysign.o)
 .text          0x001412f8      0x20c c:/devkitpro/devkitarm/bin/../lib/gcc/arm-none-eabi/4.9.2/armv6k/fpu\libgcc.a(_udivsi3.o)
                0x001412f8                __aeabi_uidiv
                0x001412f8                __udivsi3
                0x001414e4                __aeabi_uidivmod
 .text          0x00141504      0x240 c:/devkitpro/devkitarm/bin/../lib/gcc/arm-none-eabi/4.9.2/armv6k/fpu\libgcc.a(_divsi3.o)
                0x00141504                __divsi3
                0x00141504                __aeabi_idiv
                0x00141724                __aeabi_idivmod
 .text          0x00141744        0x4 c:/devkitpro/devkitarm/bin/../lib/gcc/arm-none-eabi/4.9.2/armv6k/fpu\libgcc.a(_dvmd_tls.o)
                0x00141744                __aeabi_idiv0
                0x00141744                __aeabi_ldiv0
 .text          0x00141748      0x250 c:/devkitpro/devkitarm/bin/../lib/gcc/arm-none-eabi/4.9.2/armv6k/fpu\libgcc.a(_arm_addsubsf3.o)
                0x00141748                __aeabi_frsub
                0x00141750                __subsf3
                0x00141750                __aeabi_fsub
                0x00141754                __aeabi_fadd
                0x00141754                __addsf3
                0x001418e4                __aeabi_ui2f
                0x001418e4                __floatunsisf
                0x001418ec                __aeabi_i2f
                0x001418ec                __floatsisf
                0x0014190c                __aeabi_ul2f
                0x0014190c                __floatundisf
                0x0014191c                __aeabi_l2f
                0x0014191c                __floatdisf
 .text          0x00141998        0x0 c:/devkitpro/devkitarm/bin/../lib/gcc/arm-none-eabi/4.9.2/../../../../arm-none-eabi/lib/armv6k/fpu\libg.a(lib_a-abort.o)
 .text          0x00141998        0x0 c:/devkitpro/devkitarm/bin/../lib/gcc/arm-none-eabi/4.9.2/../../../../arm-none-eabi/lib/armv6k/fpu\libg.a(lib_a-atof.o)
 .text          0x00141998        0x0 c:/devkitpro/devkitarm/bin/../lib/gcc/arm-none-eabi/4.9.2/../../../../arm-none-eabi/lib/armv6k/fpu\libg.a(lib_a-bsearch.o)
 .text          0x00141998        0x0 c:/devkitpro/devkitarm/bin/../lib/gcc/arm-none-eabi/4.9.2/../../../../arm-none-eabi/lib/armv6k/fpu\libg.a(lib_a-errno.o)
 .text          0x00141998        0x0 c:/devkitpro/devkitarm/bin/../lib/gcc/arm-none-eabi/4.9.2/../../../../arm-none-eabi/lib/armv6k/fpu\libg.a(lib_a-exit.o)
 .text          0x00141998        0x0 c:/devkitpro/devkitarm/bin/../lib/gcc/arm-none-eabi/4.9.2/../../../../arm-none-eabi/lib/armv6k/fpu\libg.a(lib_a-fclose.o)
 .text          0x00141998        0x0 c:/devkitpro/devkitarm/bin/../lib/gcc/arm-none-eabi/4.9.2/../../../../arm-none-eabi/lib/armv6k/fpu\libg.a(lib_a-fflush.o)
 .text          0x00141998        0x0 c:/devkitpro/devkitarm/bin/../lib/gcc/arm-none-eabi/4.9.2/../../../../arm-none-eabi/lib/armv6k/fpu\libg.a(lib_a-findfp.o)
 .text          0x00141998        0x0 c:/devkitpro/devkitarm/bin/../lib/gcc/arm-none-eabi/4.9.2/../../../../arm-none-eabi/lib/armv6k/fpu\libg.a(lib_a-fini.o)
 .text          0x00141998        0x0 c:/devkitpro/devkitarm/bin/../lib/gcc/arm-none-eabi/4.9.2/../../../../arm-none-eabi/lib/armv6k/fpu\libg.a(lib_a-fopen.o)
 .text          0x00141998        0x0 c:/devkitpro/devkitarm/bin/../lib/gcc/arm-none-eabi/4.9.2/../../../../arm-none-eabi/lib/armv6k/fpu\libg.a(lib_a-fprintf.o)
 .text          0x00141998        0x0 c:/devkitpro/devkitarm/bin/../lib/gcc/arm-none-eabi/4.9.2/../../../../arm-none-eabi/lib/armv6k/fpu\libg.a(lib_a-fputc.o)
 .text          0x00141998        0x0 c:/devkitpro/devkitarm/bin/../lib/gcc/arm-none-eabi/4.9.2/../../../../arm-none-eabi/lib/armv6k/fpu\libg.a(lib_a-fread.o)
 .text          0x00141998        0x0 c:/devkitpro/devkitarm/bin/../lib/gcc/arm-none-eabi/4.9.2/../../../../arm-none-eabi/lib/armv6k/fpu\libg.a(lib_a-freer.o)
 .text          0x00141998        0x0 c:/devkitpro/devkitarm/bin/../lib/gcc/arm-none-eabi/4.9.2/../../../../arm-none-eabi/lib/armv6k/fpu\libg.a(lib_a-fseek.o)
 .text          0x00141998        0x0 c:/devkitpro/devkitarm/bin/../lib/gcc/arm-none-eabi/4.9.2/../../../../arm-none-eabi/lib/armv6k/fpu\libg.a(lib_a-fseeko.o)
 .text          0x00141998        0x0 c:/devkitpro/devkitarm/bin/../lib/gcc/arm-none-eabi/4.9.2/../../../../arm-none-eabi/lib/armv6k/fpu\libg.a(lib_a-fwalk.o)
 .text          0x00141998        0x0 c:/devkitpro/devkitarm/bin/../lib/gcc/arm-none-eabi/4.9.2/../../../../arm-none-eabi/lib/armv6k/fpu\libg.a(lib_a-fwrite.o)
 .text          0x00141998        0x0 c:/devkitpro/devkitarm/bin/../lib/gcc/arm-none-eabi/4.9.2/../../../../arm-none-eabi/lib/armv6k/fpu\libg.a(lib_a-gmtime.o)
 .text          0x00141998        0x0 c:/devkitpro/devkitarm/bin/../lib/gcc/arm-none-eabi/4.9.2/../../../../arm-none-eabi/lib/armv6k/fpu\libg.a(lib_a-gmtime_r.o)
 .text          0x00141998        0x0 c:/devkitpro/devkitarm/bin/../lib/gcc/arm-none-eabi/4.9.2/../../../../arm-none-eabi/lib/armv6k/fpu\libg.a(lib_a-impure.o)
 .text          0x00141998        0x0 c:/devkitpro/devkitarm/bin/../lib/gcc/arm-none-eabi/4.9.2/../../../../arm-none-eabi/lib/armv6k/fpu\libg.a(lib_a-init.o)
 .text          0x00141998        0x0 c:/devkitpro/devkitarm/bin/../lib/gcc/arm-none-eabi/4.9.2/../../../../arm-none-eabi/lib/armv6k/fpu\libg.a(lib_a-makebuf.o)
 .text          0x00141998        0x0 c:/devkitpro/devkitarm/bin/../lib/gcc/arm-none-eabi/4.9.2/../../../../arm-none-eabi/lib/armv6k/fpu\libg.a(lib_a-malloc.o)
 .text          0x00141998        0x0 c:/devkitpro/devkitarm/bin/../lib/gcc/arm-none-eabi/4.9.2/../../../../arm-none-eabi/lib/armv6k/fpu\libg.a(lib_a-mallocr.o)
 .text          0x00141998        0x0 c:/devkitpro/devkitarm/bin/../lib/gcc/arm-none-eabi/4.9.2/../../../../arm-none-eabi/lib/armv6k/fpu\libg.a(lib_a-memcmp.o)
 .text          0x00141998        0x0 c:/devkitpro/devkitarm/bin/../lib/gcc/arm-none-eabi/4.9.2/../../../../arm-none-eabi/lib/armv6k/fpu\libg.a(lib_a-memcpy.o)
 .text          0x00141998        0x0 c:/devkitpro/devkitarm/bin/../lib/gcc/arm-none-eabi/4.9.2/../../../../arm-none-eabi/lib/armv6k/fpu\libg.a(lib_a-memset.o)
 .text          0x00141998        0x0 c:/devkitpro/devkitarm/bin/../lib/gcc/arm-none-eabi/4.9.2/../../../../arm-none-eabi/lib/armv6k/fpu\libg.a(lib_a-mlock.o)
 .text          0x00141998        0x0 c:/devkitpro/devkitarm/bin/../lib/gcc/arm-none-eabi/4.9.2/../../../../arm-none-eabi/lib/armv6k/fpu\libg.a(lib_a-month_lengths.o)
 .text          0x00141998        0x0 c:/devkitpro/devkitarm/bin/../lib/gcc/arm-none-eabi/4.9.2/../../../../arm-none-eabi/lib/armv6k/fpu\libg.a(lib_a-printf.o)
 .text          0x00141998        0x0 c:/devkitpro/devkitarm/bin/../lib/gcc/arm-none-eabi/4.9.2/../../../../arm-none-eabi/lib/armv6k/fpu\libg.a(lib_a-putchar.o)
 .text          0x00141998        0x0 c:/devkitpro/devkitarm/bin/../lib/gcc/arm-none-eabi/4.9.2/../../../../arm-none-eabi/lib/armv6k/fpu\libg.a(lib_a-putc.o)
 .text          0x00141998        0x0 c:/devkitpro/devkitarm/bin/../lib/gcc/arm-none-eabi/4.9.2/../../../../arm-none-eabi/lib/armv6k/fpu\libg.a(lib_a-rand.o)
 .text          0x00141998        0x0 c:/devkitpro/devkitarm/bin/../lib/gcc/arm-none-eabi/4.9.2/../../../../arm-none-eabi/lib/armv6k/fpu\libg.a(lib_a-realloc.o)
 .text          0x00141998        0x0 c:/devkitpro/devkitarm/bin/../lib/gcc/arm-none-eabi/4.9.2/../../../../arm-none-eabi/lib/armv6k/fpu\libg.a(lib_a-reallocr.o)
 .text          0x00141998        0x0 c:/devkitpro/devkitarm/bin/../lib/gcc/arm-none-eabi/4.9.2/../../../../arm-none-eabi/lib/armv6k/fpu\libg.a(lib_a-refill.o)
 .text          0x00141998        0x0 c:/devkitpro/devkitarm/bin/../lib/gcc/arm-none-eabi/4.9.2/../../../../arm-none-eabi/lib/armv6k/fpu\libg.a(lib_a-remove.o)
 .text          0x00141998       0x2c c:/devkitpro/devkitarm/bin/../lib/gcc/arm-none-eabi/4.9.2/../../../../arm-none-eabi/lib/armv6k/fpu\libg.a(lib_a-setjmp.o)
                0x00141998                setjmp
                0x001419ac                longjmp
 .text          0x001419c4        0x0 c:/devkitpro/devkitarm/bin/../lib/gcc/arm-none-eabi/4.9.2/../../../../arm-none-eabi/lib/armv6k/fpu\libg.a(lib_a-signal.o)
 .text          0x001419c4        0x0 c:/devkitpro/devkitarm/bin/../lib/gcc/arm-none-eabi/4.9.2/../../../../arm-none-eabi/lib/armv6k/fpu\libg.a(lib_a-stdio.o)
 *fill*         0x001419c4       0x1c 
 .text          0x001419e0      0x3a0 c:/devkitpro/devkitarm/bin/../lib/gcc/arm-none-eabi/4.9.2/../../../../arm-none-eabi/lib/armv6k/fpu\libg.a(lib_a-strcmp.o)
                0x001419e8                strcmp
 .text          0x00141d80        0x0 c:/devkitpro/devkitarm/bin/../lib/gcc/arm-none-eabi/4.9.2/../../../../arm-none-eabi/lib/armv6k/fpu\libg.a(lib_a-strcpy.o)
 .text          0x00141d80        0x0 c:/devkitpro/devkitarm/bin/../lib/gcc/arm-none-eabi/4.9.2/../../../../arm-none-eabi/lib/armv6k/fpu\libg.a(lib_a-strerror.o)
 .text          0x00141d80        0x0 c:/devkitpro/devkitarm/bin/../lib/gcc/arm-none-eabi/4.9.2/../../../../arm-none-eabi/lib/armv6k/fpu\libg.a(lib_a-strlen.o)
 .text          0x00141d80        0x0 c:/devkitpro/devkitarm/bin/../lib/gcc/arm-none-eabi/4.9.2/../../../../arm-none-eabi/lib/armv6k/fpu\libg.a(lib_a-strncat.o)
 .text          0x00141d80        0x0 c:/devkitpro/devkitarm/bin/../lib/gcc/arm-none-eabi/4.9.2/../../../../arm-none-eabi/lib/armv6k/fpu\libg.a(lib_a-strncpy.o)
 .text          0x00141d80        0x0 c:/devkitpro/devkitarm/bin/../lib/gcc/arm-none-eabi/4.9.2/../../../../arm-none-eabi/lib/armv6k/fpu\libg.a(lib_a-strtod.o)
 .text          0x00141d80        0x0 c:/devkitpro/devkitarm/bin/../lib/gcc/arm-none-eabi/4.9.2/../../../../arm-none-eabi/lib/armv6k/fpu\libg.a(lib_a-time.o)
 .text          0x00141d80        0x0 c:/devkitpro/devkitarm/bin/../lib/gcc/arm-none-eabi/4.9.2/../../../../arm-none-eabi/lib/armv6k/fpu\libg.a(lib_a-u_strerr.o)
 .text          0x00141d80        0x0 c:/devkitpro/devkitarm/bin/../lib/gcc/arm-none-eabi/4.9.2/../../../../arm-none-eabi/lib/armv6k/fpu\libg.a(lib_a-vfprintf.o)
 .text          0x00141d80        0x0 c:/devkitpro/devkitarm/bin/../lib/gcc/arm-none-eabi/4.9.2/../../../../arm-none-eabi/lib/armv6k/fpu\libg.a(lib_a-wbuf.o)
 .text          0x00141d80        0x0 c:/devkitpro/devkitarm/bin/../lib/gcc/arm-none-eabi/4.9.2/../../../../arm-none-eabi/lib/armv6k/fpu\libg.a(lib_a-wcrtomb.o)
 .text          0x00141d80        0x0 c:/devkitpro/devkitarm/bin/../lib/gcc/arm-none-eabi/4.9.2/../../../../arm-none-eabi/lib/armv6k/fpu\libg.a(lib_a-wcsrtombs.o)
 .text          0x00141d80        0x0 c:/devkitpro/devkitarm/bin/../lib/gcc/arm-none-eabi/4.9.2/../../../../arm-none-eabi/lib/armv6k/fpu\libg.a(lib_a-wctomb_r.o)
 .text          0x00141d80        0x0 c:/devkitpro/devkitarm/bin/../lib/gcc/arm-none-eabi/4.9.2/../../../../arm-none-eabi/lib/armv6k/fpu\libg.a(lib_a-wsetup.o)
 .text          0x00141d80        0x0 c:/devkitpro/devkitarm/bin/../lib/gcc/arm-none-eabi/4.9.2/../../../../arm-none-eabi/lib/armv6k/fpu\libg.a(lib_a-__call_atexit.o)
 .text          0x00141d80        0x0 c:/devkitpro/devkitarm/bin/../lib/gcc/arm-none-eabi/4.9.2/../../../../arm-none-eabi/lib/armv6k/fpu\libg.a(lib_a-dtoa.o)
 .text          0x00141d80        0x0 c:/devkitpro/devkitarm/bin/../lib/gcc/arm-none-eabi/4.9.2/../../../../arm-none-eabi/lib/armv6k/fpu\libg.a(lib_a-flags.o)
 .text          0x00141d80        0x0 c:/devkitpro/devkitarm/bin/../lib/gcc/arm-none-eabi/4.9.2/../../../../arm-none-eabi/lib/armv6k/fpu\libg.a(lib_a-fvwrite.o)
 .text          0x00141d80        0x0 c:/devkitpro/devkitarm/bin/../lib/gcc/arm-none-eabi/4.9.2/../../../../arm-none-eabi/lib/armv6k/fpu\libg.a(lib_a-gdtoa-gethex.o)
 .text          0x00141d80        0x0 c:/devkitpro/devkitarm/bin/../lib/gcc/arm-none-eabi/4.9.2/../../../../arm-none-eabi/lib/armv6k/fpu\libg.a(lib_a-gdtoa-hexnan.o)
 .text          0x00141d80        0x0 c:/devkitpro/devkitarm/bin/../lib/gcc/arm-none-eabi/4.9.2/../../../../arm-none-eabi/lib/armv6k/fpu\libg.a(lib_a-locale.o)
 .text          0x00141d80        0x0 c:/devkitpro/devkitarm/bin/../lib/gcc/arm-none-eabi/4.9.2/../../../../arm-none-eabi/lib/armv6k/fpu\libg.a(lib_a-mbtowc_r.o)
 .text          0x00141d80        0x0 c:/devkitpro/devkitarm/bin/../lib/gcc/arm-none-eabi/4.9.2/../../../../arm-none-eabi/lib/armv6k/fpu\libg.a(lib_a-memchr.o)
 .text          0x00141d80        0x0 c:/devkitpro/devkitarm/bin/../lib/gcc/arm-none-eabi/4.9.2/../../../../arm-none-eabi/lib/armv6k/fpu\libg.a(lib_a-memmove.o)
 .text          0x00141d80        0x0 c:/devkitpro/devkitarm/bin/../lib/gcc/arm-none-eabi/4.9.2/../../../../arm-none-eabi/lib/armv6k/fpu\libg.a(lib_a-mprec.o)
 .text          0x00141d80        0x0 c:/devkitpro/devkitarm/bin/../lib/gcc/arm-none-eabi/4.9.2/../../../../arm-none-eabi/lib/armv6k/fpu\libg.a(lib_a-sf_nan.o)
 .text          0x00141d80        0x0 c:/devkitpro/devkitarm/bin/../lib/gcc/arm-none-eabi/4.9.2/../../../../arm-none-eabi/lib/armv6k/fpu\libg.a(lib_a-strcasecmp.o)
 .text          0x00141d80        0x0 c:/devkitpro/devkitarm/bin/../lib/gcc/arm-none-eabi/4.9.2/../../../../arm-none-eabi/lib/armv6k/fpu\libg.a(lib_a-strcat.o)
 .text          0x00141d80        0x0 c:/devkitpro/devkitarm/bin/../lib/gcc/arm-none-eabi/4.9.2/../../../../arm-none-eabi/lib/armv6k/fpu\libg.a(lib_a-strchr.o)
 .text          0x00141d80        0x0 c:/devkitpro/devkitarm/bin/../lib/gcc/arm-none-eabi/4.9.2/../../../../arm-none-eabi/lib/armv6k/fpu\libg.a(lib_a-strlcpy.o)
 .text          0x00141d80        0x0 c:/devkitpro/devkitarm/bin/../lib/gcc/arm-none-eabi/4.9.2/../../../../arm-none-eabi/lib/armv6k/fpu\libg.a(lib_a-strncasecmp.o)
 .text          0x00141d80        0x0 c:/devkitpro/devkitarm/bin/../lib/gcc/arm-none-eabi/4.9.2/../../../../arm-none-eabi/lib/armv6k/fpu\libg.a(lib_a-strncmp.o)
 .text          0x00141d80        0x0 c:/devkitpro/devkitarm/bin/../lib/gcc/arm-none-eabi/4.9.2/../../../../arm-none-eabi/lib/armv6k/fpu\libg.a(lib_a-strtol.o)
 .text          0x00141d80        0x0 c:/devkitpro/devkitarm/bin/../lib/gcc/arm-none-eabi/4.9.2/../../../../arm-none-eabi/lib/armv6k/fpu\libg.a(lib_a-svfiprintf.o)
 .text          0x00141d80        0x0 c:/devkitpro/devkitarm/bin/../lib/gcc/arm-none-eabi/4.9.2/../../../../arm-none-eabi/lib/armv6k/fpu\libg.a(lib_a-vfiprintf.o)
 .text          0x00141d80        0x0 c:/devkitpro/devkitarm/bin/../lib/gcc/arm-none-eabi/4.9.2/../../../../arm-none-eabi/lib/armv6k/fpu\libg.a(lib_a-wcsnrtombs.o)
 .text          0x00141d80        0x0 c:/devkitpro/devkitarm/bin/../lib/gcc/arm-none-eabi/4.9.2/../../../../arm-none-eabi/lib/armv6k/fpu\libg.a(lib_a-callocr.o)
 .text          0x00141d80        0x0 c:/devkitpro/devkitarm/bin/../lib/gcc/arm-none-eabi/4.9.2/../../../../arm-none-eabi/lib/armv6k/fpu\libg.a(lib_a-ctype_.o)
 .text          0x00141d80        0x0 c:/devkitpro/devkitarm/bin/../lib/gcc/arm-none-eabi/4.9.2/../../../../arm-none-eabi/lib/armv6k/fpu\libg.a(lib_a-fputwc.o)
 .text          0x00141d80        0x0 c:/devkitpro/devkitarm/bin/../lib/gcc/arm-none-eabi/4.9.2/../../../../arm-none-eabi/lib/armv6k/fpu\libg.a(lib_a-getenv_r.o)
 .text          0x00141d80        0x0 c:/devkitpro/devkitarm/bin/../lib/gcc/arm-none-eabi/4.9.2/../../../../arm-none-eabi/lib/armv6k/fpu\libg.a(lib_a-environ.o)
 .text          0x00141d80        0x0 c:/devkitpro/devkitarm/bin/../lib/gcc/arm-none-eabi/4.9.2/../../../../arm-none-eabi/lib/armv6k/fpu\libg.a(lib_a-envlock.o)
 .text          0x00141d80      0x1a8 c:/devkitpro/devkitarm/bin/../lib/gcc/arm-none-eabi/4.9.2/../../../../arm-none-eabi/lib/armv6k/fpu\libsysbase.a(iosupport.o)
                0x00141d80                setDefaultDevice
                0x00141d98                FindDevice
                0x00141e44                RemoveDevice
                0x00141e70                AddDevice
                0x00141f04                GetDeviceOpTab
 .text          0x00141f28       0x7c c:/devkitpro/devkitarm/bin/../lib/gcc/arm-none-eabi/4.9.2/../../../../arm-none-eabi/lib/armv6k/fpu\libsysbase.a(close.o)
                0x00141f28                _close_r
 .text          0x00141fa4       0x6c c:/devkitpro/devkitarm/bin/../lib/gcc/arm-none-eabi/4.9.2/../../../../arm-none-eabi/lib/armv6k/fpu\libsysbase.a(fstat.o)
                0x00141fa4                _fstat_r
 .text          0x00142010       0x10 c:/devkitpro/devkitarm/bin/../lib/gcc/arm-none-eabi/4.9.2/../../../../arm-none-eabi/lib/armv6k/fpu\libsysbase.a(getpid.o)
                0x00142010                _getpid_r
 .text          0x00142020       0x2c c:/devkitpro/devkitarm/bin/../lib/gcc/arm-none-eabi/4.9.2/../../../../arm-none-eabi/lib/armv6k/fpu\libsysbase.a(gettod.o)
                0x00142020                _gettimeofday_r
 .text          0x0014204c        0x8 c:/devkitpro/devkitarm/bin/../lib/gcc/arm-none-eabi/4.9.2/../../../../arm-none-eabi/lib/armv6k/fpu\libsysbase.a(isatty.o)
                0x0014204c                _isatty_r
 .text          0x00142054       0x10 c:/devkitpro/devkitarm/bin/../lib/gcc/arm-none-eabi/4.9.2/../../../../arm-none-eabi/lib/armv6k/fpu\libsysbase.a(kill.o)
                0x00142054                _kill_r
 .text          0x00142064       0x74 c:/devkitpro/devkitarm/bin/../lib/gcc/arm-none-eabi/4.9.2/../../../../arm-none-eabi/lib/armv6k/fpu\libsysbase.a(lseek.o)
                0x00142064                _lseek_r
 .text          0x001420d8       0xc8 c:/devkitpro/devkitarm/bin/../lib/gcc/arm-none-eabi/4.9.2/../../../../arm-none-eabi/lib/armv6k/fpu\libsysbase.a(open.o)
                0x001420d8                _open_r
 .text          0x001421a0       0x74 c:/devkitpro/devkitarm/bin/../lib/gcc/arm-none-eabi/4.9.2/../../../../arm-none-eabi/lib/armv6k/fpu\libsysbase.a(read.o)
                0x001421a0                _read_r
 .text          0x00142214       0x70 c:/devkitpro/devkitarm/bin/../lib/gcc/arm-none-eabi/4.9.2/../../../../arm-none-eabi/lib/armv6k/fpu\libsysbase.a(sbrk.o)
                0x00142214                _sbrk_r
 .text          0x00142284       0x5c c:/devkitpro/devkitarm/bin/../lib/gcc/arm-none-eabi/4.9.2/../../../../arm-none-eabi/lib/armv6k/fpu\libsysbase.a(unlink.o)
                0x00142284                _unlink_r
 .text          0x001422e0       0x74 c:/devkitpro/devkitarm/bin/../lib/gcc/arm-none-eabi/4.9.2/../../../../arm-none-eabi/lib/armv6k/fpu\libsysbase.a(write.o)
                0x001422e0                _write_r
 .text          0x00142354       0x20 c:/devkitpro/devkitarm/bin/../lib/gcc/arm-none-eabi/4.9.2/../../../../arm-none-eabi/lib/armv6k/fpu\libsysbase.a(_exit.o)
                0x00142354                _exit
 .text          0x00142374        0x0 c:/devkitpro/devkitarm/bin/../lib/gcc/arm-none-eabi/4.9.2/../../../../arm-none-eabi/lib/armv6k/fpu\libsysbase.a(malloc_vars.o)
 .text          0x00142374      0x3a4 c:/devkitpro/devkitarm/bin/../lib/gcc/arm-none-eabi/4.9.2/../../../../arm-none-eabi/lib/armv6k/fpu\libsysbase.a(chdir.o)
                0x00142374                _concatenate_path
                0x00142530                chdir
                0x00142678                getcwd
 .text          0x00142718        0x8 c:/devkitpro/devkitarm/bin/../lib/gcc/arm-none-eabi/4.9.2/../../../../arm-none-eabi/lib/armv6k/fpu\libsysbase.a(flock.o)
                0x00142718                __flockfile
                0x0014271c                __funlockfile
 .text          0x00142720      0x108 c:/devkitpro/devkitarm/bin/../lib/gcc/arm-none-eabi/4.9.2/../../../../arm-none-eabi/lib/armv6k/fpu\libsysbase.a(syscall_support.o)
                0x00142720                __libc_lock_init
                0x00142738                __libc_lock_acquire
                0x00142750                __libc_lock_try_acquire
                0x00142774                __libc_lock_release
                0x0014278c                __libc_lock_close
                0x001427a4                __libc_lock_init_recursive
                0x001427bc                __libc_lock_acquire_recursive
                0x001427d4                __libc_lock_try_acquire_recursive
                0x001427f8                __libc_lock_release_recursive
                0x00142810                __libc_lock_close_recursive
 .text          0x00142828      0x254 c:/devkitpro/devkitarm/bin/../lib/gcc/arm-none-eabi/4.9.2/../../../../arm-none-eabi/lib/armv6k/fpu\libsysbase.a(handle_manager.o)
                0x00142828                __free_handle
                0x0014286c                __release_handle
                0x00142898                __alloc_handle
                0x00142900                __get_handle
                0x0014291c                dup
                0x001429a8                dup2
 .text          0x00142a7c       0x28 c:/devkitpro/devkitarm/bin/../lib/gcc/arm-none-eabi/4.9.2/../../../../arm-none-eabi/lib/armv6k/fpu\libsysbase.a(getreent.o)
                0x00142a7c                __getreent
 .text          0x00142aa4       0x3c c:/devkitpro/devkitarm/bin/../lib/gcc/arm-none-eabi/4.9.2/armv6k/fpu\libgcc.a(_aeabi_uldivmod.o)
                0x00142aa4                __aeabi_uldivmod
 .text          0x00142ae0       0x78 c:/devkitpro/devkitarm/bin/../lib/gcc/arm-none-eabi/4.9.2/armv6k/fpu\libgcc.a(bpabi.o)
                0x00142ae0                __gnu_ldivmod_helper
                0x00142b1c                __gnu_uldivmod_helper
 .text          0x00142b58      0x180 c:/devkitpro/devkitarm/bin/../lib/gcc/arm-none-eabi/4.9.2/armv6k/fpu\libgcc.a(_divdi3.o)
                0x00142b58                __divdi3
 .text          0x00142cd8      0x124 c:/devkitpro/devkitarm/bin/../lib/gcc/arm-none-eabi/4.9.2/armv6k/fpu\libgcc.a(_udivdi3.o)
                0x00142cd8                __udivdi3
 .text          0x00142dfc        0x0 c:/devkitpro/devkitarm/bin/../lib/gcc/arm-none-eabi/4.9.2/../../../../arm-none-eabi/lib/armv6k/fpu\libg.a(lib_a-strnlen.o)
 .text          0x00142dfc        0x0 c:/devkitpro/devkitarm/bin/../lib/gcc/arm-none-eabi/4.9.2/../../../../arm-none-eabi/lib/armv6k/fpu\libg.a(lib_a-strrchr.o)
 .text          0x00142dfc        0x0 c:/devkitpro/devkitarm/bin/../lib/gcc/arm-none-eabi/4.9.2/armv6k/fpu/crtend.o
 .text          0x00142dfc        0x0 c:/devkitpro/devkitarm/bin/../lib/gcc/arm-none-eabi/4.9.2/armv6k/fpu/crtn.o
 *(.text.*)
 .text.startup  0x00142dfc       0x48 main.o
                0x00142dfc                main
 *fill*         0x00142e44        0x4 
 .text.unlikely
                0x00142e48      0x108 c:/devkitPro/portlibs/armv6k/lib\libpng.a(png.o)
 .text.cosf     0x00142f50       0xa8 c:/devkitpro/devkitarm/bin/../lib/gcc/arm-none-eabi/4.9.2/../../../../arm-none-eabi/lib/armv6k/fpu\libm.a(lib_a-sf_cos.o)
                0x00142f50                cosf
 .text.floor    0x00142ff8      0x180 c:/devkitpro/devkitarm/bin/../lib/gcc/arm-none-eabi/4.9.2/../../../../arm-none-eabi/lib/armv6k/fpu\libm.a(lib_a-s_floor.o)
                0x00142ff8                floor
 .text.frexp    0x00143178       0x98 c:/devkitpro/devkitarm/bin/../lib/gcc/arm-none-eabi/4.9.2/../../../../arm-none-eabi/lib/armv6k/fpu\libm.a(lib_a-s_frexp.o)
                0x00143178                frexp
 .text.sinf     0x00143210       0xb0 c:/devkitpro/devkitarm/bin/../lib/gcc/arm-none-eabi/4.9.2/../../../../arm-none-eabi/lib/armv6k/fpu\libm.a(lib_a-sf_sin.o)
                0x00143210                sinf
 .text.modf     0x001432c0       0xd4 c:/devkitpro/devkitarm/bin/../lib/gcc/arm-none-eabi/4.9.2/../../../../arm-none-eabi/lib/armv6k/fpu\libm.a(lib_a-s_modf.o)
                0x001432c0                modf
 *fill*         0x00143394        0x4 
 .text.pow      0x00143398      0x3c0 c:/devkitpro/devkitarm/bin/../lib/gcc/arm-none-eabi/4.9.2/../../../../arm-none-eabi/lib/armv6k/fpu\libm.a(lib_a-w_pow.o)
                0x00143398                pow
 .text.__ieee754_rem_pio2f
                0x00143758      0x2e0 c:/devkitpro/devkitarm/bin/../lib/gcc/arm-none-eabi/4.9.2/../../../../arm-none-eabi/lib/armv6k/fpu\libm.a(lib_a-ef_rem_pio2.o)
                0x00143758                __ieee754_rem_pio2f
 .text.__ieee754_pow
                0x00143a38      0x880 c:/devkitpro/devkitarm/bin/../lib/gcc/arm-none-eabi/4.9.2/../../../../arm-none-eabi/lib/armv6k/fpu\libm.a(lib_a-e_pow.o)
                0x00143a38                __ieee754_pow
 .text.__ieee754_sqrt
                0x001442b8      0x200 c:/devkitpro/devkitarm/bin/../lib/gcc/arm-none-eabi/4.9.2/../../../../arm-none-eabi/lib/armv6k/fpu\libm.a(lib_a-e_sqrt.o)
                0x001442b8                __ieee754_sqrt
 .text.__kernel_cosf
                0x001444b8      0x124 c:/devkitpro/devkitarm/bin/../lib/gcc/arm-none-eabi/4.9.2/../../../../arm-none-eabi/lib/armv6k/fpu\libm.a(lib_a-kf_cos.o)
                0x001444b8                __kernel_cosf
 .text.__kernel_rem_pio2f
                0x001445dc      0x838 c:/devkitpro/devkitarm/bin/../lib/gcc/arm-none-eabi/4.9.2/../../../../arm-none-eabi/lib/armv6k/fpu\libm.a(lib_a-kf_rem_pio2.o)
                0x001445dc                __kernel_rem_pio2f
 .text.__kernel_sinf
                0x00144e14       0xa0 c:/devkitpro/devkitarm/bin/../lib/gcc/arm-none-eabi/4.9.2/../../../../arm-none-eabi/lib/armv6k/fpu\libm.a(lib_a-kf_sin.o)
                0x00144e14                __kernel_sinf
 .text.fabs     0x00144eb4       0x10 c:/devkitpro/devkitarm/bin/../lib/gcc/arm-none-eabi/4.9.2/../../../../arm-none-eabi/lib/armv6k/fpu\libm.a(lib_a-s_fabs.o)
                0x00144eb4                fabs
 .text.fabsf    0x00144ec4       0x10 c:/devkitpro/devkitarm/bin/../lib/gcc/arm-none-eabi/4.9.2/../../../../arm-none-eabi/lib/armv6k/fpu\libm.a(lib_a-sf_fabs.o)
                0x00144ec4                fabsf
 .text.floorf   0x00144ed4       0xb8 c:/devkitpro/devkitarm/bin/../lib/gcc/arm-none-eabi/4.9.2/../../../../arm-none-eabi/lib/armv6k/fpu\libm.a(lib_a-sf_floor.o)
                0x00144ed4                floorf
 .text.finite   0x00144f8c       0x14 c:/devkitpro/devkitarm/bin/../lib/gcc/arm-none-eabi/4.9.2/../../../../arm-none-eabi/lib/armv6k/fpu\libm.a(lib_a-s_finite.o)
                0x00144f8c                finite
 .text.__fpclassifyd
                0x00144fa0       0x74 c:/devkitpro/devkitarm/bin/../lib/gcc/arm-none-eabi/4.9.2/../../../../arm-none-eabi/lib/armv6k/fpu\libm.a(lib_a-s_fpclassify.o)
                0x00144fa0                __fpclassifyd
 .text.scalbnf  0x00145014      0x118 c:/devkitpro/devkitarm/bin/../lib/gcc/arm-none-eabi/4.9.2/../../../../arm-none-eabi/lib/armv6k/fpu\libm.a(lib_a-sf_scalbn.o)
                0x00145014                scalbnf
 .text.matherr  0x0014512c        0x8 c:/devkitpro/devkitarm/bin/../lib/gcc/arm-none-eabi/4.9.2/../../../../arm-none-eabi/lib/armv6k/fpu\libm.a(lib_a-s_matherr.o)
                0x0014512c                matherr
 *fill*         0x00145134        0x4 
 .text.nan      0x00145138       0x10 c:/devkitpro/devkitarm/bin/../lib/gcc/arm-none-eabi/4.9.2/../../../../arm-none-eabi/lib/armv6k/fpu\libm.a(lib_a-s_nan.o)
                0x00145138                nan
 .text.rint     0x00145148      0x170 c:/devkitpro/devkitarm/bin/../lib/gcc/arm-none-eabi/4.9.2/../../../../arm-none-eabi/lib/armv6k/fpu\libm.a(lib_a-s_rint.o)
                0x00145148                rint
 .text.scalbn   0x001452b8      0x198 c:/devkitpro/devkitarm/bin/../lib/gcc/arm-none-eabi/4.9.2/../../../../arm-none-eabi/lib/armv6k/fpu\libm.a(lib_a-s_scalbn.o)
                0x001452b8                scalbn
 .text.copysign
                0x00145450       0x1c c:/devkitpro/devkitarm/bin/../lib/gcc/arm-none-eabi/4.9.2/../../../../arm-none-eabi/lib/armv6k/fpu\libm.a(lib_a-s_copysign.o)
                0x00145450                copysign
 .text.copysignf
                0x0014546c       0x1c c:/devkitpro/devkitarm/bin/../lib/gcc/arm-none-eabi/4.9.2/../../../../arm-none-eabi/lib/armv6k/fpu\libm.a(lib_a-sf_copysign.o)
                0x0014546c                copysignf
 .text.abort    0x00145488       0x14 c:/devkitpro/devkitarm/bin/../lib/gcc/arm-none-eabi/4.9.2/../../../../arm-none-eabi/lib/armv6k/fpu\libg.a(lib_a-abort.o)
                0x00145488                abort
 .text.atof     0x0014549c        0x8 c:/devkitpro/devkitarm/bin/../lib/gcc/arm-none-eabi/4.9.2/../../../../arm-none-eabi/lib/armv6k/fpu\libg.a(lib_a-atof.o)
                0x0014549c                atof
 .text.bsearch  0x001454a4       0x78 c:/devkitpro/devkitarm/bin/../lib/gcc/arm-none-eabi/4.9.2/../../../../arm-none-eabi/lib/armv6k/fpu\libg.a(lib_a-bsearch.o)
                0x001454a4                bsearch
 .text.__errno  0x0014551c        0xc c:/devkitpro/devkitarm/bin/../lib/gcc/arm-none-eabi/4.9.2/../../../../arm-none-eabi/lib/armv6k/fpu\libg.a(lib_a-errno.o)
                0x0014551c                __errno
 .text.exit     0x00145528       0x34 c:/devkitpro/devkitarm/bin/../lib/gcc/arm-none-eabi/4.9.2/../../../../arm-none-eabi/lib/armv6k/fpu\libg.a(lib_a-exit.o)
                0x00145528                exit
 .text._fclose_r
                0x0014555c      0x118 c:/devkitpro/devkitarm/bin/../lib/gcc/arm-none-eabi/4.9.2/../../../../arm-none-eabi/lib/armv6k/fpu\libg.a(lib_a-fclose.o)
                0x0014555c                _fclose_r
 .text.fclose   0x00145674       0x18 c:/devkitpro/devkitarm/bin/../lib/gcc/arm-none-eabi/4.9.2/../../../../arm-none-eabi/lib/armv6k/fpu\libg.a(lib_a-fclose.o)
                0x00145674                fclose
 .text.__sflush_r
                0x0014568c      0x238 c:/devkitpro/devkitarm/bin/../lib/gcc/arm-none-eabi/4.9.2/../../../../arm-none-eabi/lib/armv6k/fpu\libg.a(lib_a-fflush.o)
                0x0014568c                __sflush_r
 .text._fflush_r
                0x001458c4       0x98 c:/devkitpro/devkitarm/bin/../lib/gcc/arm-none-eabi/4.9.2/../../../../arm-none-eabi/lib/armv6k/fpu\libg.a(lib_a-fflush.o)
                0x001458c4                _fflush_r
 .text.fflush   0x0014595c       0x38 c:/devkitpro/devkitarm/bin/../lib/gcc/arm-none-eabi/4.9.2/../../../../arm-none-eabi/lib/armv6k/fpu\libg.a(lib_a-fflush.o)
                0x0014595c                fflush
 .text._cleanup_r
                0x00145994        0xc c:/devkitpro/devkitarm/bin/../lib/gcc/arm-none-eabi/4.9.2/../../../../arm-none-eabi/lib/armv6k/fpu\libg.a(lib_a-findfp.o)
                0x00145994                _cleanup_r
 .text.__fp_lock
                0x001459a0       0x1c c:/devkitpro/devkitarm/bin/../lib/gcc/arm-none-eabi/4.9.2/../../../../arm-none-eabi/lib/armv6k/fpu\libg.a(lib_a-findfp.o)
 .text.__fp_unlock
                0x001459bc       0x1c c:/devkitpro/devkitarm/bin/../lib/gcc/arm-none-eabi/4.9.2/../../../../arm-none-eabi/lib/armv6k/fpu\libg.a(lib_a-findfp.o)
 .text.__sinit.part.1
                0x001459d8      0x15c c:/devkitpro/devkitarm/bin/../lib/gcc/arm-none-eabi/4.9.2/../../../../arm-none-eabi/lib/armv6k/fpu\libg.a(lib_a-findfp.o)
 .text.__sfmoreglue
                0x00145b34       0x48 c:/devkitpro/devkitarm/bin/../lib/gcc/arm-none-eabi/4.9.2/../../../../arm-none-eabi/lib/armv6k/fpu\libg.a(lib_a-findfp.o)
                0x00145b34                __sfmoreglue