Archive member included to satisfy reference by file (symbol)

c:/devkitPro/libctru/lib\libsfil.a(sfil_png.o)
                              gfx.o (sfil_load_PNG_buffer)
c:/devkitPro/portlibs/armv6k/lib\libpng.a(png.o)
                              c:/devkitPro/libctru/lib\libsfil.a(sfil_png.o) (png_set_sig_bytes)
c:/devkitPro/portlibs/armv6k/lib\libpng.a(pngerror.o)
                              c:/devkitPro/portlibs/armv6k/lib\libpng.a(png.o) (png_safecat)
c:/devkitPro/portlibs/armv6k/lib\libpng.a(pngget.o)
                              c:/devkitPro/libctru/lib\libsfil.a(sfil_png.o) (png_get_valid)
c:/devkitPro/portlibs/armv6k/lib\libpng.a(pngmem.o)
                              c:/devkitPro/portlibs/armv6k/lib\libpng.a(png.o) (png_calloc)
c:/devkitPro/portlibs/armv6k/lib\libpng.a(pngread.o)
                              c:/devkitPro/libctru/lib\libsfil.a(sfil_png.o) (png_create_read_struct)
c:/devkitPro/portlibs/armv6k/lib\libpng.a(pngrio.o)
                              c:/devkitPro/libctru/lib\libsfil.a(sfil_png.o) (png_set_read_fn)
c:/devkitPro/portlibs/armv6k/lib\libpng.a(pngrtran.o)
                              c:/devkitPro/portlibs/armv6k/lib\libpng.a(pngread.o) (png_set_background_fixed)
c:/devkitPro/portlibs/armv6k/lib\libpng.a(pngrutil.o)
                              c:/devkitPro/portlibs/armv6k/lib\libpng.a(pngread.o) (png_read_sig)
c:/devkitPro/portlibs/armv6k/lib\libpng.a(pngset.o)
                              c:/devkitPro/portlibs/armv6k/lib\libpng.a(pngrutil.o) (png_set_bKGD)
c:/devkitPro/portlibs/armv6k/lib\libpng.a(pngtrans.o)
                              c:/devkitPro/portlibs/armv6k/lib\libpng.a(pngread.o) (png_set_bgr)
c:/devkitPro/portlibs/armv6k/lib\libpng.a(pngwrite.o)
                              c:/devkitPro/portlibs/armv6k/lib\libpng.a(png.o) (png_destroy_write_struct)
c:/devkitPro/portlibs/armv6k/lib\libpng.a(pngwtran.o)
                              c:/devkitPro/portlibs/armv6k/lib\libpng.a(pngwrite.o) (png_do_write_transformations)
c:/devkitPro/portlibs/armv6k/lib\libpng.a(pngwutil.o)
                              c:/devkitPro/portlibs/armv6k/lib\libpng.a(pngwrite.o) (png_write_sig)
c:/devkitPro/portlibs/armv6k/lib\libpng.a(pngwio.o)
                              c:/devkitPro/portlibs/armv6k/lib\libpng.a(pngwutil.o) (png_write_data)
c:/devkitPro/portlibs/armv6k/lib\libz.a(adler32.o)
                              c:/devkitPro/portlibs/armv6k/lib\libpng.a(png.o) (adler32)
c:/devkitPro/portlibs/armv6k/lib\libz.a(crc32.o)
                              c:/devkitPro/portlibs/armv6k/lib\libpng.a(png.o) (crc32)
c:/devkitPro/portlibs/armv6k/lib\libz.a(deflate.o)
                              c:/devkitPro/portlibs/armv6k/lib\libpng.a(pngwutil.o) (deflateReset)
c:/devkitPro/portlibs/armv6k/lib\libz.a(inflate.o)
                              c:/devkitPro/portlibs/armv6k/lib\libpng.a(png.o) (inflateReset)
c:/devkitPro/portlibs/armv6k/lib\libz.a(inftrees.o)
                              c:/devkitPro/portlibs/armv6k/lib\libz.a(inflate.o) (inflate_table)
c:/devkitPro/portlibs/armv6k/lib\libz.a(trees.o)
                              c:/devkitPro/portlibs/armv6k/lib\libz.a(deflate.o) (_tr_init)
c:/devkitPro/portlibs/armv6k/lib\libz.a(zutil.o)
                              c:/devkitPro/portlibs/armv6k/lib\libz.a(deflate.o) (zcalloc)
c:/devkitPro/portlibs/armv6k/lib\libz.a(inffast.o)
                              c:/devkitPro/portlibs/armv6k/lib\libz.a(inflate.o) (inflate_fast)
c:/devkitPro/libctru/lib\libsf2d.a(sf2d.o)
                              gfx.o (sf2d_init)
c:/devkitPro/libctru/lib\libsf2d.a(sf2d_draw.o)
                              gfx.o (sf2d_draw_line)
c:/devkitPro/libctru/lib\libsf2d.a(sf2d_private.o)
                              c:/devkitPro/libctru/lib\libsf2d.a(sf2d.o) (GPU_SetDummyTexEnv)
c:/devkitPro/libctru/lib\libsf2d.a(sf2d_texture.o)
                              c:/devkitPro/libctru/lib\libsfil.a(sfil_png.o) (sf2d_create_texture)
c:/devkitPro/libctru/lib\libsf2d.a(shader.vsh.o)
                              c:/devkitPro/libctru/lib\libsf2d.a(sf2d.o) (shader_vsh_shbin_size)
c:/devkitPro/libctru/lib\libctru.a(linear.o)
                              c:/devkitPro/libctru/lib\libsf2d.a(sf2d_texture.o) (linearMemAlign)
c:/devkitPro/libctru/lib\libctru.a(mem_pool.o)
                              c:/devkitPro/libctru/lib\libctru.a(linear.o) (MemPool::Allocate(MemChunk&, unsigned long, int))
c:/devkitPro/libctru/lib\libctru.a(vram.o)
                              c:/devkitPro/libctru/lib\libsf2d.a(sf2d.o) (vramMemAlign)
c:/devkitPro/libctru/lib\libctru.a(gfx.o)
                              c:/devkitPro/libctru/lib\libsf2d.a(sf2d.o) (gfxSet3D)
c:/devkitPro/libctru/lib\libctru.a(os.o)
                              c:/devkitPro/libctru/lib\libsf2d.a(sf2d.o) (osConvertVirtToPhys)
c:/devkitPro/libctru/lib\libctru.a(gpu.o)
                              c:/devkitPro/libctru/lib\libsf2d.a(sf2d.o) (GPU_Init)
c:/devkitPro/libctru/lib\libctru.a(gpuResetSequence.o)
[...]
Memory Configuration

Name             Origin             Length             Attributes
*default*        0x00000000         0xffffffff

Linker script and memory map

                0x00100000                . = 0x100000
                0x00100000                __start__ = .

.text           0x00100000    0x5c5ac
 *(.crt0)
 .crt0          0x00100000       0x94 c:/devkitpro/devkitarm/bin/../lib/gcc/arm-none-eabi/4.9.2/../../../../arm-none-eabi/lib/armv6k/fpu/3dsx_crt0.o
                0x00100000                _start
                0x00100008                __service_ptr
                0x0010000c                __apt_appid
                0x00100010                __heap_size
                0x00100014                __linear_heap_size
                0x00100018                __system_arglist
                0x0010001c                __system_runflags
 *(.init)
 .init          0x00100094        0xc c:/devkitpro/devkitarm/bin/../lib/gcc/arm-none-eabi/4.9.2/armv6k/fpu/crti.o
                0x00100094                _init
 .init          0x001000a0        0xc c:/devkitpro/devkitarm/bin/../lib/gcc/arm-none-eabi/4.9.2/armv6k/fpu/crtn.o
                0x001000ac                . = ALIGN (0x4)
 *(.text)
 .text          0x001000ac        0x0 c:/devkitpro/devkitarm/bin/../lib/gcc/arm-none-eabi/4.9.2/../../../../arm-none-eabi/lib/armv6k/fpu/3dsx_crt0.o
 .text          0x001000ac        0x0 c:/devkitpro/devkitarm/bin/../lib/gcc/arm-none-eabi/4.9.2/armv6k/fpu/crti.o
 .text          0x001000ac      0x108 c:/devkitpro/devkitarm/bin/../lib/gcc/arm-none-eabi/4.9.2/armv6k/fpu/crtbegin.o
 .text          0x001001b4        0x0 0.bin.o
 .text          0x001001b4        0x0 1.bin.o
 .text          0x001001b4        0x0 2.bin.o
 .text          0x001001b4        0x0 3.bin.o
 .text          0x001001b4        0x0 4.bin.o
 .text          0x001001b4        0x0 5.bin.o
 .text          0x001001b4        0x0 6.bin.o
 .text          0x001001b4        0x0 7.bin.o
 .text          0x001001b4        0x0 8.bin.o
 .text          0x001001b4        0x0 9.bin.o
 .text          0x001001b4        0x0 bg.bin.o
 .text          0x001001b4        0x0 immut_numbers.bin.o
 .text          0x001001b4        0x0 mut_numbers.bin.o
 .text          0x001001b4        0x0 selector.bin.o
 .text          0x001001b4      0x300 gfx.o
                0x001001b4                SudokuGFX_init
                0x00100230                sudoku_gfx_free
                0x00100250                draw_background
                0x00100260                draw_victory
                0x00100298                draw_sudoku
                0x001003d4                draw_selector
                0x0010042c                start_draw
                0x001004ac                end_draw
                0x001004b0                end
 .text          0x001004b4        0x0 main.o
 .text          0x001004b4      0x164 mylib.o
                0x001004b4                emalloc
                0x001004e8                erealloc
                0x0010051c                rand_lim
                0x0010054c                mod
                0x00100568                itoa
 .text          0x00100618      0x804 sudoku.o
                0x00100618                sudoku_new
                0x00100684                sudoku_free
                0x00100694                sudoku_print
                0x0010070c                sudoku_default
                0x00100800                sudoku_delete_space
                0x0010087c                sudoku_flip_vert
                0x001008f8                sudoku_flip_hori
                0x00100970                sudoku_flip_dia1
                0x001009ec                sudoku_flip_dia2
                0x00100a54                sudoku_transform
                0x00100ae8                check_horizontals
                0x00100bb8                check_verticals
                0x00100c8c                check_boxes
                0x00100ddc                check_all
 .text          0x00100e1c      0x3a4 sudokucontroller.o
                0x00100e70                check_input
                0x00100f9c                update_victory_state
                0x00100fc0                update_sudoku_input
                0x00100fd0                update_state
                0x001010d8                initialize_game
                0x00101194                sudoku_control_free
 .text          0x001011c0      0x3e8 c:/devkitPro/libctru/lib\libsfil.a(sfil_png.o)
                0x001014c0                sfil_load_PNG_file
                0x0010155c                sfil_load_PNG_buffer
 .text          0x001015a8     0x6ce0 c:/devkitPro/portlibs/armv6k/lib\libpng.a(png.o)
                0x001015a8                png_zalloc
                0x00101600                png_zfree
                0x00101f00                png_set_sig_bytes
                0x00101f34                png_sig_cmp
                0x00101fa4                png_reset_crc
                0x00101fc4                png_calculate_crc
                0x00102018                png_user_version_check
                0x00102118                png_create_png_struct
                0x0010222c                png_create_info_struct
                0x0010226c                png_destroy_info_struct
                0x001025f4                png_info_init_3
                0x00102650                png_data_freer
                0x0010269c                png_free_data
                0x001026ac                png_get_io_ptr
                0x001026b8                png_init_io
                0x001026c4                png_save_int_32
                0x001026e4                png_convert_to_rfc1123_buffer
                0x001028c8                png_convert_to_rfc1123
                0x00102abc                png_get_copyright
                0x00102ac8                png_get_libpng_ver
                0x00102ad4                png_get_header_ver
                0x00102ae0                png_get_header_version
                0x00102aec                png_build_grayscale_palette
                0x00102b4c                png_handle_as_unknown
                0x00102bc0                png_chunk_unknown_handling
                0x00102c50                png_reset_zstream
                0x00102c68                png_access_version_number
                0x00102c74                png_zstream_error
                0x00102d58                png_colorspace_set_gamma
                0x00102ec8                png_colorspace_sync_info
                0x00102f38                png_colorspace_sync
                0x00102fc0                png_colorspace_set_sRGB
                0x00103244                png_icc_check_length
                0x001033dc                png_icc_check_header
                0x00103738                png_icc_check_tag_table
                0x00103870                png_icc_set_sRGB
                0x00103ac4                png_colorspace_set_ICC
                0x00103e9c                png_colorspace_set_rgb_coefficients
                0x00104144                png_check_IHDR
                0x001043fc                png_check_fp_number
                0x00104694                png_check_fp_string
                0x00104954                png_ascii_from_fp
                0x00105280                png_ascii_from_fixed
                0x001056b0                png_fixed
                0x00105738                png_muldiv
                0x001057f0                png_muldiv_warn
                0x001058ac                png_reciprocal
                0x00105938                png_colorspace_set_endpoints
                0x00106938                png_colorspace_set_chromaticities
                0x0010740c                png_gamma_significant
                0x0010742c                png_reciprocal2
                0x001074e8                png_gamma_8bit_correct
                0x00107570                png_gamma_16bit_correct
                0x00107604                png_gamma_correct
                0x00107714                png_destroy_gamma_table
                0x00107848                png_build_gamma_table
                0x00108184                png_set_option
                0x001081e4                png_image_free
                0x00108220                png_image_error
 .text          0x00108288     0x1a6c c:/devkitPro/portlibs/armv6k/lib\libpng.a(pngerror.o)
                0x001084f4                png_safecat
                0x00108568                png_format_number
                0x001086d4                png_warning
                0x0010881c                png_warning_parameter
                0x00108898                png_warning_parameter_unsigned
                0x0010892c                png_warning_parameter_signed
                0x001089f8                png_formatted_warning
                0x00108cd0                png_chunk_warning
                0x00108e7c                png_free_jmpbuf
                0x00108f0c                png_longjmp
                0x00108f38                png_error
                0x00108f98                png_app_warning
                0x001090f0                png_app_error
                0x00109248                png_chunk_error
                0x00109274                png_chunk_benign_error
                0x00109418                png_benign_error
                0x001096e8                png_fixed_error
                0x00109768                png_set_longjmp_fn
                0x0010984c                png_chunk_report
                0x00109b24                png_set_error_fn
                0x00109b38                png_get_error_ptr
                0x00109b44                png_safe_error
                0x00109be8                png_safe_warning
                0x00109c5c                png_safe_execute
 *fill*         0x00109cf4        0x4 
 .text          0x00109cf8     0x12d0 c:/devkitPro/portlibs/armv6k/lib\libpng.a(pngget.o)
                0x00109cf8                png_get_valid
                0x00109d14                png_get_rowbytes
                0x00109d2c                png_get_rows
                0x00109d44                png_get_image_width
                0x00109d5c                png_get_image_height
                0x00109d74                png_get_bit_depth
                0x00109d8c                png_get_color_type
                0x00109da4                png_get_filter_type
                0x00109dbc                png_get_interlace_type
                0x00109dd4                png_get_compression_type
                0x00109dec                png_get_x_pixels_per_meter
                0x00109e20                png_get_y_pixels_per_meter
                0x00109e54                png_get_pixels_per_meter
                0x00109ea0                png_get_pixel_aspect_ratio
                0x00109ee8                png_get_pixel_aspect_ratio_fixed
                0x00109f78                png_get_x_offset_microns
                0x00109fac                png_get_y_offset_microns
                0x00109fe0                png_get_x_offset_pixels
                0x0010a014                png_get_y_offset_pixels
                0x0010a048                png_get_pixels_per_inch
                0x0010a0d4                png_get_x_pixels_per_inch
                0x0010a150                png_get_y_pixels_per_inch
                0x0010a1cc                png_get_x_offset_inches_fixed
                0x0010a21c                png_get_y_offset_inches_fixed
                0x0010a26c                png_get_x_offset_inches
                0x0010a2bc                png_get_y_offset_inches
                0x0010a30c                png_get_pHYs_dpi
                0x0010a3d8                png_get_channels
                0x0010a3f0                png_get_signature
                0x0010a408                png_get_bKGD
                0x0010a444                png_get_cHRM
                0x0010a558                png_get_cHRM_XYZ
                0x0010a688                png_get_cHRM_XYZ_fixed
                0x0010a760                png_get_cHRM_fixed
                0x0010a824                png_get_gAMA_fixed
                0x0010a85c                png_get_gAMA
                0x0010a8b0                png_get_sRGB
                0x0010a8ec                png_get_iCCP
                0x0010a990                png_get_sPLT
                0x0010a9c0                png_get_hIST
                0x0010a9fc                png_get_IHDR
                0x0010aab8                png_get_oFFs
                0x0010ab24                png_get_pCAL
                0x0010abf4                png_get_sCAL_fixed
                0x0010ac7c                png_get_sCAL
                0x0010acd4                png_get_sCAL_s
                0x0010ad18                png_get_pHYs
                0x0010ad78                png_get_PLTE
                0x0010adbc                png_get_sBIT
                0x0010adf8                png_get_text
                0x0010ae40                png_get_tIME
                0x0010ae7c                png_get_tRNS
                0x0010af0c                png_get_unknown_chunks
                0x0010af3c                png_get_rgb_to_gray_status
                0x0010af48                png_get_user_chunk_ptr
                0x0010af54                png_get_compression_buffer_size
                0x0010af70                png_get_user_width_max
                0x0010af7c                png_get_user_height_max
                0x0010af88                png_get_chunk_cache_max
                0x0010af94                png_get_chunk_malloc_max
                0x0010afa0                png_get_io_state
                0x0010afa8                png_get_io_chunk_type
                0x0010afb0                png_get_palette_max
 .text          0x0010afc8      0x3ec c:/devkitPro/portlibs/armv6k/lib\libpng.a(pngmem.o)
                0x0010afc8                png_destroy_png_struct
                0x0010b030                png_calloc
                0x0010b0a8                png_malloc_base
                0x0010b0d8                png_malloc_array
                0x0010b154                png_realloc_array
                0x0010b25c                png_malloc
                0x0010b2b8                png_malloc_default
                0x0010b2f8                png_malloc_warn
                0x0010b35c                png_free
                0x0010b380                png_free_default
                0x0010b394                png_set_mem_fn
                0x0010b3a8                png_get_mem_ptr
 .text          0x0010b3b4     0x7704 c:/devkitPro/portlibs/armv6k/lib\libpng.a(pngread.o)
                0x0011100c                png_create_read_struct
                0x00111064                png_create_read_struct_2
                0x001110c0                png_read_info
                0x001110d0                png_read_update_info
                0x00111114                png_start_read_image
                0x00111138                png_read_row
                0x00111490                png_read_rows
                0x00111884                png_read_image
                0x00111c20                png_read_end
                0x001120b0                png_destroy_read_struct
                0x00112334                png_set_read_status_fn
                0x00112340                png_read_png
                0x001125f8                png_image_begin_read_from_stdio
                0x001127a8                png_image_begin_read_from_file
                0x00112870                png_image_begin_read_from_memory
                0x0011290c                png_image_finish_read
 .text          0x00112ab8       0xac c:/devkitPro/portlibs/armv6k/lib\libpng.a(pngrio.o)
                0x00112ab8                png_default_read_data
                0x00112af4                png_read_data
                0x00112b14                png_set_read_fn
 *fill*         0x00112b64        0x4 
 .text          0x00112b68     0x6020 c:/devkitPro/portlibs/armv6k/lib\libpng.a(pngrtran.o)
                0x00113eb4                png_set_crc_action
                0x00113f90                png_set_background_fixed
                0x00114048                png_set_background
                0x00114120                png_set_scale_16
                0x00114158                png_set_strip_16
                0x00114190                png_set_strip_alpha
                0x001141c8                png_set_alpha_mode_fixed
                0x001143c4                png_set_alpha_mode
                0x00114674                png_set_quantize
                0x00114f1c                png_set_gamma_fixed
                0x00115024                png_set_gamma
                0x00115258                png_set_expand
                0x00115294                png_set_palette_to_rgb
                0x001152d0                png_set_expand_gray_1_2_4_to_8
                0x00115308                png_set_tRNS_to_alpha
                0x00115344                png_set_expand_16
                0x00115380                png_set_gray_to_rgb
                0x001153b8                png_set_rgb_to_gray_fixed
                0x00115510                png_set_rgb_to_gray
                0x001156b4                png_set_read_user_transform_fn
                0x001156c8                png_init_read_transformations
                0x001163b0                png_read_transform_info
                0x001166a0                png_do_read_transformations
 .text          0x00118b88     0x524c c:/devkitPro/portlibs/armv6k/lib\libpng.a(pngrutil.o)
                0x001197c0                png_get_uint_31
                0x001197fc                png_get_uint_32
                0x00119820                png_get_int_32
                0x00119844                png_get_uint_16
                0x00119858                png_read_sig
                0x00119904                png_read_chunk_header
                0x00119a74                png_crc_read
                0x00119aa4                png_crc_finish
                0x00119c24                png_crc_error
                0x00119cc4                png_handle_IHDR
                0x00119e3c                png_handle_PLTE
                0x0011a05c                png_handle_IEND
                0x0011a0b0                png_handle_gAMA
                0x0011a194                png_handle_sBIT
                0x0011a3a8                png_handle_cHRM
                0x0011a668                png_handle_sRGB
                0x0011a770                png_handle_iCCP
                0x0011ad54                png_handle_sPLT
                0x0011b074                png_handle_tRNS
                0x0011b2b0                png_handle_bKGD
                0x0011b4e0                png_handle_hIST
                0x0011b618                png_handle_pHYs
                0x0011b754                png_handle_oFFs
                0x0011b8a4                png_handle_pCAL
                0x0011bc14                png_handle_sCAL
                0x0011be9c                png_handle_tIME
                0x0011bfb0                png_handle_tEXt
                0x0011c170                png_handle_zTXt
                0x0011c3c4                png_handle_iTXt
                0x0011c72c                png_handle_unknown
                0x0011ca84                png_check_chunk_name
                0x0011cb4c                png_combine_row
                0x0011d03c                png_do_read_interlace
                0x0011d4c8                png_read_filter_row
                0x0011d550                png_read_IDAT_data
                0x0011d8cc                png_read_finish_IDAT
                0x0011d944                png_read_finish_row
                0x0011da94                png_read_start_row
 .text          0x0011ddd4     0x1e70 c:/devkitPro/portlibs/armv6k/lib\libpng.a(pngset.o)
                0x0011e134                png_set_bKGD
                0x0011e180                png_set_cHRM_fixed
                0x0011e210                png_set_cHRM_XYZ_fixed
                0x0011e2a8                png_set_cHRM
                0x0011e3fc                png_set_cHRM_XYZ
                0x0011e558                png_set_gAMA_fixed
                0x0011e588                png_set_gAMA
                0x0011e5cc                png_set_hIST
                0x0011e678                png_set_IHDR
                0x0011e754                png_set_oFFs
                0x0011e780                png_set_pCAL
                0x0011ea00                png_set_sCAL_s
                0x0011eb64                png_set_sCAL
                0x0011ed30                png_set_sCAL_fixed
                0x0011eee0                png_set_pHYs
                0x0011ef0c                png_set_PLTE
                0x0011f010                png_set_sBIT
                0x0011f054                png_set_sRGB
                0x0011f084                png_set_sRGB_gAMA_and_cHRM
                0x0011f0c4                png_set_iCCP
                0x0011f218                png_set_text
                0x0011f25c                png_set_text_2
                0x0011f294                png_set_tIME
                0x0011f334                png_set_tRNS
                0x0011f474                png_set_sPLT
                0x0011f5e4                png_set_unknown_chunks
                0x0011f774                png_set_unknown_chunk_location
                0x0011f820                png_permit_mng_features
                0x0011f834                png_set_keep_unknown_chunks
                0x0011fae8                png_set_read_user_chunk_fn
                0x0011faf8                png_set_rows
                0x0011fb54                png_set_compression_buffer_size
                0x0011fbd8                png_set_invalid
                0x0011fbf0                png_set_user_limits
                0x0011fc00                png_set_chunk_cache_max
                0x0011fc0c                png_set_chunk_malloc_max
                0x0011fc18                png_set_benign_errors
                0x0011fc30                png_set_check_for_invalid_index
 .text          0x0011fc44      0xa8c c:/devkitPro/portlibs/armv6k/lib\libpng.a(pngtrans.o)
                0x0011fc44                png_set_bgr
                0x0011fc58                png_set_swap
                0x0011fc78                png_set_packing
                0x0011fca0                png_set_packswap
                0x0011fcc0                png_set_shift
                0x0011fce8                png_set_interlace_handling
                0x0011fd18                png_set_filler
                0x0011fda0                png_set_add_alpha
                0x0011fe48                png_set_swap_alpha
                0x0011fe5c                png_set_invert_alpha
                0x0011fe70                png_set_invert_mono
                0x0011fe84                png_do_invert
                0x00120074                png_do_swap
                0x001200c0                png_do_packswap
                0x0012012c                png_do_strip_channel
                0x00120358                png_do_bgr
                0x00120494                png_do_check_palette_indexes
                0x00120660                png_set_user_transform_info
                0x001206a4                png_get_user_transform_ptr
                0x001206b0                png_get_current_row_number
                0x001206c0                png_get_current_pass_number
 .text          0x001206d0     0x37ac c:/devkitPro/portlibs/armv6k/lib\libpng.a(pngwrite.o)
                0x00120ce4                png_write_info_before_PLTE
                0x00121324                png_write_info
                0x00121334                png_write_end
                0x00121580                png_convert_from_struct_tm
                0x001215c0                png_convert_from_time_t
                0x00121620                png_create_write_struct
                0x001216ac                png_create_write_struct_2
                0x0012173c                png_write_rows
                0x00121b0c                png_write_image
                0x00121eec                png_write_row
                0x00122994                png_set_flush
                0x001229a4                png_write_flush
                0x001229e8                png_destroy_write_struct
                0x00122a98                png_set_filter
                0x00123434                png_set_filter_heuristics
                0x00123438                png_set_filter_heuristics_fixed
                0x0012343c                png_set_compression_level
                0x00123448                png_set_compression_mem_level
                0x00123454                png_set_compression_strategy
                0x0012346c                png_set_compression_window_bits
                0x001234c0                png_set_compression_method
                0x001234f0                png_set_text_compression_level
                0x001234fc                png_set_text_compression_mem_level
                0x00123508                png_set_text_compression_strategy
                0x00123514                png_set_text_compression_window_bits
                0x00123568                png_set_text_compression_method
                0x00123598                png_set_write_status_fn
                0x001235a4                png_set_write_user_transform_fn
                0x001235bc                png_write_png
                0x00123aec                png_image_write_to_stdio
                0x00123d3c                png_image_write_to_file
 .text          0x00123e7c      0x778 c:/devkitPro/portlibs/armv6k/lib\libpng.a(pngwtran.o)
                0x00123e7c                png_do_write_transformations
 .text          0x001245f4     0x4094 c:/devkitPro/portlibs/armv6k/lib\libpng.a(pngwutil.o)
                0x00124fa8                png_save_uint_32
                0x00124fc8                png_save_uint_16
                0x00124fd8                png_write_sig
                0x00125034                png_write_chunk_start
                0x001250e0                png_write_chunk_data
                0x0012511c                png_write_chunk_end
                0x00125168                png_write_chunk
                0x00125294                png_free_buffer_list
                0x001252cc                png_write_IHDR
                0x00125664                png_write_PLTE
                0x001257fc                png_compress_IDAT
                0x00125c38                png_write_IEND
                0x00125d00                png_write_gAMA_fixed
                0x00125e00                png_write_sRGB
                0x00125f08                png_write_iCCP
                0x00126170                png_write_sPLT
                0x001263c0                png_write_sBIT
                0x001264c8                png_write_cHRM_fixed
                0x0012661c                png_write_tRNS
                0x001267f4                png_write_bKGD
                0x001269f4                png_write_hIST
                0x00126b30                png_write_tEXt
                0x00126ce0                png_write_zTXt
                0x00126f28                png_write_iTXt
                0x001272f0                png_write_oFFs
                0x00127418                png_write_pCAL
                0x00127728                png_write_sCAL_s
                0x001277cc                png_write_pHYs
                0x00127918                png_write_tIME
                0x001279b4                png_write_start_row
                0x00127b08                png_write_finish_row
                0x00127c48                png_do_write_interlace
                0x00127eb8                png_write_find_filter
 .text          0x00128688       0xd8 c:/devkitPro/portlibs/armv6k/lib\libpng.a(pngwio.o)
                0x00128688                png_default_write_data
                0x001286c4                png_default_flush
                0x001286d4                png_write_data
                0x001286f4                png_flush
                0x00128704                png_set_write_fn
 .text          0x00128760      0x5c0 c:/devkitPro/portlibs/armv6k/lib\libz.a(adler32.o)
                0x00128760                adler32
                0x00128ba8                adler32_combine
                0x00128c64                adler32_combine64
 .text          0x00128d20      0x5d8 c:/devkitPro/portlibs/armv6k/lib\libz.a(crc32.o)
                0x00128f34                get_crc_table
                0x00128f40                crc32
                0x001292f0                crc32_combine
                0x001292f4                crc32_combine64
 .text          0x001292f8     0x40e0 c:/devkitPro/portlibs/armv6k/lib\libz.a(deflate.o)
                0x0012a974                deflateSetDictionary
                0x0012ab8c                deflateResetKeep
                0x0012ac64                deflateReset
                0x0012adcc                deflateSetHeader
                0x0012ae00                deflatePending
                0x0012ae4c                deflatePrime
                0x0012aef4                deflateTune
                0x0012af2c                deflateBound
                0x0012b040                deflate
                0x0012c890                deflateParams
                0x0012c9ac                deflateEnd
                0x0012cacc                deflateInit2_
                0x0012ce94                deflateInit_
                0x0012d1d4                deflateCopy
 .text          0x0012d3d8     0x2c58 c:/devkitPro/portlibs/armv6k/lib\libz.a(inflate.o)
                0x0012d3d8                inflateResetKeep
                0x0012d468                inflateReset
                0x0012d504                inflateReset2
                0x0012d624                inflateInit2_
                0x0012d7ac                inflateInit_
                0x0012d910                inflatePrime
                0x0012d988                inflate
                0x0012f824                inflateEnd
                0x0012f888                inflateGetDictionary
                0x0012f920                inflateSetDictionary
                0x0012fac8                inflateGetHeader
                0x0012fb04                inflateSync
                0x0012fdbc                inflateSyncPoint
                0x0012fdfc                inflateCopy
                0x0012ffa8                inflateUndermine
                0x0012ffd8                inflateMark
 .text          0x00130030      0xbf4 c:/devkitPro/portlibs/armv6k/lib\libz.a(inftrees.o)
                0x00130030                inflate_table
 .text          0x00130c24     0x257c c:/devkitPro/portlibs/armv6k/lib\libz.a(trees.o)
                0x00132154                _tr_init
                0x00132220                _tr_stored_block
                0x001323b4                _tr_flush_bits
                0x00132450                _tr_align
                0x001325d4                _tr_flush_block
                0x001330e8                _tr_tally
 .text          0x001331a0       0x38 c:/devkitPro/portlibs/armv6k/lib\libz.a(zutil.o)
                0x001331a0                zlibVersion
                0x001331ac                zlibCompileFlags
                0x001331b4                zError
                0x001331c8                zcalloc
                0x001331d0                zcfree
 .text          0x001331d8      0xbe4 c:/devkitPro/portlibs/armv6k/lib\libz.a(inffast.o)
                0x001331d8                inflate_fast
 .text          0x00133dbc      0x75c c:/devkitPro/libctru/lib\libsf2d.a(sf2d.o)
                0x00133fd4                sf2d_init
                0x00133ffc                sf2d_init_advanced
                0x0013401c                sf2d_fini
                0x00134080                sf2d_set_3D
                0x0013408c                sf2d_start_frame
                0x0013421c                sf2d_end_frame
                0x00134334                sf2d_swapbuffers
                0x001343e4                sf2d_set_vblank_wait
                0x001343f4                sf2d_get_fps
                0x00134404                sf2d_pool_malloc
                0x00134430                sf2d_pool_memalign
                0x00134470                sf2d_pool_space_free
                0x00134488                sf2d_pool_reset
                0x0013449c                sf2d_set_clear_color
                0x001344ac                sf2d_set_scissor_test
                0x001344f8                sf2d_get_current_screen
                0x00134508                sf2d_get_current_side
 .text          0x00134518      0x7cc c:/devkitPro/libctru/lib\libsf2d.a(sf2d_draw.o)
                0x00134518                sf2d_draw_line
                0x001346f0                sf2d_draw_rectangle
                0x001348a8                sf2d_draw_rectangle_rotate
                0x00134afc                sf2d_draw_fill_circle
 .text          0x00134ce4      0x4f8 c:/devkitPro/libctru/lib\libsf2d.a(sf2d_private.o)
                0x00134ce4                GPU_SetDummyTexEnv
                0x00134d18                vector_mult_matrix4x4
                0x00134d9c                matrix_gpu_set_uniform
                0x00134dec                matrix_copy
                0x00134e28                matrix_identity4x4
                0x00134e74                matrix_mult4x4
                0x00134ee8                matrix_set_z_rotation
                0x00134f5c                matrix_rotate_z
                0x00134fbc                matrix_set_scaling
                0x00135008                matrix_swap_xy
                0x001350a8                matrix_init_orthographic
                0x001351bc                next_pow2
 .text          0x001351dc     0x2114 c:/devkitPro/libctru/lib\libsf2d.a(sf2d_texture.o)
                0x00135300                sf2d_create_texture
                0x001354ec                sf2d_free_texture
                0x0013553c                sf2d_fill_texture_from_RGBA8
                0x001355f4                sf2d_create_texture_mem_RGBA8
                0x00135638                sf2d_bind_texture
                0x001356b0                sf2d_bind_texture_color
                0x00135730                sf2d_bind_texture_parameters
                0x001357a8                sf2d_draw_texture
                0x001358e8                sf2d_draw_texture_blend
                0x00135a2c                sf2d_draw_texture_rotate_hotspot
                0x00135bdc                sf2d_draw_texture_rotate_hotspot_blend
                0x00135d90                sf2d_draw_texture_rotate
                0x00135f54                sf2d_draw_texture_rotate_blend
                0x0013611c                sf2d_draw_texture_part
                0x00136298                sf2d_draw_texture_part_blend
                0x00136418                sf2d_draw_texture_scale
                0x00136580                sf2d_draw_texture_scale_blend
                0x001366ec                sf2d_draw_texture_part_scale
                0x00136840                sf2d_draw_texture_part_scale_blend
                0x00136998                sf2d_draw_texture_part_rotate_scale
                0x00136bb0                sf2d_draw_texture_part_rotate_scale_blend
                0x00136dcc                sf2d_draw_texture_depth
                0x00136f2c                sf2d_draw_texture_depth_blend
                0x00137090                sf2d_draw_quad_uv
                0x001371bc                sf2d_set_pixel
                0x00137250                sf2d_get_pixel
                0x001372e0                sf2d_texture_tile32
 .text          0x001372f0        0x0 c:/devkitPro/libctru/lib\libsf2d.a(shader.vsh.o)
 .text          0x001372f0      0x1d4 c:/devkitPro/libctru/lib\libctru.a(linear.o)
                0x00137318                linearMemAlign
                0x00137458                linearAlloc
                0x00137460                linearRealloc
                0x00137468                linearFree
                0x001374b8                linearSpaceFree
 .text          0x001374c4      0x35c c:/devkitPro/libctru/lib\libctru.a(mem_pool.o)
                0x001374c4                MemPool::CoalesceRight(MemBlock*)
                0x00137564                MemPool::Allocate(MemChunk&, unsigned long, int)
                0x001376ec                MemPool::Deallocate(MemChunk const&)
                0x001377f0                MemPool::GetFreeSpace()
 .text          0x00137820      0x1c4 c:/devkitPro/libctru/lib\libctru.a(vram.o)
                0x00137848                vramMemAlign
                0x00137978                vramAlloc
                0x00137980                vramRealloc
                0x00137988                vramFree
                0x001379d8                vramSpaceFree
 .text          0x001379e4      0x72c c:/devkitPro/libctru/lib\libctru.a(gfx.o)
                0x00137a70                gfxSet3D
                0x00137a80                gfxSetScreenFormat
                0x00137a98                gfxGetScreenFormat
                0x00137ab0                gfxSetDoubleBuffering
                0x00137ac4                gfxSetFramebufferInfo
                0x00137b34                gfxWriteFramebufferInfo
                0x00137bf8                gfxInit
                0x00137dd8                gfxInitDefault
                0x00137de8                gfxExit
                0x00137eb4                gfxGetFramebuffer
                0x00137f64                gfxFlushBuffers
                0x00138040                gfxSwapBuffers
                0x001380b4                gfxSwapBuffersGpu
 .text          0x00138110      0x288 c:/devkitPro/libctru/lib\libctru.a(os.o)
                0x00138168                osConvertVirtToPhys
                0x001381b4                osConvertOldLINEARMemToNew
                0x001381d4                __libctru_gtod
                0x001382cc                osGetTime
                0x00138340                osGetFirmVersion
                0x00138354                osGetKernelVersion
                0x00138368                osStrError
                0x00138388                osGetWifiStrength
 .text          0x00138398     0x1a58 c:/devkitPro/libctru/lib\libctru.a(gpu.o)
                0x00138418                GPU_Init
                0x00138444                GPUCMD_SetBuffer
                0x00138470                GPUCMD_SetBufferOffset
                0x00138480                GPUCMD_GetBuffer
                0x001384c0                GPUCMD_AddRawCommands
                0x0013850c                GPUCMD_Run
                0x0013856c                GPUCMD_FlushAndRun
                0x001385e0                GPUCMD_Add
                0x001386c4                GPUCMD_Finalize
                0x0013875c                GPU_Reset
                0x00138f3c                GPU_SetFloatUniform
                0x00138fb4                GPU_SetViewport
                0x001391a8                GPU_SetScissorTest
                0x001391f4                GPU_DepthMap
                0x00139270                GPU_SetAlphaTest
                0x001392a8                GPU_SetStencilTest
                0x001392f0                GPU_SetStencilOp
                0x00139324                GPU_SetDepthTestAndWriteMask
                0x0013935c                GPU_SetAlphaBlending
                0x001393c4                GPU_SetColorLogicOp
                0x00139408                GPU_SetBlendingColor
                0x00139444                GPU_SetTextureEnable
                0x00139490                GPU_SetTexture
                0x00139628                GPU_SetTextureBorderColor
                0x001396bc                GPU_SetAttributeBuffers
                0x001398b8                GPU_SetAttributeBuffersAddress
                0x001398e4                GPU_SetFaceCulling
                0x00139910                GPU_SetCombinerBufferWrite
                0x00139944                GPU_SetTexEnv
                0x001399bc                GPU_DrawArray
                0x00139aec                GPU_DrawElements
                0x00139c20                GPU_FinishDrawing
                0x00139c7c                GPU_SetShaderOutmap
                0x00139cc4                GPU_SendShaderCode
                0x00139d7c                GPU_SendOperandDescriptors
 .text          0x00139df0        0x0 c:/devkitPro/libctru/lib\libctru.a(gpuResetSequence.o)
 .text          0x00139df0      0x7f4 c:/devkitPro/libctru/lib\libctru.a(shaderProgram.o)
                0x00139df0                shaderInstanceInit
                0x00139ff8                shaderInstanceFree
                0x0013a030                shaderInstanceSetBool
                0x0013a070                shaderInstanceGetBool
                0x0013a0bc                shaderInstanceGetUniformLocation
                0x0013a0dc                shaderProgramInit
                0x0013a0f4                shaderProgramFree
                0x0013a124                shaderProgramSetVsh
                0x0013a190                shaderProgramSetGsh
                0x0013a204                shaderProgramUse
 .text          0x0013a5e4      0x348 c:/devkitPro/libctru/lib\libctru.a(shbin.o)
                0x0013a5e4                DVLB_Free
                0x0013a620                DVLE_GetUniformRegister
                0x0013a69c                DVLE_GenerateOutmap
                0x0013a794                DVLB_ParseFile
 .text          0x0013a92c     0x1d4c c:/devkitPro/libctru/lib\libctru.a(apt.o)
                0x0013a990                _aptDebug
                0x0013a994                aptInitCaptureInfo
                0x0013aa44                aptWaitStatusEvent
                0x0013aa6c                aptHook
                0x0013aaa4                aptUnhook
                0x0013aad0                aptGetStatus
                0x0013ab08                aptSetStatus
                0x0013ab6c                aptGetStatusPower
                0x0013aba4                aptSetStatusPower
                0x0013abdc                aptOpenSession
                0x0013ac00                aptCloseSession
                0x0013ac28                aptSignalReadyForSleep
                0x0013ac38                APT_GetLockHandle
                0x0013ac88                APT_Initialize
                0x0013acf0                APT_Finalize
                0x0013ad2c                APT_HardwareResetAsync
                0x0013ad60                APT_Enable
                0x0013ad9c                APT_GetAppletManInfo
                0x0013ae1c                aptGetMenuAppID
                0x0013ae58                APT_GetAppletProgramInfo
                0x0013aeac                APT_IsRegistered
                0x0013aefc                APT_InquireNotification
                0x0013af4c                APT_PrepareToJumpToHomeMenu
                0x0013af80                APT_JumpToHomeMenu
                0x0013afd0                APT_PrepareToJumpToApplication
                0x0013b00c                APT_JumpToApplication
                0x0013b05c                APT_NotifyToWait
                0x0013b098                APT_AppletUtility
                0x0013b120                aptAppletUtility_Exit_RetToApp
                0x0013b240                aptAppletClosed
                0x0013b37c                aptInit
                0x0013b534                APT_GlanceParameter
                0x0013b5a8                APT_ReceiveParameter
                0x0013b61c                APT_SendParameter
                0x0013b68c                APT_SendCaptureBufferInfo
                0x0013b6d8                aptReturnToMenu
                0x0013b8ac                APT_ReplySleepQuery
                0x0013b8ec                APT_ReplySleepNotificationComplete
                0x0013b928                aptEventHandler
                0x0013bc34                APT_PrepareToCloseApplication
                0x0013bc70                APT_CloseApplication
                0x0013bcc8                aptExit
                0x0013beb4                APT_SetAppCpuTimeLimit
                0x0013bef8                APT_GetAppCpuTimeLimit
                0x0013bf4c                APT_CheckNew3DS_Application
                0x0013bfa8                APT_CheckNew3DS_System
                0x0013c004                APT_CheckNew3DS
                0x0013c078                APT_PrepareToDoAppJump
                0x0013c0c4                APT_DoAppJump
                0x0013c12c                APT_PrepareToStartLibraryApplet
                0x0013c168                APT_StartLibraryApplet
                0x0013c1c8                aptAppletStarted
                0x0013c2cc                aptMainLoop
                0x0013c444                APT_LaunchLibraryApplet
                0x0013c5dc                APT_PrepareToStartSystemApplet
                0x0013c618                APT_StartSystemApplet
 .text          0x0013c678      0x8a0 c:/devkitPro/libctru/lib\libctru.a(gsp.o)
                0x0013c75c                gspInit
                0x0013c770                gspExit
                0x0013c788                gspInitEventHandler
                0x0013c854                gspExitEventHandler
                0x0013c8ac                gspWaitForEvent
                0x0013c904                GSPGPU_WriteHWRegs
                0x0013c974                GSPGPU_WriteHWRegsWithMask
                0x0013ca00                GSPGPU_ReadHWRegs
                0x0013ca70                GSPGPU_SetBufferSwap
                0x0013cae4                GSPGPU_FlushDataCache
                0x0013cb38                GSPGPU_InvalidateDataCache
                0x0013cb8c                GSPGPU_SetLcdForceBlack
                0x0013cbc8                GSPGPU_TriggerCmdReqQueue
                0x0013cbfc                GSPGPU_RegisterInterruptRelayQueue
                0x0013cc68                GSPGPU_UnregisterInterruptRelayQueue
                0x0013cc9c                GSPGPU_AcquireRight
                0x0013ccec                GSPGPU_ReleaseRight
                0x0013cd20                GSPGPU_ImportDisplayCaptureInfo
                0x0013cda4                GSPGPU_SaveVramSysArea
                0x0013cdd8                GSPGPU_RestoreVramSysArea
                0x0013ce0c                GSPGPU_SubmitGxCommand
 .text          0x0013cf18      0x264 c:/devkitPro/libctru/lib\libctru.a(gx.o)
                0x0013cf18                GX_RequestDma
                0x0013cf6c                GX_SetCommandList_Last
                0x0013cfd4                GX_SetMemoryFill
                0x0013d048                GX_SetDisplayTransfer
                0x0013d0ac                GX_SetTextureCopy
                0x0013d114                GX_SetCommandList_First
 .text          0x0013d17c      0x708 c:/devkitPro/libctru/lib\libctru.a(hid.o)
                0x0013d17c                hidExit
                0x0013d220                hidWaitForEvent
                0x0013d278                hidCheckSectionUpdateTime
                0x0013d2b4                hidScanInput
                0x0013d4fc                hidKeysHeld
                0x0013d50c                hidKeysDown
                0x0013d51c                hidKeysUp
                0x0013d52c                hidTouchRead
                0x0013d544                hidCircleRead
                0x0013d55c                hidAccelRead
                0x0013d57c                hidGyroRead
                0x0013d59c                HIDUSER_GetHandles
                0x0013d62c                hidInit
                0x0013d760                HIDUSER_EnableAccelerometer
                0x0013d78c                HIDUSER_DisableAccelerometer
                0x0013d7b8                HIDUSER_EnableGyroscope
                0x0013d7e4                HIDUSER_DisableGyroscope
                0x0013d810                HIDUSER_GetGyroscopeRawToDpsCoefficient
                0x0013d84c                HIDUSER_GetSoundVolume
 .text          0x0013d884      0x388 c:/devkitPro/libctru/lib\libctru.a(irrst.o)
                0x0013d884                irrstWaitForEvent
                0x0013d8d0                irrstCheckSectionUpdateTime
                0x0013d90c                irrstScanInput
                0x0013d9c0                irrstKeysHeld
                0x0013d9d8                irrstCstickRead
                0x0013d9f0                IRRST_GetHandles
                0x0013da40                IRRST_Initialize
                0x0013da78                irrstInit
                0x0013db5c                IRRST_Shutdown
                0x0013db88                irrstExit
 .text          0x0013dc0c       0x70 c:/devkitPro/libctru/lib\libctru.a(rbtree_find.o)
                0x0013dc0c                rbtree_find
 .text          0x0013dc7c       0x14 c:/devkitPro/libctru/lib\libctru.a(rbtree_init.o)
                0x0013dc7c                rbtree_init
 .text          0x0013dc90      0x1f4 c:/devkitPro/libctru/lib\libctru.a(rbtree_insert.o)
                0x0013de74                rbtree_insert
                0x0013de7c                rbtree_insert_multi
 .text          0x0013de84      0x340 c:/devkitPro/libctru/lib\libctru.a(rbtree_remove.o)
                0x0013de84                rbtree_remove
 .text          0x0013e1c4       0xac c:/devkitPro/libctru/lib\libctru.a(rbtree_rotate.o)
                0x0013e1c4                rbtree_rotate
 .text          0x0013e270       0xa4 c:/devkitPro/libctru/lib\libctru.a(allocateHeaps.o)
                0x0013e270                __system_allocateHeaps
 .text          0x0013e314       0xf4 c:/devkitPro/libctru/lib\libctru.a(initArgv.o)
                0x0013e314                __system_initArgv
 .text          0x0013e408       0x4c c:/devkitPro/libctru/lib\libctru.a(initSystem.o)
                0x0013e408                __libctru_init
 *fill*         0x0013e454        0xc 
 .text          0x0013e460      0x460 c:/devkitPro/libctru/lib\libctru.a(svc.o)
                0x0013e460                svcControlMemory
                0x0013e480                svcQueryMemory
                0x0013e4b0                svcExitProcess
                0x0013e4b8                svcCreateThread
                0x0013e4d8                svcExitThread
                0x0013e4e0                svcSleepThread
                0x0013e4e8                svcGetThreadPriority
                0x0013e4fc                svcSetThreadPriority
                0x0013e504                svcGetThreadAffinityMask
                0x0013e50c                svcSetThreadAffinityMask
                0x0013e514                svcGetThreadIdealProcessor
                0x0013e528                svcSetThreadIdealProcessor
                0x0013e530                svcGetProcessorID
                0x0013e538                svcCreateMutex
                0x0013e54c                svcReleaseMutex
                0x0013e554                svcCreateSemaphore
                0x0013e568                svcReleaseSemaphore
                0x0013e57c                svcCreateEvent
                0x0013e590                svcSignalEvent
                0x0013e598                svcClearEvent
                0x0013e5a0                svcCreateTimer
                0x0013e5b4                svcSetTimer
                0x0013e5bc                svcCancelTimer
                0x0013e5c4                svcClearTimer
                0x0013e5cc                svcCreateMemoryBlock
                0x0013e5e4                svcMapMemoryBlock
                0x0013e5ec                svcUnmapMemoryBlock
                0x0013e5f4                svcCreateAddressArbiter
                0x0013e608                svcArbitrateAddress
                0x0013e628                svcCloseHandle
                0x0013e630                svcWaitSynchronization
                0x0013e638                svcWaitSynchronizationN
                0x0013e660                svcDuplicateHandle
                0x0013e674                svcGetSystemTick
                0x0013e67c                svcGetSystemInfo
                0x0013e694                svcGetProcessInfo
                0x0013e6ac                svcGetThreadInfo
                0x0013e6c4                svcConnectToPort
                0x0013e6d8                svcSendSyncRequest
                0x0013e6e0                svcOpenProcess
                0x0013e6f4                svcOpenThread
                0x0013e708                svcGetProcessId
                0x0013e71c                svcGetProcessIdOfThread
                0x0013e730                svcGetThreadId
                0x0013e744                svcBreak
                0x0013e74c                svcOutputDebugString
                0x0013e754                svcCreatePort
                0x0013e774                svcAcceptSession
                0x0013e78c                svcReplyAndReceive
                0x0013e7a4                svcInvalidateProcessDataCache
                0x0013e7ac                svcFlushProcessDataCache
                0x0013e7b4                svcStartInterProcessDma
                0x0013e7d4                svcStopDma
                0x0013e7dc                svcGetDmaState
                0x0013e7f0                svcDebugActiveProcess
                0x0013e804                svcBreakDebugProcess
                0x0013e80c                svcTerminateDebugProcess
                0x0013e814                svcGetProcessDebugEvent
                0x0013e81c                svcContinueDebugEvent
                0x0013e824                svcGetProcessList
                0x0013e844                svcReadProcessMemory
                0x0013e84c                svcWriteProcessMemory
                0x0013e854                svcControlProcessMemory
                0x0013e86c                svcMapProcessMemory
                0x0013e874                svcUnmapProcessMemory
                0x0013e87c                svcTerminateProcess
                0x0013e884                svcBackdoor
                0x0013e88c                svcKernelSetState
                0x0013e894                svcQueryProcessMemory
 .text          0x0013e8c0       0x64 c:/devkitPro/libctru/lib\libctru.a(stack_adjust.o)
                0x0013e8c0                initSystem
                0x0013e904                __ctru_exit
 .text          0x0013e924      0x3b8 c:/devkitPro/libctru/lib\libctru.a(srv.o)
                0x0013e924                __get_handle_from_list
                0x0013e9bc                __destroy_handle_list
                0x0013ea10                srvExit
                0x0013ea38                srvGetSessionHandle
                0x0013ea44                srvRegisterClient
                0x0013ea7c                srvInit
                0x0013eae4                srvGetServiceHandle
                0x0013eb64                srvRegisterService
                0x0013ebc0                srvUnregisterService
                0x0013ec0c                srvPmInit
                0x0013ec60                srvRegisterProcess
                0x0013eca8                srvUnregisterProcess
 .text          0x0013ecdc      0x118 c:/devkitPro/libctru/lib\libctru.a(rbtree_iterator.o)
                0x0013ecdc                rbtree_node_next
                0x0013ed68                rbtree_node_prev
 .text          0x0013edf4       0x1c c:/devkitPro/libctru/lib\libctru.a(appExit.o)
                0x0013edf4                __appExit
 .text          0x0013ee10       0x20 c:/devkitPro/libctru/lib\libctru.a(appInit.o)
                0x0013ee10                __appInit
 .text          0x0013ee30       0x90 c:/devkitPro/libctru/lib\libctru.a(ctru_exit.o)
                0x0013ee30                __libctru_exit
 .text          0x0013eec0      0xffc c:/devkitPro/libctru/lib\libctru.a(sdmc_dev.o)
                0x0013fd3c                sdmcInit
                0x0013fe6c                sdmcExit
 .text          0x0013febc      0xc88 c:/devkitPro/libctru/lib\libctru.a(fs.o)
                0x0013febc                FS_makePath
                0x0013fee8                fsExit
                0x0013ff0c                fsGetSessionHandle
                0x0013ff18                FSUSER_Initialize
                0x0013ff8c                fsInit
                0x0013fff8                FSUSER_OpenFile
                0x001400a4                FSUSER_OpenFileDirectly
                0x00140170                FSUSER_DeleteFile
                0x001401f8                FSUSER_RenameFile
                0x001402bc                FSUSER_DeleteDirectory
                0x00140344                FSUSER_DeleteDirectoryRecursively
                0x001403cc                FSUSER_CreateFile
                0x00140464                FSUSER_CreateDirectory
                0x001404f0                FSUSER_RenameDirectory
                0x001405b4                FSUSER_OpenDirectory
                0x00140648                FSUSER_OpenArchive
                0x001406d0                FSUSER_CloseArchive
                0x00140728                FSUSER_GetSdmcArchiveResource
                0x001407a4                FSUSER_GetNandArchiveResource
                0x00140820                FSUSER_IsSdmcDetected
                0x0014086c                FSUSER_IsSdmcWritable
                0x001408b8                FSFILE_Close
                0x001408fc                FSFILE_Read
                0x00140958                FSFILE_Write
                0x001409bc                FSFILE_GetSize
                0x001409fc                FSFILE_SetSize
                0x00140a28                FSFILE_GetAttributes
                0x00140a60                FSFILE_SetAttributes
                0x00140a88                FSFILE_Flush
                0x00140aac                FSDIR_Read
                0x00140b00                FSDIR_Close
 .text          0x00140b44      0x138 c:/devkitPro/libctru/lib\libctru.a(decode_utf8.o)
                0x00140b44                decode_utf8
 .text          0x00140c7c       0xe8 c:/devkitPro/libctru/lib\libctru.a(utf16_to_utf8.o)
                0x00140c7c                utf16_to_utf8
 .text          0x00140d64       0xb8 c:/devkitPro/libctru/lib\libctru.a(utf8_to_utf16.o)
                0x00140d64                utf8_to_utf16
 .text          0x00140e1c       0x60 c:/devkitPro/libctru/lib\libctru.a(decode_utf16.o)
                0x00140e1c                decode_utf16
 .text          0x00140e7c       0x68 c:/devkitPro/libctru/lib\libctru.a(encode_utf16.o)
                0x00140e7c                encode_utf16
 .text          0x00140ee4      0x104 c:/devkitPro/libctru/lib\libctru.a(encode_utf8.o)
                0x00140ee4                encode_utf8
 .text          0x00140fe8        0x0 c:/devkitpro/devkitarm/bin/../lib/gcc/arm-none-eabi/4.9.2/../../../../arm-none-eabi/lib/armv6k/fpu\libm.a(lib_a-sf_cos.o)
 .text          0x00140fe8        0x0 c:/devkitpro/devkitarm/bin/../lib/gcc/arm-none-eabi/4.9.2/../../../../arm-none-eabi/lib/armv6k/fpu\libm.a(lib_a-s_floor.o)
 .text          0x00140fe8        0x0 c:/devkitpro/devkitarm/bin/../lib/gcc/arm-none-eabi/4.9.2/../../../../arm-none-eabi/lib/armv6k/fpu\libm.a(lib_a-s_frexp.o)
 .text          0x00140fe8        0x0 c:/devkitpro/devkitarm/bin/../lib/gcc/arm-none-eabi/4.9.2/../../../../arm-none-eabi/lib/armv6k/fpu\libm.a(lib_a-sf_sin.o)
 .text          0x00140fe8        0x0 c:/devkitpro/devkitarm/bin/../lib/gcc/arm-none-eabi/4.9.2/../../../../arm-none-eabi/lib/armv6k/fpu\libm.a(lib_a-s_modf.o)
 .text          0x00140fe8        0x0 c:/devkitpro/devkitarm/bin/../lib/gcc/arm-none-eabi/4.9.2/../../../../arm-none-eabi/lib/armv6k/fpu\libm.a(lib_a-w_pow.o)
 .text          0x00140fe8        0x0 c:/devkitpro/devkitarm/bin/../lib/gcc/arm-none-eabi/4.9.2/../../../../arm-none-eabi/lib/armv6k/fpu\libm.a(lib_a-ef_rem_pio2.o)
 .text          0x00140fe8        0x0 c:/devkitpro/devkitarm/bin/../lib/gcc/arm-none-eabi/4.9.2/../../../../arm-none-eabi/lib/armv6k/fpu\libm.a(lib_a-e_pow.o)
 .text          0x00140fe8        0x0 c:/devkitpro/devkitarm/bin/../lib/gcc/arm-none-eabi/4.9.2/../../../../arm-none-eabi/lib/armv6k/fpu\libm.a(lib_a-e_sqrt.o)
 .text          0x00140fe8        0x0 c:/devkitpro/devkitarm/bin/../lib/gcc/arm-none-eabi/4.9.2/../../../../arm-none-eabi/lib/armv6k/fpu\libm.a(lib_a-kf_cos.o)
 .text          0x00140fe8        0x0 c:/devkitpro/devkitarm/bin/../lib/gcc/arm-none-eabi/4.9.2/../../../../arm-none-eabi/lib/armv6k/fpu\libm.a(lib_a-kf_rem_pio2.o)
 .text          0x00140fe8        0x0 c:/devkitpro/devkitarm/bin/../lib/gcc/arm-none-eabi/4.9.2/../../../../arm-none-eabi/lib/armv6k/fpu\libm.a(lib_a-kf_sin.o)
 .text          0x00140fe8        0x0 c:/devkitpro/devkitarm/bin/../lib/gcc/arm-none-eabi/4.9.2/../../../../arm-none-eabi/lib/armv6k/fpu\libm.a(lib_a-s_fabs.o)
 .text          0x00140fe8        0x0 c:/devkitpro/devkitarm/bin/../lib/gcc/arm-none-eabi/4.9.2/../../../../arm-none-eabi/lib/armv6k/fpu\libm.a(lib_a-sf_fabs.o)
 .text          0x00140fe8        0x0 c:/devkitpro/devkitarm/bin/../lib/gcc/arm-none-eabi/4.9.2/../../../../arm-none-eabi/lib/armv6k/fpu\libm.a(lib_a-sf_floor.o)
 .text          0x00140fe8        0x0 c:/devkitpro/devkitarm/bin/../lib/gcc/arm-none-eabi/4.9.2/../../../../arm-none-eabi/lib/armv6k/fpu\libm.a(lib_a-s_finite.o)
 .text          0x00140fe8        0x0 c:/devkitpro/devkitarm/bin/../lib/gcc/arm-none-eabi/4.9.2/../../../../arm-none-eabi/lib/armv6k/fpu\libm.a(lib_a-s_fpclassify.o)
 .text          0x00140fe8        0x0 c:/devkitpro/devkitarm/bin/../lib/gcc/arm-none-eabi/4.9.2/../../../../arm-none-eabi/lib/armv6k/fpu\libm.a(lib_a-sf_scalbn.o)
 .text          0x00140fe8        0x0 c:/devkitpro/devkitarm/bin/../lib/gcc/arm-none-eabi/4.9.2/../../../../arm-none-eabi/lib/armv6k/fpu\libm.a(lib_a-s_lib_ver.o)
 .text          0x00140fe8        0x0 c:/devkitpro/devkitarm/bin/../lib/gcc/arm-none-eabi/4.9.2/../../../../arm-none-eabi/lib/armv6k/fpu\libm.a(lib_a-s_matherr.o)
 .text          0x00140fe8        0x0 c:/devkitpro/devkitarm/bin/../lib/gcc/arm-none-eabi/4.9.2/../../../../arm-none-eabi/lib/armv6k/fpu\libm.a(lib_a-s_nan.o)
 .text          0x00140fe8        0x0 c:/devkitpro/devkitarm/bin/../lib/gcc/arm-none-eabi/4.9.2/../../../../arm-none-eabi/lib/armv6k/fpu\libm.a(lib_a-s_rint.o)
 .text          0x00140fe8        0x0 c:/devkitpro/devkitarm/bin/../lib/gcc/arm-none-eabi/4.9.2/../../../../arm-none-eabi/lib/armv6k/fpu\libm.a(lib_a-s_scalbn.o)
 .text          0x00140fe8        0x0 c:/devkitpro/devkitarm/bin/../lib/gcc/arm-none-eabi/4.9.2/../../../../arm-none-eabi/lib/armv6k/fpu\libm.a(lib_a-s_copysign.o)
 .text          0x00140fe8        0x0 c:/devkitpro/devkitarm/bin/../lib/gcc/arm-none-eabi/4.9.2/../../../../arm-none-eabi/lib/armv6k/fpu\libm.a(lib_a-sf_copysign.o)
 .text          0x00140fe8      0x20c c:/devkitpro/devkitarm/bin/../lib/gcc/arm-none-eabi/4.9.2/armv6k/fpu\libgcc.a(_udivsi3.o)
                0x00140fe8                __aeabi_uidiv
                0x00140fe8                __udivsi3
                0x001411d4                __aeabi_uidivmod
 .text          0x001411f4      0x240 c:/devkitpro/devkitarm/bin/../lib/gcc/arm-none-eabi/4.9.2/armv6k/fpu\libgcc.a(_divsi3.o)
                0x001411f4                __divsi3
                0x001411f4                __aeabi_idiv
                0x00141414                __aeabi_idivmod
 .text          0x00141434        0x4 c:/devkitpro/devkitarm/bin/../lib/gcc/arm-none-eabi/4.9.2/armv6k/fpu\libgcc.a(_dvmd_tls.o)
                0x00141434                __aeabi_idiv0
                0x00141434                __aeabi_ldiv0
 .text          0x00141438      0x250 c:/devkitpro/devkitarm/bin/../lib/gcc/arm-none-eabi/4.9.2/armv6k/fpu\libgcc.a(_arm_addsubsf3.o)
                0x00141438                __aeabi_frsub
                0x00141440                __subsf3
                0x00141440                __aeabi_fsub
                0x00141444                __aeabi_fadd
                0x00141444                __addsf3
                0x001415d4                __aeabi_ui2f
                0x001415d4                __floatunsisf
                0x001415dc                __aeabi_i2f
                0x001415dc                __floatsisf
                0x001415fc                __aeabi_ul2f
                0x001415fc                __floatundisf
                0x0014160c                __aeabi_l2f
                0x0014160c                __floatdisf
 .text          0x00141688        0x0 c:/devkitpro/devkitarm/bin/../lib/gcc/arm-none-eabi/4.9.2/../../../../arm-none-eabi/lib/armv6k/fpu\libg.a(lib_a-abort.o)
 .text          0x00141688        0x0 c:/devkitpro/devkitarm/bin/../lib/gcc/arm-none-eabi/4.9.2/../../../../arm-none-eabi/lib/armv6k/fpu\libg.a(lib_a-atof.o)
 .text          0x00141688        0x0 c:/devkitpro/devkitarm/bin/../lib/gcc/arm-none-eabi/4.9.2/../../../../arm-none-eabi/lib/armv6k/fpu\libg.a(lib_a-bsearch.o)
 .text          0x00141688        0x0 c:/devkitpro/devkitarm/bin/../lib/gcc/arm-none-eabi/4.9.2/../../../../arm-none-eabi/lib/armv6k/fpu\libg.a(lib_a-errno.o)
 .text          0x00141688        0x0 c:/devkitpro/devkitarm/bin/../lib/gcc/arm-none-eabi/4.9.2/../../../../arm-none-eabi/lib/armv6k/fpu\libg.a(lib_a-exit.o)
 .text          0x00141688        0x0 c:/devkitpro/devkitarm/bin/../lib/gcc/arm-none-eabi/4.9.2/../../../../arm-none-eabi/lib/armv6k/fpu\libg.a(lib_a-fclose.o)
 .text          0x00141688        0x0 c:/devkitpro/devkitarm/bin/../lib/gcc/arm-none-eabi/4.9.2/../../../../arm-none-eabi/lib/armv6k/fpu\libg.a(lib_a-fflush.o)
 .text          0x00141688        0x0 c:/devkitpro/devkitarm/bin/../lib/gcc/arm-none-eabi/4.9.2/../../../../arm-none-eabi/lib/armv6k/fpu\libg.a(lib_a-findfp.o)
 .text          0x00141688        0x0 c:/devkitpro/devkitarm/bin/../lib/gcc/arm-none-eabi/4.9.2/../../../../arm-none-eabi/lib/armv6k/fpu\libg.a(lib_a-fini.o)
 .text          0x00141688        0x0 c:/devkitpro/devkitarm/bin/../lib/gcc/arm-none-eabi/4.9.2/../../../../arm-none-eabi/lib/armv6k/fpu\libg.a(lib_a-fopen.o)
 .text          0x00141688        0x0 c:/devkitpro/devkitarm/bin/../lib/gcc/arm-none-eabi/4.9.2/../../../../arm-none-eabi/lib/armv6k/fpu\libg.a(lib_a-fprintf.o)
 .text          0x00141688        0x0 c:/devkitpro/devkitarm/bin/../lib/gcc/arm-none-eabi/4.9.2/../../../../arm-none-eabi/lib/armv6k/fpu\libg.a(lib_a-fputc.o)
 .text          0x00141688        0x0 c:/devkitpro/devkitarm/bin/../lib/gcc/arm-none-eabi/4.9.2/../../../../arm-none-eabi/lib/armv6k/fpu\libg.a(lib_a-fread.o)
 .text          0x00141688        0x0 c:/devkitpro/devkitarm/bin/../lib/gcc/arm-none-eabi/4.9.2/../../../../arm-none-eabi/lib/armv6k/fpu\libg.a(lib_a-freer.o)
 .text          0x00141688        0x0 c:/devkitpro/devkitarm/bin/../lib/gcc/arm-none-eabi/4.9.2/../../../../arm-none-eabi/lib/armv6k/fpu\libg.a(lib_a-fseek.o)
 .text          0x00141688        0x0 c:/devkitpro/devkitarm/bin/../lib/gcc/arm-none-eabi/4.9.2/../../../../arm-none-eabi/lib/armv6k/fpu\libg.a(lib_a-fseeko.o)
 .text          0x00141688        0x0 c:/devkitpro/devkitarm/bin/../lib/gcc/arm-none-eabi/4.9.2/../../../../arm-none-eabi/lib/armv6k/fpu\libg.a(lib_a-fwalk.o)
 .text          0x00141688        0x0 c:/devkitpro/devkitarm/bin/../lib/gcc/arm-none-eabi/4.9.2/../../../../arm-none-eabi/lib/armv6k/fpu\libg.a(lib_a-fwrite.o)
 .text          0x00141688        0x0 c:/devkitpro/devkitarm/bin/../lib/gcc/arm-none-eabi/4.9.2/../../../../arm-none-eabi/lib/armv6k/fpu\libg.a(lib_a-gmtime.o)
 .text          0x00141688        0x0 c:/devkitpro/devkitarm/bin/../lib/gcc/arm-none-eabi/4.9.2/../../../../arm-none-eabi/lib/armv6k/fpu\libg.a(lib_a-gmtime_r.o)
 .text          0x00141688        0x0 c:/devkitpro/devkitarm/bin/../lib/gcc/arm-none-eabi/4.9.2/../../../../arm-none-eabi/lib/armv6k/fpu\libg.a(lib_a-impure.o)
 .text          0x00141688        0x0 c:/devkitpro/devkitarm/bin/../lib/gcc/arm-none-eabi/4.9.2/../../../../arm-none-eabi/lib/armv6k/fpu\libg.a(lib_a-init.o)
 .text          0x00141688        0x0 c:/devkitpro/devkitarm/bin/../lib/gcc/arm-none-eabi/4.9.2/../../../../arm-none-eabi/lib/armv6k/fpu\libg.a(lib_a-makebuf.o)
 .text          0x00141688        0x0 c:/devkitpro/devkitarm/bin/../lib/gcc/arm-none-eabi/4.9.2/../../../../arm-none-eabi/lib/armv6k/fpu\libg.a(lib_a-malloc.o)
 .text          0x00141688        0x0 c:/devkitpro/devkitarm/bin/../lib/gcc/arm-none-eabi/4.9.2/../../../../arm-none-eabi/lib/armv6k/fpu\libg.a(lib_a-mallocr.o)
 .text          0x00141688        0x0 c:/devkitpro/devkitarm/bin/../lib/gcc/arm-none-eabi/4.9.2/../../../../arm-none-eabi/lib/armv6k/fpu\libg.a(lib_a-memcmp.o)
 .text          0x00141688        0x0 c:/devkitpro/devkitarm/bin/../lib/gcc/arm-none-eabi/4.9.2/../../../../arm-none-eabi/lib/armv6k/fpu\libg.a(lib_a-memcpy.o)
 .text          0x00141688        0x0 c:/devkitpro/devkitarm/bin/../lib/gcc/arm-none-eabi/4.9.2/../../../../arm-none-eabi/lib/armv6k/fpu\libg.a(lib_a-memset.o)
 .text          0x00141688        0x0 c:/devkitpro/devkitarm/bin/../lib/gcc/arm-none-eabi/4.9.2/../../../../arm-none-eabi/lib/armv6k/fpu\libg.a(lib_a-mlock.o)
 .text          0x00141688        0x0 c:/devkitpro/devkitarm/bin/../lib/gcc/arm-none-eabi/4.9.2/../../../../arm-none-eabi/lib/armv6k/fpu\libg.a(lib_a-month_lengths.o)
 .text          0x00141688        0x0 c:/devkitpro/devkitarm/bin/../lib/gcc/arm-none-eabi/4.9.2/../../../../arm-none-eabi/lib/armv6k/fpu\libg.a(lib_a-printf.o)
 .text          0x00141688        0x0 c:/devkitpro/devkitarm/bin/../lib/gcc/arm-none-eabi/4.9.2/../../../../arm-none-eabi/lib/armv6k/fpu\libg.a(lib_a-putchar.o)
 .text          0x00141688        0x0 c:/devkitpro/devkitarm/bin/../lib/gcc/arm-none-eabi/4.9.2/../../../../arm-none-eabi/lib/armv6k/fpu\libg.a(lib_a-putc.o)
 .text          0x00141688        0x0 c:/devkitpro/devkitarm/bin/../lib/gcc/arm-none-eabi/4.9.2/../../../../arm-none-eabi/lib/armv6k/fpu\libg.a(lib_a-rand.o)
 .text          0x00141688        0x0 c:/devkitpro/devkitarm/bin/../lib/gcc/arm-none-eabi/4.9.2/../../../../arm-none-eabi/lib/armv6k/fpu\libg.a(lib_a-realloc.o)
 .text          0x00141688        0x0 c:/devkitpro/devkitarm/bin/../lib/gcc/arm-none-eabi/4.9.2/../../../../arm-none-eabi/lib/armv6k/fpu\libg.a(lib_a-reallocr.o)
 .text          0x00141688        0x0 c:/devkitpro/devkitarm/bin/../lib/gcc/arm-none-eabi/4.9.2/../../../../arm-none-eabi/lib/armv6k/fpu\libg.a(lib_a-refill.o)
 .text          0x00141688        0x0 c:/devkitpro/devkitarm/bin/../lib/gcc/arm-none-eabi/4.9.2/../../../../arm-none-eabi/lib/armv6k/fpu\libg.a(lib_a-remove.o)
 .text          0x00141688       0x2c c:/devkitpro/devkitarm/bin/../lib/gcc/arm-none-eabi/4.9.2/../../../../arm-none-eabi/lib/armv6k/fpu\libg.a(lib_a-setjmp.o)
                0x00141688                setjmp
                0x0014169c                longjmp
 .text          0x001416b4        0x0 c:/devkitpro/devkitarm/bin/../lib/gcc/arm-none-eabi/4.9.2/../../../../arm-none-eabi/lib/armv6k/fpu\libg.a(lib_a-signal.o)
 .text          0x001416b4        0x0 c:/devkitpro/devkitarm/bin/../lib/gcc/arm-none-eabi/4.9.2/../../../../arm-none-eabi/lib/armv6k/fpu\libg.a(lib_a-stdio.o)
 *fill*         0x001416b4        0xc 
 .text          0x001416c0      0x3a0 c:/devkitpro/devkitarm/bin/../lib/gcc/arm-none-eabi/4.9.2/../../../../arm-none-eabi/lib/armv6k/fpu\libg.a(lib_a-strcmp.o)
                0x001416c8                strcmp
 .text          0x00141a60        0x0 c:/devkitpro/devkitarm/bin/../lib/gcc/arm-none-eabi/4.9.2/../../../../arm-none-eabi/lib/armv6k/fpu\libg.a(lib_a-strcpy.o)
 .text          0x00141a60        0x0 c:/devkitpro/devkitarm/bin/../lib/gcc/arm-none-eabi/4.9.2/../../../../arm-none-eabi/lib/armv6k/fpu\libg.a(lib_a-strerror.o)
 .text          0x00141a60        0x0 c:/devkitpro/devkitarm/bin/../lib/gcc/arm-none-eabi/4.9.2/../../../../arm-none-eabi/lib/armv6k/fpu\libg.a(lib_a-strlen.o)
 .text          0x00141a60        0x0 c:/devkitpro/devkitarm/bin/../lib/gcc/arm-none-eabi/4.9.2/../../../../arm-none-eabi/lib/armv6k/fpu\libg.a(lib_a-strncat.o)
 .text          0x00141a60        0x0 c:/devkitpro/devkitarm/bin/../lib/gcc/arm-none-eabi/4.9.2/../../../../arm-none-eabi/lib/armv6k/fpu\libg.a(lib_a-strncpy.o)
 .text          0x00141a60        0x0 c:/devkitpro/devkitarm/bin/../lib/gcc/arm-none-eabi/4.9.2/../../../../arm-none-eabi/lib/armv6k/fpu\libg.a(lib_a-strtod.o)
 .text          0x00141a60        0x0 c:/devkitpro/devkitarm/bin/../lib/gcc/arm-none-eabi/4.9.2/../../../../arm-none-eabi/lib/armv6k/fpu\libg.a(lib_a-time.o)
 .text          0x00141a60        0x0 c:/devkitpro/devkitarm/bin/../lib/gcc/arm-none-eabi/4.9.2/../../../../arm-none-eabi/lib/armv6k/fpu\libg.a(lib_a-u_strerr.o)
 .text          0x00141a60        0x0 c:/devkitpro/devkitarm/bin/../lib/gcc/arm-none-eabi/4.9.2/../../../../arm-none-eabi/lib/armv6k/fpu\libg.a(lib_a-vfprintf.o)
 .text          0x00141a60        0x0 c:/devkitpro/devkitarm/bin/../lib/gcc/arm-none-eabi/4.9.2/../../../../arm-none-eabi/lib/armv6k/fpu\libg.a(lib_a-wbuf.o)
 .text          0x00141a60        0x0 c:/devkitpro/devkitarm/bin/../lib/gcc/arm-none-eabi/4.9.2/../../../../arm-none-eabi/lib/armv6k/fpu\libg.a(lib_a-wcrtomb.o)
 .text          0x00141a60        0x0 c:/devkitpro/devkitarm/bin/../lib/gcc/arm-none-eabi/4.9.2/../../../../arm-none-eabi/lib/armv6k/fpu\libg.a(lib_a-wcsrtombs.o)
 .text          0x00141a60        0x0 c:/devkitpro/devkitarm/bin/../lib/gcc/arm-none-eabi/4.9.2/../../../../arm-none-eabi/lib/armv6k/fpu\libg.a(lib_a-wctomb_r.o)
 .text          0x00141a60        0x0 c:/devkitpro/devkitarm/bin/../lib/gcc/arm-none-eabi/4.9.2/../../../../arm-none-eabi/lib/armv6k/fpu\libg.a(lib_a-wsetup.o)
 .text          0x00141a60        0x0 c:/devkitpro/devkitarm/bin/../lib/gcc/arm-none-eabi/4.9.2/../../../../arm-none-eabi/lib/armv6k/fpu\libg.a(lib_a-__call_atexit.o)
 .text          0x00141a60        0x0 c:/devkitpro/devkitarm/bin/../lib/gcc/arm-none-eabi/4.9.2/../../../../arm-none-eabi/lib/armv6k/fpu\libg.a(lib_a-dtoa.o)
 .text          0x00141a60        0x0 c:/devkitpro/devkitarm/bin/../lib/gcc/arm-none-eabi/4.9.2/../../../../arm-none-eabi/lib/armv6k/fpu\libg.a(lib_a-flags.o)
 .text          0x00141a60        0x0 c:/devkitpro/devkitarm/bin/../lib/gcc/arm-none-eabi/4.9.2/../../../../arm-none-eabi/lib/armv6k/fpu\libg.a(lib_a-fvwrite.o)
 .text          0x00141a60        0x0 c:/devkitpro/devkitarm/bin/../lib/gcc/arm-none-eabi/4.9.2/../../../../arm-none-eabi/lib/armv6k/fpu\libg.a(lib_a-gdtoa-gethex.o)
 .text          0x00141a60        0x0 c:/devkitpro/devkitarm/bin/../lib/gcc/arm-none-eabi/4.9.2/../../../../arm-none-eabi/lib/armv6k/fpu\libg.a(lib_a-gdtoa-hexnan.o)
 .text          0x00141a60        0x0 c:/devkitpro/devkitarm/bin/../lib/gcc/arm-none-eabi/4.9.2/../../../../arm-none-eabi/lib/armv6k/fpu\libg.a(lib_a-locale.o)
 .text          0x00141a60        0x0 c:/devkitpro/devkitarm/bin/../lib/gcc/arm-none-eabi/4.9.2/../../../../arm-none-eabi/lib/armv6k/fpu\libg.a(lib_a-mbtowc_r.o)
 .text          0x00141a60        0x0 c:/devkitpro/devkitarm/bin/../lib/gcc/arm-none-eabi/4.9.2/../../../../arm-none-eabi/lib/armv6k/fpu\libg.a(lib_a-memchr.o)
 .text          0x00141a60        0x0 c:/devkitpro/devkitarm/bin/../lib/gcc/arm-none-eabi/4.9.2/../../../../arm-none-eabi/lib/armv6k/fpu\libg.a(lib_a-memmove.o)
 .text          0x00141a60        0x0 c:/devkitpro/devkitarm/bin/../lib/gcc/arm-none-eabi/4.9.2/../../../../arm-none-eabi/lib/armv6k/fpu\libg.a(lib_a-mprec.o)
 .text          0x00141a60        0x0 c:/devkitpro/devkitarm/bin/../lib/gcc/arm-none-eabi/4.9.2/../../../../arm-none-eabi/lib/armv6k/fpu\libg.a(lib_a-sf_nan.o)
 .text          0x00141a60        0x0 c:/devkitpro/devkitarm/bin/../lib/gcc/arm-none-eabi/4.9.2/../../../../arm-none-eabi/lib/armv6k/fpu\libg.a(lib_a-strcasecmp.o)
 .text          0x00141a60        0x0 c:/devkitpro/devkitarm/bin/../lib/gcc/arm-none-eabi/4.9.2/../../../../arm-none-eabi/lib/armv6k/fpu\libg.a(lib_a-strcat.o)
 .text          0x00141a60        0x0 c:/devkitpro/devkitarm/bin/../lib/gcc/arm-none-eabi/4.9.2/../../../../arm-none-eabi/lib/armv6k/fpu\libg.a(lib_a-strchr.o)
 .text          0x00141a60        0x0 c:/devkitpro/devkitarm/bin/../lib/gcc/arm-none-eabi/4.9.2/../../../../arm-none-eabi/lib/armv6k/fpu\libg.a(lib_a-strlcpy.o)
 .text          0x00141a60        0x0 c:/devkitpro/devkitarm/bin/../lib/gcc/arm-none-eabi/4.9.2/../../../../arm-none-eabi/lib/armv6k/fpu\libg.a(lib_a-strncasecmp.o)
 .text          0x00141a60        0x0 c:/devkitpro/devkitarm/bin/../lib/gcc/arm-none-eabi/4.9.2/../../../../arm-none-eabi/lib/armv6k/fpu\libg.a(lib_a-strncmp.o)
 .text          0x00141a60        0x0 c:/devkitpro/devkitarm/bin/../lib/gcc/arm-none-eabi/4.9.2/../../../../arm-none-eabi/lib/armv6k/fpu\libg.a(lib_a-strtol.o)
 .text          0x00141a60        0x0 c:/devkitpro/devkitarm/bin/../lib/gcc/arm-none-eabi/4.9.2/../../../../arm-none-eabi/lib/armv6k/fpu\libg.a(lib_a-svfiprintf.o)
 .text          0x00141a60        0x0 c:/devkitpro/devkitarm/bin/../lib/gcc/arm-none-eabi/4.9.2/../../../../arm-none-eabi/lib/armv6k/fpu\libg.a(lib_a-vfiprintf.o)
 .text          0x00141a60        0x0 c:/devkitpro/devkitarm/bin/../lib/gcc/arm-none-eabi/4.9.2/../../../../arm-none-eabi/lib/armv6k/fpu\libg.a(lib_a-wcsnrtombs.o)
 .text          0x00141a60        0x0 c:/devkitpro/devkitarm/bin/../lib/gcc/arm-none-eabi/4.9.2/../../../../arm-none-eabi/lib/armv6k/fpu\libg.a(lib_a-callocr.o)
 .text          0x00141a60        0x0 c:/devkitpro/devkitarm/bin/../lib/gcc/arm-none-eabi/4.9.2/../../../../arm-none-eabi/lib/armv6k/fpu\libg.a(lib_a-ctype_.o)
 .text          0x00141a60        0x0 c:/devkitpro/devkitarm/bin/../lib/gcc/arm-none-eabi/4.9.2/../../../../arm-none-eabi/lib/armv6k/fpu\libg.a(lib_a-fputwc.o)
 .text          0x00141a60        0x0 c:/devkitpro/devkitarm/bin/../lib/gcc/arm-none-eabi/4.9.2/../../../../arm-none-eabi/lib/armv6k/fpu\libg.a(lib_a-getenv_r.o)
 .text          0x00141a60        0x0 c:/devkitpro/devkitarm/bin/../lib/gcc/arm-none-eabi/4.9.2/../../../../arm-none-eabi/lib/armv6k/fpu\libg.a(lib_a-environ.o)
 .text          0x00141a60        0x0 c:/devkitpro/devkitarm/bin/../lib/gcc/arm-none-eabi/4.9.2/../../../../arm-none-eabi/lib/armv6k/fpu\libg.a(lib_a-envlock.o)
 .text          0x00141a60      0x1a8 c:/devkitpro/devkitarm/bin/../lib/gcc/arm-none-eabi/4.9.2/../../../../arm-none-eabi/lib/armv6k/fpu\libsysbase.a(iosupport.o)
                0x00141a60                setDefaultDevice
                0x00141a78                FindDevice
                0x00141b24                RemoveDevice
                0x00141b50                AddDevice
                0x00141be4                GetDeviceOpTab
 .text          0x00141c08       0x7c c:/devkitpro/devkitarm/bin/../lib/gcc/arm-none-eabi/4.9.2/../../../../arm-none-eabi/lib/armv6k/fpu\libsysbase.a(close.o)
                0x00141c08                _close_r
 .text          0x00141c84       0x6c c:/devkitpro/devkitarm/bin/../lib/gcc/arm-none-eabi/4.9.2/../../../../arm-none-eabi/lib/armv6k/fpu\libsysbase.a(fstat.o)
                0x00141c84                _fstat_r
 .text          0x00141cf0       0x10 c:/devkitpro/devkitarm/bin/../lib/gcc/arm-none-eabi/4.9.2/../../../../arm-none-eabi/lib/armv6k/fpu\libsysbase.a(getpid.o)
                0x00141cf0                _getpid_r
 .text          0x00141d00       0x2c c:/devkitpro/devkitarm/bin/../lib/gcc/arm-none-eabi/4.9.2/../../../../arm-none-eabi/lib/armv6k/fpu\libsysbase.a(gettod.o)
                0x00141d00                _gettimeofday_r
 .text          0x00141d2c        0x8 c:/devkitpro/devkitarm/bin/../lib/gcc/arm-none-eabi/4.9.2/../../../../arm-none-eabi/lib/armv6k/fpu\libsysbase.a(isatty.o)
                0x00141d2c                _isatty_r
 .text          0x00141d34       0x10 c:/devkitpro/devkitarm/bin/../lib/gcc/arm-none-eabi/4.9.2/../../../../arm-none-eabi/lib/armv6k/fpu\libsysbase.a(kill.o)
                0x00141d34                _kill_r
 .text          0x00141d44       0x74 c:/devkitpro/devkitarm/bin/../lib/gcc/arm-none-eabi/4.9.2/../../../../arm-none-eabi/lib/armv6k/fpu\libsysbase.a(lseek.o)
                0x00141d44                _lseek_r
 .text          0x00141db8       0xc8 c:/devkitpro/devkitarm/bin/../lib/gcc/arm-none-eabi/4.9.2/../../../../arm-none-eabi/lib/armv6k/fpu\libsysbase.a(open.o)
                0x00141db8                _open_r
 .text          0x00141e80       0x74 c:/devkitpro/devkitarm/bin/../lib/gcc/arm-none-eabi/4.9.2/../../../../arm-none-eabi/lib/armv6k/fpu\libsysbase.a(read.o)
                0x00141e80                _read_r
 .text          0x00141ef4       0x70 c:/devkitpro/devkitarm/bin/../lib/gcc/arm-none-eabi/4.9.2/../../../../arm-none-eabi/lib/armv6k/fpu\libsysbase.a(sbrk.o)
                0x00141ef4                _sbrk_r
 .text          0x00141f64       0x5c c:/devkitpro/devkitarm/bin/../lib/gcc/arm-none-eabi/4.9.2/../../../../arm-none-eabi/lib/armv6k/fpu\libsysbase.a(unlink.o)
                0x00141f64                _unlink_r
 .text          0x00141fc0       0x74 c:/devkitpro/devkitarm/bin/../lib/gcc/arm-none-eabi/4.9.2/../../../../arm-none-eabi/lib/armv6k/fpu\libsysbase.a(write.o)
                0x00141fc0                _write_r
 .text          0x00142034       0x20 c:/devkitpro/devkitarm/bin/../lib/gcc/arm-none-eabi/4.9.2/../../../../arm-none-eabi/lib/armv6k/fpu\libsysbase.a(_exit.o)
                0x00142034                _exit
 .text          0x00142054        0x0 c:/devkitpro/devkitarm/bin/../lib/gcc/arm-none-eabi/4.9.2/../../../../arm-none-eabi/lib/armv6k/fpu\libsysbase.a(malloc_vars.o)
 .text          0x00142054      0x3a4 c:/devkitpro/devkitarm/bin/../lib/gcc/arm-none-eabi/4.9.2/../../../../arm-none-eabi/lib/armv6k/fpu\libsysbase.a(chdir.o)
                0x00142054                _concatenate_path
                0x00142210                chdir
                0x00142358                getcwd
 .text          0x001423f8        0x8 c:/devkitpro/devkitarm/bin/../lib/gcc/arm-none-eabi/4.9.2/../../../../arm-none-eabi/lib/armv6k/fpu\libsysbase.a(flock.o)
                0x001423f8                __flockfile
                0x001423fc                __funlockfile
 .text          0x00142400      0x108 c:/devkitpro/devkitarm/bin/../lib/gcc/arm-none-eabi/4.9.2/../../../../arm-none-eabi/lib/armv6k/fpu\libsysbase.a(syscall_support.o)
                0x00142400                __libc_lock_init
                0x00142418                __libc_lock_acquire
                0x00142430                __libc_lock_try_acquire
                0x00142454                __libc_lock_release
                0x0014246c                __libc_lock_close
                0x00142484                __libc_lock_init_recursive
                0x0014249c                __libc_lock_acquire_recursive
                0x001424b4                __libc_lock_try_acquire_recursive
                0x001424d8                __libc_lock_release_recursive
                0x001424f0                __libc_lock_close_recursive
 .text          0x00142508      0x254 c:/devkitpro/devkitarm/bin/../lib/gcc/arm-none-eabi/4.9.2/../../../../arm-none-eabi/lib/armv6k/fpu\libsysbase.a(handle_manager.o)
                0x00142508                __free_handle
                0x0014254c                __release_handle
                0x00142578                __alloc_handle
                0x001425e0                __get_handle
                0x001425fc                dup
                0x00142688                dup2
 .text          0x0014275c       0x28 c:/devkitpro/devkitarm/bin/../lib/gcc/arm-none-eabi/4.9.2/../../../../arm-none-eabi/lib/armv6k/fpu\libsysbase.a(getreent.o)
                0x0014275c                __getreent
 .text          0x00142784       0x3c c:/devkitpro/devkitarm/bin/../lib/gcc/arm-none-eabi/4.9.2/armv6k/fpu\libgcc.a(_aeabi_uldivmod.o)
                0x00142784                __aeabi_uldivmod
 .text          0x001427c0       0x78 c:/devkitpro/devkitarm/bin/../lib/gcc/arm-none-eabi/4.9.2/armv6k/fpu\libgcc.a(bpabi.o)
                0x001427c0                __gnu_ldivmod_helper
                0x001427fc                __gnu_uldivmod_helper
 .text          0x00142838      0x180 c:/devkitpro/devkitarm/bin/../lib/gcc/arm-none-eabi/4.9.2/armv6k/fpu\libgcc.a(_divdi3.o)
                0x00142838                __divdi3
 .text          0x001429b8      0x124 c:/devkitpro/devkitarm/bin/../lib/gcc/arm-none-eabi/4.9.2/armv6k/fpu\libgcc.a(_udivdi3.o)
                0x001429b8                __udivdi3
 .text          0x00142adc        0x0 c:/devkitpro/devkitarm/bin/../lib/gcc/arm-none-eabi/4.9.2/../../../../arm-none-eabi/lib/armv6k/fpu\libg.a(lib_a-strnlen.o)
 .text          0x00142adc        0x0 c:/devkitpro/devkitarm/bin/../lib/gcc/arm-none-eabi/4.9.2/../../../../arm-none-eabi/lib/armv6k/fpu\libg.a(lib_a-strrchr.o)
 .text          0x00142adc        0x0 c:/devkitpro/devkitarm/bin/../lib/gcc/arm-none-eabi/4.9.2/armv6k/fpu/crtend.o
 .text          0x00142adc        0x0 c:/devkitpro/devkitarm/bin/../lib/gcc/arm-none-eabi/4.9.2/armv6k/fpu/crtn.o
 *(.text.*)
 .text.startup  0x00142adc       0x48 main.o
                0x00142adc                main
 *fill*         0x00142b24        0x4 
 .text.unlikely
                0x00142b28      0x108 c:/devkitPro/portlibs/armv6k/lib\libpng.a(png.o)
 .text.cosf     0x00142c30       0xa8 c:/devkitpro/devkitarm/bin/../lib/gcc/arm-none-eabi/4.9.2/../../../../arm-none-eabi/lib/armv6k/fpu\libm.a(lib_a-sf_cos.o)
                0x00142c30                cosf
 .text.floor    0x00142cd8      0x180 c:/devkitpro/devkitarm/bin/../lib/gcc/arm-none-eabi/4.9.2/../../../../arm-none-eabi/lib/armv6k/fpu\libm.a(lib_a-s_floor.o)
                0x00142cd8                floor
 .text.frexp    0x00142e58       0x98 c:/devkitpro/devkitarm/bin/../lib/gcc/arm-none-eabi/4.9.2/../../../../arm-none-eabi/lib/armv6k/fpu\libm.a(lib_a-s_frexp.o)
                0x00142e58                frexp
 .text.sinf     0x00142ef0       0xb0 c:/devkitpro/devkitarm/bin/../lib/gcc/arm-none-eabi/4.9.2/../../../../arm-none-eabi/lib/armv6k/fpu\libm.a(lib_a-sf_sin.o)
                0x00142ef0                sinf
 .text.modf     0x00142fa0       0xd4 c:/devkitpro/devkitarm/bin/../lib/gcc/arm-none-eabi/4.9.2/../../../../arm-none-eabi/lib/armv6k/fpu\libm.a(lib_a-s_modf.o)
                0x00142fa0                modf
 *fill*         0x00143074        0x4 
 .text.pow      0x00143078      0x3c0 c:/devkitpro/devkitarm/bin/../lib/gcc/arm-none-eabi/4.9.2/../../../../arm-none-eabi/lib/armv6k/fpu\libm.a(lib_a-w_pow.o)
                0x00143078                pow
 .text.__ieee754_rem_pio2f
                0x00143438      0x2e0 c:/devkitpro/devkitarm/bin/../lib/gcc/arm-none-eabi/4.9.2/../../../../arm-none-eabi/lib/armv6k/fpu\libm.a(lib_a-ef_rem_pio2.o)
                0x00143438                __ieee754_rem_pio2f
 .text.__ieee754_pow
                0x00143718      0x880 c:/devkitpro/devkitarm/bin/../lib/gcc/arm-none-eabi/4.9.2/../../../../arm-none-eabi/lib/armv6k/fpu\libm.a(lib_a-e_pow.o)
                0x00143718                __ieee754_pow
 .text.__ieee754_sqrt
                0x00143f98      0x200 c:/devkitpro/devkitarm/bin/../lib/gcc/arm-none-eabi/4.9.2/../../../../arm-none-eabi/lib/armv6k/fpu\libm.a(lib_a-e_sqrt.o)
                0x00143f98                __ieee754_sqrt
 .text.__kernel_cosf
                0x00144198      0x124 c:/devkitpro/devkitarm/bin/../lib/gcc/arm-none-eabi/4.9.2/../../../../arm-none-eabi/lib/armv6k/fpu\libm.a(lib_a-kf_cos.o)
                0x00144198                __kernel_cosf
 .text.__kernel_rem_pio2f
                0x001442bc      0x838 c:/devkitpro/devkitarm/bin/../lib/gcc/arm-none-eabi/4.9.2/../../../../arm-none-eabi/lib/armv6k/fpu\libm.a(lib_a-kf_rem_pio2.o)
                0x001442bc                __kernel_rem_pio2f
 .text.__kernel_sinf
                0x00144af4       0xa0 c:/devkitpro/devkitarm/bin/../lib/gcc/arm-none-eabi/4.9.2/../../../../arm-none-eabi/lib/armv6k/fpu\libm.a(lib_a-kf_sin.o)
                0x00144af4                __kernel_sinf
 .text.fabs     0x00144b94       0x10 c:/devkitpro/devkitarm/bin/../lib/gcc/arm-none-eabi/4.9.2/../../../../arm-none-eabi/lib/armv6k/fpu\libm.a(lib_a-s_fabs.o)
                0x00144b94                fabs
 .text.fabsf    0x00144ba4       0x10 c:/devkitpro/devkitarm/bin/../lib/gcc/arm-none-eabi/4.9.2/../../../../arm-none-eabi/lib/armv6k/fpu\libm.a(lib_a-sf_fabs.o)
                0x00144ba4                fabsf
 .text.floorf   0x00144bb4       0xb8 c:/devkitpro/devkitarm/bin/../lib/gcc/arm-none-eabi/4.9.2/../../../../arm-none-eabi/lib/armv6k/fpu\libm.a(lib_a-sf_floor.o)
                0x00144bb4                floorf
 .text.finite   0x00144c6c       0x14 c:/devkitpro/devkitarm/bin/../lib/gcc/arm-none-eabi/4.9.2/../../../../arm-none-eabi/lib/armv6k/fpu\libm.a(lib_a-s_finite.o)
                0x00144c6c                finite
 .text.__fpclassifyd
                0x00144c80       0x74 c:/devkitpro/devkitarm/bin/../lib/gcc/arm-none-eabi/4.9.2/../../../../arm-none-eabi/lib/armv6k/fpu\libm.a(lib_a-s_fpclassify.o)
                0x00144c80                __fpclassifyd
 .text.scalbnf  0x00144cf4      0x118 c:/devkitpro/devkitarm/bin/../lib/gcc/arm-none-eabi/4.9.2/../../../../arm-none-eabi/lib/armv6k/fpu\libm.a(lib_a-sf_scalbn.o)
                0x00144cf4                scalbnf
 .text.matherr  0x00144e0c        0x8 c:/devkitpro/devkitarm/bin/../lib/gcc/arm-none-eabi/4.9.2/../../../../arm-none-eabi/lib/armv6k/fpu\libm.a(lib_a-s_matherr.o)
                0x00144e0c                matherr
 *fill*         0x00144e14        0x4 
 .text.nan      0x00144e18       0x10 c:/devkitpro/devkitarm/bin/../lib/gcc/arm-none-eabi/4.9.2/../../../../arm-none-eabi/lib/armv6k/fpu\libm.a(lib_a-s_nan.o)
                0x00144e18                nan
 .text.rint     0x00144e28      0x170 c:/devkitpro/devkitarm/bin/../lib/gcc/arm-none-eabi/4.9.2/../../../../arm-none-eabi/lib/armv6k/fpu\libm.a(lib_a-s_rint.o)
                0x00144e28                rint
 .text.scalbn   0x00144f98      0x198 c:/devkitpro/devkitarm/bin/../lib/gcc/arm-none-eabi/4.9.2/../../../../arm-none-eabi/lib/armv6k/fpu\libm.a(lib_a-s_scalbn.o)
                0x00144f98                scalbn
 .text.copysign
                0x00145130       0x1c c:/devkitpro/devkitarm/bin/../lib/gcc/arm-none-eabi/4.9.2/../../../../arm-none-eabi/lib/armv6k/fpu\libm.a(lib_a-s_copysign.o)
                0x00145130                copysign
 .text.copysignf
                0x0014514c       0x1c c:/devkitpro/devkitarm/bin/../lib/gcc/arm-none-eabi/4.9.2/../../../../arm-none-eabi/lib/armv6k/fpu\libm.a(lib_a-sf_copysign.o)
                0x0014514c                copysignf
 .text.abort    0x00145168       0x14 c:/devkitpro/devkitarm/bin/../lib/gcc/arm-none-eabi/4.9.2/../../../../arm-none-eabi/lib/armv6k/fpu\libg.a(lib_a-abort.o)
                0x00145168                abort
 .text.atof     0x0014517c        0x8 c:/devkitpro/devkitarm/bin/../lib/gcc/arm-none-eabi/4.9.2/../../../../arm-none-eabi/lib/armv6k/fpu\libg.a(lib_a-atof.o)
                0x0014517c                atof
 .text.bsearch  0x00145184       0x78 c:/devkitpro/devkitarm/bin/../lib/gcc/arm-none-eabi/4.9.2/../../../../arm-none-eabi/lib/armv6k/fpu\libg.a(lib_a-bsearch.o)
                0x00145184                bsearch
 .text.__errno  0x001451fc        0xc c:/devkitpro/devkitarm/bin/../lib/gcc/arm-none-eabi/4.9.2/../../../../arm-none-eabi/lib/armv6k/fpu\libg.a(lib_a-errno.o)
                0x001451fc                __errno
 .text.exit     0x00145208       0x34 c:/devkitpro/devkitarm/bin/../lib/gcc/arm-none-eabi/4.9.2/../../../../arm-none-eabi/lib/armv6k/fpu\libg.a(lib_a-exit.o)
                0x00145208                exit
 .text._fclose_r
                0x0014523c      0x118 c:/devkitpro/devkitarm/bin/../lib/gcc/arm-none-eabi/4.9.2/../../../../arm-none-eabi/lib/armv6k/fpu\libg.a(lib_a-fclose.o)
                0x0014523c                _fclose_r
 .text.fclose   0x00145354       0x18 c:/devkitpro/devkitarm/bin/../lib/gcc/arm-none-eabi/4.9.2/../../../../arm-none-eabi/lib/armv6k/fpu\libg.a(lib_a-fclose.o)
                0x00145354                fclose
 .text.__sflush_r
                0x0014536c      0x238 c:/devkitpro/devkitarm/bin/../lib/gcc/arm-none-eabi/4.9.2/../../../../arm-none-eabi/lib/armv6k/fpu\libg.a(lib_a-fflush.o)
                0x0014536c                __sflush_r
 .text._fflush_r
                0x001455a4       0x98 c:/devkitpro/devkitarm/bin/../lib/gcc/arm-none-eabi/4.9.2/../../../../arm-none-eabi/lib/armv6k/fpu\libg.a(lib_a-fflush.o)
                0x001455a4                _fflush_r
 .text.fflush   0x0014563c       0x38 c:/devkitpro/devkitarm/bin/../lib/gcc/arm-none-eabi/4.9.2/../../../../arm-none-eabi/lib/armv6k/fpu\libg.a(lib_a-fflush.o)
                0x0014563c                fflush
 .text._cleanup_r
                0x00145674        0xc c:/devkitpro/devkitarm/bin/../lib/gcc/arm-none-eabi/4.9.2/../../../../arm-none-eabi/lib/armv6k/fpu\libg.a(lib_a-findfp.o)
                0x00145674                _cleanup_r
 .text.__fp_lock
                0x00145680       0x1c c:/devkitpro/devkitarm/bin/../lib/gcc/arm-none-eabi/4.9.2/../../../../arm-none-eabi/lib/armv6k/fpu\libg.a(lib_a-findfp.o)
 .text.__fp_unlock
                0x0014569c       0x1c c:/devkitpro/devkitarm/bin/../lib/gcc/arm-none-eabi/4.9.2/../../../../arm-none-eabi/lib/armv6k/fpu\libg.a(lib_a-findfp.o)
 .text.__sinit.part.1
                0x001456b8      0x15c c:/devkitpro/devkitarm/bin/../lib/gcc/arm-none-eabi/4.9.2/../../../../arm-none-eabi/lib/armv6k/fpu\libg.a(lib_a-findfp.o)
 .text.__sfmoreglue
                0x00145814       0x48 c:/devkitpro/devkitarm/bin/../lib/gcc/arm-none-eabi/4.9.2/../../../../arm-none-eabi/lib/armv6k/fpu\libg.a(lib_a-findfp.o)
                0x00145814                __sfmoreglue
 .text.__sfp    0x0014585c       0xe8 c:/devkitpro/devkitarm/bin/../lib/gcc/arm-none-eabi/4.9.2/../../../../arm-none-eabi/lib/armv6k/fpu\libg.a(lib_a-findfp.o)
                0x0014585c                __sfp
 .text._cleanup
                0x00145944       0x18 c:/devkitpro/devkitarm/bin/../lib/gcc/arm-none-eabi/4.9.2/../../../../arm-none-eabi/lib/armv6k/fpu\libg.a(lib_a-findfp.o)
                0x00145944                _cleanup