Archive member included to satisfy reference by file (symbol)

c:/devkitPro/libctru/lib\libctru.a(gfx.o)
                              main.o (gfxInitDefault)
c:/devkitPro/libctru/lib\libctru.a(apt.o)
                              main.o (aptMainLoop)
c:/devkitPro/libctru/lib\libctru.a(gsp.o)
                              c:/devkitPro/libctru/lib\libctru.a(gfx.o) (gspInit)
c:/devkitPro/libctru/lib\libctru.a(gx.o)
                              c:/devkitPro/libctru/lib\libctru.a(gfx.o) (gxCmdBuf)
c:/devkitPro/libctru/lib\libctru.a(hid.o)
                              main.o (hidScanInput)
c:/devkitPro/libctru/lib\libctru.a(irrst.o)
                              c:/devkitPro/libctru/lib\libctru.a(hid.o) (irrstExit)
c:/devkitPro/libctru/lib\libctru.a(initArgv.o)
                              c:/devkitpro/devkitarm/bin/../lib/gcc/arm-none-eabi/4.9.2/../../../../arm-none-eabi/lib/armv6k/fpu/3dsx_crt0.o (__system_argc)
c:/devkitPro/libctru/lib\libctru.a(svc.o)
                              c:/devkitPro/libctru/lib\libctru.a(apt.o) (svcCreateThread)
c:/devkitPro/libctru/lib\libctru.a(stack_adjust.o)
                              c:/devkitpro/devkitarm/bin/../lib/gcc/arm-none-eabi/4.9.2/../../../../arm-none-eabi/lib/armv6k/fpu/3dsx_crt0.o (initSystem)
c:/devkitPro/libctru/lib\libctru.a(linear.o)
                              c:/devkitPro/libctru/lib\libctru.a(gfx.o) (linearAlloc)
c:/devkitPro/libctru/lib\libctru.a(mem_pool.o)
                              c:/devkitPro/libctru/lib\libctru.a(linear.o) (MemPool::Allocate(MemChunk&, unsigned long, int))
c:/devkitPro/libctru/lib\libctru.a(vram.o)
                              c:/devkitPro/libctru/lib\libctru.a(gfx.o) (vramAlloc)
c:/devkitPro/libctru/lib\libctru.a(srv.o)
                              c:/devkitPro/libctru/lib\libctru.a(apt.o) (srvGetServiceHandle)
c:/devkitPro/libctru/lib\libctru.a(rbtree_find.o)
                              c:/devkitPro/libctru/lib\libctru.a(linear.o) (rbtree_find)
c:/devkitPro/libctru/lib\libctru.a(rbtree_init.o)
                              c:/devkitPro/libctru/lib\libctru.a(linear.o) (rbtree_init)
c:/devkitPro/libctru/lib\libctru.a(rbtree_insert.o)
                              c:/devkitPro/libctru/lib\libctru.a(linear.o) (rbtree_insert)
c:/devkitPro/libctru/lib\libctru.a(rbtree_remove.o)
                              c:/devkitPro/libctru/lib\libctru.a(linear.o) (rbtree_remove)
c:/devkitPro/libctru/lib\libctru.a(rbtree_rotate.o)
                              c:/devkitPro/libctru/lib\libctru.a(rbtree_insert.o) (rbtree_rotate)
c:/devkitPro/libctru/lib\libctru.a(allocateHeaps.o)
                              c:/devkitPro/libctru/lib\libctru.a(linear.o) (__linear_heap)
c:/devkitPro/libctru/lib\libctru.a(appExit.o)
                              c:/devkitPro/libctru/lib\libctru.a(stack_adjust.o) (__appExit)
c:/devkitPro/libctru/lib\libctru.a(appInit.o)
                              c:/devkitPro/libctru/lib\libctru.a(stack_adjust.o) (__appInit)
c:/devkitPro/libctru/lib\libctru.a(ctru_exit.o)
                              c:/devkitPro/libctru/lib\libctru.a(stack_adjust.o) (__libctru_exit)
c:/devkitPro/libctru/lib\libctru.a(initSystem.o)
                              c:/devkitPro/libctru/lib\libctru.a(stack_adjust.o) (__libctru_init)
c:/devkitPro/libctru/lib\libctru.a(os.o)
                              c:/devkitPro/libctru/lib\libctru.a(initSystem.o) (__libctru_gtod)
c:/devkitPro/libctru/lib\libctru.a(sdmc_dev.o)
                              c:/devkitPro/libctru/lib\libctru.a(appInit.o) (sdmcInit)
c:/devkitPro/libctru/lib\libctru.a(fs.o)
                              c:/devkitPro/libctru/lib\libctru.a(appExit.o) (fsExit)
c:/devkitPro/libctru/lib\libctru.a(rbtree_iterator.o)
                              c:/devkitPro/libctru/lib\libctru.a(rbtree_remove.o) (rbtree_node_next)
c:/devkitPro/libctru/lib\libctru.a(decode_utf8.o)
                              c:/devkitPro/libctru/lib\libctru.a(sdmc_dev.o) (decode_utf8)
c:/devkitPro/libctru/lib\libctru.a(utf16_to_utf8.o)
                              c:/devkitPro/libctru/lib\libctru.a(sdmc_dev.o) (utf16_to_utf8)
c:/devkitPro/libctru/lib\libctru.a(utf8_to_utf16.o)
                              c:/devkitPro/libctru/lib\libctru.a(sdmc_dev.o) (utf8_to_utf16)
c:/devkitPro/libctru/lib\libctru.a(decode_utf16.o)
                              c:/devkitPro/libctru/lib\libctru.a(utf16_to_utf8.o) (decode_utf16)
c:/devkitPro/libctru/lib\libctru.a(encode_utf16.o)
                              c:/devkitPro/libctru/lib\libctru.a(utf8_to_utf16.o) (encode_utf16)
c:/devkitPro/libctru/lib\libctru.a(encode_utf8.o)
                              c:/devkitPro/libctru/lib\libctru.a(utf16_to_utf8.o) (encode_utf8)
c:/devkitpro/devkitarm/bin/../lib/gcc/arm-none-eabi/4.9.2/armv6k/fpu\libgcc.a(_divsi3.o)
                              mylib.o (__aeabi_idiv)
c:/devkitpro/devkitarm/bin/../lib/gcc/arm-none-eabi/4.9.2/armv6k/fpu\libgcc.a(_dvmd_tls.o)
[...]
Memory Configuration

Name             Origin             Length             Attributes
*default*        0x00000000         0xffffffff

Linker script and memory map

                0x00100000                . = 0x100000
                0x00100000                __start__ = .

.text           0x00100000    0x1caf0
 *(.crt0)
 .crt0          0x00100000       0x94 c:/devkitpro/devkitarm/bin/../lib/gcc/arm-none-eabi/4.9.2/../../../../arm-none-eabi/lib/armv6k/fpu/3dsx_crt0.o
                0x00100000                _start
                0x00100008                __service_ptr
                0x0010000c                __apt_appid
                0x00100010                __heap_size
                0x00100014                __linear_heap_size
                0x00100018                __system_arglist
                0x0010001c                __system_runflags
 *(.init)
 .init          0x00100094        0xc c:/devkitpro/devkitarm/bin/../lib/gcc/arm-none-eabi/4.9.2/armv6k/fpu/crti.o
                0x00100094                _init
 .init          0x001000a0        0xc c:/devkitpro/devkitarm/bin/../lib/gcc/arm-none-eabi/4.9.2/armv6k/fpu/crtn.o
                0x001000ac                . = ALIGN (0x4)
 *(.text)
 .text          0x001000ac        0x0 c:/devkitpro/devkitarm/bin/../lib/gcc/arm-none-eabi/4.9.2/../../../../arm-none-eabi/lib/armv6k/fpu/3dsx_crt0.o
 .text          0x001000ac        0x0 c:/devkitpro/devkitarm/bin/../lib/gcc/arm-none-eabi/4.9.2/armv6k/fpu/crti.o
 .text          0x001000ac      0x108 c:/devkitpro/devkitarm/bin/../lib/gcc/arm-none-eabi/4.9.2/armv6k/fpu/crtbegin.o
 .text          0x001001b4        0x0 main.o
 .text          0x001001b4       0x98 mylib.o
                0x001001b4                emalloc
                0x001001e8                erealloc
                0x0010021c                rand_lim
 .text          0x0010024c      0x540 sudoku.o
                0x0010024c                sudoku_new
                0x0010027c                sudoku_free
                0x00100298                sudoku_print
                0x00100310                sudoku_empty
                0x0010033c                sudoku_default
                0x00100450                sudoku_delete_space
                0x001004c0                sudoku_flip_vert
                0x00100548                sudoku_flip_hori
                0x001005dc                sudoku_flip_dia1
                0x0010066c                sudoku_flip_dia2
                0x001006f8                sudoku_transform
 .text          0x0010078c      0x72c c:/devkitPro/libctru/lib\libctru.a(gfx.o)
                0x00100818                gfxSet3D
                0x00100828                gfxSetScreenFormat
                0x00100840                gfxGetScreenFormat
                0x00100858                gfxSetDoubleBuffering
                0x0010086c                gfxSetFramebufferInfo
                0x001008dc                gfxWriteFramebufferInfo
                0x001009a0                gfxInit
                0x00100b80                gfxInitDefault
                0x00100b90                gfxExit
                0x00100c5c                gfxGetFramebuffer
                0x00100d0c                gfxFlushBuffers
                0x00100de8                gfxSwapBuffers
                0x00100e5c                gfxSwapBuffersGpu
 .text          0x00100eb8     0x18fc c:/devkitPro/libctru/lib\libctru.a(apt.o)
                0x00100f1c                aptInitCaptureInfo
                0x00100fd0                aptWaitStatusEvent
                0x00100ff8                aptGetStatus
                0x00101030                aptSetStatus
                0x00101094                aptGetStatusPower
                0x001010cc                aptSetStatusPower
                0x00101104                aptOpenSession
                0x00101128                aptCloseSession
                0x00101150                aptSignalReadyForSleep
                0x00101160                APT_GetLockHandle
                0x001011b0                APT_Initialize
                0x00101218                APT_HardwareResetAsync
                0x0010124c                APT_Enable
                0x00101288                APT_GetAppletManInfo
                0x00101308                aptGetMenuAppID
                0x00101344                APT_IsRegistered
                0x00101394                APT_InquireNotification
                0x001013e4                APT_PrepareToJumpToHomeMenu
                0x00101418                APT_JumpToHomeMenu
                0x00101468                APT_NotifyToWait
                0x001014a4                APT_AppletUtility
                0x0010152c                aptAppletUtility_Exit_RetToApp
                0x0010164c                aptAppletClosed
                0x0010176c                aptInit
                0x001018c0                APT_GlanceParameter
                0x00101934                APT_ReceiveParameter
                0x001019a8                APT_SendParameter
                0x00101a18                APT_SendCaptureBufferInfo
                0x00101a64                aptReturnToMenu
                0x00101c24                APT_ReplySleepQuery
                0x00101c64                APT_ReplySleepNotificationComplete
                0x00101ca0                aptEventHandler
                0x00101f6c                APT_PrepareToCloseApplication
                0x00101fa8                APT_CloseApplication
                0x00102000                aptExit
                0x001020e0                APT_SetAppCpuTimeLimit
                0x00102124                APT_GetAppCpuTimeLimit
                0x00102178                APT_CheckNew3DS_Application
                0x001021c8                APT_CheckNew3DS_System
                0x00102218                APT_CheckNew3DS
                0x00102294                APT_PrepareToDoAppJump
                0x001022e0                APT_DoAppJump
                0x00102348                APT_PrepareToStartLibraryApplet
                0x00102384                APT_StartLibraryApplet
                0x001023e4                aptAppletStarted
                0x001024e8                aptMainLoop
                0x00102560                APT_LaunchLibraryApplet
                0x00102718                APT_PrepareToStartSystemApplet
                0x00102754                APT_StartSystemApplet
 .text          0x001027b4      0x8c8 c:/devkitPro/libctru/lib\libctru.a(gsp.o)
                0x001028c0                gspInit
                0x001028d4                gspExit
                0x001028ec                gspInitEventHandler
                0x001029b8                gspExitEventHandler
                0x00102a10                gspWaitForEvent
                0x00102a68                GSPGPU_WriteHWRegs
                0x00102ad8                GSPGPU_WriteHWRegsWithMask
                0x00102b64                GSPGPU_ReadHWRegs
                0x00102bd4                GSPGPU_SetBufferSwap
                0x00102c48                GSPGPU_FlushDataCache
                0x00102c9c                GSPGPU_InvalidateDataCache
                0x00102cf0                GSPGPU_SetLcdForceBlack
                0x00102d2c                GSPGPU_TriggerCmdReqQueue
                0x00102d60                GSPGPU_RegisterInterruptRelayQueue
                0x00102dcc                GSPGPU_UnregisterInterruptRelayQueue
                0x00102e00                GSPGPU_AcquireRight
                0x00102e50                GSPGPU_ReleaseRight
                0x00102e84                GSPGPU_ImportDisplayCaptureInfo
                0x00102f08                GSPGPU_SaveVramSysArea
                0x00102f3c                GSPGPU_RestoreVramSysArea
                0x00102f70                GSPGPU_SubmitGxCommand
 .text          0x0010307c      0x264 c:/devkitPro/libctru/lib\libctru.a(gx.o)
                0x0010307c                GX_RequestDma
                0x001030d0                GX_SetCommandList_Last
                0x00103138                GX_SetMemoryFill
                0x001031ac                GX_SetDisplayTransfer
                0x00103210                GX_SetTextureCopy
                0x00103278                GX_SetCommandList_First
 .text          0x001032e0      0x6e0 c:/devkitPro/libctru/lib\libctru.a(hid.o)
                0x001032e0                hidExit
                0x00103384                hidWaitForEvent
                0x001033dc                hidCheckSectionUpdateTime
                0x00103418                hidScanInput
                0x0010364c                hidKeysHeld
                0x0010365c                hidKeysDown
                0x0010366c                hidKeysUp
                0x0010367c                hidTouchRead
                0x00103694                hidCircleRead
                0x001036ac                hidAccelRead
                0x001036cc                hidGyroRead
                0x001036ec                HIDUSER_GetHandles
                0x0010377c                hidInit
                0x0010389c                HIDUSER_EnableAccelerometer
                0x001038c8                HIDUSER_DisableAccelerometer
                0x001038f4                HIDUSER_EnableGyroscope
                0x00103920                HIDUSER_DisableGyroscope
                0x0010394c                HIDUSER_GetGyroscopeRawToDpsCoefficient
                0x00103988                HIDUSER_GetSoundVolume
 .text          0x001039c0      0x350 c:/devkitPro/libctru/lib\libctru.a(irrst.o)
                0x001039c0                irrstExit
                0x00103a28                irrstWaitForEvent
                0x00103a74                irrstCheckSectionUpdateTime
                0x00103ab0                irrstScanInput
                0x00103b64                irrstKeysHeld
                0x00103b7c                irrstCstickRead
                0x00103b94                IRRST_GetHandles
                0x00103be4                irrstInit
                0x00103cac                IRRST_Initialize
                0x00103ce4                IRRST_Shutdown
 .text          0x00103d10       0xf4 c:/devkitPro/libctru/lib\libctru.a(initArgv.o)
                0x00103d10                __system_initArgv
 *fill*         0x00103e04        0xc 
 .text          0x00103e10      0x320 c:/devkitPro/libctru/lib\libctru.a(svc.o)
                0x00103e10                svcControlMemory
                0x00103e30                svcQueryMemory
                0x00103e60                svcExitProcess
                0x00103e68                svcCreateThread
                0x00103e88                svcExitThread
                0x00103e90                svcSleepThread
                0x00103e98                svcSetThreadPriority
                0x00103ea0                svcCreateMutex
                0x00103eb4                svcReleaseMutex
                0x00103ebc                svcCreateEvent
                0x00103ed0                svcSignalEvent
                0x00103ed8                svcClearEvent
                0x00103ee0                svcCreateTimer
                0x00103ef4                svcSetTimer
                0x00103efc                svcCancelTimer
                0x00103f04                svcClearTimer
                0x00103f0c                svcCreateMemoryBlock
                0x00103f24                svcMapMemoryBlock
                0x00103f2c                svcUnmapMemoryBlock
                0x00103f34                svcCreateAddressArbiter
                0x00103f3c                svcArbitrateAddress
                0x00103f5c                svcCloseHandle
                0x00103f64                svcWaitSynchronization
                0x00103f6c                svcWaitSynchronizationN
                0x00103f94                svcDuplicateHandle
                0x00103fa8                svcGetSystemTick
                0x00103fb0                svcGetSystemInfo
                0x00103fd0                svcGetProcessInfo
                0x00103fec                svcConnectToPort
                0x00104000                svcSendSyncRequest
                0x00104008                svcOpenProcess
                0x0010401c                svcGetProcessId
                0x00104030                svcOutputDebugString
                0x00104038                svcCreateSemaphore
                0x0010404c                svcReleaseSemaphore
                0x00104060                svcGetThreadId
                0x00104074                svcCreatePort
                0x00104094                svcDebugActiveProcess
                0x001040a8                svcBreakDebugProcess
                0x001040b0                svcTerminateDebugProcess
                0x001040b8                svcGetProcessDebugEvent
                0x001040c0                svcContinueDebugEvent
                0x001040c8                svcGetProcessList
                0x001040e8                svcReadProcessMemory
                0x001040f0                svcMapProcessMemory
                0x001040f8                svcUnmapProcessMemory
                0x00104100                svcQueryProcessMemory
                0x00104124                svcGetProcessorID
 .text          0x00104130       0x64 c:/devkitPro/libctru/lib\libctru.a(stack_adjust.o)
                0x00104130                initSystem
                0x00104174                __ctru_exit
 .text          0x00104194      0x1d4 c:/devkitPro/libctru/lib\libctru.a(linear.o)
                0x001041bc                linearMemAlign
                0x001042fc                linearAlloc
                0x00104304                linearRealloc
                0x0010430c                linearFree
                0x0010435c                linearSpaceFree
 .text          0x00104368      0x318 c:/devkitPro/libctru/lib\libctru.a(mem_pool.o)
                0x00104368                MemPool::CoalesceRight(MemBlock*)
                0x00104408                MemPool::Allocate(MemChunk&, unsigned long, int)
                0x0010454c                MemPool::Deallocate(MemChunk const&)
                0x00104650                MemPool::GetFreeSpace()
 .text          0x00104680      0x1c4 c:/devkitPro/libctru/lib\libctru.a(vram.o)
                0x001046a8                vramMemAlign
                0x001047d8                vramAlloc
                0x001047e0                vramRealloc
                0x001047e8                vramFree
                0x00104838                vramSpaceFree
 .text          0x00104844      0x304 c:/devkitPro/libctru/lib\libctru.a(srv.o)
                0x00104844                __get_handle_from_list
                0x001048dc                __destroy_handle_list
                0x00104930                srvExit
                0x00104958                srvRegisterClient
                0x00104990                srvInit
                0x001049f8                srvGetServiceHandle
                0x00104a78                srvPmInit
                0x00104acc                srvRegisterProcess
                0x00104b14                srvUnregisterProcess
 .text          0x00104b48       0x70 c:/devkitPro/libctru/lib\libctru.a(rbtree_find.o)
                0x00104b48                rbtree_find
 .text          0x00104bb8       0x14 c:/devkitPro/libctru/lib\libctru.a(rbtree_init.o)
                0x00104bb8                rbtree_init
 .text          0x00104bcc      0x1f4 c:/devkitPro/libctru/lib\libctru.a(rbtree_insert.o)
                0x00104db0                rbtree_insert
                0x00104db8                rbtree_insert_multi
 .text          0x00104dc0      0x340 c:/devkitPro/libctru/lib\libctru.a(rbtree_remove.o)
                0x00104dc0                rbtree_remove
 .text          0x00105100       0xac c:/devkitPro/libctru/lib\libctru.a(rbtree_rotate.o)
                0x00105100                rbtree_rotate
 .text          0x001051ac       0xa4 c:/devkitPro/libctru/lib\libctru.a(allocateHeaps.o)
                0x001051ac                __system_allocateHeaps
 .text          0x00105250       0x1c c:/devkitPro/libctru/lib\libctru.a(appExit.o)
                0x00105250                __appExit
 .text          0x0010526c       0x20 c:/devkitPro/libctru/lib\libctru.a(appInit.o)
                0x0010526c                __appInit
 .text          0x0010528c       0x90 c:/devkitPro/libctru/lib\libctru.a(ctru_exit.o)
                0x0010528c                __libctru_exit
 .text          0x0010531c       0x4c c:/devkitPro/libctru/lib\libctru.a(initSystem.o)
                0x0010531c                __libctru_init
 .text          0x00105368      0x278 c:/devkitPro/libctru/lib\libctru.a(os.o)
                0x001053c0                osConvertVirtToPhys
                0x0010540c                osConvertOldLINEARMemToNew
                0x0010542c                __libctru_gtod
                0x00105524                osGetTime
                0x00105598                osGetFirmVersion
                0x001055ac                osGetKernelVersion
                0x001055c0                osStrError
 .text          0x001055e0      0xffc c:/devkitPro/libctru/lib\libctru.a(sdmc_dev.o)
                0x0010645c                sdmcInit
                0x0010658c                sdmcExit
 .text          0x001065dc      0xbfc c:/devkitPro/libctru/lib\libctru.a(fs.o)
                0x001065dc                FS_makePath
                0x00106608                fsExit
                0x0010662c                FSUSER_Initialize
                0x001066a0                fsInit
                0x0010670c                FSUSER_OpenFile
                0x001067b8                FSUSER_OpenFileDirectly
                0x00106884                FSUSER_DeleteFile
                0x0010690c                FSUSER_RenameFile
                0x001069d0                FSUSER_DeleteDirectory
                0x00106a58                FSUSER_DeleteDirectoryRecursively
                0x00106a60                FSUSER_CreateFile
                0x00106af8                FSUSER_CreateDirectory
                0x00106b84                FSUSER_RenameDirectory
                0x00106c48                FSUSER_OpenDirectory
                0x00106cdc                FSUSER_OpenArchive
                0x00106d64                FSUSER_CloseArchive
                0x00106dbc                FSUSER_GetSdmcArchiveResource
                0x00106e38                FSUSER_GetNandArchiveResource
                0x00106eb4                FSUSER_IsSdmcDetected
                0x00106f00                FSUSER_IsSdmcWritable
                0x00106f4c                FSFILE_Close
                0x00106f90                FSFILE_Read
                0x00106fec                FSFILE_Write
                0x00107050                FSFILE_GetSize
                0x00107090                FSFILE_SetSize
                0x001070bc                FSFILE_GetAttributes
                0x001070f4                FSFILE_SetAttributes
                0x0010711c                FSFILE_Flush
                0x00107140                FSDIR_Read
                0x00107194                FSDIR_Close
 .text          0x001071d8      0x118 c:/devkitPro/libctru/lib\libctru.a(rbtree_iterator.o)
                0x001071d8                rbtree_node_next
                0x00107264                rbtree_node_prev
 .text          0x001072f0      0x138 c:/devkitPro/libctru/lib\libctru.a(decode_utf8.o)
                0x001072f0                decode_utf8
 .text          0x00107428       0xe8 c:/devkitPro/libctru/lib\libctru.a(utf16_to_utf8.o)
                0x00107428                utf16_to_utf8
 .text          0x00107510       0xb8 c:/devkitPro/libctru/lib\libctru.a(utf8_to_utf16.o)
                0x00107510                utf8_to_utf16
 .text          0x001075c8       0x60 c:/devkitPro/libctru/lib\libctru.a(decode_utf16.o)
                0x001075c8                decode_utf16
 .text          0x00107628       0x68 c:/devkitPro/libctru/lib\libctru.a(encode_utf16.o)
                0x00107628                encode_utf16
 .text          0x00107690      0x104 c:/devkitPro/libctru/lib\libctru.a(encode_utf8.o)
                0x00107690                encode_utf8
 .text          0x00107794      0x240 c:/devkitpro/devkitarm/bin/../lib/gcc/arm-none-eabi/4.9.2/armv6k/fpu\libgcc.a(_divsi3.o)
                0x00107794                __divsi3
                0x00107794                __aeabi_idiv
                0x001079b4                __aeabi_idivmod
 .text          0x001079d4        0x4 c:/devkitpro/devkitarm/bin/../lib/gcc/arm-none-eabi/4.9.2/armv6k/fpu\libgcc.a(_dvmd_tls.o)
                0x001079d4                __aeabi_idiv0
                0x001079d4                __aeabi_ldiv0
 .text          0x001079d8        0x0 c:/devkitpro/devkitarm/bin/../lib/gcc/arm-none-eabi/4.9.2/../../../../arm-none-eabi/lib/armv6k/fpu\libg.a(lib_a-bsearch.o)
 .text          0x001079d8        0x0 c:/devkitpro/devkitarm/bin/../lib/gcc/arm-none-eabi/4.9.2/../../../../arm-none-eabi/lib/armv6k/fpu\libg.a(lib_a-exit.o)
 .text          0x001079d8        0x0 c:/devkitpro/devkitarm/bin/../lib/gcc/arm-none-eabi/4.9.2/../../../../arm-none-eabi/lib/armv6k/fpu\libg.a(lib_a-fini.o)
 .text          0x001079d8        0x0 c:/devkitpro/devkitarm/bin/../lib/gcc/arm-none-eabi/4.9.2/../../../../arm-none-eabi/lib/armv6k/fpu\libg.a(lib_a-fwrite.o)
 .text          0x001079d8        0x0 c:/devkitpro/devkitarm/bin/../lib/gcc/arm-none-eabi/4.9.2/../../../../arm-none-eabi/lib/armv6k/fpu\libg.a(lib_a-impure.o)
 .text          0x001079d8        0x0 c:/devkitpro/devkitarm/bin/../lib/gcc/arm-none-eabi/4.9.2/../../../../arm-none-eabi/lib/armv6k/fpu\libg.a(lib_a-init.o)
 .text          0x001079d8        0x0 c:/devkitpro/devkitarm/bin/../lib/gcc/arm-none-eabi/4.9.2/../../../../arm-none-eabi/lib/armv6k/fpu\libg.a(lib_a-malloc.o)
 .text          0x001079d8        0x0 c:/devkitpro/devkitarm/bin/../lib/gcc/arm-none-eabi/4.9.2/../../../../arm-none-eabi/lib/armv6k/fpu\libg.a(lib_a-mallocr.o)
 .text          0x001079d8        0x0 c:/devkitpro/devkitarm/bin/../lib/gcc/arm-none-eabi/4.9.2/../../../../arm-none-eabi/lib/armv6k/fpu\libg.a(lib_a-memcpy.o)
 .text          0x001079d8        0x0 c:/devkitpro/devkitarm/bin/../lib/gcc/arm-none-eabi/4.9.2/../../../../arm-none-eabi/lib/armv6k/fpu\libg.a(lib_a-memset.o)
 .text          0x001079d8        0x0 c:/devkitpro/devkitarm/bin/../lib/gcc/arm-none-eabi/4.9.2/../../../../arm-none-eabi/lib/armv6k/fpu\libg.a(lib_a-mlock.o)
 .text          0x001079d8        0x0 c:/devkitpro/devkitarm/bin/../lib/gcc/arm-none-eabi/4.9.2/../../../../arm-none-eabi/lib/armv6k/fpu\libg.a(lib_a-printf.o)
 .text          0x001079d8        0x0 c:/devkitpro/devkitarm/bin/../lib/gcc/arm-none-eabi/4.9.2/../../../../arm-none-eabi/lib/armv6k/fpu\libg.a(lib_a-putchar.o)
 .text          0x001079d8        0x0 c:/devkitpro/devkitarm/bin/../lib/gcc/arm-none-eabi/4.9.2/../../../../arm-none-eabi/lib/armv6k/fpu\libg.a(lib_a-putc.o)
 .text          0x001079d8        0x0 c:/devkitpro/devkitarm/bin/../lib/gcc/arm-none-eabi/4.9.2/../../../../arm-none-eabi/lib/armv6k/fpu\libg.a(lib_a-rand.o)
 .text          0x001079d8        0x0 c:/devkitpro/devkitarm/bin/../lib/gcc/arm-none-eabi/4.9.2/../../../../arm-none-eabi/lib/armv6k/fpu\libg.a(lib_a-realloc.o)
 .text          0x001079d8        0x0 c:/devkitpro/devkitarm/bin/../lib/gcc/arm-none-eabi/4.9.2/../../../../arm-none-eabi/lib/armv6k/fpu\libg.a(lib_a-reallocr.o)
 .text          0x001079d8        0x0 c:/devkitpro/devkitarm/bin/../lib/gcc/arm-none-eabi/4.9.2/../../../../arm-none-eabi/lib/armv6k/fpu\libg.a(lib_a-strcpy.o)
 .text          0x001079d8        0x0 c:/devkitpro/devkitarm/bin/../lib/gcc/arm-none-eabi/4.9.2/../../../../arm-none-eabi/lib/armv6k/fpu\libg.a(lib_a-strlen.o)
 .text          0x001079d8        0x0 c:/devkitpro/devkitarm/bin/../lib/gcc/arm-none-eabi/4.9.2/../../../../arm-none-eabi/lib/armv6k/fpu\libg.a(lib_a-strncat.o)
 .text          0x001079d8        0x0 c:/devkitpro/devkitarm/bin/../lib/gcc/arm-none-eabi/4.9.2/../../../../arm-none-eabi/lib/armv6k/fpu\libg.a(lib_a-strncpy.o)
 .text          0x001079d8        0x0 c:/devkitpro/devkitarm/bin/../lib/gcc/arm-none-eabi/4.9.2/../../../../arm-none-eabi/lib/armv6k/fpu\libg.a(lib_a-time.o)
 .text          0x001079d8        0x0 c:/devkitpro/devkitarm/bin/../lib/gcc/arm-none-eabi/4.9.2/../../../../arm-none-eabi/lib/armv6k/fpu\libg.a(lib_a-vfprintf.o)
 .text          0x001079d8        0x0 c:/devkitpro/devkitarm/bin/../lib/gcc/arm-none-eabi/4.9.2/../../../../arm-none-eabi/lib/armv6k/fpu\libg.a(lib_a-wbuf.o)
 .text          0x001079d8        0x0 c:/devkitpro/devkitarm/bin/../lib/gcc/arm-none-eabi/4.9.2/../../../../arm-none-eabi/lib/armv6k/fpu\libg.a(lib_a-wcrtomb.o)
 .text          0x001079d8        0x0 c:/devkitpro/devkitarm/bin/../lib/gcc/arm-none-eabi/4.9.2/../../../../arm-none-eabi/lib/armv6k/fpu\libg.a(lib_a-wcsrtombs.o)
 .text          0x001079d8        0x0 c:/devkitpro/devkitarm/bin/../lib/gcc/arm-none-eabi/4.9.2/../../../../arm-none-eabi/lib/armv6k/fpu\libg.a(lib_a-wctomb_r.o)
 .text          0x001079d8        0x0 c:/devkitpro/devkitarm/bin/../lib/gcc/arm-none-eabi/4.9.2/../../../../arm-none-eabi/lib/armv6k/fpu\libg.a(lib_a-wsetup.o)
 .text          0x001079d8        0x0 c:/devkitpro/devkitarm/bin/../lib/gcc/arm-none-eabi/4.9.2/../../../../arm-none-eabi/lib/armv6k/fpu\libg.a(lib_a-__call_atexit.o)
 .text          0x001079d8        0x0 c:/devkitpro/devkitarm/bin/../lib/gcc/arm-none-eabi/4.9.2/../../../../arm-none-eabi/lib/armv6k/fpu\libg.a(lib_a-dtoa.o)
 .text          0x001079d8        0x0 c:/devkitpro/devkitarm/bin/../lib/gcc/arm-none-eabi/4.9.2/../../../../arm-none-eabi/lib/armv6k/fpu\libg.a(lib_a-fflush.o)
 .text          0x001079d8        0x0 c:/devkitpro/devkitarm/bin/../lib/gcc/arm-none-eabi/4.9.2/../../../../arm-none-eabi/lib/armv6k/fpu\libg.a(lib_a-findfp.o)
 .text          0x001079d8        0x0 c:/devkitpro/devkitarm/bin/../lib/gcc/arm-none-eabi/4.9.2/../../../../arm-none-eabi/lib/armv6k/fpu\libg.a(lib_a-freer.o)
 .text          0x001079d8        0x0 c:/devkitpro/devkitarm/bin/../lib/gcc/arm-none-eabi/4.9.2/../../../../arm-none-eabi/lib/armv6k/fpu\libg.a(lib_a-fvwrite.o)
 .text          0x001079d8        0x0 c:/devkitpro/devkitarm/bin/../lib/gcc/arm-none-eabi/4.9.2/../../../../arm-none-eabi/lib/armv6k/fpu\libg.a(lib_a-fwalk.o)
 .text          0x001079d8        0x0 c:/devkitpro/devkitarm/bin/../lib/gcc/arm-none-eabi/4.9.2/../../../../arm-none-eabi/lib/armv6k/fpu\libg.a(lib_a-locale.o)
 .text          0x001079d8        0x0 c:/devkitpro/devkitarm/bin/../lib/gcc/arm-none-eabi/4.9.2/../../../../arm-none-eabi/lib/armv6k/fpu\libg.a(lib_a-makebuf.o)
 .text          0x001079d8        0x0 c:/devkitpro/devkitarm/bin/../lib/gcc/arm-none-eabi/4.9.2/../../../../arm-none-eabi/lib/armv6k/fpu\libg.a(lib_a-mbtowc_r.o)
 .text          0x001079d8        0x0 c:/devkitpro/devkitarm/bin/../lib/gcc/arm-none-eabi/4.9.2/../../../../arm-none-eabi/lib/armv6k/fpu\libg.a(lib_a-memchr.o)
 .text          0x001079d8        0x0 c:/devkitpro/devkitarm/bin/../lib/gcc/arm-none-eabi/4.9.2/../../../../arm-none-eabi/lib/armv6k/fpu\libg.a(lib_a-memmove.o)
 .text          0x001079d8        0x0 c:/devkitpro/devkitarm/bin/../lib/gcc/arm-none-eabi/4.9.2/../../../../arm-none-eabi/lib/armv6k/fpu\libg.a(lib_a-mprec.o)
 .text          0x001079d8        0x0 c:/devkitpro/devkitarm/bin/../lib/gcc/arm-none-eabi/4.9.2/../../../../arm-none-eabi/lib/armv6k/fpu\libg.a(lib_a-s_fpclassify.o)
 .text          0x001079d8        0x0 c:/devkitpro/devkitarm/bin/../lib/gcc/arm-none-eabi/4.9.2/../../../../arm-none-eabi/lib/armv6k/fpu\libg.a(lib_a-s_frexp.o)
 .text          0x001079d8        0x0 c:/devkitpro/devkitarm/bin/../lib/gcc/arm-none-eabi/4.9.2/../../../../arm-none-eabi/lib/armv6k/fpu\libg.a(lib_a-stdio.o)
 .text          0x001079d8        0x0 c:/devkitpro/devkitarm/bin/../lib/gcc/arm-none-eabi/4.9.2/../../../../arm-none-eabi/lib/armv6k/fpu\libg.a(lib_a-strcasecmp.o)
 .text          0x001079d8        0x0 c:/devkitpro/devkitarm/bin/../lib/gcc/arm-none-eabi/4.9.2/../../../../arm-none-eabi/lib/armv6k/fpu\libg.a(lib_a-strcat.o)
 .text          0x001079d8        0x0 c:/devkitpro/devkitarm/bin/../lib/gcc/arm-none-eabi/4.9.2/../../../../arm-none-eabi/lib/armv6k/fpu\libg.a(lib_a-strchr.o)
 *fill*         0x001079d8        0x8 
 .text          0x001079e0      0x3a0 c:/devkitpro/devkitarm/bin/../lib/gcc/arm-none-eabi/4.9.2/../../../../arm-none-eabi/lib/armv6k/fpu\libg.a(lib_a-strcmp.o)
                0x001079e8                strcmp
 .text          0x00107d80        0x0 c:/devkitpro/devkitarm/bin/../lib/gcc/arm-none-eabi/4.9.2/../../../../arm-none-eabi/lib/armv6k/fpu\libg.a(lib_a-strlcpy.o)
 .text          0x00107d80        0x0 c:/devkitpro/devkitarm/bin/../lib/gcc/arm-none-eabi/4.9.2/../../../../arm-none-eabi/lib/armv6k/fpu\libg.a(lib_a-strncasecmp.o)
 .text          0x00107d80        0x0 c:/devkitpro/devkitarm/bin/../lib/gcc/arm-none-eabi/4.9.2/../../../../arm-none-eabi/lib/armv6k/fpu\libg.a(lib_a-strncmp.o)
 .text          0x00107d80        0x0 c:/devkitpro/devkitarm/bin/../lib/gcc/arm-none-eabi/4.9.2/../../../../arm-none-eabi/lib/armv6k/fpu\libg.a(lib_a-strtol.o)
 .text          0x00107d80        0x0 c:/devkitpro/devkitarm/bin/../lib/gcc/arm-none-eabi/4.9.2/../../../../arm-none-eabi/lib/armv6k/fpu\libg.a(lib_a-svfiprintf.o)
 .text          0x00107d80        0x0 c:/devkitpro/devkitarm/bin/../lib/gcc/arm-none-eabi/4.9.2/../../../../arm-none-eabi/lib/armv6k/fpu\libg.a(lib_a-vfiprintf.o)
 .text          0x00107d80        0x0 c:/devkitpro/devkitarm/bin/../lib/gcc/arm-none-eabi/4.9.2/../../../../arm-none-eabi/lib/armv6k/fpu\libg.a(lib_a-wcsnrtombs.o)
 .text          0x00107d80        0x0 c:/devkitpro/devkitarm/bin/../lib/gcc/arm-none-eabi/4.9.2/../../../../arm-none-eabi/lib/armv6k/fpu\libg.a(lib_a-callocr.o)
 .text          0x00107d80        0x0 c:/devkitpro/devkitarm/bin/../lib/gcc/arm-none-eabi/4.9.2/../../../../arm-none-eabi/lib/armv6k/fpu\libg.a(lib_a-ctype_.o)
 .text          0x00107d80        0x0 c:/devkitpro/devkitarm/bin/../lib/gcc/arm-none-eabi/4.9.2/../../../../arm-none-eabi/lib/armv6k/fpu\libg.a(lib_a-fclose.o)
 .text          0x00107d80        0x0 c:/devkitpro/devkitarm/bin/../lib/gcc/arm-none-eabi/4.9.2/../../../../arm-none-eabi/lib/armv6k/fpu\libg.a(lib_a-fputwc.o)
 .text          0x00107d80        0x0 c:/devkitpro/devkitarm/bin/../lib/gcc/arm-none-eabi/4.9.2/../../../../arm-none-eabi/lib/armv6k/fpu\libg.a(lib_a-getenv_r.o)
 .text          0x00107d80        0x0 c:/devkitpro/devkitarm/bin/../lib/gcc/arm-none-eabi/4.9.2/../../../../arm-none-eabi/lib/armv6k/fpu\libg.a(lib_a-environ.o)
 .text          0x00107d80        0x0 c:/devkitpro/devkitarm/bin/../lib/gcc/arm-none-eabi/4.9.2/../../../../arm-none-eabi/lib/armv6k/fpu\libg.a(lib_a-envlock.o)
 .text          0x00107d80      0x1a8 c:/devkitpro/devkitarm/bin/../lib/gcc/arm-none-eabi/4.9.2/../../../../arm-none-eabi/lib/armv6k/fpu\libsysbase.a(iosupport.o)
                0x00107d80                setDefaultDevice
                0x00107d98                FindDevice
                0x00107e44                RemoveDevice
                0x00107e70                AddDevice
                0x00107f04                GetDeviceOpTab
 .text          0x00107f28       0x7c c:/devkitpro/devkitarm/bin/../lib/gcc/arm-none-eabi/4.9.2/../../../../arm-none-eabi/lib/armv6k/fpu\libsysbase.a(close.o)
                0x00107f28                _close_r
 .text          0x00107fa4       0x6c c:/devkitpro/devkitarm/bin/../lib/gcc/arm-none-eabi/4.9.2/../../../../arm-none-eabi/lib/armv6k/fpu\libsysbase.a(fstat.o)
                0x00107fa4                _fstat_r
 .text          0x00108010       0x2c c:/devkitpro/devkitarm/bin/../lib/gcc/arm-none-eabi/4.9.2/../../../../arm-none-eabi/lib/armv6k/fpu\libsysbase.a(gettod.o)
                0x00108010                _gettimeofday_r
 .text          0x0010803c        0x8 c:/devkitpro/devkitarm/bin/../lib/gcc/arm-none-eabi/4.9.2/../../../../arm-none-eabi/lib/armv6k/fpu\libsysbase.a(isatty.o)
                0x0010803c                _isatty_r
 .text          0x00108044       0x74 c:/devkitpro/devkitarm/bin/../lib/gcc/arm-none-eabi/4.9.2/../../../../arm-none-eabi/lib/armv6k/fpu\libsysbase.a(lseek.o)
                0x00108044                _lseek_r
 .text          0x001080b8       0x74 c:/devkitpro/devkitarm/bin/../lib/gcc/arm-none-eabi/4.9.2/../../../../arm-none-eabi/lib/armv6k/fpu\libsysbase.a(read.o)
                0x001080b8                _read_r
 .text          0x0010812c       0x70 c:/devkitpro/devkitarm/bin/../lib/gcc/arm-none-eabi/4.9.2/../../../../arm-none-eabi/lib/armv6k/fpu\libsysbase.a(sbrk.o)
                0x0010812c                _sbrk_r
 .text          0x0010819c       0x74 c:/devkitpro/devkitarm/bin/../lib/gcc/arm-none-eabi/4.9.2/../../../../arm-none-eabi/lib/armv6k/fpu\libsysbase.a(write.o)
                0x0010819c                _write_r
 .text          0x00108210       0x20 c:/devkitpro/devkitarm/bin/../lib/gcc/arm-none-eabi/4.9.2/../../../../arm-none-eabi/lib/armv6k/fpu\libsysbase.a(_exit.o)
                0x00108210                _exit
 .text          0x00108230        0x0 c:/devkitpro/devkitarm/bin/../lib/gcc/arm-none-eabi/4.9.2/../../../../arm-none-eabi/lib/armv6k/fpu\libsysbase.a(malloc_vars.o)
 .text          0x00108230      0x3a4 c:/devkitpro/devkitarm/bin/../lib/gcc/arm-none-eabi/4.9.2/../../../../arm-none-eabi/lib/armv6k/fpu\libsysbase.a(chdir.o)
                0x00108230                _concatenate_path
                0x001083ec                chdir
                0x00108534                getcwd
 .text          0x001085d4        0x8 c:/devkitpro/devkitarm/bin/../lib/gcc/arm-none-eabi/4.9.2/../../../../arm-none-eabi/lib/armv6k/fpu\libsysbase.a(flock.o)
                0x001085d4                __flockfile
                0x001085d8                __funlockfile
 .text          0x001085dc      0x108 c:/devkitpro/devkitarm/bin/../lib/gcc/arm-none-eabi/4.9.2/../../../../arm-none-eabi/lib/armv6k/fpu\libsysbase.a(syscall_support.o)
                0x001085dc                __libc_lock_init
                0x001085f4                __libc_lock_acquire
                0x0010860c                __libc_lock_try_acquire
                0x00108630                __libc_lock_release
                0x00108648                __libc_lock_close
                0x00108660                __libc_lock_init_recursive
                0x00108678                __libc_lock_acquire_recursive
                0x00108690                __libc_lock_try_acquire_recursive
                0x001086b4                __libc_lock_release_recursive
                0x001086cc                __libc_lock_close_recursive
 .text          0x001086e4      0x254 c:/devkitpro/devkitarm/bin/../lib/gcc/arm-none-eabi/4.9.2/../../../../arm-none-eabi/lib/armv6k/fpu\libsysbase.a(handle_manager.o)
                0x001086e4                __free_handle
                0x00108728                __release_handle
                0x00108754                __alloc_handle
                0x001087bc                __get_handle
                0x001087d8                dup
                0x00108864                dup2
 .text          0x00108938       0x28 c:/devkitpro/devkitarm/bin/../lib/gcc/arm-none-eabi/4.9.2/../../../../arm-none-eabi/lib/armv6k/fpu\libsysbase.a(getreent.o)
                0x00108938                __getreent
 .text          0x00108960      0x20c c:/devkitpro/devkitarm/bin/../lib/gcc/arm-none-eabi/4.9.2/armv6k/fpu\libgcc.a(_udivsi3.o)
                0x00108960                __aeabi_uidiv
                0x00108960                __udivsi3
                0x00108b4c                __aeabi_uidivmod
 .text          0x00108b6c       0x3c c:/devkitpro/devkitarm/bin/../lib/gcc/arm-none-eabi/4.9.2/armv6k/fpu\libgcc.a(_aeabi_uldivmod.o)
                0x00108b6c                __aeabi_uldivmod
 .text          0x00108ba8       0x78 c:/devkitpro/devkitarm/bin/../lib/gcc/arm-none-eabi/4.9.2/armv6k/fpu\libgcc.a(bpabi.o)
                0x00108ba8                __gnu_ldivmod_helper
                0x00108be4                __gnu_uldivmod_helper
 .text          0x00108c20      0x180 c:/devkitpro/devkitarm/bin/../lib/gcc/arm-none-eabi/4.9.2/armv6k/fpu\libgcc.a(_divdi3.o)
                0x00108c20                __divdi3
 .text          0x00108da0      0x124 c:/devkitpro/devkitarm/bin/../lib/gcc/arm-none-eabi/4.9.2/armv6k/fpu\libgcc.a(_udivdi3.o)
                0x00108da0                __udivdi3
 .text          0x00108ec4        0x0 c:/devkitpro/devkitarm/bin/../lib/gcc/arm-none-eabi/4.9.2/../../../../arm-none-eabi/lib/armv6k/fpu\libg.a(lib_a-errno.o)
 .text          0x00108ec4        0x0 c:/devkitpro/devkitarm/bin/../lib/gcc/arm-none-eabi/4.9.2/../../../../arm-none-eabi/lib/armv6k/fpu\libg.a(lib_a-strnlen.o)
 .text          0x00108ec4        0x0 c:/devkitpro/devkitarm/bin/../lib/gcc/arm-none-eabi/4.9.2/../../../../arm-none-eabi/lib/armv6k/fpu\libg.a(lib_a-strrchr.o)
 .text          0x00108ec4        0x0 c:/devkitpro/devkitarm/bin/../lib/gcc/arm-none-eabi/4.9.2/armv6k/fpu/crtend.o
 .text          0x00108ec4        0x0 c:/devkitpro/devkitarm/bin/../lib/gcc/arm-none-eabi/4.9.2/armv6k/fpu/crtn.o
 *(.text.*)
 .text.startup  0x00108ec4       0xb0 main.o
                0x00108ec4                main
 .text.bsearch  0x00108f74       0x78 c:/devkitpro/devkitarm/bin/../lib/gcc/arm-none-eabi/4.9.2/../../../../arm-none-eabi/lib/armv6k/fpu\libg.a(lib_a-bsearch.o)
                0x00108f74                bsearch
 .text.exit     0x00108fec       0x34 c:/devkitpro/devkitarm/bin/../lib/gcc/arm-none-eabi/4.9.2/../../../../arm-none-eabi/lib/armv6k/fpu\libg.a(lib_a-exit.o)
                0x00108fec                exit
 .text.__libc_fini_array
                0x00109020       0x40 c:/devkitpro/devkitarm/bin/../lib/gcc/arm-none-eabi/4.9.2/../../../../arm-none-eabi/lib/armv6k/fpu\libg.a(lib_a-fini.o)
                0x00109020                __libc_fini_array
 .text._fwrite_r
                0x00109060      0x11c c:/devkitpro/devkitarm/bin/../lib/gcc/arm-none-eabi/4.9.2/../../../../arm-none-eabi/lib/armv6k/fpu\libg.a(lib_a-fwrite.o)
                0x00109060                _fwrite_r
 .text.fwrite   0x0010917c       0x38 c:/devkitpro/devkitarm/bin/../lib/gcc/arm-none-eabi/4.9.2/../../../../arm-none-eabi/lib/armv6k/fpu\libg.a(lib_a-fwrite.o)
                0x0010917c                fwrite
 .text.__libc_init_array
                0x001091b4       0x78 c:/devkitpro/devkitarm/bin/../lib/gcc/arm-none-eabi/4.9.2/../../../../arm-none-eabi/lib/armv6k/fpu\libg.a(lib_a-init.o)
                0x001091b4                __libc_init_array
 .text.malloc   0x0010922c       0x18 c:/devkitpro/devkitarm/bin/../lib/gcc/arm-none-eabi/4.9.2/../../../../arm-none-eabi/lib/armv6k/fpu\libg.a(lib_a-malloc.o)
                0x0010922c                malloc
 .text.free     0x00109244       0x18 c:/devkitpro/devkitarm/bin/../lib/gcc/arm-none-eabi/4.9.2/../../../../arm-none-eabi/lib/armv6k/fpu\libg.a(lib_a-malloc.o)
                0x00109244                free
 .text._malloc_r
                0x0010925c      0x740 c:/devkitpro/devkitarm/bin/../lib/gcc/arm-none-eabi/4.9.2/../../../../arm-none-eabi/lib/armv6k/fpu\libg.a(lib_a-mallocr.o)
                0x0010925c                _malloc_r
 .text.memcpy   0x0010999c       0xf4 c:/devkitpro/devkitarm/bin/../lib/gcc/arm-none-eabi/4.9.2/../../../../arm-none-eabi/lib/armv6k/fpu\libg.a(lib_a-memcpy.o)
                0x0010999c                memcpy
 .text.memset   0x00109a90       0xf0 c:/devkitpro/devkitarm/bin/../lib/gcc/arm-none-eabi/4.9.2/../../../../arm-none-eabi/lib/armv6k/fpu\libg.a(lib_a-memset.o)
                0x00109a90                memset
 .text.__malloc_lock
                0x00109b80        0x4 c:/devkitpro/devkitarm/bin/../lib/gcc/arm-none-eabi/4.9.2/../../../../arm-none-eabi/lib/armv6k/fpu\libg.a(lib_a-mlock.o)
                0x00109b80                __malloc_lock
 .text.__malloc_unlock
                0x00109b84        0x4 c:/devkitpro/devkitarm/bin/../lib/gcc/arm-none-eabi/4.9.2/../../../../arm-none-eabi/lib/armv6k/fpu\libg.a(lib_a-mlock.o)
                0x00109b84                __malloc_unlock
 .text._printf_r
                0x00109b88       0x34 c:/devkitpro/devkitarm/bin/../lib/gcc/arm-none-eabi/4.9.2/../../../../arm-none-eabi/lib/armv6k/fpu\libg.a(lib_a-printf.o)
                0x00109b88                _printf_r
 .text.printf   0x00109bbc       0x38 c:/devkitpro/devkitarm/bin/../lib/gcc/arm-none-eabi/4.9.2/../../../../arm-none-eabi/lib/armv6k/fpu\libg.a(lib_a-printf.o)
                0x00109bbc                printf
 .text._putchar_r
                0x00109bf4        0x8 c:/devkitpro/devkitarm/bin/../lib/gcc/arm-none-eabi/4.9.2/../../../../arm-none-eabi/lib/armv6k/fpu\libg.a(lib_a-putchar.o)
                0x00109bf4                _putchar_r
 .text.putchar  0x00109bfc       0x1c c:/devkitpro/devkitarm/bin/../lib/gcc/arm-none-eabi/4.9.2/../../../../arm-none-eabi/lib/armv6k/fpu\libg.a(lib_a-putchar.o)
                0x00109bfc                putchar
 .text._putc_r  0x00109c18       0xf8 c:/devkitpro/devkitarm/bin/../lib/gcc/arm-none-eabi/4.9.2/../../../../arm-none-eabi/lib/armv6k/fpu\libg.a(lib_a-putc.o)
                0x00109c18                _putc_r
 .text.putc     0x00109d10       0xfc c:/devkitpro/devkitarm/bin/../lib/gcc/arm-none-eabi/4.9.2/../../../../arm-none-eabi/lib/armv6k/fpu\libg.a(lib_a-putc.o)
                0x00109d10                putc
 .text.srand    0x00109e0c       0x1c c:/devkitpro/devkitarm/bin/../lib/gcc/arm-none-eabi/4.9.2/../../../../arm-none-eabi/lib/armv6k/fpu\libg.a(lib_a-rand.o)
                0x00109e0c                srand
 .text.rand     0x00109e28       0x44 c:/devkitpro/devkitarm/bin/../lib/gcc/arm-none-eabi/4.9.2/../../../../arm-none-eabi/lib/armv6k/fpu\libg.a(lib_a-rand.o)
                0x00109e28                rand
 .text.realloc  0x00109e6c       0x20 c:/devkitpro/devkitarm/bin/../lib/gcc/arm-none-eabi/4.9.2/../../../../arm-none-eabi/lib/armv6k/fpu\libg.a(lib_a-realloc.o)
                0x00109e6c                realloc
 .text._realloc_r
                0x00109e8c      0x564 c:/devkitpro/devkitarm/bin/../lib/gcc/arm-none-eabi/4.9.2/../../../../arm-none-eabi/lib/armv6k/fpu\libg.a(lib_a-reallocr.o)
                0x00109e8c                _realloc_r
 .text.strcpy   0x0010a3f0       0xf0 c:/devkitpro/devkitarm/bin/../lib/gcc/arm-none-eabi/4.9.2/../../../../arm-none-eabi/lib/armv6k/fpu\libg.a(lib_a-strcpy.o)
                0x0010a3f0                strcpy
 .text.strlen   0x0010a4e0       0x5c c:/devkitpro/devkitarm/bin/../lib/gcc/arm-none-eabi/4.9.2/../../../../arm-none-eabi/lib/armv6k/fpu\libg.a(lib_a-strlen.o)
                0x0010a4e0                strlen
 .text.strncat  0x0010a53c       0xa4 c:/devkitpro/devkitarm/bin/../lib/gcc/arm-none-eabi/4.9.2/../../../../arm-none-eabi/lib/armv6k/fpu\libg.a(lib_a-strncat.o)
                0x0010a53c                strncat
 .text.strncpy  0x0010a5e0       0xe0 c:/devkitpro/devkitarm/bin/../lib/gcc/arm-none-eabi/4.9.2/../../../../arm-none-eabi/lib/armv6k/fpu\libg.a(lib_a-strncpy.o)
                0x0010a5e0                strncpy
 .text.time     0x0010a6c0       0x40 c:/devkitpro/devkitarm/bin/../lib/gcc/arm-none-eabi/4.9.2/../../../../arm-none-eabi/lib/armv6k/fpu\libg.a(lib_a-time.o)
                0x0010a6c0                time
 .text.get_arg  0x0010a700      0x860 c:/devkitpro/devkitarm/bin/../lib/gcc/arm-none-eabi/4.9.2/../../../../arm-none-eabi/lib/armv6k/fpu\libg.a(lib_a-vfprintf.o)
 .text._vfprintf_r
                0x0010af60     0x4408 c:/devkitpro/devkitarm/bin/../lib/gcc/arm-none-eabi/4.9.2/../../../../arm-none-eabi/lib/armv6k/fpu\libg.a(lib_a-vfprintf.o)
                0x0010af60                _vfprintf_r
 .text.vfprintf
                0x0010f368       0x28 c:/devkitpro/devkitarm/bin/../lib/gcc/arm-none-eabi/4.9.2/../../../../arm-none-eabi/lib/armv6k/fpu\libg.a(lib_a-vfprintf.o)
                0x0010f368                vfprintf
 .text.__sbprintf
                0x0010f390       0xa8 c:/devkitpro/devkitarm/bin/../lib/gcc/arm-none-eabi/4.9.2/../../../../arm-none-eabi/lib/armv6k/fpu\libg.a(lib_a-vfprintf.o)
 .text.__swbuf_r
                0x0010f438      0x124 c:/devkitpro/devkitarm/bin/../lib/gcc/arm-none-eabi/4.9.2/../../../../arm-none-eabi/lib/armv6k/fpu\libg.a(lib_a-wbuf.o)
                0x0010f438                __swbuf_r
 .text.__swbuf  0x0010f55c       0x20 c:/devkitpro/devkitarm/bin/../lib/gcc/arm-none-eabi/4.9.2/../../../../arm-none-eabi/lib/armv6k/fpu\libg.a(lib_a-wbuf.o)
                0x0010f55c                __swbuf
 .text._wcrtomb_r
                0x0010f57c       0x8c c:/devkitpro/devkitarm/bin/../lib/gcc/arm-none-eabi/4.9.2/../../../../arm-none-eabi/lib/armv6k/fpu\libg.a(lib_a-wcrtomb.o)
                0x0010f57c                _wcrtomb_r
 .text.wcrtomb  0x0010f608       0x94 c:/devkitpro/devkitarm/bin/../lib/gcc/arm-none-eabi/4.9.2/../../../../arm-none-eabi/lib/armv6k/fpu\libg.a(lib_a-wcrtomb.o)
                0x0010f608                wcrtomb
 .text._wcsrtombs_r
                0x0010f69c       0x20 c:/devkitpro/devkitarm/bin/../lib/gcc/arm-none-eabi/4.9.2/../../../../arm-none-eabi/lib/armv6k/fpu\libg.a(lib_a-wcsrtombs.o)
                0x0010f69c                _wcsrtombs_r
 .text.wcsrtombs
                0x0010f6bc       0x3c c:/devkitpro/devkitarm/bin/../lib/gcc/arm-none-eabi/4.9.2/../../../../arm-none-eabi/lib/armv6k/fpu\libg.a(lib_a-wcsrtombs.o)
                0x0010f6bc                wcsrtombs
 .text.__utf8_wctomb
                0x0010f6f8      0x114 c:/devkitpro/devkitarm/bin/../lib/gcc/arm-none-eabi/4.9.2/../../../../arm-none-eabi/lib/armv6k/fpu\libg.a(lib_a-wctomb_r.o)
                0x0010f6f8                __utf8_wctomb
 .text._wctomb_r
                0x0010f80c       0x48 c:/devkitpro/devkitarm/bin/../lib/gcc/arm-none-eabi/4.9.2/../../../../arm-none-eabi/lib/armv6k/fpu\libg.a(lib_a-wctomb_r.o)
                0x0010f80c                _wctomb_r
 .text.__ascii_wctomb
                0x0010f854       0x28 c:/devkitpro/devkitarm/bin/../lib/gcc/arm-none-eabi/4.9.2/../../../../arm-none-eabi/lib/armv6k/fpu\libg.a(lib_a-wctomb_r.o)
                0x0010f854                __ascii_wctomb
 .text.__sjis_wctomb
                0x0010f87c       0x84 c:/devkitpro/devkitarm/bin/../lib/gcc/arm-none-eabi/4.9.2/../../../../arm-none-eabi/lib/armv6k/fpu\libg.a(lib_a-wctomb_r.o)
                0x0010f87c                __sjis_wctomb
 .text.__eucjp_wctomb
                0x0010f900       0xc8 c:/devkitpro/devkitarm/bin/../lib/gcc/arm-none-eabi/4.9.2/../../../../arm-none-eabi/lib/armv6k/fpu\libg.a(lib_a-wctomb_r.o)
                0x0010f900                __eucjp_wctomb
 .text.__jis_wctomb
                0x0010f9c8       0xd4 c:/devkitpro/devkitarm/bin/../lib/gcc/arm-none-eabi/4.9.2/../../../../arm-none-eabi/lib/armv6k/fpu\libg.a(lib_a-wctomb_r.o)
                0x0010f9c8                __jis_wctomb
 .text.__swsetup_r
                0x0010fa9c      0x14c c:/devkitpro/devkitarm/bin/../lib/gcc/arm-none-eabi/4.9.2/../../../../arm-none-eabi/lib/armv6k/fpu\libg.a(lib_a-wsetup.o)
                0x0010fa9c                __swsetup_r
 .text.__call_exitprocs
                0x0010fbe8      0x15c c:/devkitpro/devkitarm/bin/../lib/gcc/arm-none-eabi/4.9.2/../../../../arm-none-eabi/lib/armv6k/fpu\libg.a(lib_a-__call_atexit.o)
                0x0010fbe8                __call_exitprocs
 .text.quorem   0x0010fd44      0x1c0 c:/devkitpro/devkitarm/bin/../lib/gcc/arm-none-eabi/4.9.2/../../../../arm-none-eabi/lib/armv6k/fpu\libg.a(lib_a-dtoa.o)
 *fill*         0x0010ff04        0x4 
 .text._dtoa_r  0x0010ff08     0x12e0 c:/devkitpro/devkitarm/bin/../lib/gcc/arm-none-eabi/4.9.2/../../../../arm-none-eabi/lib/armv6k/fpu\libg.a(lib_a-dtoa.o)
                0x0010ff08                _dtoa_r
 .text.__sflush_r
                0x001111e8      0x238 c:/devkitpro/devkitarm/bin/../lib/gcc/arm-none-eabi/4.9.2/../../../../arm-none-eabi/lib/armv6k/fpu\libg.a(lib_a-fflush.o)
                0x001111e8                __sflush_r
 .text._fflush_r
                0x00111420       0x98 c:/devkitpro/devkitarm/bin/../lib/gcc/arm-none-eabi/4.9.2/../../../../arm-none-eabi/lib/armv6k/fpu\libg.a(lib_a-fflush.o)
                0x00111420                _fflush_r
 .text.fflush   0x001114b8       0x38 c:/devkitpro/devkitarm/bin/../lib/gcc/arm-none-eabi/4.9.2/../../../../arm-none-eabi/lib/armv6k/fpu\libg.a(lib_a-fflush.o)
                0x001114b8                fflush
 .text._cleanup_r
                0x001114f0        0xc c:/devkitpro/devkitarm/bin/../lib/gcc/arm-none-eabi/4.9.2/../../../../arm-none-eabi/lib/armv6k/fpu\libg.a(lib_a-findfp.o)
                0x001114f0                _cleanup_r
 .text.__fp_lock
                0x001114fc       0x1c c:/devkitpro/devkitarm/bin/../lib/gcc/arm-none-eabi/4.9.2/../../../../arm-none-eabi/lib/armv6k/fpu\libg.a(lib_a-findfp.o)
 .text.__fp_unlock
                0x00111518       0x1c c:/devkitpro/devkitarm/bin/../lib/gcc/arm-none-eabi/4.9.2/../../../../arm-none-eabi/lib/armv6k/fpu\libg.a(lib_a-findfp.o)
 .text.__sinit.part.1
                0x00111534      0x15c c:/devkitpro/devkitarm/bin/../lib/gcc/arm-none-eabi/4.9.2/../../../../arm-none-eabi/lib/armv6k/fpu\libg.a(lib_a-findfp.o)
 .text.__sfmoreglue
                0x00111690       0x48 c:/devkitpro/devkitarm/bin/../lib/gcc/arm-none-eabi/4.9.2/../../../../arm-none-eabi/lib/armv6k/fpu\libg.a(lib_a-findfp.o)
                0x00111690                __sfmoreglue
 .text.__sfp    0x001116d8       0xe8 c:/devkitpro/devkitarm/bin/../lib/gcc/arm-none-eabi/4.9.2/../../../../arm-none-eabi/lib/armv6k/fpu\libg.a(lib_a-findfp.o)
                0x001116d8                __sfp
 .text._cleanup
                0x001117c0       0x18 c:/devkitpro/devkitarm/bin/../lib/gcc/arm-none-eabi/4.9.2/../../../../arm-none-eabi/lib/armv6k/fpu\libg.a(lib_a-findfp.o)
                0x001117c0                _cleanup
 .text.__sinit  0x001117d8       0x10 c:/devkitpro/devkitarm/bin/../lib/gcc/arm-none-eabi/4.9.2/../../../../arm-none-eabi/lib/armv6k/fpu\libg.a(lib_a-findfp.o)
                0x001117d8                __sinit
 .text.__sfp_lock_acquire
                0x001117e8        0x4 c:/devkitpro/devkitarm/bin/../lib/gcc/arm-none-eabi/4.9.2/../../../../arm-none-eabi/lib/armv6k/fpu\libg.a(lib_a-findfp.o)
                0x001117e8                __sfp_lock_acquire
 .text.__sfp_lock_release
                0x001117ec        0x4 c:/devkitpro/devkitarm/bin/../lib/gcc/arm-none-eabi/4.9.2/../../../../arm-none-eabi/lib/armv6k/fpu\libg.a(lib_a-findfp.o)
                0x001117ec                __sfp_lock_release
 .text.__sinit_lock_acquire
                0x001117f0        0x4 c:/devkitpro/devkitarm/bin/../lib/gcc/arm-none-eabi/4.9.2/../../../../arm-none-eabi/lib/armv6k/fpu\libg.a(lib_a-findfp.o)
                0x001117f0                __sinit_lock_acquire
 .text.__sinit_lock_release
                0x001117f4        0x4 c:/devkitpro/devkitarm/bin/../lib/gcc/arm-none-eabi/4.9.2/../../../../arm-none-eabi/lib/armv6k/fpu\libg.a(lib_a-findfp.o)
                0x001117f4                __sinit_lock_release
 .text.__fp_lock_all
                0x001117f8       0x18 c:/devkitpro/devkitarm/bin/../lib/gcc/arm-none-eabi/4.9.2/../../../../arm-none-eabi/lib/armv6k/fpu\libg.a(lib_a-findfp.o)
                0x001117f8                __fp_lock_all
 .text.__fp_unlock_all
                0x00111810       0x18 c:/devkitpro/devkitarm/bin/../lib/gcc/arm-none-eabi/4.9.2/../../../../arm-none-eabi/lib/armv6k/fpu\libg.a(lib_a-findfp.o)
                0x00111810                __fp_unlock_all
 .text._malloc_trim_r
                0x00111828       0xf8 c:/devkitpro/devkitarm/bin/../lib/gcc/arm-none-eabi/4.9.2/../../../../arm-none-eabi/lib/armv6k/fpu\libg.a(lib_a-freer.o)
                0x00111828                _malloc_trim_r
 .text._free_r  0x00111920      0x2b4 c:/devkitpro/devkitarm/bin/../lib/gcc/arm-none-eabi/4.9.2/../../../../arm-none-eabi/lib/armv6k/fpu\libg.a(lib_a-freer.o)
                0x00111920                _free_r
 .text.__sfvwrite_r
                0x00111bd4      0x4c4 c:/devkitpro/devkitarm/bin/../lib/gcc/arm-none-eabi/4.9.2/../../../../arm-none-eabi/lib/armv6k/fpu\libg.a(lib_a-fvwrite.o)
                0x00111bd4                __sfvwrite_r
 .text._fwalk   0x00112098       0x78 c:/devkitpro/devkitarm/bin/../lib/gcc/arm-none-eabi/4.9.2/../../../../arm-none-eabi/lib/armv6k/fpu\libg.a(lib_a-fwalk.o)
                0x00112098                _fwalk
 .text._fwalk_reent
                0x00112110       0x80 c:/devkitpro/devkitarm/bin/../lib/gcc/arm-none-eabi/4.9.2/../../../../arm-none-eabi/lib/armv6k/fpu\libg.a(lib_a-fwalk.o)
                0x00112110                _fwalk_reent
 .text.__get_locale_env
                0x00112190       0x8c c:/devkitpro/devkitarm/bin/../lib/gcc/arm-none-eabi/4.9.2/../../../../arm-none-eabi/lib/armv6k/fpu\libg.a(lib_a-locale.o)
 .text.loadlocale
                0x0011221c      0x8a4 c:/devkitpro/devkitarm/bin/../lib/gcc/arm-none-eabi/4.9.2/../../../../arm-none-eabi/lib/armv6k/fpu\libg.a(lib_a-locale.o)
 .text.currentlocale
                0x00112ac0       0x88 c:/devkitpro/devkitarm/bin/../lib/gcc/arm-none-eabi/4.9.2/../../../../arm-none-eabi/lib/armv6k/fpu\libg.a(lib_a-locale.o)
 .text._setlocale_r
                0x00112b48      0x300 c:/devkitpro/devkitarm/bin/../lib/gcc/arm-none-eabi/4.9.2/../../../../arm-none-eabi/lib/armv6k/fpu\libg.a(lib_a-locale.o)
                0x00112b48                _setlocale_r
 .text.__locale_charset
                0x00112e48        0xc c:/devkitpro/devkitarm/bin/../lib/gcc/arm-none-eabi/4.9.2/../../../../arm-none-eabi/lib/armv6k/fpu\libg.a(lib_a-locale.o)
                0x00112e48                __locale_charset
 .text.__locale_mb_cur_max
                0x00112e54       0x10 c:/devkitpro/devkitarm/bin/../lib/gcc/arm-none-eabi/4.9.2/../../../../arm-none-eabi/lib/armv6k/fpu\libg.a(lib_a-locale.o)
                0x00112e54                __locale_mb_cur_max
 .text.__locale_msgcharset
                0x00112e64        0xc c:/devkitpro/devkitarm/bin/../lib/gcc/arm-none-eabi/4.9.2/../../../../arm-none-eabi/lib/armv6k/fpu\libg.a(lib_a-locale.o)
                0x00112e64                __locale_msgcharset
 .text.__locale_cjk_lang
                0x00112e70       0x10 c:/devkitpro/devkitarm/bin/../lib/gcc/arm-none-eabi/4.9.2/../../../../arm-none-eabi/lib/armv6k/fpu\libg.a(lib_a-locale.o)
                0x00112e70                __locale_cjk_lang
 .text._localeconv_r
                0x00112e80        0xc c:/devkitpro/devkitarm/bin/../lib/gcc/arm-none-eabi/4.9.2/../../../../arm-none-eabi/lib/armv6k/fpu\libg.a(lib_a-locale.o)
                0x00112e80                _localeconv_r
 .text.setlocale
                0x00112e8c       0x20 c:/devkitpro/devkitarm/bin/../lib/gcc/arm-none-eabi/4.9.2/../../../../arm-none-eabi/lib/armv6k/fpu\libg.a(lib_a-locale.o)
                0x00112e8c                setlocale
 .text.localeconv
                0x00112eac       0x14 c:/devkitpro/devkitarm/bin/../lib/gcc/arm-none-eabi/4.9.2/../../../../arm-none-eabi/lib/armv6k/fpu\libg.a(lib_a-locale.o)
                0x00112eac                localeconv
 .text.__smakebuf_r
                0x00112ec0      0x160 c:/devkitpro/devkitarm/bin/../lib/gcc/arm-none-eabi/4.9.2/../../../../arm-none-eabi/lib/armv6k/fpu\libg.a(lib_a-makebuf.o)
                0x00112ec0                __smakebuf_r
 .text.__utf8_mbtowc
                0x00113020      0x2fc c:/devkitpro/devkitarm/bin/../lib/gcc/arm-none-eabi/4.9.2/../../../../arm-none-eabi/lib/armv6k/fpu\libg.a(lib_a-mbtowc_r.o)
                0x00113020                __utf8_mbtowc
 .text._mbtowc_r
                0x0011331c       0x4c c:/devkitpro/devkitarm/bin/../lib/gcc/arm-none-eabi/4.9.2/../../../../arm-none-eabi/lib/armv6k/fpu\libg.a(lib_a-mbtowc_r.o)
                0x0011331c                _mbtowc_r
 .text.__ascii_mbtowc
                0x00113368       0x4c c:/devkitpro/devkitarm/bin/../lib/gcc/arm-none-eabi/4.9.2/../../../../arm-none-eabi/lib/armv6k/fpu\libg.a(lib_a-mbtowc_r.o)
                0x00113368                __ascii_mbtowc
 .text.__sjis_mbtowc
                0x001133b4       0xd4 c:/devkitpro/devkitarm/bin/../lib/gcc/arm-none-eabi/4.9.2/../../../../arm-none-eabi/lib/armv6k/fpu\libg.a(lib_a-mbtowc_r.o)
                0x001133b4                __sjis_mbtowc
 .text.__eucjp_mbtowc
                0x00113488      0x140 c:/devkitpro/devkitarm/bin/../lib/gcc/arm-none-eabi/4.9.2/../../../../arm-none-eabi/lib/armv6k/fpu\libg.a(lib_a-mbtowc_r.o)
                0x00113488                __eucjp_mbtowc
 .text.__jis_mbtowc
                0x001135c8      0x1a8 c:/devkitpro/devkitarm/bin/../lib/gcc/arm-none-eabi/4.9.2/../../../../arm-none-eabi/lib/armv6k/fpu\libg.a(lib_a-mbtowc_r.o)
                0x001135c8                __jis_mbtowc
 .text.memchr   0x00113770      0x120 c:/devkitpro/devkitarm/bin/../lib/gcc/arm-none-eabi/4.9.2/../../../../arm-none-eabi/lib/armv6k/fpu\libg.a(lib_a-memchr.o)
                0x00113770                memchr
 .text.memmove  0x00113890      0x12c c:/devkitpro/devkitarm/bin/../lib/gcc/arm-none-eabi/4.9.2/../../../../arm-none-eabi/lib/armv6k/fpu\libg.a(lib_a-memmove.o)
                0x00113890                memmove
 .text._Balloc  0x001139bc       0x8c c:/devkitpro/devkitarm/bin/../lib/gcc/arm-none-eabi/4.9.2/../../../../arm-none-eabi/lib/armv6k/fpu\libg.a(lib_a-mprec.o)
                0x001139bc                _Balloc
 .text._Bfree   0x00113a48       0x1c c:/devkitpro/devkitarm/bin/../lib/gcc/arm-none-eabi/4.9.2/../../../../arm-none-eabi/lib/armv6k/fpu\libg.a(lib_a-mprec.o)
                0x00113a48                _Bfree
 .text.__multadd
                0x00113a64       0xd0 c:/devkitpro/devkitarm/bin/../lib/gcc/arm-none-eabi/4.9.2/../../../../arm-none-eabi/lib/armv6k/fpu\libg.a(lib_a-mprec.o)
                0x00113a64                __multadd
 .text.__s2b    0x00113b34       0xe4 c:/devkitpro/devkitarm/bin/../lib/gcc/arm-none-eabi/4.9.2/../../../../arm-none-eabi/lib/armv6k/fpu\libg.a(lib_a-mprec.o)
                0x00113b34                __s2b
 .text.__hi0bits
                0x00113c18       0x5c c:/devkitpro/devkitarm/bin/../lib/gcc/arm-none-eabi/4.9.2/../../../../arm-none-eabi/lib/armv6k/fpu\libg.a(lib_a-mprec.o)
                0x00113c18                __hi0bits
 .text.__lo0bits
                0x00113c74       0x98 c:/devkitpro/devkitarm/bin/../lib/gcc/arm-none-eabi/4.9.2/../../../../arm-none-eabi/lib/armv6k/fpu\libg.a(lib_a-mprec.o)
                0x00113c74                __lo0bits
 .text.__i2b    0x00113d0c       0x20 c:/devkitpro/devkitarm/bin/../lib/gcc/arm-none-eabi/4.9.2/../../../../arm-none-eabi/lib/armv6k/fpu\libg.a(lib_a-mprec.o)
                0x00113d0c                __i2b
 .text.__multiply
                0x00113d2c      0x1dc c:/devkitpro/devkitarm/bin/../lib/gcc/arm-none-eabi/4.9.2/../../../../arm-none-eabi/lib/armv6k/fpu\libg.a(lib_a-mprec.o)
                0x00113d2c                __multiply
 .text.__pow5mult
                0x00113f08      0x100 c:/devkitpro/devkitarm/bin/../lib/gcc/arm-none-eabi/4.9.2/../../../../arm-none-eabi/lib/armv6k/fpu\libg.a(lib_a-mprec.o)
                0x00113f08                __pow5mult
 .text.__lshift
                0x00114008       0xf4 c:/devkitpro/devkitarm/bin/../lib/gcc/arm-none-eabi/4.9.2/../../../../arm-none-eabi/lib/armv6k/fpu\libg.a(lib_a-mprec.o)
                0x00114008                __lshift
 .text.__mcmp   0x001140fc       0x64 c:/devkitpro/devkitarm/bin/../lib/gcc/arm-none-eabi/4.9.2/../../../../arm-none-eabi/lib/armv6k/fpu\libg.a(lib_a-mprec.o)
                0x001140fc                __mcmp
 .text.__mdiff  0x00114160      0x13c c:/devkitpro/devkitarm/bin/../lib/gcc/arm-none-eabi/4.9.2/../../../../arm-none-eabi/lib/armv6k/fpu\libg.a(lib_a-mprec.o)
                0x00114160                __mdiff
 .text.__ulp    0x0011429c       0x74 c:/devkitpro/devkitarm/bin/../lib/gcc/arm-none-eabi/4.9.2/../../../../arm-none-eabi/lib/armv6k/fpu\libg.a(lib_a-mprec.o)
                0x0011429c                __ulp
 .text.__b2d    0x00114310       0xe4 c:/devkitpro/devkitarm/bin/../lib/gcc/arm-none-eabi/4.9.2/../../../../arm-none-eabi/lib/armv6k/fpu\libg.a(lib_a-mprec.o)
                0x00114310                __b2d
 .text.__d2b    0x001143f4      0x104 c:/devkitpro/devkitarm/bin/../lib/gcc/arm-none-eabi/4.9.2/../../../../arm-none-eabi/lib/armv6k/fpu\libg.a(lib_a-mprec.o)
                0x001143f4                __d2b
 .text.__ratio  0x001144f8       0x7c c:/devkitpro/devkitarm/bin/../lib/gcc/arm-none-eabi/4.9.2/../../../../arm-none-eabi/lib/armv6k/fpu\libg.a(lib_a-mprec.o)
                0x001144f8                __ratio
 *fill*         0x00114574        0x4 
 .text._mprec_log10
                0x00114578       0x48 c:/devkitpro/devkitarm/bin/../lib/gcc/arm-none-eabi/4.9.2/../../../../arm-none-eabi/lib/armv6k/fpu\libg.a(lib_a-mprec.o)
                0x00114578                _mprec_log10
 .text.__copybits
                0x001145c0       0x6c c:/devkitpro/devkitarm/bin/../lib/gcc/arm-none-eabi/4.9.2/../../../../arm-none-eabi/lib/armv6k/fpu\libg.a(lib_a-mprec.o)
                0x001145c0                __copybits
 .text.__any_on
                0x0011462c       0x80 c:/devkitpro/devkitarm/bin/../lib/gcc/arm-none-eabi/4.9.2/../../../../arm-none-eabi/lib/armv6k/fpu\libg.a(lib_a-mprec.o)
                0x0011462c                __any_on
 .text.__fpclassifyd
                0x001146ac       0x74 c:/devkitpro/devkitarm/bin/../lib/gcc/arm-none-eabi/4.9.2/../../../../arm-none-eabi/lib/armv6k/fpu\libg.a(lib_a-s_fpclassify.o)
                0x001146ac                __fpclassifyd
 .text.frexp    0x00114720       0x98 c:/devkitpro/devkitarm/bin/../lib/gcc/arm-none-eabi/4.9.2/../../../../arm-none-eabi/lib/armv6k/fpu\libg.a(lib_a-s_frexp.o)
                0x00114720                frexp
 .text.__sread  0x001147b8       0x30 c:/devkitpro/devkitarm/bin/../lib/gcc/arm-none-eabi/4.9.2/../../../../arm-none-eabi/lib/armv6k/fpu\libg.a(lib_a-stdio.o)
                0x001147b8                __sread
 .text.__seofread
                0x001147e8        0x8 c:/devkitpro/devkitarm/bin/../lib/gcc/arm-none-eabi/4.9.2/../../../../arm-none-eabi/lib/armv6k/fpu\libg.a(lib_a-stdio.o)
                0x001147e8                __seofread
 .text.__swrite
                0x001147f0       0x54 c:/devkitpro/devkitarm/bin/../lib/gcc/arm-none-eabi/4.9.2/../../../../arm-none-eabi/lib/armv6k/fpu\libg.a(lib_a-stdio.o)
                0x001147f0                __swrite
 .text.__sseek  0x00114844       0x2c c:/devkitpro/devkitarm/bin/../lib/gcc/arm-none-eabi/4.9.2/../../../../arm-none-eabi/lib/armv6k/fpu\libg.a(lib_a-stdio.o)
                0x00114844                __sseek
 .text.__sclose
                0x00114870        0x8 c:/devkitpro/devkitarm/bin/../lib/gcc/arm-none-eabi/4.9.2/../../../../arm-none-eabi/lib/armv6k/fpu\libg.a(lib_a-stdio.o)
                0x00114870                __sclose
 .text.strcasecmp
                0x00114878       0x68 c:/devkitpro/devkitarm/bin/../lib/gcc/arm-none-eabi/4.9.2/../../../../arm-none-eabi/lib/armv6k/fpu\libg.a(lib_a-strcasecmp.o)
                0x00114878                strcasecmp
 .text.strcat   0x001148e0       0x80 c:/devkitpro/devkitarm/bin/../lib/gcc/arm-none-eabi/4.9.2/../../../../arm-none-eabi/lib/armv6k/fpu\libg.a(lib_a-strcat.o)
                0x001148e0                strcat
 .text.strchr   0x00114960      0x16c c:/devkitpro/devkitarm/bin/../lib/gcc/arm-none-eabi/4.9.2/../../../../arm-none-eabi/lib/armv6k/fpu\libg.a(lib_a-strchr.o)
                0x00114960                strchr
 .text.strlcpy  0x00114acc       0x48 c:/devkitpro/devkitarm/bin/../lib/gcc/arm-none-eabi/4.9.2/../../../../arm-none-eabi/lib/armv6k/fpu\libg.a(lib_a-strlcpy.o)
                0x00114acc                strlcpy
 .text.strncasecmp
                0x00114b14       0x8c c:/devkitpro/devkitarm/bin/../lib/gcc/arm-none-eabi/4.9.2/../../../../arm-none-eabi/lib/armv6k/fpu\libg.a(lib_a-strncasecmp.o)
                0x00114b14                strncasecmp
 .text.strncmp  0x00114ba0      0x110 c:/devkitpro/devkitarm/bin/../lib/gcc/arm-none-eabi/4.9.2/../../../../arm-none-eabi/lib/armv6k/fpu\libg.a(lib_a-strncmp.o)
                0x00114ba0                strncmp
 .text._strtol_r
                0x00114cb0      0x1dc c:/devkitpro/devkitarm/bin/../lib/gcc/arm-none-eabi/4.9.2/../../../../arm-none-eabi/lib/armv6k/fpu\libg.a(lib_a-strtol.o)
                0x00114cb0                _strtol_r
 .text.strtol   0x00114e8c       0x28 c:/devkitpro/devkitarm/bin/../lib/gcc/arm-none-eabi/4.9.2/../../../../arm-none-eabi/lib/armv6k/fpu\libg.a(lib_a-strtol.o)
                0x00114e8c                strtol
 .text.get_arg  0x00114eb4      0x860 c:/devkitpro/devkitarm/bin/../lib/gcc/arm-none-eabi/4.9.2/../../../../arm-none-eabi/lib/armv6k/fpu\libg.a(lib_a-svfiprintf.o)
 .text.__ssprint_r
                0x00115714      0x1a8 c:/devkitpro/devkitarm/bin/../lib/gcc/arm-none-eabi/4.9.2/../../../../arm-none-eabi/lib/armv6k/fpu\libg.a(lib_a-svfiprintf.o)
                0x00115714                __ssprint_r
 .text._svfiprintf_r
                0x001158bc     0x2fdc c:/devkitpro/devkitarm/bin/../lib/gcc/arm-none-eabi/4.9.2/../../../../arm-none-eabi/lib/armv6k/fpu\libg.a(lib_a-svfiprintf.o)
                0x001158bc                _svfiprintf_r
 .text.get_arg  0x00118898      0x860 c:/devkitpro/devkitarm/bin/../lib/gcc/arm-none-eabi/4.9.2/../../../../arm-none-eabi/lib/armv6k/fpu\libg.a(lib_a-vfiprintf.o)
 .text.__sprint_r.part.0
                0x001190f8       0xa4 c:/devkitpro/devkitarm/bin/../lib/gcc/arm-none-eabi/4.9.2/../../../../arm-none-eabi/lib/armv6k/fpu\libg.a(lib_a-vfiprintf.o)
 .text.__sprint_r
                0x0011919c       0x1c c:/devkitpro/devkitarm/bin/../lib/gcc/arm-none-eabi/4.9.2/../../../../arm-none-eabi/lib/armv6k/fpu\libg.a(lib_a-vfiprintf.o)
                0x0011919c                __sprint_r
 .text._vfiprintf_r
                0x001191b8     0x3114 c:/devkitpro/devkitarm/bin/../lib/gcc/arm-none-eabi/4.9.2/../../../../arm-none-eabi/lib/armv6k/fpu\libg.a(lib_a-vfiprintf.o)
                0x001191b8                _vfiprintf_r
 .text.vfiprintf
                0x0011c2cc       0x28 c:/devkitpro/devkitarm/bin/../lib/gcc/arm-none-eabi/4.9.2/../../../../arm-none-eabi/lib/armv6k/fpu\libg.a(lib_a-vfiprintf.o)
                0x0011c2cc                vfiprintf
 .text.__sbprintf
                0x0011c2f4       0xa8 c:/devkitpro/devkitarm/bin/../lib/gcc/arm-none-eabi/4.9.2/../../../../arm-none-eabi/lib/armv6k/fpu\libg.a(lib_a-vfiprintf.o)
 .text._wcsnrtombs_r
                0x0011c39c      0x184 c:/devkitpro/devkitarm/bin/../lib/gcc/arm-none-eabi/4.9.2/../../../../arm-none-eabi/lib/armv6k/fpu\libg.a(lib_a-wcsnrtombs.o)
                0x0011c39c                _wcsnrtombs_r
 .text.wcsnrtombs
                0x0011c520       0x40 c:/devkitpro/devkitarm/bin/../lib/gcc/arm-none-eabi/4.9.2/../../../../arm-none-eabi/lib/armv6k/fpu\libg.a(lib_a-wcsnrtombs.o)
                0x0011c520                wcsnrtombs
 .text._calloc_r
                0x0011c560       0x94 c:/devkitpro/devkitarm/bin/../lib/gcc/arm-none-eabi/4.9.2/../../../../arm-none-eabi/lib/armv6k/fpu\libg.a(lib_a-callocr.o)
                0x0011c560                _calloc_r
 .text.__set_ctype
                0x0011c5f4       0x18 c:/devkitpro/devkitarm/bin/../lib/gcc/arm-none-eabi/4.9.2/../../../../arm-none-eabi/lib/armv6k/fpu\libg.a(lib_a-ctype_.o)
                0x0011c5f4                __set_ctype
 .text._fclose_r
                0x0011c60c      0x118 c:/devkitpro/devkitarm/bin/../lib/gcc/arm-none-eabi/4.9.2/../../../../arm-none-eabi/lib/armv6k/fpu\libg.a(lib_a-fclose.o)
                0x0011c60c                _fclose_r
 .text.fclose   0x0011c724       0x18 c:/devkitpro/devkitarm/bin/../lib/gcc/arm-none-eabi/4.9.2/../../../../arm-none-eabi/lib/armv6k/fpu\libg.a(lib_a-fclose.o)
                0x0011c724                fclose
 .text.__fputwc
                0x0011c73c      0x124 c:/devkitpro/devkitarm/bin/../lib/gcc/arm-none-eabi/4.9.2/../../../../arm-none-eabi/lib/armv6k/fpu\libg.a(lib_a-fputwc.o)
                0x0011c73c                __fputwc
 .text._fputwc_r
                0x0011c860       0xa8 c:/devkitpro/devkitarm/bin/../lib/gcc/arm-none-eabi/4.9.2/../../../../arm-none-eabi/lib/armv6k/fpu\libg.a(lib_a-fputwc.o)
                0x0011c860                _fputwc_r
 .text.fputwc   0x0011c908       0x3c c:/devkitpro/devkitarm/bin/../lib/gcc/arm-none-eabi/4.9.2/../../../../arm-none-eabi/lib/armv6k/fpu\libg.a(lib_a-fputwc.o)
                0x0011c908                fputwc
 .text._findenv_r
                0x0011c944       0xc8 c:/devkitpro/devkitarm/bin/../lib/gcc/arm-none-eabi/4.9.2/../../../../arm-none-eabi/lib/armv6k/fpu\libg.a(lib_a-getenv_r.o)
                0x0011c944                _findenv_r
 .text._getenv_r
                0x0011ca0c       0x18 c:/devkitpro/devkitarm/bin/../lib/gcc/arm-none-eabi/4.9.2/../../../../arm-none-eabi/lib/armv6k/fpu\libg.a(lib_a-getenv_r.o)
                0x0011ca0c                _getenv_r
 .text.__env_lock
                0x0011ca24        0x4 c:/devkitpro/devkitarm/bin/../lib/gcc/arm-none-eabi/4.9.2/../../../../arm-none-eabi/lib/armv6k/fpu\libg.a(lib_a-envlock.o)
                0x0011ca24                __env_lock
 .text.__env_unlock
                0x0011ca28        0x4 c:/devkitpro/devkitarm/bin/../lib/gcc/arm-none-eabi/4.9.2/../../../../arm-none-eabi/lib/armv6k/fpu\libg.a(lib_a-envlock.o)
                0x0011ca28                __env_unlock
 .text.__errno  0x0011ca2c        0xc c:/devkitpro/devkitarm/bin/../lib/gcc/arm-none-eabi/4.9.2/../../../../arm-none-eabi/lib/armv6k/fpu\libg.a(lib_a-errno.o)
                0x0011ca2c                __errno
 .text.strnlen  0x0011ca38       0x5c c:/devkitpro/devkitarm/bin/../lib/gcc/arm-none-eabi/4.9.2/../../../../arm-none-eabi/lib/armv6k/fpu\libg.a(lib_a-strnlen.o)
                0x0011ca38                strnlen
 .text.strrchr  0x0011ca94       0x44 c:/devkitpro/devkitarm/bin/../lib/gcc/arm-none-eabi/4.9.2/../../../../arm-none-eabi/lib/armv6k/fpu\libg.a(lib_a-strrchr.o)
                0x0011ca94                strrchr
 *(.glue_7)
 .glue_7        0x0011cad8        0x0 linker stubs
 *(.glue_7t)
 .glue_7t       0x0011cad8        0x0 linker stubs
 *(.stub)
 *(.gnu.warning)
 *(.gnu.linkonce.t*)
                0x0011cad8                . = ALIGN (0x4)
 *(.fini)
 .fini          0x0011cad8        0xc c:/devkitpro/devkitarm/bin/../lib/gcc/arm-none-eabi/4.9.2/armv6k/fpu/crti.o
                0x0011cad8                _fini
 .fini          0x0011cae4        0xc c:/devkitpro/devkitarm/bin/../lib/gcc/arm-none-eabi/4.9.2/armv6k/fpu/crtn.o
                0x0011caf0                . = ALIGN (0x4)

.vfp11_veneer   0x0011caf0        0x0
 .vfp11_veneer  0x0011caf0        0x0 linker stubs

.v4_bx          0x0011caf0        0x0
 .v4_bx         0x0011caf0        0x0 linker stubs

.iplt           0x0011caf0        0x0
 .iplt          0x0011caf0        0x0 c:/devkitpro/devkitarm/bin/../lib/gcc/arm-none-eabi/4.9.2/../../../../arm-none-eabi/lib/armv6k/fpu/3dsx_crt0.o

.rodata         0x0011d000      0x8bc
 *(.rodata)
 .rodata        0x0011d000       0x14 c:/devkitPro/libctru/lib\libctru.a(gfx.o)
 .rodata        0x0011d014        0xc c:/devkitPro/libctru/lib\libctru.a(apt.o)
 .rodata        0x0011d020       0x2c c:/devkitPro/libctru/lib\libctru.a(os.o)
 .rodata        0x0011d04c       0x30 c:/devkitPro/libctru/lib\libctru.a(sdmc_dev.o)
 .rodata        0x0011d07c       0x68 c:/devkitpro/devkitarm/bin/../lib/gcc/arm-none-eabi/4.9.2/../../../../arm-none-eabi/lib/armv6k/fpu\libsysbase.a(iosupport.o)
                0x0011d07c                dotab_stdnull
 .rodata        0x0011d0e4        0xc c:/devkitpro/devkitarm/bin/../lib/gcc/arm-none-eabi/4.9.2/../../../../arm-none-eabi/lib/armv6k/fpu\libsysbase.a(chdir.o)
                0x0011d0e4                DIRECTORY_PARENT
                0x0011d0e8                DIRECTORY_THIS
                0x0011d0ec                DIRECTORY_SEPARATOR
 *(.roda)
 *(.rodata.*)
 .rodata.str1.4
                0x0011d0f0       0x17 mylib.o
                                 0x18 (size before relaxing)
 *fill*         0x0011d107        0x1 
 .rodata.str1.4
                0x0011d108        0x4 sudoku.o
 .rodata.str1.4
                0x0011d10c       0x16 c:/devkitPro/libctru/lib\libctru.a(apt.o)
                                 0x18 (size before relaxing)
 *fill*         0x0011d122        0x2 
 .rodata.str1.4
                0x0011d124        0x9 c:/devkitPro/libctru/lib\libctru.a(gsp.o)
                                  0xc (size before relaxing)
 *fill*         0x0011d12d        0x3 
 .rodata.str1.4
                0x0011d130        0x9 c:/devkitPro/libctru/lib\libctru.a(hid.o)
                                  0xc (size before relaxing)
 *fill*         0x0011d139        0x3 
 .rodata.str1.4
                0x0011d13c        0x7 c:/devkitPro/libctru/lib\libctru.a(irrst.o)
                                  0x8 (size before relaxing)
 *fill*         0x0011d143        0x1 
 .rodata.str1.4
                0x0011d144        0xf c:/devkitPro/libctru/lib\libctru.a(srv.o)
                                 0x10 (size before relaxing)
 *fill*         0x0011d153        0x1 
 .rodata.str1.4
                0x0011d154       0xc4 c:/devkitPro/libctru/lib\libctru.a(os.o)
 .rodata.str1.4
                0x0011d218        0x5 c:/devkitPro/libctru/lib\libctru.a(sdmc_dev.o)
                                  0xc (size before relaxing)
 *fill*         0x0011d21d        0x3 
 .rodata.str1.4
                0x0011d220        0x8 c:/devkitPro/libctru/lib\libctru.a(fs.o)
 .rodata.str1.4
                0x0011d228        0x2 c:/devkitpro/devkitarm/bin/../lib/gcc/arm-none-eabi/4.9.2/../../../../arm-none-eabi/lib/armv6k/fpu\libg.a(lib_a-impure.o)
                                  0x4 (size before relaxing)
 *fill*         0x0011d22a        0x2 
 .rodata._global_impure_ptr
                0x0011d22c        0x4 c:/devkitpro/devkitarm/bin/../lib/gcc/arm-none-eabi/4.9.2/../../../../arm-none-eabi/lib/armv6k/fpu\libg.a(lib_a-impure.o)
                0x0011d22c                _global_impure_ptr
 .rodata.zeroes.7052
                0x0011d230       0x10 c:/devkitpro/devkitarm/bin/../lib/gcc/arm-none-eabi/4.9.2/../../../../arm-none-eabi/lib/armv6k/fpu\libg.a(lib_a-vfprintf.o)
 .rodata.str1.4
                0x0011d240       0x42 c:/devkitpro/devkitarm/bin/../lib/gcc/arm-none-eabi/4.9.2/../../../../arm-none-eabi/lib/armv6k/fpu\libg.a(lib_a-vfprintf.o)
                                 0x44 (size before relaxing)
 *fill*         0x0011d282        0x2 
 .rodata.blanks.7051
                0x0011d284       0x10 c:/devkitpro/devkitarm/bin/../lib/gcc/arm-none-eabi/4.9.2/../../../../arm-none-eabi/lib/armv6k/fpu\libg.a(lib_a-vfprintf.o)
 .rodata.str1.4
                0x0011d294       0x10 c:/devkitpro/devkitarm/bin/../lib/gcc/arm-none-eabi/4.9.2/../../../../arm-none-eabi/lib/armv6k/fpu\libg.a(lib_a-dtoa.o)
                                 0x14 (size before relaxing)
 .rodata.str1.4
                0x0011d2a4      0x124 c:/devkitpro/devkitarm/bin/../lib/gcc/arm-none-eabi/4.9.2/../../../../arm-none-eabi/lib/armv6k/fpu\libg.a(lib_a-locale.o)
                                0x130 (size before relaxing)
 .rodata.categories
                0x0011d3c8       0x1c c:/devkitpro/devkitarm/bin/../lib/gcc/arm-none-eabi/4.9.2/../../../../arm-none-eabi/lib/armv6k/fpu\libg.a(lib_a-locale.o)
 .rodata.JIS_state_table
                0x0011d3e4       0x48 c:/devkitpro/devkitarm/bin/../lib/gcc/arm-none-eabi/4.9.2/../../../../arm-none-eabi/lib/armv6k/fpu\libg.a(lib_a-mbtowc_r.o)
 .rodata.JIS_action_table
                0x0011d42c       0x48 c:/devkitpro/devkitarm/bin/../lib/gcc/arm-none-eabi/4.9.2/../../../../arm-none-eabi/lib/armv6k/fpu\libg.a(lib_a-mbtowc_r.o)
 .rodata.p05.5298
                0x0011d474        0xc c:/devkitpro/devkitarm/bin/../lib/gcc/arm-none-eabi/4.9.2/../../../../arm-none-eabi/lib/armv6k/fpu\libg.a(lib_a-mprec.o)
 .rodata.__mprec_tens
                0x0011d480       0xc8 c:/devkitpro/devkitarm/bin/../lib/gcc/arm-none-eabi/4.9.2/../../../../arm-none-eabi/lib/armv6k/fpu\libg.a(lib_a-mprec.o)
                0x0011d480                __mprec_tens
 .rodata.__mprec_bigtens
                0x0011d548       0x28 c:/devkitpro/devkitarm/bin/../lib/gcc/arm-none-eabi/4.9.2/../../../../arm-none-eabi/lib/armv6k/fpu\libg.a(lib_a-mprec.o)
                0x0011d548                __mprec_bigtens
 .rodata.__mprec_tinytens
                0x0011d570       0x28 c:/devkitpro/devkitarm/bin/../lib/gcc/arm-none-eabi/4.9.2/../../../../arm-none-eabi/lib/armv6k/fpu\libg.a(lib_a-mprec.o)
                0x0011d570                __mprec_tinytens
 .rodata.__state_table
                0x0011d598       0x6c c:/devkitpro/devkitarm/bin/../lib/gcc/arm-none-eabi/4.9.2/../../../../arm-none-eabi/lib/armv6k/fpu\libg.a(lib_a-svfiprintf.o)
                0x0011d598                __state_table
 .rodata.blanks.7015
                0x0011d604       0x10 c:/devkitpro/devkitarm/bin/../lib/gcc/arm-none-eabi/4.9.2/../../../../arm-none-eabi/lib/armv6k/fpu\libg.a(lib_a-svfiprintf.o)
 .rodata.__chclass
                0x0011d614      0x100 c:/devkitpro/devkitarm/bin/../lib/gcc/arm-none-eabi/4.9.2/../../../../arm-none-eabi/lib/armv6k/fpu\libg.a(lib_a-svfiprintf.o)
                0x0011d614                __chclass
 .rodata.str1.4
                0x0011d714       0x30 c:/devkitpro/devkitarm/bin/../lib/gcc/arm-none-eabi/4.9.2/../../../../arm-none-eabi/lib/armv6k/fpu\libg.a(lib_a-svfiprintf.o)
 .rodata.__action_table
                0x0011d714       0x6c c:/devkitpro/devkitarm/bin/../lib/gcc/arm-none-eabi/4.9.2/../../../../arm-none-eabi/lib/armv6k/fpu\libg.a(lib_a-svfiprintf.o)
                0x0011d714                __action_table
 .rodata.zeroes.7016
                0x0011d780       0x10 c:/devkitpro/devkitarm/bin/../lib/gcc/arm-none-eabi/4.9.2/../../../../arm-none-eabi/lib/armv6k/fpu\libg.a(lib_a-svfiprintf.o)
 .rodata.zeroes.7030
                0x0011d790       0x10 c:/devkitpro/devkitarm/bin/../lib/gcc/arm-none-eabi/4.9.2/../../../../arm-none-eabi/lib/armv6k/fpu\libg.a(lib_a-vfiprintf.o)
 .rodata.str1.4
                0x0011d7a0       0x30 c:/devkitpro/devkitarm/bin/../lib/gcc/arm-none-eabi/4.9.2/../../../../arm-none-eabi/lib/armv6k/fpu\libg.a(lib_a-vfiprintf.o)
 .rodata.blanks.7029
                0x0011d7a0       0x10 c:/devkitpro/devkitarm/bin/../lib/gcc/arm-none-eabi/4.9.2/../../../../arm-none-eabi/lib/armv6k/fpu\libg.a(lib_a-vfiprintf.o)
 .rodata._ctype_
                0x0011d7b0      0x104 c:/devkitpro/devkitarm/bin/../lib/gcc/arm-none-eabi/4.9.2/../../../../arm-none-eabi/lib/armv6k/fpu\libg.a(lib_a-ctype_.o)
                0x0011d7b0                _ctype_
 .rodata.str1.4
                0x0011d8b4        0x8 c:/devkitpro/devkitarm/bin/../lib/gcc/arm-none-eabi/4.9.2/../../../../arm-none-eabi/lib/armv6k/fpu\libsysbase.a(iosupport.o)
 *all.rodata*(*)
 *(.gnu.linkonce.r*)
                0x0011d8bc                . = ALIGN (0x4)

.rel.dyn        0x0011d8bc        0x0
 .rel.iplt      0x0011d8bc        0x0 c:/devkitpro/devkitarm/bin/../lib/gcc/arm-none-eabi/4.9.2/../../../../arm-none-eabi/lib/armv6k/fpu/3dsx_crt0.o

.ARM.extab
 *(.ARM.extab* .gnu.linkonce.armextab.*)
                0x0011d8bc                __exidx_start = .

ARM.exidx
 *(.ARM.exidx* .gnu.linkonce.armexidx.*)
                0x0011d8bc                __exidx_end = .

.data           0x0011e000     0x3ac8
 *(.data)
 .data          0x0011e000        0x0 c:/devkitpro/devkitarm/bin/../lib/gcc/arm-none-eabi/4.9.2/../../../../arm-none-eabi/lib/armv6k/fpu/3dsx_crt0.o
 .data          0x0011e000        0x0 c:/devkitpro/devkitarm/bin/../lib/gcc/arm-none-eabi/4.9.2/armv6k/fpu/crti.o
 .data          0x0011e000        0x4 c:/devkitpro/devkitarm/bin/../lib/gcc/arm-none-eabi/4.9.2/armv6k/fpu/crtbegin.o
                0x0011e000                __dso_handle
 .data          0x0011e004        0x0 main.o
 .data          0x0011e004        0x0 mylib.o
 .data          0x0011e004        0x0 sudoku.o
 .data          0x0011e004        0xc c:/devkitPro/libctru/lib\libctru.a(gfx.o)
 .data          0x0011e010        0x0 c:/devkitPro/libctru/lib\libctru.a(apt.o)
 .data          0x0011e010        0x0 c:/devkitPro/libctru/lib\libctru.a(gsp.o)
 .data          0x0011e010        0x0 c:/devkitPro/libctru/lib\libctru.a(gx.o)
 .data          0x0011e010        0x0 c:/devkitPro/libctru/lib\libctru.a(hid.o)
 .data          0x0011e010        0x0 c:/devkitPro/libctru/lib\libctru.a(irrst.o)
 .data          0x0011e010        0x0 c:/devkitPro/libctru/lib\libctru.a(initArgv.o)
 .data          0x0011e010        0x0 c:/devkitPro/libctru/lib\libctru.a(svc.o)
 .data          0x0011e010        0x4 c:/devkitPro/libctru/lib\libctru.a(stack_adjust.o)
                0x0011e010                __stacksize__
 .data          0x0011e014        0x0 c:/devkitPro/libctru/lib\libctru.a(linear.o)
 .data          0x0011e014        0x0 c:/devkitPro/libctru/lib\libctru.a(mem_pool.o)
 .data          0x0011e014        0x0 c:/devkitPro/libctru/lib\libctru.a(vram.o)
 .data          0x0011e014        0x0 c:/devkitPro/libctru/lib\libctru.a(srv.o)
 .data          0x0011e014        0x0 c:/devkitPro/libctru/lib\libctru.a(rbtree_find.o)
 .data          0x0011e014        0x0 c:/devkitPro/libctru/lib\libctru.a(rbtree_init.o)
 .data          0x0011e014        0x0 c:/devkitPro/libctru/lib\libctru.a(rbtree_insert.o)
 .data          0x0011e014        0x0 c:/devkitPro/libctru/lib\libctru.a(rbtree_remove.o)
 .data          0x0011e014        0x0 c:/devkitPro/libctru/lib\libctru.a(rbtree_rotate.o)
 .data          0x0011e014        0x0 c:/devkitPro/libctru/lib\libctru.a(allocateHeaps.o)
 .data          0x0011e014        0x0 c:/devkitPro/libctru/lib\libctru.a(appExit.o)
 .data          0x0011e014        0x0 c:/devkitPro/libctru/lib\libctru.a(appInit.o)
 .data          0x0011e014        0x0 c:/devkitPro/libctru/lib\libctru.a(ctru_exit.o)
 .data          0x0011e014        0x0 c:/devkitPro/libctru/lib\libctru.a(initSystem.o)
 .data          0x0011e014        0x0 c:/devkitPro/libctru/lib\libctru.a(os.o)
 .data          0x0011e014     0x1084 c:/devkitPro/libctru/lib\libctru.a(sdmc_dev.o)
 .data          0x0011f098        0x0 c:/devkitPro/libctru/lib\libctru.a(fs.o)
 .data          0x0011f098        0x0 c:/devkitPro/libctru/lib\libctru.a(rbtree_iterator.o)
 .data          0x0011f098        0x0 c:/devkitPro/libctru/lib\libctru.a(decode_utf8.o)
 .data          0x0011f098        0x0 c:/devkitPro/libctru/lib\libctru.a(utf16_to_utf8.o)
 .data          0x0011f098        0x0 c:/devkitPro/libctru/lib\libctru.a(utf8_to_utf16.o)
 .data          0x0011f098        0x0 c:/devkitPro/libctru/lib\libctru.a(decode_utf16.o)
 .data          0x0011f098        0x0 c:/devkitPro/libctru/lib\libctru.a(encode_utf16.o)
 .data          0x0011f098        0x0 c:/devkitPro/libctru/lib\libctru.a(encode_utf8.o)
 .data          0x0011f098        0x0 c:/devkitpro/devkitarm/bin/../lib/gcc/arm-none-eabi/4.9.2/armv6k/fpu\libgcc.a(_divsi3.o)
 .data          0x0011f098        0x0 c:/devkitpro/devkitarm/bin/../lib/gcc/arm-none-eabi/4.9.2/armv6k/fpu\libgcc.a(_dvmd_tls.o)
 .data          0x0011f098        0x0 c:/devkitpro/devkitarm/bin/../lib/gcc/arm-none-eabi/4.9.2/../../../../arm-none-eabi/lib/armv6k/fpu\libg.a(lib_a-bsearch.o)
 .data          0x0011f098        0x0 c:/devkitpro/devkitarm/bin/../lib/gcc/arm-none-eabi/4.9.2/../../../../arm-none-eabi/lib/armv6k/fpu\libg.a(lib_a-exit.o)
 .data          0x0011f098        0x0 c:/devkitpro/devkitarm/bin/../lib/gcc/arm-none-eabi/4.9.2/../../../../arm-none-eabi/lib/armv6k/fpu\libg.a(lib_a-fini.o)
 .data          0x0011f098        0x0 c:/devkitpro/devkitarm/bin/../lib/gcc/arm-none-eabi/4.9.2/../../../../arm-none-eabi/lib/armv6k/fpu\libg.a(lib_a-fwrite.o)
 .data          0x0011f098        0x0 c:/devkitpro/devkitarm/bin/../lib/gcc/arm-none-eabi/4.9.2/../../../../arm-none-eabi/lib/armv6k/fpu\libg.a(lib_a-impure.o)
 .data          0x0011f098        0x0 c:/devkitpro/devkitarm/bin/../lib/gcc/arm-none-eabi/4.9.2/../../../../arm-none-eabi/lib/armv6k/fpu\libg.a(lib_a-init.o)
 .data          0x0011f098        0x0 c:/devkitpro/devkitarm/bin/../lib/gcc/arm-none-eabi/4.9.2/../../../../arm-none-eabi/lib/armv6k/fpu\libg.a(lib_a-malloc.o)
 .data          0x0011f098        0x0 c:/devkitpro/devkitarm/bin/../lib/gcc/arm-none-eabi/4.9.2/../../../../arm-none-eabi/lib/armv6k/fpu\libg.a(lib_a-mallocr.o)
 .data          0x0011f098        0x0 c:/devkitpro/devkitarm/bin/../lib/gcc/arm-none-eabi/4.9.2/../../../../arm-none-eabi/lib/armv6k/fpu\libg.a(lib_a-memcpy.o)
 .data          0x0011f098        0x0 c:/devkitpro/devkitarm/bin/../lib/gcc/arm-none-eabi/4.9.2/../../../../arm-none-eabi/lib/armv6k/fpu\libg.a(lib_a-memset.o)
 .data          0x0011f098        0x0 c:/devkitpro/devkitarm/bin/../lib/gcc/arm-none-eabi/4.9.2/../../../../arm-none-eabi/lib/armv6k/fpu\libg.a(lib_a-mlock.o)
 .data          0x0011f098        0x0 c:/devkitpro/devkitarm/bin/../lib/gcc/arm-none-eabi/4.9.2/../../../../arm-none-eabi/lib/armv6k/fpu\libg.a(lib_a-printf.o)
 .data          0x0011f098        0x0 c:/devkitpro/devkitarm/bin/../lib/gcc/arm-none-eabi/4.9.2/../../../../arm-none-eabi/lib/armv6k/fpu\libg.a(lib_a-putchar.o)
 .data          0x0011f098        0x0 c:/devkitpro/devkitarm/bin/../lib/gcc/arm-none-eabi/4.9.2/../../../../arm-none-eabi/lib/armv6k/fpu\libg.a(lib_a-putc.o)
 .data          0x0011f098        0x0 c:/devkitpro/devkitarm/bin/../lib/gcc/arm-none-eabi/4.9.2/../../../../arm-none-eabi/lib/armv6k/fpu\libg.a(lib_a-rand.o)
 .data          0x0011f098        0x0 c:/devkitpro/devkitarm/bin/../lib/gcc/arm-none-eabi/4.9.2/../../../../arm-none-eabi/lib/armv6k/fpu\libg.a(lib_a-realloc.o)
 .data          0x0011f098        0x0 c:/devkitpro/devkitarm/bin/../lib/gcc/arm-none-eabi/4.9.2/../../../../arm-none-eabi/lib/armv6k/fpu\libg.a(lib_a-reallocr.o)
 .data          0x0011f098        0x0 c:/devkitpro/devkitarm/bin/../lib/gcc/arm-none-eabi/4.9.2/../../../../arm-none-eabi/lib/armv6k/fpu\libg.a(lib_a-strcpy.o)
 .data          0x0011f098        0x0 c:/devkitpro/devkitarm/bin/../lib/gcc/arm-none-eabi/4.9.2/../../../../arm-none-eabi/lib/armv6k/fpu\libg.a(lib_a-strlen.o)
 .data          0x0011f098        0x0 c:/devkitpro/devkitarm/bin/../lib/gcc/arm-none-eabi/4.9.2/../../../../arm-none-eabi/lib/armv6k/fpu\libg.a(lib_a-strncat.o)
 .data          0x0011f098        0x0 c:/devkitpro/devkitarm/bin/../lib/gcc/arm-none-eabi/4.9.2/../../../../arm-none-eabi/lib/armv6k/fpu\libg.a(lib_a-strncpy.o)
 .data          0x0011f098        0x0 c:/devkitpro/devkitarm/bin/../lib/gcc/arm-none-eabi/4.9.2/../../../../arm-none-eabi/lib/armv6k/fpu\libg.a(lib_a-time.o)
 .data          0x0011f098        0x0 c:/devkitpro/devkitarm/bin/../lib/gcc/arm-none-eabi/4.9.2/../../../../arm-none-eabi/lib/armv6k/fpu\libg.a(lib_a-vfprintf.o)
 .data          0x0011f098        0x0 c:/devkitpro/devkitarm/bin/../lib/gcc/arm-none-eabi/4.9.2/../../../../arm-none-eabi/lib/armv6k/fpu\libg.a(lib_a-wbuf.o)
 .data          0x0011f098        0x0 c:/devkitpro/devkitarm/bin/../lib/gcc/arm-none-eabi/4.9.2/../../../../arm-none-eabi/lib/armv6k/fpu\libg.a(lib_a-wcrtomb.o)
 .data          0x0011f098        0x0 c:/devkitpro/devkitarm/bin/../lib/gcc/arm-none-eabi/4.9.2/../../../../arm-none-eabi/lib/armv6k/fpu\libg.a(lib_a-wcsrtombs.o)
 .data          0x0011f098        0x0 c:/devkitpro/devkitarm/bin/../lib/gcc/arm-none-eabi/4.9.2/../../../../arm-none-eabi/lib/armv6k/fpu\libg.a(lib_a-wctomb_r.o)
 .data          0x0011f098        0x0 c:/devkitpro/devkitarm/bin/../lib/gcc/arm-none-eabi/4.9.2/../../../../arm-none-eabi/lib/armv6k/fpu\libg.a(lib_a-wsetup.o)
 .data          0x0011f098        0x0 c:/devkitpro/devkitarm/bin/../lib/gcc/arm-none-eabi/4.9.2/../../../../arm-none-eabi/lib/armv6k/fpu\libg.a(lib_a-__call_atexit.o)
 .data          0x0011f098        0x0 c:/devkitpro/devkitarm/bin/../lib/gcc/arm-none-eabi/4.9.2/../../../../arm-none-eabi/lib/armv6k/fpu\libg.a(lib_a-dtoa.o)
 .data          0x0011f098        0x0 c:/devkitpro/devkitarm/bin/../lib/gcc/arm-none-eabi/4.9.2/../../../../arm-none-eabi/lib/armv6k/fpu\libg.a(lib_a-fflush.o)
 .data          0x0011f098        0x0 c:/devkitpro/devkitarm/bin/../lib/gcc/arm-none-eabi/4.9.2/../../../../arm-none-eabi/lib/armv6k/fpu\libg.a(lib_a-findfp.o)
 .data          0x0011f098        0x0 c:/devkitpro/devkitarm/bin/../lib/gcc/arm-none-eabi/4.9.2/../../../../arm-none-eabi/lib/armv6k/fpu\libg.a(lib_a-freer.o)
 .data          0x0011f098        0x0 c:/devkitpro/devkitarm/bin/../lib/gcc/arm-none-eabi/4.9.2/../../../../arm-none-eabi/lib/armv6k/fpu\libg.a(lib_a-fvwrite.o)
 .data          0x0011f098        0x0 c:/devkitpro/devkitarm/bin/../lib/gcc/arm-none-eabi/4.9.2/../../../../arm-none-eabi/lib/armv6k/fpu\libg.a(lib_a-fwalk.o)
 .data          0x0011f098        0x0 c:/devkitpro/devkitarm/bin/../lib/gcc/arm-none-eabi/4.9.2/../../../../arm-none-eabi/lib/armv6k/fpu\libg.a(lib_a-locale.o)
 .data          0x0011f098        0x0 c:/devkitpro/devkitarm/bin/../lib/gcc/arm-none-eabi/4.9.2/../../../../arm-none-eabi/lib/armv6k/fpu\libg.a(lib_a-makebuf.o)
 .data          0x0011f098        0x0 c:/devkitpro/devkitarm/bin/../lib/gcc/arm-none-eabi/4.9.2/../../../../arm-none-eabi/lib/armv6k/fpu\libg.a(lib_a-mbtowc_r.o)
 .data          0x0011f098        0x0 c:/devkitpro/devkitarm/bin/../lib/gcc/arm-none-eabi/4.9.2/../../../../arm-none-eabi/lib/armv6k/fpu\libg.a(lib_a-memchr.o)
 .data          0x0011f098        0x0 c:/devkitpro/devkitarm/bin/../lib/gcc/arm-none-eabi/4.9.2/../../../../arm-none-eabi/lib/armv6k/fpu\libg.a(lib_a-memmove.o)
 .data          0x0011f098        0x0 c:/devkitpro/devkitarm/bin/../lib/gcc/arm-none-eabi/4.9.2/../../../../arm-none-eabi/lib/armv6k/fpu\libg.a(lib_a-mprec.o)
 .data          0x0011f098        0x0 c:/devkitpro/devkitarm/bin/../lib/gcc/arm-none-eabi/4.9.2/../../../../arm-none-eabi/lib/armv6k/fpu\libg.a(lib_a-s_fpclassify.o)
 .data          0x0011f098        0x0 c:/devkitpro/devkitarm/bin/../lib/gcc/arm-none-eabi/4.9.2/../../../../arm-none-eabi/lib/armv6k/fpu\libg.a(lib_a-s_frexp.o)
 .data          0x0011f098        0x0 c:/devkitpro/devkitarm/bin/../lib/gcc/arm-none-eabi/4.9.2/../../../../arm-none-eabi/lib/armv6k/fpu\libg.a(lib_a-stdio.o)
 .data          0x0011f098        0x0 c:/devkitpro/devkitarm/bin/../lib/gcc/arm-none-eabi/4.9.2/../../../../arm-none-eabi/lib/armv6k/fpu\libg.a(lib_a-strcasecmp.o)
 .data          0x0011f098        0x0 c:/devkitpro/devkitarm/bin/../lib/gcc/arm-none-eabi/4.9.2/../../../../arm-none-eabi/lib/armv6k/fpu\libg.a(lib_a-strcat.o)
 .data          0x0011f098        0x0 c:/devkitpro/devkitarm/bin/../lib/gcc/arm-none-eabi/4.9.2/../../../../arm-none-eabi/lib/armv6k/fpu\libg.a(lib_a-strchr.o)
 .data          0x0011f098        0x0 c:/devkitpro/devkitarm/bin/../lib/gcc/arm-none-eabi/4.9.2/../../../../arm-none-eabi/lib/armv6k/fpu\libg.a(lib_a-strcmp.o)
 .data          0x0011f098        0x0 c:/devkitpro/devkitarm/bin/../lib/gcc/arm-none-eabi/4.9.2/../../../../arm-none-eabi/lib/armv6k/fpu\libg.a(lib_a-strlcpy.o)
 .data          0x0011f098        0x0 c:/devkitpro/devkitarm/bin/../lib/gcc/arm-none-eabi/4.9.2/../../../../arm-none-eabi/lib/armv6k/fpu\libg.a(lib_a-strncasecmp.o)
 .data          0x0011f098        0x0 c:/devkitpro/devkitarm/bin/../lib/gcc/arm-none-eabi/4.9.2/../../../../arm-none-eabi/lib/armv6k/fpu\libg.a(lib_a-strncmp.o)
 .data          0x0011f098        0x0 c:/devkitpro/devkitarm/bin/../lib/gcc/arm-none-eabi/4.9.2/../../../../arm-none-eabi/lib/armv6k/fpu\libg.a(lib_a-strtol.o)
 .data          0x0011f098        0x0 c:/devkitpro/devkitarm/bin/../lib/gcc/arm-none-eabi/4.9.2/../../../../arm-none-eabi/lib/armv6k/fpu\libg.a(lib_a-svfiprintf.o)
 .data          0x0011f098        0x0 c:/devkitpro/devkitarm/bin/../lib/gcc/arm-none-eabi/4.9.2/../../../../arm-none-eabi/lib/armv6k/fpu\libg.a(lib_a-vfiprintf.o)
 .data          0x0011f098        0x0 c:/devkitpro/devkitarm/bin/../lib/gcc/arm-none-eabi/4.9.2/../../../../arm-none-eabi/lib/armv6k/fpu\libg.a(lib_a-wcsnrtombs.o)
 .data          0x0011f098        0x0 c:/devkitpro/devkitarm/bin/../lib/gcc/arm-none-eabi/4.9.2/../../../../arm-none-eabi/lib/armv6k/fpu\libg.a(lib_a-callocr.o)
 .data          0x0011f098        0x0 c:/devkitpro/devkitarm/bin/../lib/gcc/arm-none-eabi/4.9.2/../../../../arm-none-eabi/lib/armv6k/fpu\libg.a(lib_a-ctype_.o)
 .data          0x0011f098        0x0 c:/devkitpro/devkitarm/bin/../lib/gcc/arm-none-eabi/4.9.2/../../../../arm-none-eabi/lib/armv6k/fpu\libg.a(lib_a-fclose.o)
 .data          0x0011f098        0x0 c:/devkitpro/devkitarm/bin/../lib/gcc/arm-none-eabi/4.9.2/../../../../arm-none-eabi/lib/armv6k/fpu\libg.a(lib_a-fputwc.o)
 .data          0x0011f098        0x0 c:/devkitpro/devkitarm/bin/../lib/gcc/arm-none-eabi/4.9.2/../../../../arm-none-eabi/lib/armv6k/fpu\libg.a(lib_a-getenv_r.o)
 .data          0x0011f098        0x0 c:/devkitpro/devkitarm/bin/../lib/gcc/arm-none-eabi/4.9.2/../../../../arm-none-eabi/lib/armv6k/fpu\libg.a(lib_a-environ.o)
 .data          0x0011f098        0x0 c:/devkitpro/devkitarm/bin/../lib/gcc/arm-none-eabi/4.9.2/../../../../arm-none-eabi/lib/armv6k/fpu\libg.a(lib_a-envlock.o)
 .data          0x0011f098       0x44 c:/devkitpro/devkitarm/bin/../lib/gcc/arm-none-eabi/4.9.2/../../../../arm-none-eabi/lib/armv6k/fpu\libsysbase.a(iosupport.o)
                0x0011f09c                devoptab_list
 .data          0x0011f0dc        0x0 c:/devkitpro/devkitarm/bin/../lib/gcc/arm-none-eabi/4.9.2/../../../../arm-none-eabi/lib/armv6k/fpu\libsysbase.a(close.o)
 .data          0x0011f0dc        0x0 c:/devkitpro/devkitarm/bin/../lib/gcc/arm-none-eabi/4.9.2/../../../../arm-none-eabi/lib/armv6k/fpu\libsysbase.a(fstat.o)
 .data          0x0011f0dc        0x0 c:/devkitpro/devkitarm/bin/../lib/gcc/arm-none-eabi/4.9.2/../../../../arm-none-eabi/lib/armv6k/fpu\libsysbase.a(gettod.o)
 .data          0x0011f0dc        0x0 c:/devkitpro/devkitarm/bin/../lib/gcc/arm-none-eabi/4.9.2/../../../../arm-none-eabi/lib/armv6k/fpu\libsysbase.a(isatty.o)
 .data          0x0011f0dc        0x0 c:/devkitpro/devkitarm/bin/../lib/gcc/arm-none-eabi/4.9.2/../../../../arm-none-eabi/lib/armv6k/fpu\libsysbase.a(lseek.o)
 .data          0x0011f0dc        0x0 c:/devkitpro/devkitarm/bin/../lib/gcc/arm-none-eabi/4.9.2/../../../../arm-none-eabi/lib/armv6k/fpu\libsysbase.a(read.o)
 .data          0x0011f0dc        0x0 c:/devkitpro/devkitarm/bin/../lib/gcc/arm-none-eabi/4.9.2/../../../../arm-none-eabi/lib/armv6k/fpu\libsysbase.a(sbrk.o)