Archive member included to satisfy reference by file (symbol)

c:/devkitPro/libctru/lib\libsfil.a(sfil_png.o)
                              main.o (sfil_load_PNG_buffer)
c:/devkitPro/portlibs/armv6k/lib\libpng.a(png.o)
                              c:/devkitPro/libctru/lib\libsfil.a(sfil_png.o) (png_set_sig_bytes)
c:/devkitPro/portlibs/armv6k/lib\libpng.a(pngerror.o)
                              c:/devkitPro/portlibs/armv6k/lib\libpng.a(png.o) (png_safecat)
c:/devkitPro/portlibs/armv6k/lib\libpng.a(pngget.o)
                              c:/devkitPro/libctru/lib\libsfil.a(sfil_png.o) (png_get_valid)
c:/devkitPro/portlibs/armv6k/lib\libpng.a(pngmem.o)
                              c:/devkitPro/portlibs/armv6k/lib\libpng.a(png.o) (png_calloc)
c:/devkitPro/portlibs/armv6k/lib\libpng.a(pngread.o)
                              c:/devkitPro/libctru/lib\libsfil.a(sfil_png.o) (png_create_read_struct)
c:/devkitPro/portlibs/armv6k/lib\libpng.a(pngrio.o)
                              c:/devkitPro/libctru/lib\libsfil.a(sfil_png.o) (png_set_read_fn)
c:/devkitPro/portlibs/armv6k/lib\libpng.a(pngrtran.o)
                              c:/devkitPro/portlibs/armv6k/lib\libpng.a(pngread.o) (png_set_background_fixed)
c:/devkitPro/portlibs/armv6k/lib\libpng.a(pngrutil.o)
                              c:/devkitPro/portlibs/armv6k/lib\libpng.a(pngread.o) (png_read_sig)
c:/devkitPro/portlibs/armv6k/lib\libpng.a(pngset.o)
                              c:/devkitPro/portlibs/armv6k/lib\libpng.a(pngrutil.o) (png_set_bKGD)
c:/devkitPro/portlibs/armv6k/lib\libpng.a(pngtrans.o)
                              c:/devkitPro/portlibs/armv6k/lib\libpng.a(pngread.o) (png_set_bgr)
c:/devkitPro/portlibs/armv6k/lib\libpng.a(pngwrite.o)
                              c:/devkitPro/portlibs/armv6k/lib\libpng.a(png.o) (png_destroy_write_struct)
c:/devkitPro/portlibs/armv6k/lib\libpng.a(pngwtran.o)
                              c:/devkitPro/portlibs/armv6k/lib\libpng.a(pngwrite.o) (png_do_write_transformations)
c:/devkitPro/portlibs/armv6k/lib\libpng.a(pngwutil.o)
                              c:/devkitPro/portlibs/armv6k/lib\libpng.a(pngwrite.o) (png_write_sig)
c:/devkitPro/portlibs/armv6k/lib\libpng.a(pngwio.o)
                              c:/devkitPro/portlibs/armv6k/lib\libpng.a(pngwutil.o) (png_write_data)
c:/devkitPro/portlibs/armv6k/lib\libz.a(adler32.o)
                              c:/devkitPro/portlibs/armv6k/lib\libpng.a(png.o) (adler32)
c:/devkitPro/portlibs/armv6k/lib\libz.a(crc32.o)
                              c:/devkitPro/portlibs/armv6k/lib\libpng.a(png.o) (crc32)
c:/devkitPro/portlibs/armv6k/lib\libz.a(deflate.o)
                              c:/devkitPro/portlibs/armv6k/lib\libpng.a(pngwutil.o) (deflateReset)
c:/devkitPro/portlibs/armv6k/lib\libz.a(inflate.o)
                              c:/devkitPro/portlibs/armv6k/lib\libpng.a(png.o) (inflateReset)
c:/devkitPro/portlibs/armv6k/lib\libz.a(inftrees.o)
                              c:/devkitPro/portlibs/armv6k/lib\libz.a(inflate.o) (inflate_table)
c:/devkitPro/portlibs/armv6k/lib\libz.a(trees.o)
                              c:/devkitPro/portlibs/armv6k/lib\libz.a(deflate.o) (_tr_init)
c:/devkitPro/portlibs/armv6k/lib\libz.a(zutil.o)
                              c:/devkitPro/portlibs/armv6k/lib\libz.a(deflate.o) (zcalloc)
c:/devkitPro/portlibs/armv6k/lib\libz.a(inffast.o)
                              c:/devkitPro/portlibs/armv6k/lib\libz.a(inflate.o) (inflate_fast)
c:/devkitPro/libctru/lib\libsf2d.a(sf2d.o)
                              main.o (sf2d_init)
c:/devkitPro/libctru/lib\libsf2d.a(sf2d_draw.o)
                              main.o (sf2d_draw_rectangle)
c:/devkitPro/libctru/lib\libsf2d.a(sf2d_private.o)
                              c:/devkitPro/libctru/lib\libsf2d.a(sf2d.o) (GPU_SetDummyTexEnv)
c:/devkitPro/libctru/lib\libsf2d.a(sf2d_texture.o)
                              c:/devkitPro/libctru/lib\libsfil.a(sfil_png.o) (sf2d_create_texture)
c:/devkitPro/libctru/lib\libsf2d.a(shader.vsh.o)
                              c:/devkitPro/libctru/lib\libsf2d.a(sf2d.o) (shader_vsh_shbin_size)
c:/devkitPro/libctru/lib\libctru.a(linear.o)
                              c:/devkitPro/libctru/lib\libsf2d.a(sf2d_texture.o) (linearMemAlign)
c:/devkitPro/libctru/lib\libctru.a(mem_pool.o)
                              c:/devkitPro/libctru/lib\libctru.a(linear.o) (MemPool::Allocate(MemChunk&, unsigned long, int))
c:/devkitPro/libctru/lib\libctru.a(vram.o)
                              c:/devkitPro/libctru/lib\libsf2d.a(sf2d.o) (vramMemAlign)
c:/devkitPro/libctru/lib\libctru.a(gfx.o)
                              c:/devkitPro/libctru/lib\libsf2d.a(sf2d.o) (gfxSet3D)
c:/devkitPro/libctru/lib\libctru.a(os.o)
                              c:/devkitPro/libctru/lib\libsf2d.a(sf2d.o) (osConvertVirtToPhys)
c:/devkitPro/libctru/lib\libctru.a(gpu.o)
                              c:/devkitPro/libctru/lib\libsf2d.a(sf2d.o) (GPU_Init)
c:/devkitPro/libctru/lib\libctru.a(gpuResetSequence.o)
[...]
Memory Configuration

Name             Origin             Length             Attributes
*default*        0x00000000         0xffffffff

Linker script and memory map

                0x00100000                . = 0x100000
                0x00100000                __start__ = .

.text           0x00100000    0x5c25c
 *(.crt0)
 .crt0          0x00100000       0x94 c:/devkitpro/devkitarm/bin/../lib/gcc/arm-none-eabi/4.9.2/../../../../arm-none-eabi/lib/armv6k/fpu/3dsx_crt0.o
                0x00100000                _start
                0x00100008                __service_ptr
                0x0010000c                __apt_appid
                0x00100010                __heap_size
                0x00100014                __linear_heap_size
                0x00100018                __system_arglist
                0x0010001c                __system_runflags
 *(.init)
 .init          0x00100094        0xc c:/devkitpro/devkitarm/bin/../lib/gcc/arm-none-eabi/4.9.2/armv6k/fpu/crti.o
                0x00100094                _init
 .init          0x001000a0        0xc c:/devkitpro/devkitarm/bin/../lib/gcc/arm-none-eabi/4.9.2/armv6k/fpu/crtn.o
                0x001000ac                . = ALIGN (0x4)
 *(.text)
 .text          0x001000ac        0x0 c:/devkitpro/devkitarm/bin/../lib/gcc/arm-none-eabi/4.9.2/../../../../arm-none-eabi/lib/armv6k/fpu/3dsx_crt0.o
 .text          0x001000ac        0x0 c:/devkitpro/devkitarm/bin/../lib/gcc/arm-none-eabi/4.9.2/armv6k/fpu/crti.o
 .text          0x001000ac      0x108 c:/devkitpro/devkitarm/bin/../lib/gcc/arm-none-eabi/4.9.2/armv6k/fpu/crtbegin.o
 .text          0x001001b4        0x0 0.bin.o
 .text          0x001001b4        0x0 1.bin.o
 .text          0x001001b4        0x0 2.bin.o
 .text          0x001001b4        0x0 3.bin.o
 .text          0x001001b4        0x0 4.bin.o
 .text          0x001001b4        0x0 5.bin.o
 .text          0x001001b4        0x0 6.bin.o
 .text          0x001001b4        0x0 7.bin.o
 .text          0x001001b4        0x0 8.bin.o
 .text          0x001001b4        0x0 9.bin.o
 .text          0x001001b4        0x0 bg.bin.o
 .text          0x001001b4        0x0 immut_numbers.bin.o
 .text          0x001001b4        0x0 mut_numbers.bin.o
 .text          0x001001b4        0x0 selector.bin.o
 .text          0x001001b4        0x4 gfx.o
                0x001001b4                draw
 .text          0x001001b8      0x398 main.o
                0x001001b8                initialize_textures
                0x00100234                free_textures
                0x00100238                initialize_game
                0x001002a0                draw_sudoku
                0x00100358                draw_frame
                0x001003e8                check_input
 .text          0x00100550      0x164 mylib.o
                0x00100550                emalloc
                0x00100584                erealloc
                0x001005b8                rand_lim
                0x001005e8                mod
                0x00100604                itoa
 .text          0x001006b4      0x76c sudoku.o
                0x001006b4                sudoku_new
                0x00100700                sudoku_free
                0x0010071c                sudoku_print
                0x00100794                sudoku_default
                0x00100888                sudoku_delete_space
                0x00100904                sudoku_flip_vert
                0x00100980                sudoku_flip_hori
                0x001009f8                sudoku_flip_dia1
                0x00100a74                sudoku_flip_dia2
                0x00100adc                sudoku_transform
                0x00100b70                check_horizontals
                0x00100c24                check_verticals
                0x00100ce8                check_boxes
 .text          0x00100e20      0x3e8 c:/devkitPro/libctru/lib\libsfil.a(sfil_png.o)
                0x00101120                sfil_load_PNG_file
                0x001011bc                sfil_load_PNG_buffer
 .text          0x00101208     0x6ce0 c:/devkitPro/portlibs/armv6k/lib\libpng.a(png.o)
                0x00101208                png_zalloc
                0x00101260                png_zfree
                0x00101b60                png_set_sig_bytes
                0x00101b94                png_sig_cmp
                0x00101c04                png_reset_crc
                0x00101c24                png_calculate_crc
                0x00101c78                png_user_version_check
                0x00101d78                png_create_png_struct
                0x00101e8c                png_create_info_struct
                0x00101ecc                png_destroy_info_struct
                0x00102254                png_info_init_3
                0x001022b0                png_data_freer
                0x001022fc                png_free_data
                0x0010230c                png_get_io_ptr
                0x00102318                png_init_io
                0x00102324                png_save_int_32
                0x00102344                png_convert_to_rfc1123_buffer
                0x00102528                png_convert_to_rfc1123
                0x0010271c                png_get_copyright
                0x00102728                png_get_libpng_ver
                0x00102734                png_get_header_ver
                0x00102740                png_get_header_version
                0x0010274c                png_build_grayscale_palette
                0x001027ac                png_handle_as_unknown
                0x00102820                png_chunk_unknown_handling
                0x001028b0                png_reset_zstream
                0x001028c8                png_access_version_number
                0x001028d4                png_zstream_error
                0x001029b8                png_colorspace_set_gamma
                0x00102b28                png_colorspace_sync_info
                0x00102b98                png_colorspace_sync
                0x00102c20                png_colorspace_set_sRGB
                0x00102ea4                png_icc_check_length
                0x0010303c                png_icc_check_header
                0x00103398                png_icc_check_tag_table
                0x001034d0                png_icc_set_sRGB
                0x00103724                png_colorspace_set_ICC
                0x00103afc                png_colorspace_set_rgb_coefficients
                0x00103da4                png_check_IHDR
                0x0010405c                png_check_fp_number
                0x001042f4                png_check_fp_string
                0x001045b4                png_ascii_from_fp
                0x00104ee0                png_ascii_from_fixed
                0x00105310                png_fixed
                0x00105398                png_muldiv
                0x00105450                png_muldiv_warn
                0x0010550c                png_reciprocal
                0x00105598                png_colorspace_set_endpoints
                0x00106598                png_colorspace_set_chromaticities
                0x0010706c                png_gamma_significant
                0x0010708c                png_reciprocal2
                0x00107148                png_gamma_8bit_correct
                0x001071d0                png_gamma_16bit_correct
                0x00107264                png_gamma_correct
                0x00107374                png_destroy_gamma_table
                0x001074a8                png_build_gamma_table
                0x00107de4                png_set_option
                0x00107e44                png_image_free
                0x00107e80                png_image_error
 .text          0x00107ee8     0x1a6c c:/devkitPro/portlibs/armv6k/lib\libpng.a(pngerror.o)
                0x00108154                png_safecat
                0x001081c8                png_format_number
                0x00108334                png_warning
                0x0010847c                png_warning_parameter
                0x001084f8                png_warning_parameter_unsigned
                0x0010858c                png_warning_parameter_signed
                0x00108658                png_formatted_warning
                0x00108930                png_chunk_warning
                0x00108adc                png_free_jmpbuf
                0x00108b6c                png_longjmp
                0x00108b98                png_error
                0x00108bf8                png_app_warning
                0x00108d50                png_app_error
                0x00108ea8                png_chunk_error
                0x00108ed4                png_chunk_benign_error
                0x00109078                png_benign_error
                0x00109348                png_fixed_error
                0x001093c8                png_set_longjmp_fn
                0x001094ac                png_chunk_report
                0x00109784                png_set_error_fn
                0x00109798                png_get_error_ptr
                0x001097a4                png_safe_error
                0x00109848                png_safe_warning
                0x001098bc                png_safe_execute
 *fill*         0x00109954        0x4 
 .text          0x00109958     0x12d0 c:/devkitPro/portlibs/armv6k/lib\libpng.a(pngget.o)
                0x00109958                png_get_valid
                0x00109974                png_get_rowbytes
                0x0010998c                png_get_rows
                0x001099a4                png_get_image_width
                0x001099bc                png_get_image_height
                0x001099d4                png_get_bit_depth
                0x001099ec                png_get_color_type
                0x00109a04                png_get_filter_type
                0x00109a1c                png_get_interlace_type
                0x00109a34                png_get_compression_type
                0x00109a4c                png_get_x_pixels_per_meter
                0x00109a80                png_get_y_pixels_per_meter
                0x00109ab4                png_get_pixels_per_meter
                0x00109b00                png_get_pixel_aspect_ratio
                0x00109b48                png_get_pixel_aspect_ratio_fixed
                0x00109bd8                png_get_x_offset_microns
                0x00109c0c                png_get_y_offset_microns
                0x00109c40                png_get_x_offset_pixels
                0x00109c74                png_get_y_offset_pixels
                0x00109ca8                png_get_pixels_per_inch
                0x00109d34                png_get_x_pixels_per_inch
                0x00109db0                png_get_y_pixels_per_inch
                0x00109e2c                png_get_x_offset_inches_fixed
                0x00109e7c                png_get_y_offset_inches_fixed
                0x00109ecc                png_get_x_offset_inches
                0x00109f1c                png_get_y_offset_inches
                0x00109f6c                png_get_pHYs_dpi
                0x0010a038                png_get_channels
                0x0010a050                png_get_signature
                0x0010a068                png_get_bKGD
                0x0010a0a4                png_get_cHRM
                0x0010a1b8                png_get_cHRM_XYZ
                0x0010a2e8                png_get_cHRM_XYZ_fixed
                0x0010a3c0                png_get_cHRM_fixed
                0x0010a484                png_get_gAMA_fixed
                0x0010a4bc                png_get_gAMA
                0x0010a510                png_get_sRGB
                0x0010a54c                png_get_iCCP
                0x0010a5f0                png_get_sPLT
                0x0010a620                png_get_hIST
                0x0010a65c                png_get_IHDR
                0x0010a718                png_get_oFFs
                0x0010a784                png_get_pCAL
                0x0010a854                png_get_sCAL_fixed
                0x0010a8dc                png_get_sCAL
                0x0010a934                png_get_sCAL_s
                0x0010a978                png_get_pHYs
                0x0010a9d8                png_get_PLTE
                0x0010aa1c                png_get_sBIT
                0x0010aa58                png_get_text
                0x0010aaa0                png_get_tIME
                0x0010aadc                png_get_tRNS
                0x0010ab6c                png_get_unknown_chunks
                0x0010ab9c                png_get_rgb_to_gray_status
                0x0010aba8                png_get_user_chunk_ptr
                0x0010abb4                png_get_compression_buffer_size
                0x0010abd0                png_get_user_width_max
                0x0010abdc                png_get_user_height_max
                0x0010abe8                png_get_chunk_cache_max
                0x0010abf4                png_get_chunk_malloc_max
                0x0010ac00                png_get_io_state
                0x0010ac08                png_get_io_chunk_type
                0x0010ac10                png_get_palette_max
 .text          0x0010ac28      0x3ec c:/devkitPro/portlibs/armv6k/lib\libpng.a(pngmem.o)
                0x0010ac28                png_destroy_png_struct
                0x0010ac90                png_calloc
                0x0010ad08                png_malloc_base
                0x0010ad38                png_malloc_array
                0x0010adb4                png_realloc_array
                0x0010aebc                png_malloc
                0x0010af18                png_malloc_default
                0x0010af58                png_malloc_warn
                0x0010afbc                png_free
                0x0010afe0                png_free_default
                0x0010aff4                png_set_mem_fn
                0x0010b008                png_get_mem_ptr
 .text          0x0010b014     0x7704 c:/devkitPro/portlibs/armv6k/lib\libpng.a(pngread.o)
                0x00110c6c                png_create_read_struct
                0x00110cc4                png_create_read_struct_2
                0x00110d20                png_read_info
                0x00110d30                png_read_update_info
                0x00110d74                png_start_read_image
                0x00110d98                png_read_row
                0x001110f0                png_read_rows
                0x001114e4                png_read_image
                0x00111880                png_read_end
                0x00111d10                png_destroy_read_struct
                0x00111f94                png_set_read_status_fn
                0x00111fa0                png_read_png
                0x00112258                png_image_begin_read_from_stdio
                0x00112408                png_image_begin_read_from_file
                0x001124d0                png_image_begin_read_from_memory
                0x0011256c                png_image_finish_read
 .text          0x00112718       0xac c:/devkitPro/portlibs/armv6k/lib\libpng.a(pngrio.o)
                0x00112718                png_default_read_data
                0x00112754                png_read_data
                0x00112774                png_set_read_fn
 *fill*         0x001127c4        0x4 
 .text          0x001127c8     0x6020 c:/devkitPro/portlibs/armv6k/lib\libpng.a(pngrtran.o)
                0x00113b14                png_set_crc_action
                0x00113bf0                png_set_background_fixed
                0x00113ca8                png_set_background
                0x00113d80                png_set_scale_16
                0x00113db8                png_set_strip_16
                0x00113df0                png_set_strip_alpha
                0x00113e28                png_set_alpha_mode_fixed
                0x00114024                png_set_alpha_mode
                0x001142d4                png_set_quantize
                0x00114b7c                png_set_gamma_fixed
                0x00114c84                png_set_gamma
                0x00114eb8                png_set_expand
                0x00114ef4                png_set_palette_to_rgb
                0x00114f30                png_set_expand_gray_1_2_4_to_8
                0x00114f68                png_set_tRNS_to_alpha
                0x00114fa4                png_set_expand_16
                0x00114fe0                png_set_gray_to_rgb
                0x00115018                png_set_rgb_to_gray_fixed
                0x00115170                png_set_rgb_to_gray
                0x00115314                png_set_read_user_transform_fn
                0x00115328                png_init_read_transformations
                0x00116010                png_read_transform_info
                0x00116300                png_do_read_transformations
 .text          0x001187e8     0x524c c:/devkitPro/portlibs/armv6k/lib\libpng.a(pngrutil.o)
                0x00119420                png_get_uint_31
                0x0011945c                png_get_uint_32
                0x00119480                png_get_int_32
                0x001194a4                png_get_uint_16
                0x001194b8                png_read_sig
                0x00119564                png_read_chunk_header
                0x001196d4                png_crc_read
                0x00119704                png_crc_finish
                0x00119884                png_crc_error
                0x00119924                png_handle_IHDR
                0x00119a9c                png_handle_PLTE
                0x00119cbc                png_handle_IEND
                0x00119d10                png_handle_gAMA
                0x00119df4                png_handle_sBIT
                0x0011a008                png_handle_cHRM
                0x0011a2c8                png_handle_sRGB
                0x0011a3d0                png_handle_iCCP
                0x0011a9b4                png_handle_sPLT
                0x0011acd4                png_handle_tRNS
                0x0011af10                png_handle_bKGD
                0x0011b140                png_handle_hIST
                0x0011b278                png_handle_pHYs
                0x0011b3b4                png_handle_oFFs
                0x0011b504                png_handle_pCAL
                0x0011b874                png_handle_sCAL
                0x0011bafc                png_handle_tIME
                0x0011bc10                png_handle_tEXt
                0x0011bdd0                png_handle_zTXt
                0x0011c024                png_handle_iTXt
                0x0011c38c                png_handle_unknown
                0x0011c6e4                png_check_chunk_name
                0x0011c7ac                png_combine_row
                0x0011cc9c                png_do_read_interlace
                0x0011d128                png_read_filter_row
                0x0011d1b0                png_read_IDAT_data
                0x0011d52c                png_read_finish_IDAT
                0x0011d5a4                png_read_finish_row
                0x0011d6f4                png_read_start_row
 .text          0x0011da34     0x1e70 c:/devkitPro/portlibs/armv6k/lib\libpng.a(pngset.o)
                0x0011dd94                png_set_bKGD
                0x0011dde0                png_set_cHRM_fixed
                0x0011de70                png_set_cHRM_XYZ_fixed
                0x0011df08                png_set_cHRM
                0x0011e05c                png_set_cHRM_XYZ
                0x0011e1b8                png_set_gAMA_fixed
                0x0011e1e8                png_set_gAMA
                0x0011e22c                png_set_hIST
                0x0011e2d8                png_set_IHDR
                0x0011e3b4                png_set_oFFs
                0x0011e3e0                png_set_pCAL
                0x0011e660                png_set_sCAL_s
                0x0011e7c4                png_set_sCAL
                0x0011e990                png_set_sCAL_fixed
                0x0011eb40                png_set_pHYs
                0x0011eb6c                png_set_PLTE
                0x0011ec70                png_set_sBIT
                0x0011ecb4                png_set_sRGB
                0x0011ece4                png_set_sRGB_gAMA_and_cHRM
                0x0011ed24                png_set_iCCP
                0x0011ee78                png_set_text
                0x0011eebc                png_set_text_2
                0x0011eef4                png_set_tIME
                0x0011ef94                png_set_tRNS
                0x0011f0d4                png_set_sPLT
                0x0011f244                png_set_unknown_chunks
                0x0011f3d4                png_set_unknown_chunk_location
                0x0011f480                png_permit_mng_features
                0x0011f494                png_set_keep_unknown_chunks
                0x0011f748                png_set_read_user_chunk_fn
                0x0011f758                png_set_rows
                0x0011f7b4                png_set_compression_buffer_size
                0x0011f838                png_set_invalid
                0x0011f850                png_set_user_limits
                0x0011f860                png_set_chunk_cache_max
                0x0011f86c                png_set_chunk_malloc_max
                0x0011f878                png_set_benign_errors
                0x0011f890                png_set_check_for_invalid_index
 .text          0x0011f8a4      0xa8c c:/devkitPro/portlibs/armv6k/lib\libpng.a(pngtrans.o)
                0x0011f8a4                png_set_bgr
                0x0011f8b8                png_set_swap
                0x0011f8d8                png_set_packing
                0x0011f900                png_set_packswap
                0x0011f920                png_set_shift
                0x0011f948                png_set_interlace_handling
                0x0011f978                png_set_filler
                0x0011fa00                png_set_add_alpha
                0x0011faa8                png_set_swap_alpha
                0x0011fabc                png_set_invert_alpha
                0x0011fad0                png_set_invert_mono
                0x0011fae4                png_do_invert
                0x0011fcd4                png_do_swap
                0x0011fd20                png_do_packswap
                0x0011fd8c                png_do_strip_channel
                0x0011ffb8                png_do_bgr
                0x001200f4                png_do_check_palette_indexes
                0x001202c0                png_set_user_transform_info
                0x00120304                png_get_user_transform_ptr
                0x00120310                png_get_current_row_number
                0x00120320                png_get_current_pass_number
 .text          0x00120330     0x37ac c:/devkitPro/portlibs/armv6k/lib\libpng.a(pngwrite.o)
                0x00120944                png_write_info_before_PLTE
                0x00120f84                png_write_info
                0x00120f94                png_write_end
                0x001211e0                png_convert_from_struct_tm
                0x00121220                png_convert_from_time_t
                0x00121280                png_create_write_struct
                0x0012130c                png_create_write_struct_2
                0x0012139c                png_write_rows
                0x0012176c                png_write_image
                0x00121b4c                png_write_row
                0x001225f4                png_set_flush
                0x00122604                png_write_flush
                0x00122648                png_destroy_write_struct
                0x001226f8                png_set_filter
                0x00123094                png_set_filter_heuristics
                0x00123098                png_set_filter_heuristics_fixed
                0x0012309c                png_set_compression_level
                0x001230a8                png_set_compression_mem_level
                0x001230b4                png_set_compression_strategy
                0x001230cc                png_set_compression_window_bits
                0x00123120                png_set_compression_method
                0x00123150                png_set_text_compression_level
                0x0012315c                png_set_text_compression_mem_level
                0x00123168                png_set_text_compression_strategy
                0x00123174                png_set_text_compression_window_bits
                0x001231c8                png_set_text_compression_method
                0x001231f8                png_set_write_status_fn
                0x00123204                png_set_write_user_transform_fn
                0x0012321c                png_write_png
                0x0012374c                png_image_write_to_stdio
                0x0012399c                png_image_write_to_file
 .text          0x00123adc      0x778 c:/devkitPro/portlibs/armv6k/lib\libpng.a(pngwtran.o)
                0x00123adc                png_do_write_transformations
 .text          0x00124254     0x4094 c:/devkitPro/portlibs/armv6k/lib\libpng.a(pngwutil.o)
                0x00124c08                png_save_uint_32
                0x00124c28                png_save_uint_16
                0x00124c38                png_write_sig
                0x00124c94                png_write_chunk_start
                0x00124d40                png_write_chunk_data
                0x00124d7c                png_write_chunk_end
                0x00124dc8                png_write_chunk
                0x00124ef4                png_free_buffer_list
                0x00124f2c                png_write_IHDR
                0x001252c4                png_write_PLTE
                0x0012545c                png_compress_IDAT
                0x00125898                png_write_IEND
                0x00125960                png_write_gAMA_fixed
                0x00125a60                png_write_sRGB
                0x00125b68                png_write_iCCP
                0x00125dd0                png_write_sPLT
                0x00126020                png_write_sBIT
                0x00126128                png_write_cHRM_fixed
                0x0012627c                png_write_tRNS
                0x00126454                png_write_bKGD
                0x00126654                png_write_hIST
                0x00126790                png_write_tEXt
                0x00126940                png_write_zTXt
                0x00126b88                png_write_iTXt
                0x00126f50                png_write_oFFs
                0x00127078                png_write_pCAL
                0x00127388                png_write_sCAL_s
                0x0012742c                png_write_pHYs
                0x00127578                png_write_tIME
                0x00127614                png_write_start_row
                0x00127768                png_write_finish_row
                0x001278a8                png_do_write_interlace
                0x00127b18                png_write_find_filter
 .text          0x001282e8       0xd8 c:/devkitPro/portlibs/armv6k/lib\libpng.a(pngwio.o)
                0x001282e8                png_default_write_data
                0x00128324                png_default_flush
                0x00128334                png_write_data
                0x00128354                png_flush
                0x00128364                png_set_write_fn
 .text          0x001283c0      0x5c0 c:/devkitPro/portlibs/armv6k/lib\libz.a(adler32.o)
                0x001283c0                adler32
                0x00128808                adler32_combine
                0x001288c4                adler32_combine64
 .text          0x00128980      0x5d8 c:/devkitPro/portlibs/armv6k/lib\libz.a(crc32.o)
                0x00128b94                get_crc_table
                0x00128ba0                crc32
                0x00128f50                crc32_combine
                0x00128f54                crc32_combine64
 .text          0x00128f58     0x40e0 c:/devkitPro/portlibs/armv6k/lib\libz.a(deflate.o)
                0x0012a5d4                deflateSetDictionary
                0x0012a7ec                deflateResetKeep
                0x0012a8c4                deflateReset
                0x0012aa2c                deflateSetHeader
                0x0012aa60                deflatePending
                0x0012aaac                deflatePrime
                0x0012ab54                deflateTune
                0x0012ab8c                deflateBound
                0x0012aca0                deflate
                0x0012c4f0                deflateParams
                0x0012c60c                deflateEnd
                0x0012c72c                deflateInit2_
                0x0012caf4                deflateInit_
                0x0012ce34                deflateCopy
 .text          0x0012d038     0x2c58 c:/devkitPro/portlibs/armv6k/lib\libz.a(inflate.o)
                0x0012d038                inflateResetKeep
                0x0012d0c8                inflateReset
                0x0012d164                inflateReset2
                0x0012d284                inflateInit2_
                0x0012d40c                inflateInit_
                0x0012d570                inflatePrime
                0x0012d5e8                inflate
                0x0012f484                inflateEnd
                0x0012f4e8                inflateGetDictionary
                0x0012f580                inflateSetDictionary
                0x0012f728                inflateGetHeader
                0x0012f764                inflateSync
                0x0012fa1c                inflateSyncPoint
                0x0012fa5c                inflateCopy
                0x0012fc08                inflateUndermine
                0x0012fc38                inflateMark
 .text          0x0012fc90      0xbf4 c:/devkitPro/portlibs/armv6k/lib\libz.a(inftrees.o)
                0x0012fc90                inflate_table
 .text          0x00130884     0x257c c:/devkitPro/portlibs/armv6k/lib\libz.a(trees.o)
                0x00131db4                _tr_init
                0x00131e80                _tr_stored_block
                0x00132014                _tr_flush_bits
                0x001320b0                _tr_align
                0x00132234                _tr_flush_block
                0x00132d48                _tr_tally
 .text          0x00132e00       0x38 c:/devkitPro/portlibs/armv6k/lib\libz.a(zutil.o)
                0x00132e00                zlibVersion
                0x00132e0c                zlibCompileFlags
                0x00132e14                zError
                0x00132e28                zcalloc
                0x00132e30                zcfree
 .text          0x00132e38      0xbe4 c:/devkitPro/portlibs/armv6k/lib\libz.a(inffast.o)
                0x00132e38                inflate_fast
 .text          0x00133a1c      0x75c c:/devkitPro/libctru/lib\libsf2d.a(sf2d.o)
                0x00133c34                sf2d_init
                0x00133c5c                sf2d_init_advanced
                0x00133c7c                sf2d_fini
                0x00133ce0                sf2d_set_3D
                0x00133cec                sf2d_start_frame
                0x00133e7c                sf2d_end_frame
                0x00133f94                sf2d_swapbuffers
                0x00134044                sf2d_set_vblank_wait
                0x00134054                sf2d_get_fps
                0x00134064                sf2d_pool_malloc
                0x00134090                sf2d_pool_memalign
                0x001340d0                sf2d_pool_space_free
                0x001340e8                sf2d_pool_reset
                0x001340fc                sf2d_set_clear_color
                0x0013410c                sf2d_set_scissor_test
                0x00134158                sf2d_get_current_screen
                0x00134168                sf2d_get_current_side
 .text          0x00134178      0x7cc c:/devkitPro/libctru/lib\libsf2d.a(sf2d_draw.o)
                0x00134178                sf2d_draw_line
                0x00134350                sf2d_draw_rectangle
                0x00134508                sf2d_draw_rectangle_rotate
                0x0013475c                sf2d_draw_fill_circle
 .text          0x00134944      0x4f8 c:/devkitPro/libctru/lib\libsf2d.a(sf2d_private.o)
                0x00134944                GPU_SetDummyTexEnv
                0x00134978                vector_mult_matrix4x4
                0x001349fc                matrix_gpu_set_uniform
                0x00134a4c                matrix_copy
                0x00134a88                matrix_identity4x4
                0x00134ad4                matrix_mult4x4
                0x00134b48                matrix_set_z_rotation
                0x00134bbc                matrix_rotate_z
                0x00134c1c                matrix_set_scaling
                0x00134c68                matrix_swap_xy
                0x00134d08                matrix_init_orthographic
                0x00134e1c                next_pow2
 .text          0x00134e3c     0x2114 c:/devkitPro/libctru/lib\libsf2d.a(sf2d_texture.o)
                0x00134f60                sf2d_create_texture
                0x0013514c                sf2d_free_texture
                0x0013519c                sf2d_fill_texture_from_RGBA8
                0x00135254                sf2d_create_texture_mem_RGBA8
                0x00135298                sf2d_bind_texture
                0x00135310                sf2d_bind_texture_color
                0x00135390                sf2d_bind_texture_parameters
                0x00135408                sf2d_draw_texture
                0x00135548                sf2d_draw_texture_blend
                0x0013568c                sf2d_draw_texture_rotate_hotspot
                0x0013583c                sf2d_draw_texture_rotate_hotspot_blend
                0x001359f0                sf2d_draw_texture_rotate
                0x00135bb4                sf2d_draw_texture_rotate_blend
                0x00135d7c                sf2d_draw_texture_part
                0x00135ef8                sf2d_draw_texture_part_blend
                0x00136078                sf2d_draw_texture_scale
                0x001361e0                sf2d_draw_texture_scale_blend
                0x0013634c                sf2d_draw_texture_part_scale
                0x001364a0                sf2d_draw_texture_part_scale_blend
                0x001365f8                sf2d_draw_texture_part_rotate_scale
                0x00136810                sf2d_draw_texture_part_rotate_scale_blend
                0x00136a2c                sf2d_draw_texture_depth
                0x00136b8c                sf2d_draw_texture_depth_blend
                0x00136cf0                sf2d_draw_quad_uv
                0x00136e1c                sf2d_set_pixel
                0x00136eb0                sf2d_get_pixel
                0x00136f40                sf2d_texture_tile32
 .text          0x00136f50        0x0 c:/devkitPro/libctru/lib\libsf2d.a(shader.vsh.o)
 .text          0x00136f50      0x1d4 c:/devkitPro/libctru/lib\libctru.a(linear.o)
                0x00136f78                linearMemAlign
                0x001370b8                linearAlloc
                0x001370c0                linearRealloc
                0x001370c8                linearFree
                0x00137118                linearSpaceFree
 .text          0x00137124      0x35c c:/devkitPro/libctru/lib\libctru.a(mem_pool.o)
                0x00137124                MemPool::CoalesceRight(MemBlock*)
                0x001371c4                MemPool::Allocate(MemChunk&, unsigned long, int)
                0x0013734c                MemPool::Deallocate(MemChunk const&)
                0x00137450                MemPool::GetFreeSpace()
 .text          0x00137480      0x1c4 c:/devkitPro/libctru/lib\libctru.a(vram.o)
                0x001374a8                vramMemAlign
                0x001375d8                vramAlloc
                0x001375e0                vramRealloc
                0x001375e8                vramFree
                0x00137638                vramSpaceFree
 .text          0x00137644      0x72c c:/devkitPro/libctru/lib\libctru.a(gfx.o)
                0x001376d0                gfxSet3D
                0x001376e0                gfxSetScreenFormat
                0x001376f8                gfxGetScreenFormat
                0x00137710                gfxSetDoubleBuffering
                0x00137724                gfxSetFramebufferInfo
                0x00137794                gfxWriteFramebufferInfo
                0x00137858                gfxInit
                0x00137a38                gfxInitDefault
                0x00137a48                gfxExit
                0x00137b14                gfxGetFramebuffer
                0x00137bc4                gfxFlushBuffers
                0x00137ca0                gfxSwapBuffers
                0x00137d14                gfxSwapBuffersGpu
 .text          0x00137d70      0x288 c:/devkitPro/libctru/lib\libctru.a(os.o)
                0x00137dc8                osConvertVirtToPhys
                0x00137e14                osConvertOldLINEARMemToNew
                0x00137e34                __libctru_gtod
                0x00137f2c                osGetTime
                0x00137fa0                osGetFirmVersion
                0x00137fb4                osGetKernelVersion
                0x00137fc8                osStrError
                0x00137fe8                osGetWifiStrength
 .text          0x00137ff8     0x1a58 c:/devkitPro/libctru/lib\libctru.a(gpu.o)
                0x00138078                GPU_Init
                0x001380a4                GPUCMD_SetBuffer
                0x001380d0                GPUCMD_SetBufferOffset
                0x001380e0                GPUCMD_GetBuffer
                0x00138120                GPUCMD_AddRawCommands
                0x0013816c                GPUCMD_Run
                0x001381cc                GPUCMD_FlushAndRun
                0x00138240                GPUCMD_Add
                0x00138324                GPUCMD_Finalize
                0x001383bc                GPU_Reset
                0x00138b9c                GPU_SetFloatUniform
                0x00138c14                GPU_SetViewport
                0x00138e08                GPU_SetScissorTest
                0x00138e54                GPU_DepthMap
                0x00138ed0                GPU_SetAlphaTest
                0x00138f08                GPU_SetStencilTest
                0x00138f50                GPU_SetStencilOp
                0x00138f84                GPU_SetDepthTestAndWriteMask
                0x00138fbc                GPU_SetAlphaBlending
                0x00139024                GPU_SetColorLogicOp
                0x00139068                GPU_SetBlendingColor
                0x001390a4                GPU_SetTextureEnable
                0x001390f0                GPU_SetTexture
                0x00139288                GPU_SetTextureBorderColor
                0x0013931c                GPU_SetAttributeBuffers
                0x00139518                GPU_SetAttributeBuffersAddress
                0x00139544                GPU_SetFaceCulling
                0x00139570                GPU_SetCombinerBufferWrite
                0x001395a4                GPU_SetTexEnv
                0x0013961c                GPU_DrawArray
                0x0013974c                GPU_DrawElements
                0x00139880                GPU_FinishDrawing
                0x001398dc                GPU_SetShaderOutmap
                0x00139924                GPU_SendShaderCode
                0x001399dc                GPU_SendOperandDescriptors
 .text          0x00139a50        0x0 c:/devkitPro/libctru/lib\libctru.a(gpuResetSequence.o)
 .text          0x00139a50      0x7f4 c:/devkitPro/libctru/lib\libctru.a(shaderProgram.o)
                0x00139a50                shaderInstanceInit
                0x00139c58                shaderInstanceFree
                0x00139c90                shaderInstanceSetBool
                0x00139cd0                shaderInstanceGetBool
                0x00139d1c                shaderInstanceGetUniformLocation
                0x00139d3c                shaderProgramInit
                0x00139d54                shaderProgramFree
                0x00139d84                shaderProgramSetVsh
                0x00139df0                shaderProgramSetGsh
                0x00139e64                shaderProgramUse
 .text          0x0013a244      0x348 c:/devkitPro/libctru/lib\libctru.a(shbin.o)
                0x0013a244                DVLB_Free
                0x0013a280                DVLE_GetUniformRegister
                0x0013a2fc                DVLE_GenerateOutmap
                0x0013a3f4                DVLB_ParseFile
 .text          0x0013a58c     0x1d4c c:/devkitPro/libctru/lib\libctru.a(apt.o)
                0x0013a5f0                _aptDebug
                0x0013a5f4                aptInitCaptureInfo
                0x0013a6a4                aptWaitStatusEvent
                0x0013a6cc                aptHook
                0x0013a704                aptUnhook
                0x0013a730                aptGetStatus
                0x0013a768                aptSetStatus
                0x0013a7cc                aptGetStatusPower
                0x0013a804                aptSetStatusPower
                0x0013a83c                aptOpenSession
                0x0013a860                aptCloseSession
                0x0013a888                aptSignalReadyForSleep
                0x0013a898                APT_GetLockHandle
                0x0013a8e8                APT_Initialize
                0x0013a950                APT_Finalize
                0x0013a98c                APT_HardwareResetAsync
                0x0013a9c0                APT_Enable
                0x0013a9fc                APT_GetAppletManInfo
                0x0013aa7c                aptGetMenuAppID
                0x0013aab8                APT_GetAppletProgramInfo
                0x0013ab0c                APT_IsRegistered
                0x0013ab5c                APT_InquireNotification
                0x0013abac                APT_PrepareToJumpToHomeMenu
                0x0013abe0                APT_JumpToHomeMenu
                0x0013ac30                APT_PrepareToJumpToApplication
                0x0013ac6c                APT_JumpToApplication
                0x0013acbc                APT_NotifyToWait
                0x0013acf8                APT_AppletUtility
                0x0013ad80                aptAppletUtility_Exit_RetToApp
                0x0013aea0                aptAppletClosed
                0x0013afdc                aptInit
                0x0013b194                APT_GlanceParameter
                0x0013b208                APT_ReceiveParameter
                0x0013b27c                APT_SendParameter
                0x0013b2ec                APT_SendCaptureBufferInfo
                0x0013b338                aptReturnToMenu
                0x0013b50c                APT_ReplySleepQuery
                0x0013b54c                APT_ReplySleepNotificationComplete
                0x0013b588                aptEventHandler
                0x0013b894                APT_PrepareToCloseApplication
                0x0013b8d0                APT_CloseApplication
                0x0013b928                aptExit
                0x0013bb14                APT_SetAppCpuTimeLimit
                0x0013bb58                APT_GetAppCpuTimeLimit
                0x0013bbac                APT_CheckNew3DS_Application
                0x0013bc08                APT_CheckNew3DS_System
                0x0013bc64                APT_CheckNew3DS
                0x0013bcd8                APT_PrepareToDoAppJump
                0x0013bd24                APT_DoAppJump
                0x0013bd8c                APT_PrepareToStartLibraryApplet
                0x0013bdc8                APT_StartLibraryApplet
                0x0013be28                aptAppletStarted
                0x0013bf2c                aptMainLoop
                0x0013c0a4                APT_LaunchLibraryApplet
                0x0013c23c                APT_PrepareToStartSystemApplet
                0x0013c278                APT_StartSystemApplet
 .text          0x0013c2d8      0x8a0 c:/devkitPro/libctru/lib\libctru.a(gsp.o)
                0x0013c3bc                gspInit
                0x0013c3d0                gspExit
                0x0013c3e8                gspInitEventHandler
                0x0013c4b4                gspExitEventHandler
                0x0013c50c                gspWaitForEvent
                0x0013c564                GSPGPU_WriteHWRegs
                0x0013c5d4                GSPGPU_WriteHWRegsWithMask
                0x0013c660                GSPGPU_ReadHWRegs
                0x0013c6d0                GSPGPU_SetBufferSwap
                0x0013c744                GSPGPU_FlushDataCache
                0x0013c798                GSPGPU_InvalidateDataCache
                0x0013c7ec                GSPGPU_SetLcdForceBlack
                0x0013c828                GSPGPU_TriggerCmdReqQueue
                0x0013c85c                GSPGPU_RegisterInterruptRelayQueue
                0x0013c8c8                GSPGPU_UnregisterInterruptRelayQueue
                0x0013c8fc                GSPGPU_AcquireRight
                0x0013c94c                GSPGPU_ReleaseRight
                0x0013c980                GSPGPU_ImportDisplayCaptureInfo
                0x0013ca04                GSPGPU_SaveVramSysArea
                0x0013ca38                GSPGPU_RestoreVramSysArea
                0x0013ca6c                GSPGPU_SubmitGxCommand
 .text          0x0013cb78      0x264 c:/devkitPro/libctru/lib\libctru.a(gx.o)
                0x0013cb78                GX_RequestDma
                0x0013cbcc                GX_SetCommandList_Last
                0x0013cc34                GX_SetMemoryFill
                0x0013cca8                GX_SetDisplayTransfer
                0x0013cd0c                GX_SetTextureCopy
                0x0013cd74                GX_SetCommandList_First
 .text          0x0013cddc      0x708 c:/devkitPro/libctru/lib\libctru.a(hid.o)
                0x0013cddc                hidExit
                0x0013ce80                hidWaitForEvent
                0x0013ced8                hidCheckSectionUpdateTime
                0x0013cf14                hidScanInput
                0x0013d15c                hidKeysHeld
                0x0013d16c                hidKeysDown
                0x0013d17c                hidKeysUp
                0x0013d18c                hidTouchRead
                0x0013d1a4                hidCircleRead
                0x0013d1bc                hidAccelRead
                0x0013d1dc                hidGyroRead
                0x0013d1fc                HIDUSER_GetHandles
                0x0013d28c                hidInit
                0x0013d3c0                HIDUSER_EnableAccelerometer
                0x0013d3ec                HIDUSER_DisableAccelerometer
                0x0013d418                HIDUSER_EnableGyroscope
                0x0013d444                HIDUSER_DisableGyroscope
                0x0013d470                HIDUSER_GetGyroscopeRawToDpsCoefficient
                0x0013d4ac                HIDUSER_GetSoundVolume
 .text          0x0013d4e4      0x388 c:/devkitPro/libctru/lib\libctru.a(irrst.o)
                0x0013d4e4                irrstWaitForEvent
                0x0013d530                irrstCheckSectionUpdateTime
                0x0013d56c                irrstScanInput
                0x0013d620                irrstKeysHeld
                0x0013d638                irrstCstickRead
                0x0013d650                IRRST_GetHandles
                0x0013d6a0                IRRST_Initialize
                0x0013d6d8                irrstInit
                0x0013d7bc                IRRST_Shutdown
                0x0013d7e8                irrstExit
 .text          0x0013d86c       0x70 c:/devkitPro/libctru/lib\libctru.a(rbtree_find.o)
                0x0013d86c                rbtree_find
 .text          0x0013d8dc       0x14 c:/devkitPro/libctru/lib\libctru.a(rbtree_init.o)
                0x0013d8dc                rbtree_init
 .text          0x0013d8f0      0x1f4 c:/devkitPro/libctru/lib\libctru.a(rbtree_insert.o)
                0x0013dad4                rbtree_insert
                0x0013dadc                rbtree_insert_multi
 .text          0x0013dae4      0x340 c:/devkitPro/libctru/lib\libctru.a(rbtree_remove.o)
                0x0013dae4                rbtree_remove
 .text          0x0013de24       0xac c:/devkitPro/libctru/lib\libctru.a(rbtree_rotate.o)
                0x0013de24                rbtree_rotate
 .text          0x0013ded0       0xa4 c:/devkitPro/libctru/lib\libctru.a(allocateHeaps.o)
                0x0013ded0                __system_allocateHeaps
 .text          0x0013df74       0xf4 c:/devkitPro/libctru/lib\libctru.a(initArgv.o)
                0x0013df74                __system_initArgv
 .text          0x0013e068       0x4c c:/devkitPro/libctru/lib\libctru.a(initSystem.o)
                0x0013e068                __libctru_init
 *fill*         0x0013e0b4        0xc 
 .text          0x0013e0c0      0x460 c:/devkitPro/libctru/lib\libctru.a(svc.o)
                0x0013e0c0                svcControlMemory
                0x0013e0e0                svcQueryMemory
                0x0013e110                svcExitProcess
                0x0013e118                svcCreateThread
                0x0013e138                svcExitThread
                0x0013e140                svcSleepThread
                0x0013e148                svcGetThreadPriority
                0x0013e15c                svcSetThreadPriority
                0x0013e164                svcGetThreadAffinityMask
                0x0013e16c                svcSetThreadAffinityMask
                0x0013e174                svcGetThreadIdealProcessor
                0x0013e188                svcSetThreadIdealProcessor
                0x0013e190                svcGetProcessorID
                0x0013e198                svcCreateMutex
                0x0013e1ac                svcReleaseMutex
                0x0013e1b4                svcCreateSemaphore
                0x0013e1c8                svcReleaseSemaphore
                0x0013e1dc                svcCreateEvent
                0x0013e1f0                svcSignalEvent
                0x0013e1f8                svcClearEvent
                0x0013e200                svcCreateTimer
                0x0013e214                svcSetTimer
                0x0013e21c                svcCancelTimer
                0x0013e224                svcClearTimer
                0x0013e22c                svcCreateMemoryBlock
                0x0013e244                svcMapMemoryBlock
                0x0013e24c                svcUnmapMemoryBlock
                0x0013e254                svcCreateAddressArbiter
                0x0013e268                svcArbitrateAddress
                0x0013e288                svcCloseHandle
                0x0013e290                svcWaitSynchronization
                0x0013e298                svcWaitSynchronizationN
                0x0013e2c0                svcDuplicateHandle
                0x0013e2d4                svcGetSystemTick
                0x0013e2dc                svcGetSystemInfo
                0x0013e2f4                svcGetProcessInfo
                0x0013e30c                svcGetThreadInfo
                0x0013e324                svcConnectToPort
                0x0013e338                svcSendSyncRequest
                0x0013e340                svcOpenProcess
                0x0013e354                svcOpenThread
                0x0013e368                svcGetProcessId
                0x0013e37c                svcGetProcessIdOfThread
                0x0013e390                svcGetThreadId
                0x0013e3a4                svcBreak
                0x0013e3ac                svcOutputDebugString
                0x0013e3b4                svcCreatePort
                0x0013e3d4                svcAcceptSession
                0x0013e3ec                svcReplyAndReceive
                0x0013e404                svcInvalidateProcessDataCache
                0x0013e40c                svcFlushProcessDataCache
                0x0013e414                svcStartInterProcessDma
                0x0013e434                svcStopDma
                0x0013e43c                svcGetDmaState
                0x0013e450                svcDebugActiveProcess
                0x0013e464                svcBreakDebugProcess
                0x0013e46c                svcTerminateDebugProcess
                0x0013e474                svcGetProcessDebugEvent
                0x0013e47c                svcContinueDebugEvent
                0x0013e484                svcGetProcessList
                0x0013e4a4                svcReadProcessMemory
                0x0013e4ac                svcWriteProcessMemory
                0x0013e4b4                svcControlProcessMemory
                0x0013e4cc                svcMapProcessMemory
                0x0013e4d4                svcUnmapProcessMemory
                0x0013e4dc                svcTerminateProcess
                0x0013e4e4                svcBackdoor
                0x0013e4ec                svcKernelSetState
                0x0013e4f4                svcQueryProcessMemory
 .text          0x0013e520       0x64 c:/devkitPro/libctru/lib\libctru.a(stack_adjust.o)
                0x0013e520                initSystem
                0x0013e564                __ctru_exit
 .text          0x0013e584      0x3b8 c:/devkitPro/libctru/lib\libctru.a(srv.o)
                0x0013e584                __get_handle_from_list
                0x0013e61c                __destroy_handle_list
                0x0013e670                srvExit
                0x0013e698                srvGetSessionHandle
                0x0013e6a4                srvRegisterClient
                0x0013e6dc                srvInit
                0x0013e744                srvGetServiceHandle
                0x0013e7c4                srvRegisterService
                0x0013e820                srvUnregisterService
                0x0013e86c                srvPmInit
                0x0013e8c0                srvRegisterProcess
                0x0013e908                srvUnregisterProcess
 .text          0x0013e93c      0x118 c:/devkitPro/libctru/lib\libctru.a(rbtree_iterator.o)
                0x0013e93c                rbtree_node_next
                0x0013e9c8                rbtree_node_prev
 .text          0x0013ea54       0x1c c:/devkitPro/libctru/lib\libctru.a(appExit.o)
                0x0013ea54                __appExit
 .text          0x0013ea70       0x20 c:/devkitPro/libctru/lib\libctru.a(appInit.o)
                0x0013ea70                __appInit
 .text          0x0013ea90       0x90 c:/devkitPro/libctru/lib\libctru.a(ctru_exit.o)
                0x0013ea90                __libctru_exit
 .text          0x0013eb20      0xffc c:/devkitPro/libctru/lib\libctru.a(sdmc_dev.o)
                0x0013f99c                sdmcInit
                0x0013facc                sdmcExit
 .text          0x0013fb1c      0xc88 c:/devkitPro/libctru/lib\libctru.a(fs.o)
                0x0013fb1c                FS_makePath
                0x0013fb48                fsExit
                0x0013fb6c                fsGetSessionHandle
                0x0013fb78                FSUSER_Initialize
                0x0013fbec                fsInit
                0x0013fc58                FSUSER_OpenFile
                0x0013fd04                FSUSER_OpenFileDirectly
                0x0013fdd0                FSUSER_DeleteFile
                0x0013fe58                FSUSER_RenameFile
                0x0013ff1c                FSUSER_DeleteDirectory
                0x0013ffa4                FSUSER_DeleteDirectoryRecursively
                0x0014002c                FSUSER_CreateFile
                0x001400c4                FSUSER_CreateDirectory
                0x00140150                FSUSER_RenameDirectory
                0x00140214                FSUSER_OpenDirectory
                0x001402a8                FSUSER_OpenArchive
                0x00140330                FSUSER_CloseArchive
                0x00140388                FSUSER_GetSdmcArchiveResource
                0x00140404                FSUSER_GetNandArchiveResource
                0x00140480                FSUSER_IsSdmcDetected
                0x001404cc                FSUSER_IsSdmcWritable
                0x00140518                FSFILE_Close
                0x0014055c                FSFILE_Read
                0x001405b8                FSFILE_Write
                0x0014061c                FSFILE_GetSize
                0x0014065c                FSFILE_SetSize
                0x00140688                FSFILE_GetAttributes
                0x001406c0                FSFILE_SetAttributes
                0x001406e8                FSFILE_Flush
                0x0014070c                FSDIR_Read
                0x00140760                FSDIR_Close
 .text          0x001407a4      0x138 c:/devkitPro/libctru/lib\libctru.a(decode_utf8.o)
                0x001407a4                decode_utf8
 .text          0x001408dc       0xe8 c:/devkitPro/libctru/lib\libctru.a(utf16_to_utf8.o)
                0x001408dc                utf16_to_utf8
 .text          0x001409c4       0xb8 c:/devkitPro/libctru/lib\libctru.a(utf8_to_utf16.o)
                0x001409c4                utf8_to_utf16
 .text          0x00140a7c       0x60 c:/devkitPro/libctru/lib\libctru.a(decode_utf16.o)
                0x00140a7c                decode_utf16
 .text          0x00140adc       0x68 c:/devkitPro/libctru/lib\libctru.a(encode_utf16.o)
                0x00140adc                encode_utf16
 .text          0x00140b44      0x104 c:/devkitPro/libctru/lib\libctru.a(encode_utf8.o)
                0x00140b44                encode_utf8
 .text          0x00140c48        0x0 c:/devkitpro/devkitarm/bin/../lib/gcc/arm-none-eabi/4.9.2/../../../../arm-none-eabi/lib/armv6k/fpu\libm.a(lib_a-sf_cos.o)
 .text          0x00140c48        0x0 c:/devkitpro/devkitarm/bin/../lib/gcc/arm-none-eabi/4.9.2/../../../../arm-none-eabi/lib/armv6k/fpu\libm.a(lib_a-s_floor.o)
 .text          0x00140c48        0x0 c:/devkitpro/devkitarm/bin/../lib/gcc/arm-none-eabi/4.9.2/../../../../arm-none-eabi/lib/armv6k/fpu\libm.a(lib_a-s_frexp.o)
 .text          0x00140c48        0x0 c:/devkitpro/devkitarm/bin/../lib/gcc/arm-none-eabi/4.9.2/../../../../arm-none-eabi/lib/armv6k/fpu\libm.a(lib_a-sf_sin.o)
 .text          0x00140c48        0x0 c:/devkitpro/devkitarm/bin/../lib/gcc/arm-none-eabi/4.9.2/../../../../arm-none-eabi/lib/armv6k/fpu\libm.a(lib_a-s_modf.o)
 .text          0x00140c48        0x0 c:/devkitpro/devkitarm/bin/../lib/gcc/arm-none-eabi/4.9.2/../../../../arm-none-eabi/lib/armv6k/fpu\libm.a(lib_a-w_pow.o)
 .text          0x00140c48        0x0 c:/devkitpro/devkitarm/bin/../lib/gcc/arm-none-eabi/4.9.2/../../../../arm-none-eabi/lib/armv6k/fpu\libm.a(lib_a-ef_rem_pio2.o)
 .text          0x00140c48        0x0 c:/devkitpro/devkitarm/bin/../lib/gcc/arm-none-eabi/4.9.2/../../../../arm-none-eabi/lib/armv6k/fpu\libm.a(lib_a-e_pow.o)
 .text          0x00140c48        0x0 c:/devkitpro/devkitarm/bin/../lib/gcc/arm-none-eabi/4.9.2/../../../../arm-none-eabi/lib/armv6k/fpu\libm.a(lib_a-e_sqrt.o)
 .text          0x00140c48        0x0 c:/devkitpro/devkitarm/bin/../lib/gcc/arm-none-eabi/4.9.2/../../../../arm-none-eabi/lib/armv6k/fpu\libm.a(lib_a-kf_cos.o)
 .text          0x00140c48        0x0 c:/devkitpro/devkitarm/bin/../lib/gcc/arm-none-eabi/4.9.2/../../../../arm-none-eabi/lib/armv6k/fpu\libm.a(lib_a-kf_rem_pio2.o)
 .text          0x00140c48        0x0 c:/devkitpro/devkitarm/bin/../lib/gcc/arm-none-eabi/4.9.2/../../../../arm-none-eabi/lib/armv6k/fpu\libm.a(lib_a-kf_sin.o)
 .text          0x00140c48        0x0 c:/devkitpro/devkitarm/bin/../lib/gcc/arm-none-eabi/4.9.2/../../../../arm-none-eabi/lib/armv6k/fpu\libm.a(lib_a-s_fabs.o)
 .text          0x00140c48        0x0 c:/devkitpro/devkitarm/bin/../lib/gcc/arm-none-eabi/4.9.2/../../../../arm-none-eabi/lib/armv6k/fpu\libm.a(lib_a-sf_fabs.o)
 .text          0x00140c48        0x0 c:/devkitpro/devkitarm/bin/../lib/gcc/arm-none-eabi/4.9.2/../../../../arm-none-eabi/lib/armv6k/fpu\libm.a(lib_a-sf_floor.o)
 .text          0x00140c48        0x0 c:/devkitpro/devkitarm/bin/../lib/gcc/arm-none-eabi/4.9.2/../../../../arm-none-eabi/lib/armv6k/fpu\libm.a(lib_a-s_finite.o)
 .text          0x00140c48        0x0 c:/devkitpro/devkitarm/bin/../lib/gcc/arm-none-eabi/4.9.2/../../../../arm-none-eabi/lib/armv6k/fpu\libm.a(lib_a-s_fpclassify.o)
 .text          0x00140c48        0x0 c:/devkitpro/devkitarm/bin/../lib/gcc/arm-none-eabi/4.9.2/../../../../arm-none-eabi/lib/armv6k/fpu\libm.a(lib_a-sf_scalbn.o)
 .text          0x00140c48        0x0 c:/devkitpro/devkitarm/bin/../lib/gcc/arm-none-eabi/4.9.2/../../../../arm-none-eabi/lib/armv6k/fpu\libm.a(lib_a-s_lib_ver.o)
 .text          0x00140c48        0x0 c:/devkitpro/devkitarm/bin/../lib/gcc/arm-none-eabi/4.9.2/../../../../arm-none-eabi/lib/armv6k/fpu\libm.a(lib_a-s_matherr.o)
 .text          0x00140c48        0x0 c:/devkitpro/devkitarm/bin/../lib/gcc/arm-none-eabi/4.9.2/../../../../arm-none-eabi/lib/armv6k/fpu\libm.a(lib_a-s_nan.o)
 .text          0x00140c48        0x0 c:/devkitpro/devkitarm/bin/../lib/gcc/arm-none-eabi/4.9.2/../../../../arm-none-eabi/lib/armv6k/fpu\libm.a(lib_a-s_rint.o)
 .text          0x00140c48        0x0 c:/devkitpro/devkitarm/bin/../lib/gcc/arm-none-eabi/4.9.2/../../../../arm-none-eabi/lib/armv6k/fpu\libm.a(lib_a-s_scalbn.o)
 .text          0x00140c48        0x0 c:/devkitpro/devkitarm/bin/../lib/gcc/arm-none-eabi/4.9.2/../../../../arm-none-eabi/lib/armv6k/fpu\libm.a(lib_a-s_copysign.o)
 .text          0x00140c48        0x0 c:/devkitpro/devkitarm/bin/../lib/gcc/arm-none-eabi/4.9.2/../../../../arm-none-eabi/lib/armv6k/fpu\libm.a(lib_a-sf_copysign.o)
 .text          0x00140c48      0x20c c:/devkitpro/devkitarm/bin/../lib/gcc/arm-none-eabi/4.9.2/armv6k/fpu\libgcc.a(_udivsi3.o)
                0x00140c48                __aeabi_uidiv
                0x00140c48                __udivsi3
                0x00140e34                __aeabi_uidivmod
 .text          0x00140e54      0x240 c:/devkitpro/devkitarm/bin/../lib/gcc/arm-none-eabi/4.9.2/armv6k/fpu\libgcc.a(_divsi3.o)
                0x00140e54                __divsi3
                0x00140e54                __aeabi_idiv
                0x00141074                __aeabi_idivmod
 .text          0x00141094        0x4 c:/devkitpro/devkitarm/bin/../lib/gcc/arm-none-eabi/4.9.2/armv6k/fpu\libgcc.a(_dvmd_tls.o)
                0x00141094                __aeabi_idiv0
                0x00141094                __aeabi_ldiv0
 .text          0x00141098      0x250 c:/devkitpro/devkitarm/bin/../lib/gcc/arm-none-eabi/4.9.2/armv6k/fpu\libgcc.a(_arm_addsubsf3.o)
                0x00141098                __aeabi_frsub
                0x001410a0                __subsf3
                0x001410a0                __aeabi_fsub
                0x001410a4                __aeabi_fadd
                0x001410a4                __addsf3
                0x00141234                __aeabi_ui2f
                0x00141234                __floatunsisf
                0x0014123c                __aeabi_i2f
                0x0014123c                __floatsisf
                0x0014125c                __aeabi_ul2f
                0x0014125c                __floatundisf
                0x0014126c                __aeabi_l2f
                0x0014126c                __floatdisf
 .text          0x001412e8        0x0 c:/devkitpro/devkitarm/bin/../lib/gcc/arm-none-eabi/4.9.2/../../../../arm-none-eabi/lib/armv6k/fpu\libg.a(lib_a-abort.o)
 .text          0x001412e8        0x0 c:/devkitpro/devkitarm/bin/../lib/gcc/arm-none-eabi/4.9.2/../../../../arm-none-eabi/lib/armv6k/fpu\libg.a(lib_a-atof.o)
 .text          0x001412e8        0x0 c:/devkitpro/devkitarm/bin/../lib/gcc/arm-none-eabi/4.9.2/../../../../arm-none-eabi/lib/armv6k/fpu\libg.a(lib_a-bsearch.o)
 .text          0x001412e8        0x0 c:/devkitpro/devkitarm/bin/../lib/gcc/arm-none-eabi/4.9.2/../../../../arm-none-eabi/lib/armv6k/fpu\libg.a(lib_a-errno.o)
 .text          0x001412e8        0x0 c:/devkitpro/devkitarm/bin/../lib/gcc/arm-none-eabi/4.9.2/../../../../arm-none-eabi/lib/armv6k/fpu\libg.a(lib_a-exit.o)
 .text          0x001412e8        0x0 c:/devkitpro/devkitarm/bin/../lib/gcc/arm-none-eabi/4.9.2/../../../../arm-none-eabi/lib/armv6k/fpu\libg.a(lib_a-fclose.o)
 .text          0x001412e8        0x0 c:/devkitpro/devkitarm/bin/../lib/gcc/arm-none-eabi/4.9.2/../../../../arm-none-eabi/lib/armv6k/fpu\libg.a(lib_a-fflush.o)
 .text          0x001412e8        0x0 c:/devkitpro/devkitarm/bin/../lib/gcc/arm-none-eabi/4.9.2/../../../../arm-none-eabi/lib/armv6k/fpu\libg.a(lib_a-findfp.o)
 .text          0x001412e8        0x0 c:/devkitpro/devkitarm/bin/../lib/gcc/arm-none-eabi/4.9.2/../../../../arm-none-eabi/lib/armv6k/fpu\libg.a(lib_a-fini.o)
 .text          0x001412e8        0x0 c:/devkitpro/devkitarm/bin/../lib/gcc/arm-none-eabi/4.9.2/../../../../arm-none-eabi/lib/armv6k/fpu\libg.a(lib_a-fopen.o)
 .text          0x001412e8        0x0 c:/devkitpro/devkitarm/bin/../lib/gcc/arm-none-eabi/4.9.2/../../../../arm-none-eabi/lib/armv6k/fpu\libg.a(lib_a-fprintf.o)
 .text          0x001412e8        0x0 c:/devkitpro/devkitarm/bin/../lib/gcc/arm-none-eabi/4.9.2/../../../../arm-none-eabi/lib/armv6k/fpu\libg.a(lib_a-fputc.o)
 .text          0x001412e8        0x0 c:/devkitpro/devkitarm/bin/../lib/gcc/arm-none-eabi/4.9.2/../../../../arm-none-eabi/lib/armv6k/fpu\libg.a(lib_a-fread.o)
 .text          0x001412e8        0x0 c:/devkitpro/devkitarm/bin/../lib/gcc/arm-none-eabi/4.9.2/../../../../arm-none-eabi/lib/armv6k/fpu\libg.a(lib_a-freer.o)
 .text          0x001412e8        0x0 c:/devkitpro/devkitarm/bin/../lib/gcc/arm-none-eabi/4.9.2/../../../../arm-none-eabi/lib/armv6k/fpu\libg.a(lib_a-fseek.o)
 .text          0x001412e8        0x0 c:/devkitpro/devkitarm/bin/../lib/gcc/arm-none-eabi/4.9.2/../../../../arm-none-eabi/lib/armv6k/fpu\libg.a(lib_a-fseeko.o)
 .text          0x001412e8        0x0 c:/devkitpro/devkitarm/bin/../lib/gcc/arm-none-eabi/4.9.2/../../../../arm-none-eabi/lib/armv6k/fpu\libg.a(lib_a-fwalk.o)
 .text          0x001412e8        0x0 c:/devkitpro/devkitarm/bin/../lib/gcc/arm-none-eabi/4.9.2/../../../../arm-none-eabi/lib/armv6k/fpu\libg.a(lib_a-fwrite.o)
 .text          0x001412e8        0x0 c:/devkitpro/devkitarm/bin/../lib/gcc/arm-none-eabi/4.9.2/../../../../arm-none-eabi/lib/armv6k/fpu\libg.a(lib_a-gmtime.o)
 .text          0x001412e8        0x0 c:/devkitpro/devkitarm/bin/../lib/gcc/arm-none-eabi/4.9.2/../../../../arm-none-eabi/lib/armv6k/fpu\libg.a(lib_a-gmtime_r.o)
 .text          0x001412e8        0x0 c:/devkitpro/devkitarm/bin/../lib/gcc/arm-none-eabi/4.9.2/../../../../arm-none-eabi/lib/armv6k/fpu\libg.a(lib_a-impure.o)
 .text          0x001412e8        0x0 c:/devkitpro/devkitarm/bin/../lib/gcc/arm-none-eabi/4.9.2/../../../../arm-none-eabi/lib/armv6k/fpu\libg.a(lib_a-init.o)
 .text          0x001412e8        0x0 c:/devkitpro/devkitarm/bin/../lib/gcc/arm-none-eabi/4.9.2/../../../../arm-none-eabi/lib/armv6k/fpu\libg.a(lib_a-makebuf.o)
 .text          0x001412e8        0x0 c:/devkitpro/devkitarm/bin/../lib/gcc/arm-none-eabi/4.9.2/../../../../arm-none-eabi/lib/armv6k/fpu\libg.a(lib_a-malloc.o)
 .text          0x001412e8        0x0 c:/devkitpro/devkitarm/bin/../lib/gcc/arm-none-eabi/4.9.2/../../../../arm-none-eabi/lib/armv6k/fpu\libg.a(lib_a-mallocr.o)
 .text          0x001412e8        0x0 c:/devkitpro/devkitarm/bin/../lib/gcc/arm-none-eabi/4.9.2/../../../../arm-none-eabi/lib/armv6k/fpu\libg.a(lib_a-memcmp.o)
 .text          0x001412e8        0x0 c:/devkitpro/devkitarm/bin/../lib/gcc/arm-none-eabi/4.9.2/../../../../arm-none-eabi/lib/armv6k/fpu\libg.a(lib_a-memcpy.o)
 .text          0x001412e8        0x0 c:/devkitpro/devkitarm/bin/../lib/gcc/arm-none-eabi/4.9.2/../../../../arm-none-eabi/lib/armv6k/fpu\libg.a(lib_a-memset.o)
 .text          0x001412e8        0x0 c:/devkitpro/devkitarm/bin/../lib/gcc/arm-none-eabi/4.9.2/../../../../arm-none-eabi/lib/armv6k/fpu\libg.a(lib_a-mlock.o)
 .text          0x001412e8        0x0 c:/devkitpro/devkitarm/bin/../lib/gcc/arm-none-eabi/4.9.2/../../../../arm-none-eabi/lib/armv6k/fpu\libg.a(lib_a-month_lengths.o)
 .text          0x001412e8        0x0 c:/devkitpro/devkitarm/bin/../lib/gcc/arm-none-eabi/4.9.2/../../../../arm-none-eabi/lib/armv6k/fpu\libg.a(lib_a-printf.o)
 .text          0x001412e8        0x0 c:/devkitpro/devkitarm/bin/../lib/gcc/arm-none-eabi/4.9.2/../../../../arm-none-eabi/lib/armv6k/fpu\libg.a(lib_a-putchar.o)
 .text          0x001412e8        0x0 c:/devkitpro/devkitarm/bin/../lib/gcc/arm-none-eabi/4.9.2/../../../../arm-none-eabi/lib/armv6k/fpu\libg.a(lib_a-putc.o)
 .text          0x001412e8        0x0 c:/devkitpro/devkitarm/bin/../lib/gcc/arm-none-eabi/4.9.2/../../../../arm-none-eabi/lib/armv6k/fpu\libg.a(lib_a-rand.o)
 .text          0x001412e8        0x0 c:/devkitpro/devkitarm/bin/../lib/gcc/arm-none-eabi/4.9.2/../../../../arm-none-eabi/lib/armv6k/fpu\libg.a(lib_a-realloc.o)
 .text          0x001412e8        0x0 c:/devkitpro/devkitarm/bin/../lib/gcc/arm-none-eabi/4.9.2/../../../../arm-none-eabi/lib/armv6k/fpu\libg.a(lib_a-reallocr.o)
 .text          0x001412e8        0x0 c:/devkitpro/devkitarm/bin/../lib/gcc/arm-none-eabi/4.9.2/../../../../arm-none-eabi/lib/armv6k/fpu\libg.a(lib_a-refill.o)
 .text          0x001412e8        0x0 c:/devkitpro/devkitarm/bin/../lib/gcc/arm-none-eabi/4.9.2/../../../../arm-none-eabi/lib/armv6k/fpu\libg.a(lib_a-remove.o)
 .text          0x001412e8       0x2c c:/devkitpro/devkitarm/bin/../lib/gcc/arm-none-eabi/4.9.2/../../../../arm-none-eabi/lib/armv6k/fpu\libg.a(lib_a-setjmp.o)
                0x001412e8                setjmp
                0x001412fc                longjmp
 .text          0x00141314        0x0 c:/devkitpro/devkitarm/bin/../lib/gcc/arm-none-eabi/4.9.2/../../../../arm-none-eabi/lib/armv6k/fpu\libg.a(lib_a-signal.o)
 .text          0x00141314        0x0 c:/devkitpro/devkitarm/bin/../lib/gcc/arm-none-eabi/4.9.2/../../../../arm-none-eabi/lib/armv6k/fpu\libg.a(lib_a-stdio.o)
 *fill*         0x00141314        0xc 
 .text          0x00141320      0x3a0 c:/devkitpro/devkitarm/bin/../lib/gcc/arm-none-eabi/4.9.2/../../../../arm-none-eabi/lib/armv6k/fpu\libg.a(lib_a-strcmp.o)
                0x00141328                strcmp
 .text          0x001416c0        0x0 c:/devkitpro/devkitarm/bin/../lib/gcc/arm-none-eabi/4.9.2/../../../../arm-none-eabi/lib/armv6k/fpu\libg.a(lib_a-strcpy.o)
 .text          0x001416c0        0x0 c:/devkitpro/devkitarm/bin/../lib/gcc/arm-none-eabi/4.9.2/../../../../arm-none-eabi/lib/armv6k/fpu\libg.a(lib_a-strerror.o)
 .text          0x001416c0        0x0 c:/devkitpro/devkitarm/bin/../lib/gcc/arm-none-eabi/4.9.2/../../../../arm-none-eabi/lib/armv6k/fpu\libg.a(lib_a-strlen.o)
 .text          0x001416c0        0x0 c:/devkitpro/devkitarm/bin/../lib/gcc/arm-none-eabi/4.9.2/../../../../arm-none-eabi/lib/armv6k/fpu\libg.a(lib_a-strncat.o)
 .text          0x001416c0        0x0 c:/devkitpro/devkitarm/bin/../lib/gcc/arm-none-eabi/4.9.2/../../../../arm-none-eabi/lib/armv6k/fpu\libg.a(lib_a-strncpy.o)
 .text          0x001416c0        0x0 c:/devkitpro/devkitarm/bin/../lib/gcc/arm-none-eabi/4.9.2/../../../../arm-none-eabi/lib/armv6k/fpu\libg.a(lib_a-strtod.o)
 .text          0x001416c0        0x0 c:/devkitpro/devkitarm/bin/../lib/gcc/arm-none-eabi/4.9.2/../../../../arm-none-eabi/lib/armv6k/fpu\libg.a(lib_a-time.o)
 .text          0x001416c0        0x0 c:/devkitpro/devkitarm/bin/../lib/gcc/arm-none-eabi/4.9.2/../../../../arm-none-eabi/lib/armv6k/fpu\libg.a(lib_a-u_strerr.o)
 .text          0x001416c0        0x0 c:/devkitpro/devkitarm/bin/../lib/gcc/arm-none-eabi/4.9.2/../../../../arm-none-eabi/lib/armv6k/fpu\libg.a(lib_a-vfprintf.o)
 .text          0x001416c0        0x0 c:/devkitpro/devkitarm/bin/../lib/gcc/arm-none-eabi/4.9.2/../../../../arm-none-eabi/lib/armv6k/fpu\libg.a(lib_a-wbuf.o)
 .text          0x001416c0        0x0 c:/devkitpro/devkitarm/bin/../lib/gcc/arm-none-eabi/4.9.2/../../../../arm-none-eabi/lib/armv6k/fpu\libg.a(lib_a-wcrtomb.o)
 .text          0x001416c0        0x0 c:/devkitpro/devkitarm/bin/../lib/gcc/arm-none-eabi/4.9.2/../../../../arm-none-eabi/lib/armv6k/fpu\libg.a(lib_a-wcsrtombs.o)
 .text          0x001416c0        0x0 c:/devkitpro/devkitarm/bin/../lib/gcc/arm-none-eabi/4.9.2/../../../../arm-none-eabi/lib/armv6k/fpu\libg.a(lib_a-wctomb_r.o)
 .text          0x001416c0        0x0 c:/devkitpro/devkitarm/bin/../lib/gcc/arm-none-eabi/4.9.2/../../../../arm-none-eabi/lib/armv6k/fpu\libg.a(lib_a-wsetup.o)
 .text          0x001416c0        0x0 c:/devkitpro/devkitarm/bin/../lib/gcc/arm-none-eabi/4.9.2/../../../../arm-none-eabi/lib/armv6k/fpu\libg.a(lib_a-__call_atexit.o)
 .text          0x001416c0        0x0 c:/devkitpro/devkitarm/bin/../lib/gcc/arm-none-eabi/4.9.2/../../../../arm-none-eabi/lib/armv6k/fpu\libg.a(lib_a-dtoa.o)
 .text          0x001416c0        0x0 c:/devkitpro/devkitarm/bin/../lib/gcc/arm-none-eabi/4.9.2/../../../../arm-none-eabi/lib/armv6k/fpu\libg.a(lib_a-flags.o)
 .text          0x001416c0        0x0 c:/devkitpro/devkitarm/bin/../lib/gcc/arm-none-eabi/4.9.2/../../../../arm-none-eabi/lib/armv6k/fpu\libg.a(lib_a-fvwrite.o)
 .text          0x001416c0        0x0 c:/devkitpro/devkitarm/bin/../lib/gcc/arm-none-eabi/4.9.2/../../../../arm-none-eabi/lib/armv6k/fpu\libg.a(lib_a-gdtoa-gethex.o)
 .text          0x001416c0        0x0 c:/devkitpro/devkitarm/bin/../lib/gcc/arm-none-eabi/4.9.2/../../../../arm-none-eabi/lib/armv6k/fpu\libg.a(lib_a-gdtoa-hexnan.o)
 .text          0x001416c0        0x0 c:/devkitpro/devkitarm/bin/../lib/gcc/arm-none-eabi/4.9.2/../../../../arm-none-eabi/lib/armv6k/fpu\libg.a(lib_a-locale.o)
 .text          0x001416c0        0x0 c:/devkitpro/devkitarm/bin/../lib/gcc/arm-none-eabi/4.9.2/../../../../arm-none-eabi/lib/armv6k/fpu\libg.a(lib_a-mbtowc_r.o)
 .text          0x001416c0        0x0 c:/devkitpro/devkitarm/bin/../lib/gcc/arm-none-eabi/4.9.2/../../../../arm-none-eabi/lib/armv6k/fpu\libg.a(lib_a-memchr.o)
 .text          0x001416c0        0x0 c:/devkitpro/devkitarm/bin/../lib/gcc/arm-none-eabi/4.9.2/../../../../arm-none-eabi/lib/armv6k/fpu\libg.a(lib_a-memmove.o)
 .text          0x001416c0        0x0 c:/devkitpro/devkitarm/bin/../lib/gcc/arm-none-eabi/4.9.2/../../../../arm-none-eabi/lib/armv6k/fpu\libg.a(lib_a-mprec.o)
 .text          0x001416c0        0x0 c:/devkitpro/devkitarm/bin/../lib/gcc/arm-none-eabi/4.9.2/../../../../arm-none-eabi/lib/armv6k/fpu\libg.a(lib_a-sf_nan.o)
 .text          0x001416c0        0x0 c:/devkitpro/devkitarm/bin/../lib/gcc/arm-none-eabi/4.9.2/../../../../arm-none-eabi/lib/armv6k/fpu\libg.a(lib_a-strcasecmp.o)
 .text          0x001416c0        0x0 c:/devkitpro/devkitarm/bin/../lib/gcc/arm-none-eabi/4.9.2/../../../../arm-none-eabi/lib/armv6k/fpu\libg.a(lib_a-strcat.o)
 .text          0x001416c0        0x0 c:/devkitpro/devkitarm/bin/../lib/gcc/arm-none-eabi/4.9.2/../../../../arm-none-eabi/lib/armv6k/fpu\libg.a(lib_a-strchr.o)
 .text          0x001416c0        0x0 c:/devkitpro/devkitarm/bin/../lib/gcc/arm-none-eabi/4.9.2/../../../../arm-none-eabi/lib/armv6k/fpu\libg.a(lib_a-strlcpy.o)
 .text          0x001416c0        0x0 c:/devkitpro/devkitarm/bin/../lib/gcc/arm-none-eabi/4.9.2/../../../../arm-none-eabi/lib/armv6k/fpu\libg.a(lib_a-strncasecmp.o)
 .text          0x001416c0        0x0 c:/devkitpro/devkitarm/bin/../lib/gcc/arm-none-eabi/4.9.2/../../../../arm-none-eabi/lib/armv6k/fpu\libg.a(lib_a-strncmp.o)
 .text          0x001416c0        0x0 c:/devkitpro/devkitarm/bin/../lib/gcc/arm-none-eabi/4.9.2/../../../../arm-none-eabi/lib/armv6k/fpu\libg.a(lib_a-strtol.o)
 .text          0x001416c0        0x0 c:/devkitpro/devkitarm/bin/../lib/gcc/arm-none-eabi/4.9.2/../../../../arm-none-eabi/lib/armv6k/fpu\libg.a(lib_a-svfiprintf.o)
 .text          0x001416c0        0x0 c:/devkitpro/devkitarm/bin/../lib/gcc/arm-none-eabi/4.9.2/../../../../arm-none-eabi/lib/armv6k/fpu\libg.a(lib_a-vfiprintf.o)
 .text          0x001416c0        0x0 c:/devkitpro/devkitarm/bin/../lib/gcc/arm-none-eabi/4.9.2/../../../../arm-none-eabi/lib/armv6k/fpu\libg.a(lib_a-wcsnrtombs.o)
 .text          0x001416c0        0x0 c:/devkitpro/devkitarm/bin/../lib/gcc/arm-none-eabi/4.9.2/../../../../arm-none-eabi/lib/armv6k/fpu\libg.a(lib_a-callocr.o)
 .text          0x001416c0        0x0 c:/devkitpro/devkitarm/bin/../lib/gcc/arm-none-eabi/4.9.2/../../../../arm-none-eabi/lib/armv6k/fpu\libg.a(lib_a-ctype_.o)
 .text          0x001416c0        0x0 c:/devkitpro/devkitarm/bin/../lib/gcc/arm-none-eabi/4.9.2/../../../../arm-none-eabi/lib/armv6k/fpu\libg.a(lib_a-fputwc.o)
 .text          0x001416c0        0x0 c:/devkitpro/devkitarm/bin/../lib/gcc/arm-none-eabi/4.9.2/../../../../arm-none-eabi/lib/armv6k/fpu\libg.a(lib_a-getenv_r.o)
 .text          0x001416c0        0x0 c:/devkitpro/devkitarm/bin/../lib/gcc/arm-none-eabi/4.9.2/../../../../arm-none-eabi/lib/armv6k/fpu\libg.a(lib_a-environ.o)
 .text          0x001416c0        0x0 c:/devkitpro/devkitarm/bin/../lib/gcc/arm-none-eabi/4.9.2/../../../../arm-none-eabi/lib/armv6k/fpu\libg.a(lib_a-envlock.o)
 .text          0x001416c0      0x1a8 c:/devkitpro/devkitarm/bin/../lib/gcc/arm-none-eabi/4.9.2/../../../../arm-none-eabi/lib/armv6k/fpu\libsysbase.a(iosupport.o)
                0x001416c0                setDefaultDevice
                0x001416d8                FindDevice
                0x00141784                RemoveDevice
                0x001417b0                AddDevice
                0x00141844                GetDeviceOpTab
 .text          0x00141868       0x7c c:/devkitpro/devkitarm/bin/../lib/gcc/arm-none-eabi/4.9.2/../../../../arm-none-eabi/lib/armv6k/fpu\libsysbase.a(close.o)
                0x00141868                _close_r
 .text          0x001418e4       0x6c c:/devkitpro/devkitarm/bin/../lib/gcc/arm-none-eabi/4.9.2/../../../../arm-none-eabi/lib/armv6k/fpu\libsysbase.a(fstat.o)
                0x001418e4                _fstat_r
 .text          0x00141950       0x10 c:/devkitpro/devkitarm/bin/../lib/gcc/arm-none-eabi/4.9.2/../../../../arm-none-eabi/lib/armv6k/fpu\libsysbase.a(getpid.o)
                0x00141950                _getpid_r
 .text          0x00141960       0x2c c:/devkitpro/devkitarm/bin/../lib/gcc/arm-none-eabi/4.9.2/../../../../arm-none-eabi/lib/armv6k/fpu\libsysbase.a(gettod.o)
                0x00141960                _gettimeofday_r
 .text          0x0014198c        0x8 c:/devkitpro/devkitarm/bin/../lib/gcc/arm-none-eabi/4.9.2/../../../../arm-none-eabi/lib/armv6k/fpu\libsysbase.a(isatty.o)
                0x0014198c                _isatty_r
 .text          0x00141994       0x10 c:/devkitpro/devkitarm/bin/../lib/gcc/arm-none-eabi/4.9.2/../../../../arm-none-eabi/lib/armv6k/fpu\libsysbase.a(kill.o)
                0x00141994                _kill_r
 .text          0x001419a4       0x74 c:/devkitpro/devkitarm/bin/../lib/gcc/arm-none-eabi/4.9.2/../../../../arm-none-eabi/lib/armv6k/fpu\libsysbase.a(lseek.o)
                0x001419a4                _lseek_r
 .text          0x00141a18       0xc8 c:/devkitpro/devkitarm/bin/../lib/gcc/arm-none-eabi/4.9.2/../../../../arm-none-eabi/lib/armv6k/fpu\libsysbase.a(open.o)
                0x00141a18                _open_r
 .text          0x00141ae0       0x74 c:/devkitpro/devkitarm/bin/../lib/gcc/arm-none-eabi/4.9.2/../../../../arm-none-eabi/lib/armv6k/fpu\libsysbase.a(read.o)
                0x00141ae0                _read_r
 .text          0x00141b54       0x70 c:/devkitpro/devkitarm/bin/../lib/gcc/arm-none-eabi/4.9.2/../../../../arm-none-eabi/lib/armv6k/fpu\libsysbase.a(sbrk.o)
                0x00141b54                _sbrk_r
 .text          0x00141bc4       0x5c c:/devkitpro/devkitarm/bin/../lib/gcc/arm-none-eabi/4.9.2/../../../../arm-none-eabi/lib/armv6k/fpu\libsysbase.a(unlink.o)
                0x00141bc4                _unlink_r
 .text          0x00141c20       0x74 c:/devkitpro/devkitarm/bin/../lib/gcc/arm-none-eabi/4.9.2/../../../../arm-none-eabi/lib/armv6k/fpu\libsysbase.a(write.o)
                0x00141c20                _write_r
 .text          0x00141c94       0x20 c:/devkitpro/devkitarm/bin/../lib/gcc/arm-none-eabi/4.9.2/../../../../arm-none-eabi/lib/armv6k/fpu\libsysbase.a(_exit.o)
                0x00141c94                _exit
 .text          0x00141cb4        0x0 c:/devkitpro/devkitarm/bin/../lib/gcc/arm-none-eabi/4.9.2/../../../../arm-none-eabi/lib/armv6k/fpu\libsysbase.a(malloc_vars.o)
 .text          0x00141cb4      0x3a4 c:/devkitpro/devkitarm/bin/../lib/gcc/arm-none-eabi/4.9.2/../../../../arm-none-eabi/lib/armv6k/fpu\libsysbase.a(chdir.o)
                0x00141cb4                _concatenate_path
                0x00141e70                chdir
                0x00141fb8                getcwd
 .text          0x00142058        0x8 c:/devkitpro/devkitarm/bin/../lib/gcc/arm-none-eabi/4.9.2/../../../../arm-none-eabi/lib/armv6k/fpu\libsysbase.a(flock.o)
                0x00142058                __flockfile
                0x0014205c                __funlockfile
 .text          0x00142060      0x108 c:/devkitpro/devkitarm/bin/../lib/gcc/arm-none-eabi/4.9.2/../../../../arm-none-eabi/lib/armv6k/fpu\libsysbase.a(syscall_support.o)
                0x00142060                __libc_lock_init
                0x00142078                __libc_lock_acquire
                0x00142090                __libc_lock_try_acquire
                0x001420b4                __libc_lock_release
                0x001420cc                __libc_lock_close
                0x001420e4                __libc_lock_init_recursive
                0x001420fc                __libc_lock_acquire_recursive
                0x00142114                __libc_lock_try_acquire_recursive
                0x00142138                __libc_lock_release_recursive
                0x00142150                __libc_lock_close_recursive
 .text          0x00142168      0x254 c:/devkitpro/devkitarm/bin/../lib/gcc/arm-none-eabi/4.9.2/../../../../arm-none-eabi/lib/armv6k/fpu\libsysbase.a(handle_manager.o)
                0x00142168                __free_handle
                0x001421ac                __release_handle
                0x001421d8                __alloc_handle
                0x00142240                __get_handle
                0x0014225c                dup
                0x001422e8                dup2
 .text          0x001423bc       0x28 c:/devkitpro/devkitarm/bin/../lib/gcc/arm-none-eabi/4.9.2/../../../../arm-none-eabi/lib/armv6k/fpu\libsysbase.a(getreent.o)
                0x001423bc                __getreent
 .text          0x001423e4       0x3c c:/devkitpro/devkitarm/bin/../lib/gcc/arm-none-eabi/4.9.2/armv6k/fpu\libgcc.a(_aeabi_uldivmod.o)
                0x001423e4                __aeabi_uldivmod
 .text          0x00142420       0x78 c:/devkitpro/devkitarm/bin/../lib/gcc/arm-none-eabi/4.9.2/armv6k/fpu\libgcc.a(bpabi.o)
                0x00142420                __gnu_ldivmod_helper
                0x0014245c                __gnu_uldivmod_helper
 .text          0x00142498      0x180 c:/devkitpro/devkitarm/bin/../lib/gcc/arm-none-eabi/4.9.2/armv6k/fpu\libgcc.a(_divdi3.o)
                0x00142498                __divdi3
 .text          0x00142618      0x124 c:/devkitpro/devkitarm/bin/../lib/gcc/arm-none-eabi/4.9.2/armv6k/fpu\libgcc.a(_udivdi3.o)
                0x00142618                __udivdi3
 .text          0x0014273c        0x0 c:/devkitpro/devkitarm/bin/../lib/gcc/arm-none-eabi/4.9.2/../../../../arm-none-eabi/lib/armv6k/fpu\libg.a(lib_a-strnlen.o)
 .text          0x0014273c        0x0 c:/devkitpro/devkitarm/bin/../lib/gcc/arm-none-eabi/4.9.2/../../../../arm-none-eabi/lib/armv6k/fpu\libg.a(lib_a-strrchr.o)
 .text          0x0014273c        0x0 c:/devkitpro/devkitarm/bin/../lib/gcc/arm-none-eabi/4.9.2/armv6k/fpu/crtend.o
 .text          0x0014273c        0x0 c:/devkitpro/devkitarm/bin/../lib/gcc/arm-none-eabi/4.9.2/armv6k/fpu/crtn.o
 *(.text.*)
 .text.startup  0x0014273c       0x9c main.o
                0x0014273c                main
 .text.unlikely
                0x001427d8      0x108 c:/devkitPro/portlibs/armv6k/lib\libpng.a(png.o)
 .text.cosf     0x001428e0       0xa8 c:/devkitpro/devkitarm/bin/../lib/gcc/arm-none-eabi/4.9.2/../../../../arm-none-eabi/lib/armv6k/fpu\libm.a(lib_a-sf_cos.o)
                0x001428e0                cosf
 .text.floor    0x00142988      0x180 c:/devkitpro/devkitarm/bin/../lib/gcc/arm-none-eabi/4.9.2/../../../../arm-none-eabi/lib/armv6k/fpu\libm.a(lib_a-s_floor.o)
                0x00142988                floor
 .text.frexp    0x00142b08       0x98 c:/devkitpro/devkitarm/bin/../lib/gcc/arm-none-eabi/4.9.2/../../../../arm-none-eabi/lib/armv6k/fpu\libm.a(lib_a-s_frexp.o)
                0x00142b08                frexp
 .text.sinf     0x00142ba0       0xb0 c:/devkitpro/devkitarm/bin/../lib/gcc/arm-none-eabi/4.9.2/../../../../arm-none-eabi/lib/armv6k/fpu\libm.a(lib_a-sf_sin.o)
                0x00142ba0                sinf
 .text.modf     0x00142c50       0xd4 c:/devkitpro/devkitarm/bin/../lib/gcc/arm-none-eabi/4.9.2/../../../../arm-none-eabi/lib/armv6k/fpu\libm.a(lib_a-s_modf.o)
                0x00142c50                modf
 *fill*         0x00142d24        0x4 
 .text.pow      0x00142d28      0x3c0 c:/devkitpro/devkitarm/bin/../lib/gcc/arm-none-eabi/4.9.2/../../../../arm-none-eabi/lib/armv6k/fpu\libm.a(lib_a-w_pow.o)
                0x00142d28                pow
 .text.__ieee754_rem_pio2f
                0x001430e8      0x2e0 c:/devkitpro/devkitarm/bin/../lib/gcc/arm-none-eabi/4.9.2/../../../../arm-none-eabi/lib/armv6k/fpu\libm.a(lib_a-ef_rem_pio2.o)
                0x001430e8                __ieee754_rem_pio2f
 .text.__ieee754_pow
                0x001433c8      0x880 c:/devkitpro/devkitarm/bin/../lib/gcc/arm-none-eabi/4.9.2/../../../../arm-none-eabi/lib/armv6k/fpu\libm.a(lib_a-e_pow.o)
                0x001433c8                __ieee754_pow
 .text.__ieee754_sqrt
                0x00143c48      0x200 c:/devkitpro/devkitarm/bin/../lib/gcc/arm-none-eabi/4.9.2/../../../../arm-none-eabi/lib/armv6k/fpu\libm.a(lib_a-e_sqrt.o)
                0x00143c48                __ieee754_sqrt
 .text.__kernel_cosf
                0x00143e48      0x124 c:/devkitpro/devkitarm/bin/../lib/gcc/arm-none-eabi/4.9.2/../../../../arm-none-eabi/lib/armv6k/fpu\libm.a(lib_a-kf_cos.o)
                0x00143e48                __kernel_cosf
 .text.__kernel_rem_pio2f
                0x00143f6c      0x838 c:/devkitpro/devkitarm/bin/../lib/gcc/arm-none-eabi/4.9.2/../../../../arm-none-eabi/lib/armv6k/fpu\libm.a(lib_a-kf_rem_pio2.o)
                0x00143f6c                __kernel_rem_pio2f
 .text.__kernel_sinf
                0x001447a4       0xa0 c:/devkitpro/devkitarm/bin/../lib/gcc/arm-none-eabi/4.9.2/../../../../arm-none-eabi/lib/armv6k/fpu\libm.a(lib_a-kf_sin.o)
                0x001447a4                __kernel_sinf
 .text.fabs     0x00144844       0x10 c:/devkitpro/devkitarm/bin/../lib/gcc/arm-none-eabi/4.9.2/../../../../arm-none-eabi/lib/armv6k/fpu\libm.a(lib_a-s_fabs.o)
                0x00144844                fabs
 .text.fabsf    0x00144854       0x10 c:/devkitpro/devkitarm/bin/../lib/gcc/arm-none-eabi/4.9.2/../../../../arm-none-eabi/lib/armv6k/fpu\libm.a(lib_a-sf_fabs.o)
                0x00144854                fabsf
 .text.floorf   0x00144864       0xb8 c:/devkitpro/devkitarm/bin/../lib/gcc/arm-none-eabi/4.9.2/../../../../arm-none-eabi/lib/armv6k/fpu\libm.a(lib_a-sf_floor.o)
                0x00144864                floorf
 .text.finite   0x0014491c       0x14 c:/devkitpro/devkitarm/bin/../lib/gcc/arm-none-eabi/4.9.2/../../../../arm-none-eabi/lib/armv6k/fpu\libm.a(lib_a-s_finite.o)
                0x0014491c                finite
 .text.__fpclassifyd
                0x00144930       0x74 c:/devkitpro/devkitarm/bin/../lib/gcc/arm-none-eabi/4.9.2/../../../../arm-none-eabi/lib/armv6k/fpu\libm.a(lib_a-s_fpclassify.o)
                0x00144930                __fpclassifyd
 .text.scalbnf  0x001449a4      0x118 c:/devkitpro/devkitarm/bin/../lib/gcc/arm-none-eabi/4.9.2/../../../../arm-none-eabi/lib/armv6k/fpu\libm.a(lib_a-sf_scalbn.o)
                0x001449a4                scalbnf
 .text.matherr  0x00144abc        0x8 c:/devkitpro/devkitarm/bin/../lib/gcc/arm-none-eabi/4.9.2/../../../../arm-none-eabi/lib/armv6k/fpu\libm.a(lib_a-s_matherr.o)
                0x00144abc                matherr
 *fill*         0x00144ac4        0x4 
 .text.nan      0x00144ac8       0x10 c:/devkitpro/devkitarm/bin/../lib/gcc/arm-none-eabi/4.9.2/../../../../arm-none-eabi/lib/armv6k/fpu\libm.a(lib_a-s_nan.o)
                0x00144ac8                nan
 .text.rint     0x00144ad8      0x170 c:/devkitpro/devkitarm/bin/../lib/gcc/arm-none-eabi/4.9.2/../../../../arm-none-eabi/lib/armv6k/fpu\libm.a(lib_a-s_rint.o)
                0x00144ad8                rint
 .text.scalbn   0x00144c48      0x198 c:/devkitpro/devkitarm/bin/../lib/gcc/arm-none-eabi/4.9.2/../../../../arm-none-eabi/lib/armv6k/fpu\libm.a(lib_a-s_scalbn.o)
                0x00144c48                scalbn
 .text.copysign
                0x00144de0       0x1c c:/devkitpro/devkitarm/bin/../lib/gcc/arm-none-eabi/4.9.2/../../../../arm-none-eabi/lib/armv6k/fpu\libm.a(lib_a-s_copysign.o)
                0x00144de0                copysign
 .text.copysignf
                0x00144dfc       0x1c c:/devkitpro/devkitarm/bin/../lib/gcc/arm-none-eabi/4.9.2/../../../../arm-none-eabi/lib/armv6k/fpu\libm.a(lib_a-sf_copysign.o)
                0x00144dfc                copysignf
 .text.abort    0x00144e18       0x14 c:/devkitpro/devkitarm/bin/../lib/gcc/arm-none-eabi/4.9.2/../../../../arm-none-eabi/lib/armv6k/fpu\libg.a(lib_a-abort.o)
                0x00144e18                abort
 .text.atof     0x00144e2c        0x8 c:/devkitpro/devkitarm/bin/../lib/gcc/arm-none-eabi/4.9.2/../../../../arm-none-eabi/lib/armv6k/fpu\libg.a(lib_a-atof.o)
                0x00144e2c                atof
 .text.bsearch  0x00144e34       0x78 c:/devkitpro/devkitarm/bin/../lib/gcc/arm-none-eabi/4.9.2/../../../../arm-none-eabi/lib/armv6k/fpu\libg.a(lib_a-bsearch.o)
                0x00144e34                bsearch
 .text.__errno  0x00144eac        0xc c:/devkitpro/devkitarm/bin/../lib/gcc/arm-none-eabi/4.9.2/../../../../arm-none-eabi/lib/armv6k/fpu\libg.a(lib_a-errno.o)
                0x00144eac                __errno
 .text.exit     0x00144eb8       0x34 c:/devkitpro/devkitarm/bin/../lib/gcc/arm-none-eabi/4.9.2/../../../../arm-none-eabi/lib/armv6k/fpu\libg.a(lib_a-exit.o)
                0x00144eb8                exit
 .text._fclose_r
                0x00144eec      0x118 c:/devkitpro/devkitarm/bin/../lib/gcc/arm-none-eabi/4.9.2/../../../../arm-none-eabi/lib/armv6k/fpu\libg.a(lib_a-fclose.o)
                0x00144eec                _fclose_r
 .text.fclose   0x00145004       0x18 c:/devkitpro/devkitarm/bin/../lib/gcc/arm-none-eabi/4.9.2/../../../../arm-none-eabi/lib/armv6k/fpu\libg.a(lib_a-fclose.o)
                0x00145004                fclose
 .text.__sflush_r
                0x0014501c      0x238 c:/devkitpro/devkitarm/bin/../lib/gcc/arm-none-eabi/4.9.2/../../../../arm-none-eabi/lib/armv6k/fpu\libg.a(lib_a-fflush.o)
                0x0014501c                __sflush_r
 .text._fflush_r
                0x00145254       0x98 c:/devkitpro/devkitarm/bin/../lib/gcc/arm-none-eabi/4.9.2/../../../../arm-none-eabi/lib/armv6k/fpu\libg.a(lib_a-fflush.o)
                0x00145254                _fflush_r
 .text.fflush   0x001452ec       0x38 c:/devkitpro/devkitarm/bin/../lib/gcc/arm-none-eabi/4.9.2/../../../../arm-none-eabi/lib/armv6k/fpu\libg.a(lib_a-fflush.o)
                0x001452ec                fflush
 .text._cleanup_r
                0x00145324        0xc c:/devkitpro/devkitarm/bin/../lib/gcc/arm-none-eabi/4.9.2/../../../../arm-none-eabi/lib/armv6k/fpu\libg.a(lib_a-findfp.o)
                0x00145324                _cleanup_r
 .text.__fp_lock
                0x00145330       0x1c c:/devkitpro/devkitarm/bin/../lib/gcc/arm-none-eabi/4.9.2/../../../../arm-none-eabi/lib/armv6k/fpu\libg.a(lib_a-findfp.o)
 .text.__fp_unlock
                0x0014534c       0x1c c:/devkitpro/devkitarm/bin/../lib/gcc/arm-none-eabi/4.9.2/../../../../arm-none-eabi/lib/armv6k/fpu\libg.a(lib_a-findfp.o)
 .text.__sinit.part.1
                0x00145368      0x15c c:/devkitpro/devkitarm/bin/../lib/gcc/arm-none-eabi/4.9.2/../../../../arm-none-eabi/lib/armv6k/fpu\libg.a(lib_a-findfp.o)
 .text.__sfmoreglue
                0x001454c4       0x48 c:/devkitpro/devkitarm/bin/../lib/gcc/arm-none-eabi/4.9.2/../../../../arm-none-eabi/lib/armv6k/fpu\libg.a(lib_a-findfp.o)
                0x001454c4                __sfmoreglue
 .text.__sfp    0x0014550c       0xe8 c:/devkitpro/devkitarm/bin/../lib/gcc/arm-none-eabi/4.9.2/../../../../arm-none-eabi/lib/armv6k/fpu\libg.a(lib_a-findfp.o)
                0x0014550c                __sfp
 .text._cleanup
                0x001455f4       0x18 c:/devkitpro/devkitarm/bin/../lib/gcc/arm-none-eabi/4.9.2/../../../../arm-none-eabi/lib/armv6k/fpu\libg.a(lib_a-findfp.o)
                0x001455f4                _cleanup
 .text.__sinit  0x0014560c       0x10 c:/devkitpro/devkitarm/bin/../lib/gcc/arm-none-eabi/4.9.2/../../../../arm-none-eabi/lib/armv6k/fpu\libg.a(lib_a-findfp.o)
                0x0014560c                __sinit
 .text.__sfp_lock_acquire
                0x0014561c        0x4 c:/devkitpro/devkitarm/bin/../lib/gcc/arm-none-eabi/4.9.2/../../../../arm-none-eabi/lib/armv6k/fpu\libg.a(lib_a-findfp.o)
                0x0014561c                __sfp_lock_acquire
 .text.__sfp_lock_release
                0x00145620        0x4 c:/devkitpro/devkitarm/bin/../lib/gcc/arm-none-eabi/4.9.2/../../../../arm-none-eabi/lib/armv6k/fpu\libg.a(lib_a-findfp.o)