Archive member included to satisfy reference by file (symbol)

c:/devkitPro/libctru/lib\libsfil.a(sfil_png.o)
                              main.o (sfil_load_PNG_buffer)
c:/devkitPro/portlibs/armv6k/lib\libpng.a(png.o)
                              c:/devkitPro/libctru/lib\libsfil.a(sfil_png.o) (png_set_sig_bytes)
c:/devkitPro/portlibs/armv6k/lib\libpng.a(pngerror.o)
                              c:/devkitPro/portlibs/armv6k/lib\libpng.a(png.o) (png_safecat)
c:/devkitPro/portlibs/armv6k/lib\libpng.a(pngget.o)
                              c:/devkitPro/libctru/lib\libsfil.a(sfil_png.o) (png_get_valid)
c:/devkitPro/portlibs/armv6k/lib\libpng.a(pngmem.o)
                              c:/devkitPro/portlibs/armv6k/lib\libpng.a(png.o) (png_calloc)
c:/devkitPro/portlibs/armv6k/lib\libpng.a(pngread.o)
                              c:/devkitPro/libctru/lib\libsfil.a(sfil_png.o) (png_create_read_struct)
c:/devkitPro/portlibs/armv6k/lib\libpng.a(pngrio.o)
                              c:/devkitPro/libctru/lib\libsfil.a(sfil_png.o) (png_set_read_fn)
c:/devkitPro/portlibs/armv6k/lib\libpng.a(pngrtran.o)
                              c:/devkitPro/portlibs/armv6k/lib\libpng.a(pngread.o) (png_set_background_fixed)
c:/devkitPro/portlibs/armv6k/lib\libpng.a(pngrutil.o)
                              c:/devkitPro/portlibs/armv6k/lib\libpng.a(pngread.o) (png_read_sig)
c:/devkitPro/portlibs/armv6k/lib\libpng.a(pngset.o)
                              c:/devkitPro/portlibs/armv6k/lib\libpng.a(pngrutil.o) (png_set_bKGD)
c:/devkitPro/portlibs/armv6k/lib\libpng.a(pngtrans.o)
                              c:/devkitPro/portlibs/armv6k/lib\libpng.a(pngread.o) (png_set_bgr)
c:/devkitPro/portlibs/armv6k/lib\libpng.a(pngwrite.o)
                              c:/devkitPro/portlibs/armv6k/lib\libpng.a(png.o) (png_destroy_write_struct)
c:/devkitPro/portlibs/armv6k/lib\libpng.a(pngwtran.o)
                              c:/devkitPro/portlibs/armv6k/lib\libpng.a(pngwrite.o) (png_do_write_transformations)
c:/devkitPro/portlibs/armv6k/lib\libpng.a(pngwutil.o)
                              c:/devkitPro/portlibs/armv6k/lib\libpng.a(pngwrite.o) (png_write_sig)
c:/devkitPro/portlibs/armv6k/lib\libpng.a(pngwio.o)
                              c:/devkitPro/portlibs/armv6k/lib\libpng.a(pngwutil.o) (png_write_data)
c:/devkitPro/portlibs/armv6k/lib\libz.a(adler32.o)
                              c:/devkitPro/portlibs/armv6k/lib\libpng.a(png.o) (adler32)
c:/devkitPro/portlibs/armv6k/lib\libz.a(crc32.o)
                              c:/devkitPro/portlibs/armv6k/lib\libpng.a(png.o) (crc32)
c:/devkitPro/portlibs/armv6k/lib\libz.a(deflate.o)
                              c:/devkitPro/portlibs/armv6k/lib\libpng.a(pngwutil.o) (deflateReset)
c:/devkitPro/portlibs/armv6k/lib\libz.a(inflate.o)
                              c:/devkitPro/portlibs/armv6k/lib\libpng.a(png.o) (inflateReset)
c:/devkitPro/portlibs/armv6k/lib\libz.a(inftrees.o)
                              c:/devkitPro/portlibs/armv6k/lib\libz.a(inflate.o) (inflate_table)
c:/devkitPro/portlibs/armv6k/lib\libz.a(trees.o)
                              c:/devkitPro/portlibs/armv6k/lib\libz.a(deflate.o) (_tr_init)
c:/devkitPro/portlibs/armv6k/lib\libz.a(zutil.o)
                              c:/devkitPro/portlibs/armv6k/lib\libz.a(deflate.o) (zcalloc)
c:/devkitPro/portlibs/armv6k/lib\libz.a(inffast.o)
                              c:/devkitPro/portlibs/armv6k/lib\libz.a(inflate.o) (inflate_fast)
c:/devkitPro/libctru/lib\libsf2d.a(sf2d.o)
                              main.o (sf2d_init)
c:/devkitPro/libctru/lib\libsf2d.a(sf2d_draw.o)
                              main.o (sf2d_draw_rectangle_rotate)
c:/devkitPro/libctru/lib\libsf2d.a(sf2d_private.o)
                              c:/devkitPro/libctru/lib\libsf2d.a(sf2d.o) (GPU_SetDummyTexEnv)
c:/devkitPro/libctru/lib\libsf2d.a(sf2d_texture.o)
                              c:/devkitPro/libctru/lib\libsfil.a(sfil_png.o) (sf2d_create_texture)
c:/devkitPro/libctru/lib\libsf2d.a(shader.vsh.o)
                              c:/devkitPro/libctru/lib\libsf2d.a(sf2d.o) (shader_vsh_shbin_size)
c:/devkitPro/libctru/lib\libctru.a(linear.o)
                              c:/devkitPro/libctru/lib\libsf2d.a(sf2d_texture.o) (linearMemAlign)
c:/devkitPro/libctru/lib\libctru.a(mem_pool.o)
                              c:/devkitPro/libctru/lib\libctru.a(linear.o) (MemPool::Allocate(MemChunk&, unsigned long, int))
c:/devkitPro/libctru/lib\libctru.a(vram.o)
                              c:/devkitPro/libctru/lib\libsf2d.a(sf2d.o) (vramMemAlign)
c:/devkitPro/libctru/lib\libctru.a(console.o)
                              main.o (consoleInit)
c:/devkitPro/libctru/lib\libctru.a(gfx.o)
                              c:/devkitPro/libctru/lib\libsf2d.a(sf2d.o) (gfxSet3D)
c:/devkitPro/libctru/lib\libctru.a(os.o)
                              c:/devkitPro/libctru/lib\libsf2d.a(sf2d.o) (osConvertVirtToPhys)
c:/devkitPro/libctru/lib\libctru.a(gpu.o)
[...]
Memory Configuration

Name             Origin             Length             Attributes
*default*        0x00000000         0xffffffff

Linker script and memory map

                0x00100000                . = 0x100000
                0x00100000                __start__ = .

.text           0x00100000    0x67e18
 *(.crt0)
 .crt0          0x00100000       0x94 c:/devkitpro/devkitarm/bin/../lib/gcc/arm-none-eabi/4.9.2/../../../../arm-none-eabi/lib/armv6k/fpu/3dsx_crt0.o
                0x00100000                _start
                0x00100008                __service_ptr
                0x0010000c                __apt_appid
                0x00100010                __heap_size
                0x00100014                __linear_heap_size
                0x00100018                __system_arglist
                0x0010001c                __system_runflags
 *(.init)
 .init          0x00100094        0xc c:/devkitpro/devkitarm/bin/../lib/gcc/arm-none-eabi/4.9.2/armv6k/fpu/crti.o
                0x00100094                _init
 .init          0x001000a0        0xc c:/devkitpro/devkitarm/bin/../lib/gcc/arm-none-eabi/4.9.2/armv6k/fpu/crtn.o
                0x001000ac                . = ALIGN (0x4)
 *(.text)
 .text          0x001000ac        0x0 c:/devkitpro/devkitarm/bin/../lib/gcc/arm-none-eabi/4.9.2/../../../../arm-none-eabi/lib/armv6k/fpu/3dsx_crt0.o
 .text          0x001000ac        0x0 c:/devkitpro/devkitarm/bin/../lib/gcc/arm-none-eabi/4.9.2/armv6k/fpu/crti.o
 .text          0x001000ac      0x108 c:/devkitpro/devkitarm/bin/../lib/gcc/arm-none-eabi/4.9.2/armv6k/fpu/crtbegin.o
 .text          0x001001b4        0x0 bg2.bin.o
 .text          0x001001b4        0x0 gfx.o
 .text          0x001001b4       0x50 main.o
                0x001001b4                check_keys
 .text          0x00100204       0xb4 mylib.o
                0x00100204                emalloc
                0x00100238                erealloc
                0x0010026c                rand_lim
                0x0010029c                mod
 .text          0x001002b8      0x770 sudoku.o
                0x001002b8                sudoku_new
                0x001002e8                sudoku_free
                0x00100304                sudoku_print
                0x0010037c                sudoku_empty
                0x001003a8                sudoku_default
                0x0010049c                sudoku_delete_space
                0x0010050c                sudoku_flip_vert
                0x00100588                sudoku_flip_hori
                0x00100600                sudoku_flip_dia1
                0x0010067c                sudoku_flip_dia2
                0x001006e4                sudoku_transform
                0x00100778                check_horizontals
                0x0010082c                check_verticals
                0x001008f0                check_boxes
 .text          0x00100a28      0x3e8 c:/devkitPro/libctru/lib\libsfil.a(sfil_png.o)
                0x00100d28                sfil_load_PNG_file
                0x00100dc4                sfil_load_PNG_buffer
 .text          0x00100e10     0x6ce0 c:/devkitPro/portlibs/armv6k/lib\libpng.a(png.o)
                0x00100e10                png_zalloc
                0x00100e68                png_zfree
                0x00101768                png_set_sig_bytes
                0x0010179c                png_sig_cmp
                0x0010180c                png_reset_crc
                0x0010182c                png_calculate_crc
                0x00101880                png_user_version_check
                0x00101980                png_create_png_struct
                0x00101a94                png_create_info_struct
                0x00101ad4                png_destroy_info_struct
                0x00101e5c                png_info_init_3
                0x00101eb8                png_data_freer
                0x00101f04                png_free_data
                0x00101f14                png_get_io_ptr
                0x00101f20                png_init_io
                0x00101f2c                png_save_int_32
                0x00101f4c                png_convert_to_rfc1123_buffer
                0x00102130                png_convert_to_rfc1123
                0x00102324                png_get_copyright
                0x00102330                png_get_libpng_ver
                0x0010233c                png_get_header_ver
                0x00102348                png_get_header_version
                0x00102354                png_build_grayscale_palette
                0x001023b4                png_handle_as_unknown
                0x00102428                png_chunk_unknown_handling
                0x001024b8                png_reset_zstream
                0x001024d0                png_access_version_number
                0x001024dc                png_zstream_error
                0x001025c0                png_colorspace_set_gamma
                0x00102730                png_colorspace_sync_info
                0x001027a0                png_colorspace_sync
                0x00102828                png_colorspace_set_sRGB
                0x00102aac                png_icc_check_length
                0x00102c44                png_icc_check_header
                0x00102fa0                png_icc_check_tag_table
                0x001030d8                png_icc_set_sRGB
                0x0010332c                png_colorspace_set_ICC
                0x00103704                png_colorspace_set_rgb_coefficients
                0x001039ac                png_check_IHDR
                0x00103c64                png_check_fp_number
                0x00103efc                png_check_fp_string
                0x001041bc                png_ascii_from_fp
                0x00104ae8                png_ascii_from_fixed
                0x00104f18                png_fixed
                0x00104fa0                png_muldiv
                0x00105058                png_muldiv_warn
                0x00105114                png_reciprocal
                0x001051a0                png_colorspace_set_endpoints
                0x001061a0                png_colorspace_set_chromaticities
                0x00106c74                png_gamma_significant
                0x00106c94                png_reciprocal2
                0x00106d50                png_gamma_8bit_correct
                0x00106dd8                png_gamma_16bit_correct
                0x00106e6c                png_gamma_correct
                0x00106f7c                png_destroy_gamma_table
                0x001070b0                png_build_gamma_table
                0x001079ec                png_set_option
                0x00107a4c                png_image_free
                0x00107a88                png_image_error
 .text          0x00107af0     0x1a6c c:/devkitPro/portlibs/armv6k/lib\libpng.a(pngerror.o)
                0x00107d5c                png_safecat
                0x00107dd0                png_format_number
                0x00107f3c                png_warning
                0x00108084                png_warning_parameter
                0x00108100                png_warning_parameter_unsigned
                0x00108194                png_warning_parameter_signed
                0x00108260                png_formatted_warning
                0x00108538                png_chunk_warning
                0x001086e4                png_free_jmpbuf
                0x00108774                png_longjmp
                0x001087a0                png_error
                0x00108800                png_app_warning
                0x00108958                png_app_error
                0x00108ab0                png_chunk_error
                0x00108adc                png_chunk_benign_error
                0x00108c80                png_benign_error
                0x00108f50                png_fixed_error
                0x00108fd0                png_set_longjmp_fn
                0x001090b4                png_chunk_report
                0x0010938c                png_set_error_fn
                0x001093a0                png_get_error_ptr
                0x001093ac                png_safe_error
                0x00109450                png_safe_warning
                0x001094c4                png_safe_execute
 *fill*         0x0010955c        0x4 
 .text          0x00109560     0x12d0 c:/devkitPro/portlibs/armv6k/lib\libpng.a(pngget.o)
                0x00109560                png_get_valid
                0x0010957c                png_get_rowbytes
                0x00109594                png_get_rows
                0x001095ac                png_get_image_width
                0x001095c4                png_get_image_height
                0x001095dc                png_get_bit_depth
                0x001095f4                png_get_color_type
                0x0010960c                png_get_filter_type
                0x00109624                png_get_interlace_type
                0x0010963c                png_get_compression_type
                0x00109654                png_get_x_pixels_per_meter
                0x00109688                png_get_y_pixels_per_meter
                0x001096bc                png_get_pixels_per_meter
                0x00109708                png_get_pixel_aspect_ratio
                0x00109750                png_get_pixel_aspect_ratio_fixed
                0x001097e0                png_get_x_offset_microns
                0x00109814                png_get_y_offset_microns
                0x00109848                png_get_x_offset_pixels
                0x0010987c                png_get_y_offset_pixels
                0x001098b0                png_get_pixels_per_inch
                0x0010993c                png_get_x_pixels_per_inch
                0x001099b8                png_get_y_pixels_per_inch
                0x00109a34                png_get_x_offset_inches_fixed
                0x00109a84                png_get_y_offset_inches_fixed
                0x00109ad4                png_get_x_offset_inches
                0x00109b24                png_get_y_offset_inches
                0x00109b74                png_get_pHYs_dpi
                0x00109c40                png_get_channels
                0x00109c58                png_get_signature
                0x00109c70                png_get_bKGD
                0x00109cac                png_get_cHRM
                0x00109dc0                png_get_cHRM_XYZ
                0x00109ef0                png_get_cHRM_XYZ_fixed
                0x00109fc8                png_get_cHRM_fixed
                0x0010a08c                png_get_gAMA_fixed
                0x0010a0c4                png_get_gAMA
                0x0010a118                png_get_sRGB
                0x0010a154                png_get_iCCP
                0x0010a1f8                png_get_sPLT
                0x0010a228                png_get_hIST
                0x0010a264                png_get_IHDR
                0x0010a320                png_get_oFFs
                0x0010a38c                png_get_pCAL
                0x0010a45c                png_get_sCAL_fixed
                0x0010a4e4                png_get_sCAL
                0x0010a53c                png_get_sCAL_s
                0x0010a580                png_get_pHYs
                0x0010a5e0                png_get_PLTE
                0x0010a624                png_get_sBIT
                0x0010a660                png_get_text
                0x0010a6a8                png_get_tIME
                0x0010a6e4                png_get_tRNS
                0x0010a774                png_get_unknown_chunks
                0x0010a7a4                png_get_rgb_to_gray_status
                0x0010a7b0                png_get_user_chunk_ptr
                0x0010a7bc                png_get_compression_buffer_size
                0x0010a7d8                png_get_user_width_max
                0x0010a7e4                png_get_user_height_max
                0x0010a7f0                png_get_chunk_cache_max
                0x0010a7fc                png_get_chunk_malloc_max
                0x0010a808                png_get_io_state
                0x0010a810                png_get_io_chunk_type
                0x0010a818                png_get_palette_max
 .text          0x0010a830      0x3ec c:/devkitPro/portlibs/armv6k/lib\libpng.a(pngmem.o)
                0x0010a830                png_destroy_png_struct
                0x0010a898                png_calloc
                0x0010a910                png_malloc_base
                0x0010a940                png_malloc_array
                0x0010a9bc                png_realloc_array
                0x0010aac4                png_malloc
                0x0010ab20                png_malloc_default
                0x0010ab60                png_malloc_warn
                0x0010abc4                png_free
                0x0010abe8                png_free_default
                0x0010abfc                png_set_mem_fn
                0x0010ac10                png_get_mem_ptr
 .text          0x0010ac1c     0x7704 c:/devkitPro/portlibs/armv6k/lib\libpng.a(pngread.o)
                0x00110874                png_create_read_struct
                0x001108cc                png_create_read_struct_2
                0x00110928                png_read_info
                0x00110938                png_read_update_info
                0x0011097c                png_start_read_image
                0x001109a0                png_read_row
                0x00110cf8                png_read_rows
                0x001110ec                png_read_image
                0x00111488                png_read_end
                0x00111918                png_destroy_read_struct
                0x00111b9c                png_set_read_status_fn
                0x00111ba8                png_read_png
                0x00111e60                png_image_begin_read_from_stdio
                0x00112010                png_image_begin_read_from_file
                0x001120d8                png_image_begin_read_from_memory
                0x00112174                png_image_finish_read
 .text          0x00112320       0xac c:/devkitPro/portlibs/armv6k/lib\libpng.a(pngrio.o)
                0x00112320                png_default_read_data
                0x0011235c                png_read_data
                0x0011237c                png_set_read_fn
 *fill*         0x001123cc        0x4 
 .text          0x001123d0     0x6020 c:/devkitPro/portlibs/armv6k/lib\libpng.a(pngrtran.o)
                0x0011371c                png_set_crc_action
                0x001137f8                png_set_background_fixed
                0x001138b0                png_set_background
                0x00113988                png_set_scale_16
                0x001139c0                png_set_strip_16
                0x001139f8                png_set_strip_alpha
                0x00113a30                png_set_alpha_mode_fixed
                0x00113c2c                png_set_alpha_mode
                0x00113edc                png_set_quantize
                0x00114784                png_set_gamma_fixed
                0x0011488c                png_set_gamma
                0x00114ac0                png_set_expand
                0x00114afc                png_set_palette_to_rgb
                0x00114b38                png_set_expand_gray_1_2_4_to_8
                0x00114b70                png_set_tRNS_to_alpha
                0x00114bac                png_set_expand_16
                0x00114be8                png_set_gray_to_rgb
                0x00114c20                png_set_rgb_to_gray_fixed
                0x00114d78                png_set_rgb_to_gray
                0x00114f1c                png_set_read_user_transform_fn
                0x00114f30                png_init_read_transformations
                0x00115c18                png_read_transform_info
                0x00115f08                png_do_read_transformations
 .text          0x001183f0     0x524c c:/devkitPro/portlibs/armv6k/lib\libpng.a(pngrutil.o)
                0x00119028                png_get_uint_31
                0x00119064                png_get_uint_32
                0x00119088                png_get_int_32
                0x001190ac                png_get_uint_16
                0x001190c0                png_read_sig
                0x0011916c                png_read_chunk_header
                0x001192dc                png_crc_read
                0x0011930c                png_crc_finish
                0x0011948c                png_crc_error
                0x0011952c                png_handle_IHDR
                0x001196a4                png_handle_PLTE
                0x001198c4                png_handle_IEND
                0x00119918                png_handle_gAMA
                0x001199fc                png_handle_sBIT
                0x00119c10                png_handle_cHRM
                0x00119ed0                png_handle_sRGB
                0x00119fd8                png_handle_iCCP
                0x0011a5bc                png_handle_sPLT
                0x0011a8dc                png_handle_tRNS
                0x0011ab18                png_handle_bKGD
                0x0011ad48                png_handle_hIST
                0x0011ae80                png_handle_pHYs
                0x0011afbc                png_handle_oFFs
                0x0011b10c                png_handle_pCAL
                0x0011b47c                png_handle_sCAL
                0x0011b704                png_handle_tIME
                0x0011b818                png_handle_tEXt
                0x0011b9d8                png_handle_zTXt
                0x0011bc2c                png_handle_iTXt
                0x0011bf94                png_handle_unknown
                0x0011c2ec                png_check_chunk_name
                0x0011c3b4                png_combine_row
                0x0011c8a4                png_do_read_interlace
                0x0011cd30                png_read_filter_row
                0x0011cdb8                png_read_IDAT_data
                0x0011d134                png_read_finish_IDAT
                0x0011d1ac                png_read_finish_row
                0x0011d2fc                png_read_start_row
 .text          0x0011d63c     0x1e70 c:/devkitPro/portlibs/armv6k/lib\libpng.a(pngset.o)
                0x0011d99c                png_set_bKGD
                0x0011d9e8                png_set_cHRM_fixed
                0x0011da78                png_set_cHRM_XYZ_fixed
                0x0011db10                png_set_cHRM
                0x0011dc64                png_set_cHRM_XYZ
                0x0011ddc0                png_set_gAMA_fixed
                0x0011ddf0                png_set_gAMA
                0x0011de34                png_set_hIST
                0x0011dee0                png_set_IHDR
                0x0011dfbc                png_set_oFFs
                0x0011dfe8                png_set_pCAL
                0x0011e268                png_set_sCAL_s
                0x0011e3cc                png_set_sCAL
                0x0011e598                png_set_sCAL_fixed
                0x0011e748                png_set_pHYs
                0x0011e774                png_set_PLTE
                0x0011e878                png_set_sBIT
                0x0011e8bc                png_set_sRGB
                0x0011e8ec                png_set_sRGB_gAMA_and_cHRM
                0x0011e92c                png_set_iCCP
                0x0011ea80                png_set_text
                0x0011eac4                png_set_text_2
                0x0011eafc                png_set_tIME
                0x0011eb9c                png_set_tRNS
                0x0011ecdc                png_set_sPLT
                0x0011ee4c                png_set_unknown_chunks
                0x0011efdc                png_set_unknown_chunk_location
                0x0011f088                png_permit_mng_features
                0x0011f09c                png_set_keep_unknown_chunks
                0x0011f350                png_set_read_user_chunk_fn
                0x0011f360                png_set_rows
                0x0011f3bc                png_set_compression_buffer_size
                0x0011f440                png_set_invalid
                0x0011f458                png_set_user_limits
                0x0011f468                png_set_chunk_cache_max
                0x0011f474                png_set_chunk_malloc_max
                0x0011f480                png_set_benign_errors
                0x0011f498                png_set_check_for_invalid_index
 .text          0x0011f4ac      0xa8c c:/devkitPro/portlibs/armv6k/lib\libpng.a(pngtrans.o)
                0x0011f4ac                png_set_bgr
                0x0011f4c0                png_set_swap
                0x0011f4e0                png_set_packing
                0x0011f508                png_set_packswap
                0x0011f528                png_set_shift
                0x0011f550                png_set_interlace_handling
                0x0011f580                png_set_filler
                0x0011f608                png_set_add_alpha
                0x0011f6b0                png_set_swap_alpha
                0x0011f6c4                png_set_invert_alpha
                0x0011f6d8                png_set_invert_mono
                0x0011f6ec                png_do_invert
                0x0011f8dc                png_do_swap
                0x0011f928                png_do_packswap
                0x0011f994                png_do_strip_channel
                0x0011fbc0                png_do_bgr
                0x0011fcfc                png_do_check_palette_indexes
                0x0011fec8                png_set_user_transform_info
                0x0011ff0c                png_get_user_transform_ptr
                0x0011ff18                png_get_current_row_number
                0x0011ff28                png_get_current_pass_number
 .text          0x0011ff38     0x37ac c:/devkitPro/portlibs/armv6k/lib\libpng.a(pngwrite.o)
                0x0012054c                png_write_info_before_PLTE
                0x00120b8c                png_write_info
                0x00120b9c                png_write_end
                0x00120de8                png_convert_from_struct_tm
                0x00120e28                png_convert_from_time_t
                0x00120e88                png_create_write_struct
                0x00120f14                png_create_write_struct_2
                0x00120fa4                png_write_rows
                0x00121374                png_write_image
                0x00121754                png_write_row
                0x001221fc                png_set_flush
                0x0012220c                png_write_flush
                0x00122250                png_destroy_write_struct
                0x00122300                png_set_filter
                0x00122c9c                png_set_filter_heuristics
                0x00122ca0                png_set_filter_heuristics_fixed
                0x00122ca4                png_set_compression_level
                0x00122cb0                png_set_compression_mem_level
                0x00122cbc                png_set_compression_strategy
                0x00122cd4                png_set_compression_window_bits
                0x00122d28                png_set_compression_method
                0x00122d58                png_set_text_compression_level
                0x00122d64                png_set_text_compression_mem_level
                0x00122d70                png_set_text_compression_strategy
                0x00122d7c                png_set_text_compression_window_bits
                0x00122dd0                png_set_text_compression_method
                0x00122e00                png_set_write_status_fn
                0x00122e0c                png_set_write_user_transform_fn
                0x00122e24                png_write_png
                0x00123354                png_image_write_to_stdio
                0x001235a4                png_image_write_to_file
 .text          0x001236e4      0x778 c:/devkitPro/portlibs/armv6k/lib\libpng.a(pngwtran.o)
                0x001236e4                png_do_write_transformations
 .text          0x00123e5c     0x4094 c:/devkitPro/portlibs/armv6k/lib\libpng.a(pngwutil.o)
                0x00124810                png_save_uint_32
                0x00124830                png_save_uint_16
                0x00124840                png_write_sig
                0x0012489c                png_write_chunk_start
                0x00124948                png_write_chunk_data
                0x00124984                png_write_chunk_end
                0x001249d0                png_write_chunk
                0x00124afc                png_free_buffer_list
                0x00124b34                png_write_IHDR
                0x00124ecc                png_write_PLTE
                0x00125064                png_compress_IDAT
                0x001254a0                png_write_IEND
                0x00125568                png_write_gAMA_fixed
                0x00125668                png_write_sRGB
                0x00125770                png_write_iCCP
                0x001259d8                png_write_sPLT
                0x00125c28                png_write_sBIT
                0x00125d30                png_write_cHRM_fixed
                0x00125e84                png_write_tRNS
                0x0012605c                png_write_bKGD
                0x0012625c                png_write_hIST
                0x00126398                png_write_tEXt
                0x00126548                png_write_zTXt
                0x00126790                png_write_iTXt
                0x00126b58                png_write_oFFs
                0x00126c80                png_write_pCAL
                0x00126f90                png_write_sCAL_s
                0x00127034                png_write_pHYs
                0x00127180                png_write_tIME
                0x0012721c                png_write_start_row
                0x00127370                png_write_finish_row
                0x001274b0                png_do_write_interlace
                0x00127720                png_write_find_filter
 .text          0x00127ef0       0xd8 c:/devkitPro/portlibs/armv6k/lib\libpng.a(pngwio.o)
                0x00127ef0                png_default_write_data
                0x00127f2c                png_default_flush
                0x00127f3c                png_write_data
                0x00127f5c                png_flush
                0x00127f6c                png_set_write_fn
 .text          0x00127fc8      0x5c0 c:/devkitPro/portlibs/armv6k/lib\libz.a(adler32.o)
                0x00127fc8                adler32
                0x00128410                adler32_combine
                0x001284cc                adler32_combine64
 .text          0x00128588      0x5d8 c:/devkitPro/portlibs/armv6k/lib\libz.a(crc32.o)
                0x0012879c                get_crc_table
                0x001287a8                crc32
                0x00128b58                crc32_combine
                0x00128b5c                crc32_combine64
 .text          0x00128b60     0x40e0 c:/devkitPro/portlibs/armv6k/lib\libz.a(deflate.o)
                0x0012a1dc                deflateSetDictionary
                0x0012a3f4                deflateResetKeep
                0x0012a4cc                deflateReset
                0x0012a634                deflateSetHeader
                0x0012a668                deflatePending
                0x0012a6b4                deflatePrime
                0x0012a75c                deflateTune
                0x0012a794                deflateBound
                0x0012a8a8                deflate
                0x0012c0f8                deflateParams
                0x0012c214                deflateEnd
                0x0012c334                deflateInit2_
                0x0012c6fc                deflateInit_
                0x0012ca3c                deflateCopy
 .text          0x0012cc40     0x2c58 c:/devkitPro/portlibs/armv6k/lib\libz.a(inflate.o)
                0x0012cc40                inflateResetKeep
                0x0012ccd0                inflateReset
                0x0012cd6c                inflateReset2
                0x0012ce8c                inflateInit2_
                0x0012d014                inflateInit_
                0x0012d178                inflatePrime
                0x0012d1f0                inflate
                0x0012f08c                inflateEnd
                0x0012f0f0                inflateGetDictionary
                0x0012f188                inflateSetDictionary
                0x0012f330                inflateGetHeader
                0x0012f36c                inflateSync
                0x0012f624                inflateSyncPoint
                0x0012f664                inflateCopy
                0x0012f810                inflateUndermine
                0x0012f840                inflateMark
 .text          0x0012f898      0xbf4 c:/devkitPro/portlibs/armv6k/lib\libz.a(inftrees.o)
                0x0012f898                inflate_table
 .text          0x0013048c     0x257c c:/devkitPro/portlibs/armv6k/lib\libz.a(trees.o)
                0x001319bc                _tr_init
                0x00131a88                _tr_stored_block
                0x00131c1c                _tr_flush_bits
                0x00131cb8                _tr_align
                0x00131e3c                _tr_flush_block
                0x00132950                _tr_tally
 .text          0x00132a08       0x38 c:/devkitPro/portlibs/armv6k/lib\libz.a(zutil.o)
                0x00132a08                zlibVersion
                0x00132a14                zlibCompileFlags
                0x00132a1c                zError
                0x00132a30                zcalloc
                0x00132a38                zcfree
 .text          0x00132a40      0xbe4 c:/devkitPro/portlibs/armv6k/lib\libz.a(inffast.o)
                0x00132a40                inflate_fast
 .text          0x00133624      0x75c c:/devkitPro/libctru/lib\libsf2d.a(sf2d.o)
                0x0013383c                sf2d_init
                0x00133864                sf2d_init_advanced
                0x00133884                sf2d_fini
                0x001338e8                sf2d_set_3D
                0x001338f4                sf2d_start_frame
                0x00133a84                sf2d_end_frame
                0x00133b9c                sf2d_swapbuffers
                0x00133c4c                sf2d_set_vblank_wait
                0x00133c5c                sf2d_get_fps
                0x00133c6c                sf2d_pool_malloc
                0x00133c98                sf2d_pool_memalign
                0x00133cd8                sf2d_pool_space_free
                0x00133cf0                sf2d_pool_reset
                0x00133d04                sf2d_set_clear_color
                0x00133d14                sf2d_set_scissor_test
                0x00133d60                sf2d_get_current_screen
                0x00133d70                sf2d_get_current_side
 .text          0x00133d80      0x7cc c:/devkitPro/libctru/lib\libsf2d.a(sf2d_draw.o)
                0x00133d80                sf2d_draw_line
                0x00133f58                sf2d_draw_rectangle
                0x00134110                sf2d_draw_rectangle_rotate
                0x00134364                sf2d_draw_fill_circle
 .text          0x0013454c      0x4f8 c:/devkitPro/libctru/lib\libsf2d.a(sf2d_private.o)
                0x0013454c                GPU_SetDummyTexEnv
                0x00134580                vector_mult_matrix4x4
                0x00134604                matrix_gpu_set_uniform
                0x00134654                matrix_copy
                0x00134690                matrix_identity4x4
                0x001346dc                matrix_mult4x4
                0x00134750                matrix_set_z_rotation
                0x001347c4                matrix_rotate_z
                0x00134824                matrix_set_scaling
                0x00134870                matrix_swap_xy
                0x00134910                matrix_init_orthographic
                0x00134a24                next_pow2
 .text          0x00134a44     0x2114 c:/devkitPro/libctru/lib\libsf2d.a(sf2d_texture.o)
                0x00134b68                sf2d_create_texture
                0x00134d54                sf2d_free_texture
                0x00134da4                sf2d_fill_texture_from_RGBA8
                0x00134e5c                sf2d_create_texture_mem_RGBA8
                0x00134ea0                sf2d_bind_texture
                0x00134f18                sf2d_bind_texture_color
                0x00134f98                sf2d_bind_texture_parameters
                0x00135010                sf2d_draw_texture
                0x00135150                sf2d_draw_texture_blend
                0x00135294                sf2d_draw_texture_rotate_hotspot
                0x00135444                sf2d_draw_texture_rotate_hotspot_blend
                0x001355f8                sf2d_draw_texture_rotate
                0x001357bc                sf2d_draw_texture_rotate_blend
                0x00135984                sf2d_draw_texture_part
                0x00135b00                sf2d_draw_texture_part_blend
                0x00135c80                sf2d_draw_texture_scale
                0x00135de8                sf2d_draw_texture_scale_blend
                0x00135f54                sf2d_draw_texture_part_scale
                0x001360a8                sf2d_draw_texture_part_scale_blend
                0x00136200                sf2d_draw_texture_part_rotate_scale
                0x00136418                sf2d_draw_texture_part_rotate_scale_blend
                0x00136634                sf2d_draw_texture_depth
                0x00136794                sf2d_draw_texture_depth_blend
                0x001368f8                sf2d_draw_quad_uv
                0x00136a24                sf2d_set_pixel
                0x00136ab8                sf2d_get_pixel
                0x00136b48                sf2d_texture_tile32
 .text          0x00136b58        0x0 c:/devkitPro/libctru/lib\libsf2d.a(shader.vsh.o)
 .text          0x00136b58      0x1d4 c:/devkitPro/libctru/lib\libctru.a(linear.o)
                0x00136b80                linearMemAlign
                0x00136cc0                linearAlloc
                0x00136cc8                linearRealloc
                0x00136cd0                linearFree
                0x00136d20                linearSpaceFree
 .text          0x00136d2c      0x35c c:/devkitPro/libctru/lib\libctru.a(mem_pool.o)
                0x00136d2c                MemPool::CoalesceRight(MemBlock*)
                0x00136dcc                MemPool::Allocate(MemChunk&, unsigned long, int)
                0x00136f54                MemPool::Deallocate(MemChunk const&)
                0x00137058                MemPool::GetFreeSpace()
 .text          0x00137088      0x1c4 c:/devkitPro/libctru/lib\libctru.a(vram.o)
                0x001370b0                vramMemAlign
                0x001371e0                vramAlloc
                0x001371e8                vramRealloc
                0x001371f0                vramFree
                0x00137240                vramSpaceFree
 .text          0x0013724c     0x1074 c:/devkitPro/libctru/lib\libctru.a(console.o)
                0x0013724c                debug_write
                0x00137268                consoleGetDefault
                0x00137274                consoleDebugInit
                0x001372f8                consoleSelect
                0x00137310                consoleSetFont
                0x0013732c                consoleDrawChar
                0x001374d8                consolePrintChar
                0x00137784                consoleInit
                0x00137a78                con_write
                0x0013827c                consoleClear
                0x00138288                consoleSetWindow
 .text          0x001382c0      0x72c c:/devkitPro/libctru/lib\libctru.a(gfx.o)
                0x0013834c                gfxSet3D
                0x0013835c                gfxSetScreenFormat
                0x00138374                gfxGetScreenFormat
                0x0013838c                gfxSetDoubleBuffering
                0x001383a0                gfxSetFramebufferInfo
                0x00138410                gfxWriteFramebufferInfo
                0x001384d4                gfxInit
                0x001386b4                gfxInitDefault
                0x001386c4                gfxExit
                0x00138790                gfxGetFramebuffer
                0x00138840                gfxFlushBuffers
                0x0013891c                gfxSwapBuffers
                0x00138990                gfxSwapBuffersGpu
 *fill*         0x001389ec        0x4 
 .text          0x001389f0      0x288 c:/devkitPro/libctru/lib\libctru.a(os.o)
                0x00138a48                osConvertVirtToPhys
                0x00138a94                osConvertOldLINEARMemToNew
                0x00138ab4                __libctru_gtod
                0x00138bac                osGetTime
                0x00138c20                osGetFirmVersion
                0x00138c34                osGetKernelVersion
                0x00138c48                osStrError
                0x00138c68                osGetWifiStrength
 .text          0x00138c78     0x1a58 c:/devkitPro/libctru/lib\libctru.a(gpu.o)
                0x00138cf8                GPU_Init
                0x00138d24                GPUCMD_SetBuffer
                0x00138d50                GPUCMD_SetBufferOffset
                0x00138d60                GPUCMD_GetBuffer
                0x00138da0                GPUCMD_AddRawCommands
                0x00138dec                GPUCMD_Run
                0x00138e4c                GPUCMD_FlushAndRun
                0x00138ec0                GPUCMD_Add
                0x00138fa4                GPUCMD_Finalize
                0x0013903c                GPU_Reset
                0x0013981c                GPU_SetFloatUniform
                0x00139894                GPU_SetViewport
                0x00139a88                GPU_SetScissorTest
                0x00139ad4                GPU_DepthMap
                0x00139b50                GPU_SetAlphaTest
                0x00139b88                GPU_SetStencilTest
                0x00139bd0                GPU_SetStencilOp
                0x00139c04                GPU_SetDepthTestAndWriteMask
                0x00139c3c                GPU_SetAlphaBlending
                0x00139ca4                GPU_SetColorLogicOp
                0x00139ce8                GPU_SetBlendingColor
                0x00139d24                GPU_SetTextureEnable
                0x00139d70                GPU_SetTexture
                0x00139f08                GPU_SetTextureBorderColor
                0x00139f9c                GPU_SetAttributeBuffers
                0x0013a198                GPU_SetAttributeBuffersAddress
                0x0013a1c4                GPU_SetFaceCulling
                0x0013a1f0                GPU_SetCombinerBufferWrite
                0x0013a224                GPU_SetTexEnv
                0x0013a29c                GPU_DrawArray
                0x0013a3cc                GPU_DrawElements
                0x0013a500                GPU_FinishDrawing
                0x0013a55c                GPU_SetShaderOutmap
                0x0013a5a4                GPU_SendShaderCode
                0x0013a65c                GPU_SendOperandDescriptors
 .text          0x0013a6d0        0x0 c:/devkitPro/libctru/lib\libctru.a(gpuResetSequence.o)
 .text          0x0013a6d0      0x7f4 c:/devkitPro/libctru/lib\libctru.a(shaderProgram.o)
                0x0013a6d0                shaderInstanceInit
                0x0013a8d8                shaderInstanceFree
                0x0013a910                shaderInstanceSetBool
                0x0013a950                shaderInstanceGetBool
                0x0013a99c                shaderInstanceGetUniformLocation
                0x0013a9bc                shaderProgramInit
                0x0013a9d4                shaderProgramFree
                0x0013aa04                shaderProgramSetVsh
                0x0013aa70                shaderProgramSetGsh
                0x0013aae4                shaderProgramUse
 .text          0x0013aec4      0x348 c:/devkitPro/libctru/lib\libctru.a(shbin.o)
                0x0013aec4                DVLB_Free
                0x0013af00                DVLE_GetUniformRegister
                0x0013af7c                DVLE_GenerateOutmap
                0x0013b074                DVLB_ParseFile
 .text          0x0013b20c     0x1d4c c:/devkitPro/libctru/lib\libctru.a(apt.o)
                0x0013b270                _aptDebug
                0x0013b274                aptInitCaptureInfo
                0x0013b324                aptWaitStatusEvent
                0x0013b34c                aptHook
                0x0013b384                aptUnhook
                0x0013b3b0                aptGetStatus
                0x0013b3e8                aptSetStatus
                0x0013b44c                aptGetStatusPower
                0x0013b484                aptSetStatusPower
                0x0013b4bc                aptOpenSession
                0x0013b4e0                aptCloseSession
                0x0013b508                aptSignalReadyForSleep
                0x0013b518                APT_GetLockHandle
                0x0013b568                APT_Initialize
                0x0013b5d0                APT_Finalize
                0x0013b60c                APT_HardwareResetAsync
                0x0013b640                APT_Enable
                0x0013b67c                APT_GetAppletManInfo
                0x0013b6fc                aptGetMenuAppID
                0x0013b738                APT_GetAppletProgramInfo
                0x0013b78c                APT_IsRegistered
                0x0013b7dc                APT_InquireNotification
                0x0013b82c                APT_PrepareToJumpToHomeMenu
                0x0013b860                APT_JumpToHomeMenu
                0x0013b8b0                APT_PrepareToJumpToApplication
                0x0013b8ec                APT_JumpToApplication
                0x0013b93c                APT_NotifyToWait
                0x0013b978                APT_AppletUtility
                0x0013ba00                aptAppletUtility_Exit_RetToApp
                0x0013bb20                aptAppletClosed
                0x0013bc5c                aptInit
                0x0013be14                APT_GlanceParameter
                0x0013be88                APT_ReceiveParameter
                0x0013befc                APT_SendParameter
                0x0013bf6c                APT_SendCaptureBufferInfo
                0x0013bfb8                aptReturnToMenu
                0x0013c18c                APT_ReplySleepQuery
                0x0013c1cc                APT_ReplySleepNotificationComplete
                0x0013c208                aptEventHandler
                0x0013c514                APT_PrepareToCloseApplication
                0x0013c550                APT_CloseApplication
                0x0013c5a8                aptExit
                0x0013c794                APT_SetAppCpuTimeLimit
                0x0013c7d8                APT_GetAppCpuTimeLimit
                0x0013c82c                APT_CheckNew3DS_Application
                0x0013c888                APT_CheckNew3DS_System
                0x0013c8e4                APT_CheckNew3DS
                0x0013c958                APT_PrepareToDoAppJump
                0x0013c9a4                APT_DoAppJump
                0x0013ca0c                APT_PrepareToStartLibraryApplet
                0x0013ca48                APT_StartLibraryApplet
                0x0013caa8                aptAppletStarted
                0x0013cbac                aptMainLoop
                0x0013cd24                APT_LaunchLibraryApplet
                0x0013cebc                APT_PrepareToStartSystemApplet
                0x0013cef8                APT_StartSystemApplet
 .text          0x0013cf58      0x8a0 c:/devkitPro/libctru/lib\libctru.a(gsp.o)
                0x0013d03c                gspInit
                0x0013d050                gspExit
                0x0013d068                gspInitEventHandler
                0x0013d134                gspExitEventHandler
                0x0013d18c                gspWaitForEvent
                0x0013d1e4                GSPGPU_WriteHWRegs
                0x0013d254                GSPGPU_WriteHWRegsWithMask
                0x0013d2e0                GSPGPU_ReadHWRegs
                0x0013d350                GSPGPU_SetBufferSwap
                0x0013d3c4                GSPGPU_FlushDataCache
                0x0013d418                GSPGPU_InvalidateDataCache
                0x0013d46c                GSPGPU_SetLcdForceBlack
                0x0013d4a8                GSPGPU_TriggerCmdReqQueue
                0x0013d4dc                GSPGPU_RegisterInterruptRelayQueue
                0x0013d548                GSPGPU_UnregisterInterruptRelayQueue
                0x0013d57c                GSPGPU_AcquireRight
                0x0013d5cc                GSPGPU_ReleaseRight
                0x0013d600                GSPGPU_ImportDisplayCaptureInfo
                0x0013d684                GSPGPU_SaveVramSysArea
                0x0013d6b8                GSPGPU_RestoreVramSysArea
                0x0013d6ec                GSPGPU_SubmitGxCommand
 .text          0x0013d7f8      0x264 c:/devkitPro/libctru/lib\libctru.a(gx.o)
                0x0013d7f8                GX_RequestDma
                0x0013d84c                GX_SetCommandList_Last
                0x0013d8b4                GX_SetMemoryFill
                0x0013d928                GX_SetDisplayTransfer
                0x0013d98c                GX_SetTextureCopy
                0x0013d9f4                GX_SetCommandList_First
 .text          0x0013da5c      0x708 c:/devkitPro/libctru/lib\libctru.a(hid.o)
                0x0013da5c                hidExit
                0x0013db00                hidWaitForEvent
                0x0013db58                hidCheckSectionUpdateTime
                0x0013db94                hidScanInput
                0x0013dddc                hidKeysHeld
                0x0013ddec                hidKeysDown
                0x0013ddfc                hidKeysUp
                0x0013de0c                hidTouchRead
                0x0013de24                hidCircleRead
                0x0013de3c                hidAccelRead
                0x0013de5c                hidGyroRead
                0x0013de7c                HIDUSER_GetHandles
                0x0013df0c                hidInit
                0x0013e040                HIDUSER_EnableAccelerometer
                0x0013e06c                HIDUSER_DisableAccelerometer
                0x0013e098                HIDUSER_EnableGyroscope
                0x0013e0c4                HIDUSER_DisableGyroscope
                0x0013e0f0                HIDUSER_GetGyroscopeRawToDpsCoefficient
                0x0013e12c                HIDUSER_GetSoundVolume
 .text          0x0013e164      0x388 c:/devkitPro/libctru/lib\libctru.a(irrst.o)
                0x0013e164                irrstWaitForEvent
                0x0013e1b0                irrstCheckSectionUpdateTime
                0x0013e1ec                irrstScanInput
                0x0013e2a0                irrstKeysHeld
                0x0013e2b8                irrstCstickRead
                0x0013e2d0                IRRST_GetHandles
                0x0013e320                IRRST_Initialize
                0x0013e358                irrstInit
                0x0013e43c                IRRST_Shutdown
                0x0013e468                irrstExit
 .text          0x0013e4ec       0x70 c:/devkitPro/libctru/lib\libctru.a(rbtree_find.o)
                0x0013e4ec                rbtree_find
 .text          0x0013e55c       0x14 c:/devkitPro/libctru/lib\libctru.a(rbtree_init.o)
                0x0013e55c                rbtree_init
 .text          0x0013e570      0x1f4 c:/devkitPro/libctru/lib\libctru.a(rbtree_insert.o)
                0x0013e754                rbtree_insert
                0x0013e75c                rbtree_insert_multi
 .text          0x0013e764      0x340 c:/devkitPro/libctru/lib\libctru.a(rbtree_remove.o)
                0x0013e764                rbtree_remove
 .text          0x0013eaa4       0xac c:/devkitPro/libctru/lib\libctru.a(rbtree_rotate.o)
                0x0013eaa4                rbtree_rotate
 .text          0x0013eb50       0xa4 c:/devkitPro/libctru/lib\libctru.a(allocateHeaps.o)
                0x0013eb50                __system_allocateHeaps
 .text          0x0013ebf4       0xf4 c:/devkitPro/libctru/lib\libctru.a(initArgv.o)
                0x0013ebf4                __system_initArgv
 .text          0x0013ece8       0x4c c:/devkitPro/libctru/lib\libctru.a(initSystem.o)
                0x0013ece8                __libctru_init
 *fill*         0x0013ed34        0xc 
 .text          0x0013ed40      0x460 c:/devkitPro/libctru/lib\libctru.a(svc.o)
                0x0013ed40                svcControlMemory
                0x0013ed60                svcQueryMemory
                0x0013ed90                svcExitProcess
                0x0013ed98                svcCreateThread
                0x0013edb8                svcExitThread
                0x0013edc0                svcSleepThread
                0x0013edc8                svcGetThreadPriority
                0x0013eddc                svcSetThreadPriority
                0x0013ede4                svcGetThreadAffinityMask
                0x0013edec                svcSetThreadAffinityMask
                0x0013edf4                svcGetThreadIdealProcessor
                0x0013ee08                svcSetThreadIdealProcessor
                0x0013ee10                svcGetProcessorID
                0x0013ee18                svcCreateMutex
                0x0013ee2c                svcReleaseMutex
                0x0013ee34                svcCreateSemaphore
                0x0013ee48                svcReleaseSemaphore
                0x0013ee5c                svcCreateEvent
                0x0013ee70                svcSignalEvent
                0x0013ee78                svcClearEvent
                0x0013ee80                svcCreateTimer
                0x0013ee94                svcSetTimer
                0x0013ee9c                svcCancelTimer
                0x0013eea4                svcClearTimer
                0x0013eeac                svcCreateMemoryBlock
                0x0013eec4                svcMapMemoryBlock
                0x0013eecc                svcUnmapMemoryBlock
                0x0013eed4                svcCreateAddressArbiter
                0x0013eee8                svcArbitrateAddress
                0x0013ef08                svcCloseHandle
                0x0013ef10                svcWaitSynchronization
                0x0013ef18                svcWaitSynchronizationN
                0x0013ef40                svcDuplicateHandle
                0x0013ef54                svcGetSystemTick
                0x0013ef5c                svcGetSystemInfo
                0x0013ef74                svcGetProcessInfo
                0x0013ef8c                svcGetThreadInfo
                0x0013efa4                svcConnectToPort
                0x0013efb8                svcSendSyncRequest
                0x0013efc0                svcOpenProcess
                0x0013efd4                svcOpenThread
                0x0013efe8                svcGetProcessId
                0x0013effc                svcGetProcessIdOfThread
                0x0013f010                svcGetThreadId
                0x0013f024                svcBreak
                0x0013f02c                svcOutputDebugString
                0x0013f034                svcCreatePort
                0x0013f054                svcAcceptSession
                0x0013f06c                svcReplyAndReceive
                0x0013f084                svcInvalidateProcessDataCache
                0x0013f08c                svcFlushProcessDataCache
                0x0013f094                svcStartInterProcessDma
                0x0013f0b4                svcStopDma
                0x0013f0bc                svcGetDmaState
                0x0013f0d0                svcDebugActiveProcess
                0x0013f0e4                svcBreakDebugProcess
                0x0013f0ec                svcTerminateDebugProcess
                0x0013f0f4                svcGetProcessDebugEvent
                0x0013f0fc                svcContinueDebugEvent
                0x0013f104                svcGetProcessList
                0x0013f124                svcReadProcessMemory
                0x0013f12c                svcWriteProcessMemory
                0x0013f134                svcControlProcessMemory
                0x0013f14c                svcMapProcessMemory
                0x0013f154                svcUnmapProcessMemory
                0x0013f15c                svcTerminateProcess
                0x0013f164                svcBackdoor
                0x0013f16c                svcKernelSetState
                0x0013f174                svcQueryProcessMemory
 .text          0x0013f1a0       0x64 c:/devkitPro/libctru/lib\libctru.a(stack_adjust.o)
                0x0013f1a0                initSystem
                0x0013f1e4                __ctru_exit
 .text          0x0013f204        0x0 c:/devkitPro/libctru/lib\libctru.a(default_font.bin.o)
 .text          0x0013f204      0x3b8 c:/devkitPro/libctru/lib\libctru.a(srv.o)
                0x0013f204                __get_handle_from_list
                0x0013f29c                __destroy_handle_list
                0x0013f2f0                srvExit
                0x0013f318                srvGetSessionHandle
                0x0013f324                srvRegisterClient
                0x0013f35c                srvInit
                0x0013f3c4                srvGetServiceHandle
                0x0013f444                srvRegisterService
                0x0013f4a0                srvUnregisterService
                0x0013f4ec                srvPmInit
                0x0013f540                srvRegisterProcess
                0x0013f588                srvUnregisterProcess
 .text          0x0013f5bc      0x118 c:/devkitPro/libctru/lib\libctru.a(rbtree_iterator.o)
                0x0013f5bc                rbtree_node_next
                0x0013f648                rbtree_node_prev
 .text          0x0013f6d4       0x1c c:/devkitPro/libctru/lib\libctru.a(appExit.o)
                0x0013f6d4                __appExit
 .text          0x0013f6f0       0x20 c:/devkitPro/libctru/lib\libctru.a(appInit.o)
                0x0013f6f0                __appInit
 .text          0x0013f710       0x90 c:/devkitPro/libctru/lib\libctru.a(ctru_exit.o)
                0x0013f710                __libctru_exit
 .text          0x0013f7a0      0xffc c:/devkitPro/libctru/lib\libctru.a(sdmc_dev.o)
                0x0014061c                sdmcInit
                0x0014074c                sdmcExit
 .text          0x0014079c      0xc88 c:/devkitPro/libctru/lib\libctru.a(fs.o)
                0x0014079c                FS_makePath
                0x001407c8                fsExit
                0x001407ec                fsGetSessionHandle
                0x001407f8                FSUSER_Initialize
                0x0014086c                fsInit
                0x001408d8                FSUSER_OpenFile
                0x00140984                FSUSER_OpenFileDirectly
                0x00140a50                FSUSER_DeleteFile
                0x00140ad8                FSUSER_RenameFile
                0x00140b9c                FSUSER_DeleteDirectory
                0x00140c24                FSUSER_DeleteDirectoryRecursively
                0x00140cac                FSUSER_CreateFile
                0x00140d44                FSUSER_CreateDirectory
                0x00140dd0                FSUSER_RenameDirectory
                0x00140e94                FSUSER_OpenDirectory
                0x00140f28                FSUSER_OpenArchive
                0x00140fb0                FSUSER_CloseArchive
                0x00141008                FSUSER_GetSdmcArchiveResource
                0x00141084                FSUSER_GetNandArchiveResource
                0x00141100                FSUSER_IsSdmcDetected
                0x0014114c                FSUSER_IsSdmcWritable
                0x00141198                FSFILE_Close
                0x001411dc                FSFILE_Read
                0x00141238                FSFILE_Write
                0x0014129c                FSFILE_GetSize
                0x001412dc                FSFILE_SetSize
                0x00141308                FSFILE_GetAttributes
                0x00141340                FSFILE_SetAttributes
                0x00141368                FSFILE_Flush
                0x0014138c                FSDIR_Read
                0x001413e0                FSDIR_Close
 .text          0x00141424      0x138 c:/devkitPro/libctru/lib\libctru.a(decode_utf8.o)
                0x00141424                decode_utf8
 .text          0x0014155c       0xe8 c:/devkitPro/libctru/lib\libctru.a(utf16_to_utf8.o)
                0x0014155c                utf16_to_utf8
 .text          0x00141644       0xb8 c:/devkitPro/libctru/lib\libctru.a(utf8_to_utf16.o)
                0x00141644                utf8_to_utf16
 .text          0x001416fc       0x60 c:/devkitPro/libctru/lib\libctru.a(decode_utf16.o)
                0x001416fc                decode_utf16
 .text          0x0014175c       0x68 c:/devkitPro/libctru/lib\libctru.a(encode_utf16.o)
                0x0014175c                encode_utf16
 .text          0x001417c4      0x104 c:/devkitPro/libctru/lib\libctru.a(encode_utf8.o)
                0x001417c4                encode_utf8
 .text          0x001418c8        0x0 c:/devkitpro/devkitarm/bin/../lib/gcc/arm-none-eabi/4.9.2/../../../../arm-none-eabi/lib/armv6k/fpu\libm.a(lib_a-sf_cos.o)
 .text          0x001418c8        0x0 c:/devkitpro/devkitarm/bin/../lib/gcc/arm-none-eabi/4.9.2/../../../../arm-none-eabi/lib/armv6k/fpu\libm.a(lib_a-s_floor.o)
 .text          0x001418c8        0x0 c:/devkitpro/devkitarm/bin/../lib/gcc/arm-none-eabi/4.9.2/../../../../arm-none-eabi/lib/armv6k/fpu\libm.a(lib_a-s_frexp.o)
 .text          0x001418c8        0x0 c:/devkitpro/devkitarm/bin/../lib/gcc/arm-none-eabi/4.9.2/../../../../arm-none-eabi/lib/armv6k/fpu\libm.a(lib_a-sf_sin.o)
 .text          0x001418c8        0x0 c:/devkitpro/devkitarm/bin/../lib/gcc/arm-none-eabi/4.9.2/../../../../arm-none-eabi/lib/armv6k/fpu\libm.a(lib_a-s_modf.o)
 .text          0x001418c8        0x0 c:/devkitpro/devkitarm/bin/../lib/gcc/arm-none-eabi/4.9.2/../../../../arm-none-eabi/lib/armv6k/fpu\libm.a(lib_a-w_pow.o)
 .text          0x001418c8        0x0 c:/devkitpro/devkitarm/bin/../lib/gcc/arm-none-eabi/4.9.2/../../../../arm-none-eabi/lib/armv6k/fpu\libm.a(lib_a-ef_rem_pio2.o)
 .text          0x001418c8        0x0 c:/devkitpro/devkitarm/bin/../lib/gcc/arm-none-eabi/4.9.2/../../../../arm-none-eabi/lib/armv6k/fpu\libm.a(lib_a-e_pow.o)
 .text          0x001418c8        0x0 c:/devkitpro/devkitarm/bin/../lib/gcc/arm-none-eabi/4.9.2/../../../../arm-none-eabi/lib/armv6k/fpu\libm.a(lib_a-e_sqrt.o)
 .text          0x001418c8        0x0 c:/devkitpro/devkitarm/bin/../lib/gcc/arm-none-eabi/4.9.2/../../../../arm-none-eabi/lib/armv6k/fpu\libm.a(lib_a-kf_cos.o)
 .text          0x001418c8        0x0 c:/devkitpro/devkitarm/bin/../lib/gcc/arm-none-eabi/4.9.2/../../../../arm-none-eabi/lib/armv6k/fpu\libm.a(lib_a-kf_rem_pio2.o)
 .text          0x001418c8        0x0 c:/devkitpro/devkitarm/bin/../lib/gcc/arm-none-eabi/4.9.2/../../../../arm-none-eabi/lib/armv6k/fpu\libm.a(lib_a-kf_sin.o)
 .text          0x001418c8        0x0 c:/devkitpro/devkitarm/bin/../lib/gcc/arm-none-eabi/4.9.2/../../../../arm-none-eabi/lib/armv6k/fpu\libm.a(lib_a-s_fabs.o)
 .text          0x001418c8        0x0 c:/devkitpro/devkitarm/bin/../lib/gcc/arm-none-eabi/4.9.2/../../../../arm-none-eabi/lib/armv6k/fpu\libm.a(lib_a-sf_fabs.o)
 .text          0x001418c8        0x0 c:/devkitpro/devkitarm/bin/../lib/gcc/arm-none-eabi/4.9.2/../../../../arm-none-eabi/lib/armv6k/fpu\libm.a(lib_a-sf_floor.o)
 .text          0x001418c8        0x0 c:/devkitpro/devkitarm/bin/../lib/gcc/arm-none-eabi/4.9.2/../../../../arm-none-eabi/lib/armv6k/fpu\libm.a(lib_a-s_finite.o)
 .text          0x001418c8        0x0 c:/devkitpro/devkitarm/bin/../lib/gcc/arm-none-eabi/4.9.2/../../../../arm-none-eabi/lib/armv6k/fpu\libm.a(lib_a-s_fpclassify.o)
 .text          0x001418c8        0x0 c:/devkitpro/devkitarm/bin/../lib/gcc/arm-none-eabi/4.9.2/../../../../arm-none-eabi/lib/armv6k/fpu\libm.a(lib_a-sf_scalbn.o)
 .text          0x001418c8        0x0 c:/devkitpro/devkitarm/bin/../lib/gcc/arm-none-eabi/4.9.2/../../../../arm-none-eabi/lib/armv6k/fpu\libm.a(lib_a-s_lib_ver.o)
 .text          0x001418c8        0x0 c:/devkitpro/devkitarm/bin/../lib/gcc/arm-none-eabi/4.9.2/../../../../arm-none-eabi/lib/armv6k/fpu\libm.a(lib_a-s_matherr.o)
 .text          0x001418c8        0x0 c:/devkitpro/devkitarm/bin/../lib/gcc/arm-none-eabi/4.9.2/../../../../arm-none-eabi/lib/armv6k/fpu\libm.a(lib_a-s_nan.o)
 .text          0x001418c8        0x0 c:/devkitpro/devkitarm/bin/../lib/gcc/arm-none-eabi/4.9.2/../../../../arm-none-eabi/lib/armv6k/fpu\libm.a(lib_a-s_rint.o)
 .text          0x001418c8        0x0 c:/devkitpro/devkitarm/bin/../lib/gcc/arm-none-eabi/4.9.2/../../../../arm-none-eabi/lib/armv6k/fpu\libm.a(lib_a-s_scalbn.o)
 .text          0x001418c8        0x0 c:/devkitpro/devkitarm/bin/../lib/gcc/arm-none-eabi/4.9.2/../../../../arm-none-eabi/lib/armv6k/fpu\libm.a(lib_a-s_copysign.o)
 .text          0x001418c8        0x0 c:/devkitpro/devkitarm/bin/../lib/gcc/arm-none-eabi/4.9.2/../../../../arm-none-eabi/lib/armv6k/fpu\libm.a(lib_a-sf_copysign.o)
 .text          0x001418c8      0x20c c:/devkitpro/devkitarm/bin/../lib/gcc/arm-none-eabi/4.9.2/armv6k/fpu\libgcc.a(_udivsi3.o)
                0x001418c8                __aeabi_uidiv
                0x001418c8                __udivsi3
                0x00141ab4                __aeabi_uidivmod
 .text          0x00141ad4      0x240 c:/devkitpro/devkitarm/bin/../lib/gcc/arm-none-eabi/4.9.2/armv6k/fpu\libgcc.a(_divsi3.o)
                0x00141ad4                __divsi3
                0x00141ad4                __aeabi_idiv
                0x00141cf4                __aeabi_idivmod
 .text          0x00141d14        0x4 c:/devkitpro/devkitarm/bin/../lib/gcc/arm-none-eabi/4.9.2/armv6k/fpu\libgcc.a(_dvmd_tls.o)
                0x00141d14                __aeabi_idiv0
                0x00141d14                __aeabi_ldiv0
 .text          0x00141d18      0x250 c:/devkitpro/devkitarm/bin/../lib/gcc/arm-none-eabi/4.9.2/armv6k/fpu\libgcc.a(_arm_addsubsf3.o)
                0x00141d18                __aeabi_frsub
                0x00141d20                __subsf3
                0x00141d20                __aeabi_fsub
                0x00141d24                __aeabi_fadd
                0x00141d24                __addsf3
                0x00141eb4                __aeabi_ui2f
                0x00141eb4                __floatunsisf
                0x00141ebc                __aeabi_i2f
                0x00141ebc                __floatsisf
                0x00141edc                __aeabi_ul2f
                0x00141edc                __floatundisf
                0x00141eec                __aeabi_l2f
                0x00141eec                __floatdisf
 .text          0x00141f68        0x0 c:/devkitpro/devkitarm/bin/../lib/gcc/arm-none-eabi/4.9.2/../../../../arm-none-eabi/lib/armv6k/fpu\libg.a(lib_a-abort.o)
 .text          0x00141f68        0x0 c:/devkitpro/devkitarm/bin/../lib/gcc/arm-none-eabi/4.9.2/../../../../arm-none-eabi/lib/armv6k/fpu\libg.a(lib_a-atof.o)
 .text          0x00141f68        0x0 c:/devkitpro/devkitarm/bin/../lib/gcc/arm-none-eabi/4.9.2/../../../../arm-none-eabi/lib/armv6k/fpu\libg.a(lib_a-bsearch.o)
 .text          0x00141f68        0x0 c:/devkitpro/devkitarm/bin/../lib/gcc/arm-none-eabi/4.9.2/../../../../arm-none-eabi/lib/armv6k/fpu\libg.a(lib_a-errno.o)
 .text          0x00141f68        0x0 c:/devkitpro/devkitarm/bin/../lib/gcc/arm-none-eabi/4.9.2/../../../../arm-none-eabi/lib/armv6k/fpu\libg.a(lib_a-exit.o)
 .text          0x00141f68        0x0 c:/devkitpro/devkitarm/bin/../lib/gcc/arm-none-eabi/4.9.2/../../../../arm-none-eabi/lib/armv6k/fpu\libg.a(lib_a-fclose.o)
 .text          0x00141f68        0x0 c:/devkitpro/devkitarm/bin/../lib/gcc/arm-none-eabi/4.9.2/../../../../arm-none-eabi/lib/armv6k/fpu\libg.a(lib_a-fflush.o)
 .text          0x00141f68        0x0 c:/devkitpro/devkitarm/bin/../lib/gcc/arm-none-eabi/4.9.2/../../../../arm-none-eabi/lib/armv6k/fpu\libg.a(lib_a-findfp.o)
 .text          0x00141f68        0x0 c:/devkitpro/devkitarm/bin/../lib/gcc/arm-none-eabi/4.9.2/../../../../arm-none-eabi/lib/armv6k/fpu\libg.a(lib_a-fini.o)
 .text          0x00141f68        0x0 c:/devkitpro/devkitarm/bin/../lib/gcc/arm-none-eabi/4.9.2/../../../../arm-none-eabi/lib/armv6k/fpu\libg.a(lib_a-fopen.o)
 .text          0x00141f68        0x0 c:/devkitpro/devkitarm/bin/../lib/gcc/arm-none-eabi/4.9.2/../../../../arm-none-eabi/lib/armv6k/fpu\libg.a(lib_a-fprintf.o)
 .text          0x00141f68        0x0 c:/devkitpro/devkitarm/bin/../lib/gcc/arm-none-eabi/4.9.2/../../../../arm-none-eabi/lib/armv6k/fpu\libg.a(lib_a-fputc.o)
 .text          0x00141f68        0x0 c:/devkitpro/devkitarm/bin/../lib/gcc/arm-none-eabi/4.9.2/../../../../arm-none-eabi/lib/armv6k/fpu\libg.a(lib_a-fread.o)
 .text          0x00141f68        0x0 c:/devkitpro/devkitarm/bin/../lib/gcc/arm-none-eabi/4.9.2/../../../../arm-none-eabi/lib/armv6k/fpu\libg.a(lib_a-freer.o)
 .text          0x00141f68        0x0 c:/devkitpro/devkitarm/bin/../lib/gcc/arm-none-eabi/4.9.2/../../../../arm-none-eabi/lib/armv6k/fpu\libg.a(lib_a-fseek.o)
 .text          0x00141f68        0x0 c:/devkitpro/devkitarm/bin/../lib/gcc/arm-none-eabi/4.9.2/../../../../arm-none-eabi/lib/armv6k/fpu\libg.a(lib_a-fseeko.o)
 .text          0x00141f68        0x0 c:/devkitpro/devkitarm/bin/../lib/gcc/arm-none-eabi/4.9.2/../../../../arm-none-eabi/lib/armv6k/fpu\libg.a(lib_a-fwalk.o)
 .text          0x00141f68        0x0 c:/devkitpro/devkitarm/bin/../lib/gcc/arm-none-eabi/4.9.2/../../../../arm-none-eabi/lib/armv6k/fpu\libg.a(lib_a-fwrite.o)
 .text          0x00141f68        0x0 c:/devkitpro/devkitarm/bin/../lib/gcc/arm-none-eabi/4.9.2/../../../../arm-none-eabi/lib/armv6k/fpu\libg.a(lib_a-gmtime.o)
 .text          0x00141f68        0x0 c:/devkitpro/devkitarm/bin/../lib/gcc/arm-none-eabi/4.9.2/../../../../arm-none-eabi/lib/armv6k/fpu\libg.a(lib_a-gmtime_r.o)
 .text          0x00141f68        0x0 c:/devkitpro/devkitarm/bin/../lib/gcc/arm-none-eabi/4.9.2/../../../../arm-none-eabi/lib/armv6k/fpu\libg.a(lib_a-impure.o)
 .text          0x00141f68        0x0 c:/devkitpro/devkitarm/bin/../lib/gcc/arm-none-eabi/4.9.2/../../../../arm-none-eabi/lib/armv6k/fpu\libg.a(lib_a-init.o)
 .text          0x00141f68        0x0 c:/devkitpro/devkitarm/bin/../lib/gcc/arm-none-eabi/4.9.2/../../../../arm-none-eabi/lib/armv6k/fpu\libg.a(lib_a-iprintf.o)
 .text          0x00141f68        0x0 c:/devkitpro/devkitarm/bin/../lib/gcc/arm-none-eabi/4.9.2/../../../../arm-none-eabi/lib/armv6k/fpu\libg.a(lib_a-makebuf.o)
 .text          0x00141f68        0x0 c:/devkitpro/devkitarm/bin/../lib/gcc/arm-none-eabi/4.9.2/../../../../arm-none-eabi/lib/armv6k/fpu\libg.a(lib_a-malloc.o)
 .text          0x00141f68        0x0 c:/devkitpro/devkitarm/bin/../lib/gcc/arm-none-eabi/4.9.2/../../../../arm-none-eabi/lib/armv6k/fpu\libg.a(lib_a-mallocr.o)
 .text          0x00141f68        0x0 c:/devkitpro/devkitarm/bin/../lib/gcc/arm-none-eabi/4.9.2/../../../../arm-none-eabi/lib/armv6k/fpu\libg.a(lib_a-memcmp.o)
 .text          0x00141f68        0x0 c:/devkitpro/devkitarm/bin/../lib/gcc/arm-none-eabi/4.9.2/../../../../arm-none-eabi/lib/armv6k/fpu\libg.a(lib_a-memcpy.o)
 .text          0x00141f68        0x0 c:/devkitpro/devkitarm/bin/../lib/gcc/arm-none-eabi/4.9.2/../../../../arm-none-eabi/lib/armv6k/fpu\libg.a(lib_a-memset.o)
 .text          0x00141f68        0x0 c:/devkitpro/devkitarm/bin/../lib/gcc/arm-none-eabi/4.9.2/../../../../arm-none-eabi/lib/armv6k/fpu\libg.a(lib_a-mlock.o)
 .text          0x00141f68        0x0 c:/devkitpro/devkitarm/bin/../lib/gcc/arm-none-eabi/4.9.2/../../../../arm-none-eabi/lib/armv6k/fpu\libg.a(lib_a-month_lengths.o)
 .text          0x00141f68        0x0 c:/devkitpro/devkitarm/bin/../lib/gcc/arm-none-eabi/4.9.2/../../../../arm-none-eabi/lib/armv6k/fpu\libg.a(lib_a-printf.o)
 .text          0x00141f68        0x0 c:/devkitpro/devkitarm/bin/../lib/gcc/arm-none-eabi/4.9.2/../../../../arm-none-eabi/lib/armv6k/fpu\libg.a(lib_a-putchar.o)
 .text          0x00141f68        0x0 c:/devkitpro/devkitarm/bin/../lib/gcc/arm-none-eabi/4.9.2/../../../../arm-none-eabi/lib/armv6k/fpu\libg.a(lib_a-putc.o)
 .text          0x00141f68        0x0 c:/devkitpro/devkitarm/bin/../lib/gcc/arm-none-eabi/4.9.2/../../../../arm-none-eabi/lib/armv6k/fpu\libg.a(lib_a-rand.o)
 .text          0x00141f68        0x0 c:/devkitpro/devkitarm/bin/../lib/gcc/arm-none-eabi/4.9.2/../../../../arm-none-eabi/lib/armv6k/fpu\libg.a(lib_a-realloc.o)
 .text          0x00141f68        0x0 c:/devkitpro/devkitarm/bin/../lib/gcc/arm-none-eabi/4.9.2/../../../../arm-none-eabi/lib/armv6k/fpu\libg.a(lib_a-reallocr.o)
 .text          0x00141f68        0x0 c:/devkitpro/devkitarm/bin/../lib/gcc/arm-none-eabi/4.9.2/../../../../arm-none-eabi/lib/armv6k/fpu\libg.a(lib_a-refill.o)
 .text          0x00141f68        0x0 c:/devkitpro/devkitarm/bin/../lib/gcc/arm-none-eabi/4.9.2/../../../../arm-none-eabi/lib/armv6k/fpu\libg.a(lib_a-remove.o)
 .text          0x00141f68       0x2c c:/devkitpro/devkitarm/bin/../lib/gcc/arm-none-eabi/4.9.2/../../../../arm-none-eabi/lib/armv6k/fpu\libg.a(lib_a-setjmp.o)
                0x00141f68                setjmp
                0x00141f7c                longjmp
 .text          0x00141f94        0x0 c:/devkitpro/devkitarm/bin/../lib/gcc/arm-none-eabi/4.9.2/../../../../arm-none-eabi/lib/armv6k/fpu\libg.a(lib_a-setvbuf.o)
 .text          0x00141f94        0x0 c:/devkitpro/devkitarm/bin/../lib/gcc/arm-none-eabi/4.9.2/../../../../arm-none-eabi/lib/armv6k/fpu\libg.a(lib_a-signal.o)
 .text          0x00141f94        0x0 c:/devkitpro/devkitarm/bin/../lib/gcc/arm-none-eabi/4.9.2/../../../../arm-none-eabi/lib/armv6k/fpu\libg.a(lib_a-sscanf.o)
 .text          0x00141f94        0x0 c:/devkitpro/devkitarm/bin/../lib/gcc/arm-none-eabi/4.9.2/../../../../arm-none-eabi/lib/armv6k/fpu\libg.a(lib_a-stdio.o)
 .text          0x00141f94        0x0 c:/devkitpro/devkitarm/bin/../lib/gcc/arm-none-eabi/4.9.2/../../../../arm-none-eabi/lib/armv6k/fpu\libg.a(lib_a-strchr.o)
 *fill*         0x00141f94        0xc 
 .text          0x00141fa0      0x3a0 c:/devkitpro/devkitarm/bin/../lib/gcc/arm-none-eabi/4.9.2/../../../../arm-none-eabi/lib/armv6k/fpu\libg.a(lib_a-strcmp.o)
                0x00141fa8                strcmp
 .text          0x00142340        0x0 c:/devkitpro/devkitarm/bin/../lib/gcc/arm-none-eabi/4.9.2/../../../../arm-none-eabi/lib/armv6k/fpu\libg.a(lib_a-strcpy.o)
 .text          0x00142340        0x0 c:/devkitpro/devkitarm/bin/../lib/gcc/arm-none-eabi/4.9.2/../../../../arm-none-eabi/lib/armv6k/fpu\libg.a(lib_a-strerror.o)
 .text          0x00142340        0x0 c:/devkitpro/devkitarm/bin/../lib/gcc/arm-none-eabi/4.9.2/../../../../arm-none-eabi/lib/armv6k/fpu\libg.a(lib_a-strlen.o)
 .text          0x00142340        0x0 c:/devkitpro/devkitarm/bin/../lib/gcc/arm-none-eabi/4.9.2/../../../../arm-none-eabi/lib/armv6k/fpu\libg.a(lib_a-strncat.o)
 .text          0x00142340        0x0 c:/devkitpro/devkitarm/bin/../lib/gcc/arm-none-eabi/4.9.2/../../../../arm-none-eabi/lib/armv6k/fpu\libg.a(lib_a-strncpy.o)
 .text          0x00142340        0x0 c:/devkitpro/devkitarm/bin/../lib/gcc/arm-none-eabi/4.9.2/../../../../arm-none-eabi/lib/armv6k/fpu\libg.a(lib_a-strtod.o)
 .text          0x00142340        0x0 c:/devkitpro/devkitarm/bin/../lib/gcc/arm-none-eabi/4.9.2/../../../../arm-none-eabi/lib/armv6k/fpu\libg.a(lib_a-svfscanf.o)
 .text          0x00142340        0x0 c:/devkitpro/devkitarm/bin/../lib/gcc/arm-none-eabi/4.9.2/../../../../arm-none-eabi/lib/armv6k/fpu\libg.a(lib_a-time.o)
 .text          0x00142340        0x0 c:/devkitpro/devkitarm/bin/../lib/gcc/arm-none-eabi/4.9.2/../../../../arm-none-eabi/lib/armv6k/fpu\libg.a(lib_a-u_strerr.o)
 .text          0x00142340        0x0 c:/devkitpro/devkitarm/bin/../lib/gcc/arm-none-eabi/4.9.2/../../../../arm-none-eabi/lib/armv6k/fpu\libg.a(lib_a-vfiprintf.o)
 .text          0x00142340        0x0 c:/devkitpro/devkitarm/bin/../lib/gcc/arm-none-eabi/4.9.2/../../../../arm-none-eabi/lib/armv6k/fpu\libg.a(lib_a-vfprintf.o)
 .text          0x00142340        0x0 c:/devkitpro/devkitarm/bin/../lib/gcc/arm-none-eabi/4.9.2/../../../../arm-none-eabi/lib/armv6k/fpu\libg.a(lib_a-wbuf.o)
 .text          0x00142340        0x0 c:/devkitpro/devkitarm/bin/../lib/gcc/arm-none-eabi/4.9.2/../../../../arm-none-eabi/lib/armv6k/fpu\libg.a(lib_a-wcrtomb.o)
 .text          0x00142340        0x0 c:/devkitpro/devkitarm/bin/../lib/gcc/arm-none-eabi/4.9.2/../../../../arm-none-eabi/lib/armv6k/fpu\libg.a(lib_a-wcsrtombs.o)
 .text          0x00142340        0x0 c:/devkitpro/devkitarm/bin/../lib/gcc/arm-none-eabi/4.9.2/../../../../arm-none-eabi/lib/armv6k/fpu\libg.a(lib_a-wctomb_r.o)
 .text          0x00142340        0x0 c:/devkitpro/devkitarm/bin/../lib/gcc/arm-none-eabi/4.9.2/../../../../arm-none-eabi/lib/armv6k/fpu\libg.a(lib_a-wsetup.o)
 .text          0x00142340        0x0 c:/devkitpro/devkitarm/bin/../lib/gcc/arm-none-eabi/4.9.2/../../../../arm-none-eabi/lib/armv6k/fpu\libg.a(lib_a-__call_atexit.o)
 .text          0x00142340        0x0 c:/devkitpro/devkitarm/bin/../lib/gcc/arm-none-eabi/4.9.2/../../../../arm-none-eabi/lib/armv6k/fpu\libg.a(lib_a-ctype_.o)
 .text          0x00142340        0x0 c:/devkitpro/devkitarm/bin/../lib/gcc/arm-none-eabi/4.9.2/../../../../arm-none-eabi/lib/armv6k/fpu\libg.a(lib_a-dtoa.o)
 .text          0x00142340        0x0 c:/devkitpro/devkitarm/bin/../lib/gcc/arm-none-eabi/4.9.2/../../../../arm-none-eabi/lib/armv6k/fpu\libg.a(lib_a-flags.o)
 .text          0x00142340        0x0 c:/devkitpro/devkitarm/bin/../lib/gcc/arm-none-eabi/4.9.2/../../../../arm-none-eabi/lib/armv6k/fpu\libg.a(lib_a-fputwc.o)
 .text          0x00142340        0x0 c:/devkitpro/devkitarm/bin/../lib/gcc/arm-none-eabi/4.9.2/../../../../arm-none-eabi/lib/armv6k/fpu\libg.a(lib_a-fvwrite.o)
 .text          0x00142340        0x0 c:/devkitpro/devkitarm/bin/../lib/gcc/arm-none-eabi/4.9.2/../../../../arm-none-eabi/lib/armv6k/fpu\libg.a(lib_a-gdtoa-gethex.o)
 .text          0x00142340        0x0 c:/devkitpro/devkitarm/bin/../lib/gcc/arm-none-eabi/4.9.2/../../../../arm-none-eabi/lib/armv6k/fpu\libg.a(lib_a-gdtoa-hexnan.o)
 .text          0x00142340        0x0 c:/devkitpro/devkitarm/bin/../lib/gcc/arm-none-eabi/4.9.2/../../../../arm-none-eabi/lib/armv6k/fpu\libg.a(lib_a-iswspace.o)
 .text          0x00142340        0x0 c:/devkitpro/devkitarm/bin/../lib/gcc/arm-none-eabi/4.9.2/../../../../arm-none-eabi/lib/armv6k/fpu\libg.a(lib_a-jp2uc.o)
 .text          0x00142340        0x0 c:/devkitpro/devkitarm/bin/../lib/gcc/arm-none-eabi/4.9.2/../../../../arm-none-eabi/lib/armv6k/fpu\libg.a(lib_a-locale.o)
 .text          0x00142340        0x0 c:/devkitpro/devkitarm/bin/../lib/gcc/arm-none-eabi/4.9.2/../../../../arm-none-eabi/lib/armv6k/fpu\libg.a(lib_a-mbrtowc.o)
 .text          0x00142340        0x0 c:/devkitpro/devkitarm/bin/../lib/gcc/arm-none-eabi/4.9.2/../../../../arm-none-eabi/lib/armv6k/fpu\libg.a(lib_a-mbtowc_r.o)
 .text          0x00142340        0x0 c:/devkitpro/devkitarm/bin/../lib/gcc/arm-none-eabi/4.9.2/../../../../arm-none-eabi/lib/armv6k/fpu\libg.a(lib_a-memchr.o)
 .text          0x00142340        0x0 c:/devkitpro/devkitarm/bin/../lib/gcc/arm-none-eabi/4.9.2/../../../../arm-none-eabi/lib/armv6k/fpu\libg.a(lib_a-memmove.o)
 .text          0x00142340        0x0 c:/devkitpro/devkitarm/bin/../lib/gcc/arm-none-eabi/4.9.2/../../../../arm-none-eabi/lib/armv6k/fpu\libg.a(lib_a-mprec.o)
 .text          0x00142340        0x0 c:/devkitpro/devkitarm/bin/../lib/gcc/arm-none-eabi/4.9.2/../../../../arm-none-eabi/lib/armv6k/fpu\libg.a(lib_a-sccl.o)
 .text          0x00142340        0x0 c:/devkitpro/devkitarm/bin/../lib/gcc/arm-none-eabi/4.9.2/../../../../arm-none-eabi/lib/armv6k/fpu\libg.a(lib_a-sf_nan.o)
 .text          0x00142340        0x0 c:/devkitpro/devkitarm/bin/../lib/gcc/arm-none-eabi/4.9.2/../../../../arm-none-eabi/lib/armv6k/fpu\libg.a(lib_a-sprintf.o)
 .text          0x00142340        0x0 c:/devkitpro/devkitarm/bin/../lib/gcc/arm-none-eabi/4.9.2/../../../../arm-none-eabi/lib/armv6k/fpu\libg.a(lib_a-stpncpy.o)
 .text          0x00142340        0x0 c:/devkitpro/devkitarm/bin/../lib/gcc/arm-none-eabi/4.9.2/../../../../arm-none-eabi/lib/armv6k/fpu\libg.a(lib_a-strcasecmp.o)
 .text          0x00142340        0x0 c:/devkitpro/devkitarm/bin/../lib/gcc/arm-none-eabi/4.9.2/../../../../arm-none-eabi/lib/armv6k/fpu\libg.a(lib_a-strcat.o)
 .text          0x00142340        0x0 c:/devkitpro/devkitarm/bin/../lib/gcc/arm-none-eabi/4.9.2/../../../../arm-none-eabi/lib/armv6k/fpu\libg.a(lib_a-strlcpy.o)
 .text          0x00142340        0x0 c:/devkitpro/devkitarm/bin/../lib/gcc/arm-none-eabi/4.9.2/../../../../arm-none-eabi/lib/armv6k/fpu\libg.a(lib_a-strncasecmp.o)
 .text          0x00142340        0x0 c:/devkitpro/devkitarm/bin/../lib/gcc/arm-none-eabi/4.9.2/../../../../arm-none-eabi/lib/armv6k/fpu\libg.a(lib_a-strncmp.o)
 .text          0x00142340        0x0 c:/devkitpro/devkitarm/bin/../lib/gcc/arm-none-eabi/4.9.2/../../../../arm-none-eabi/lib/armv6k/fpu\libg.a(lib_a-strtoll_r.o)
 .text          0x00142340        0x0 c:/devkitpro/devkitarm/bin/../lib/gcc/arm-none-eabi/4.9.2/../../../../arm-none-eabi/lib/armv6k/fpu\libg.a(lib_a-strtol.o)
 .text          0x00142340        0x0 c:/devkitpro/devkitarm/bin/../lib/gcc/arm-none-eabi/4.9.2/../../../../arm-none-eabi/lib/armv6k/fpu\libg.a(lib_a-strtoull_r.o)
 .text          0x00142340        0x0 c:/devkitpro/devkitarm/bin/../lib/gcc/arm-none-eabi/4.9.2/../../../../arm-none-eabi/lib/armv6k/fpu\libg.a(lib_a-strtoul.o)
 .text          0x00142340        0x0 c:/devkitpro/devkitarm/bin/../lib/gcc/arm-none-eabi/4.9.2/../../../../arm-none-eabi/lib/armv6k/fpu\libg.a(lib_a-svfiprintf.o)
 .text          0x00142340        0x0 c:/devkitpro/devkitarm/bin/../lib/gcc/arm-none-eabi/4.9.2/../../../../arm-none-eabi/lib/armv6k/fpu\libg.a(lib_a-svfiscanf.o)
 .text          0x00142340        0x0 c:/devkitpro/devkitarm/bin/../lib/gcc/arm-none-eabi/4.9.2/../../../../arm-none-eabi/lib/armv6k/fpu\libg.a(lib_a-svfprintf.o)
 .text          0x00142340        0x0 c:/devkitpro/devkitarm/bin/../lib/gcc/arm-none-eabi/4.9.2/../../../../arm-none-eabi/lib/armv6k/fpu\libg.a(lib_a-ungetc.o)
 .text          0x00142340        0x0 c:/devkitpro/devkitarm/bin/../lib/gcc/arm-none-eabi/4.9.2/../../../../arm-none-eabi/lib/armv6k/fpu\libg.a(lib_a-wcsnrtombs.o)
 .text          0x00142340        0x0 c:/devkitpro/devkitarm/bin/../lib/gcc/arm-none-eabi/4.9.2/../../../../arm-none-eabi/lib/armv6k/fpu\libg.a(lib_a-callocr.o)
 .text          0x00142340        0x0 c:/devkitpro/devkitarm/bin/../lib/gcc/arm-none-eabi/4.9.2/../../../../arm-none-eabi/lib/armv6k/fpu\libg.a(lib_a-getenv_r.o)
 .text          0x00142340        0x0 c:/devkitpro/devkitarm/bin/../lib/gcc/arm-none-eabi/4.9.2/../../../../arm-none-eabi/lib/armv6k/fpu\libg.a(lib_a-environ.o)
 .text          0x00142340        0x0 c:/devkitpro/devkitarm/bin/../lib/gcc/arm-none-eabi/4.9.2/../../../../arm-none-eabi/lib/armv6k/fpu\libg.a(lib_a-envlock.o)
 .text          0x00142340      0x1a8 c:/devkitpro/devkitarm/bin/../lib/gcc/arm-none-eabi/4.9.2/../../../../arm-none-eabi/lib/armv6k/fpu\libsysbase.a(iosupport.o)
                0x00142340                setDefaultDevice
                0x00142358                FindDevice
                0x00142404                RemoveDevice
                0x00142430                AddDevice
                0x001424c4                GetDeviceOpTab
 .text          0x001424e8       0x7c c:/devkitpro/devkitarm/bin/../lib/gcc/arm-none-eabi/4.9.2/../../../../arm-none-eabi/lib/armv6k/fpu\libsysbase.a(close.o)
                0x001424e8                _close_r
 .text          0x00142564       0x6c c:/devkitpro/devkitarm/bin/../lib/gcc/arm-none-eabi/4.9.2/../../../../arm-none-eabi/lib/armv6k/fpu\libsysbase.a(fstat.o)
                0x00142564                _fstat_r
 .text          0x001425d0       0x10 c:/devkitpro/devkitarm/bin/../lib/gcc/arm-none-eabi/4.9.2/../../../../arm-none-eabi/lib/armv6k/fpu\libsysbase.a(getpid.o)
                0x001425d0                _getpid_r
 .text          0x001425e0       0x2c c:/devkitpro/devkitarm/bin/../lib/gcc/arm-none-eabi/4.9.2/../../../../arm-none-eabi/lib/armv6k/fpu\libsysbase.a(gettod.o)
                0x001425e0                _gettimeofday_r
 .text          0x0014260c        0x8 c:/devkitpro/devkitarm/bin/../lib/gcc/arm-none-eabi/4.9.2/../../../../arm-none-eabi/lib/armv6k/fpu\libsysbase.a(isatty.o)
                0x0014260c                _isatty_r
 .text          0x00142614       0x10 c:/devkitpro/devkitarm/bin/../lib/gcc/arm-none-eabi/4.9.2/../../../../arm-none-eabi/lib/armv6k/fpu\libsysbase.a(kill.o)
                0x00142614                _kill_r
 .text          0x00142624       0x74 c:/devkitpro/devkitarm/bin/../lib/gcc/arm-none-eabi/4.9.2/../../../../arm-none-eabi/lib/armv6k/fpu\libsysbase.a(lseek.o)
                0x00142624                _lseek_r
 .text          0x00142698       0xc8 c:/devkitpro/devkitarm/bin/../lib/gcc/arm-none-eabi/4.9.2/../../../../arm-none-eabi/lib/armv6k/fpu\libsysbase.a(open.o)
                0x00142698                _open_r
 .text          0x00142760       0x74 c:/devkitpro/devkitarm/bin/../lib/gcc/arm-none-eabi/4.9.2/../../../../arm-none-eabi/lib/armv6k/fpu\libsysbase.a(read.o)
                0x00142760                _read_r
 .text          0x001427d4       0x70 c:/devkitpro/devkitarm/bin/../lib/gcc/arm-none-eabi/4.9.2/../../../../arm-none-eabi/lib/armv6k/fpu\libsysbase.a(sbrk.o)
                0x001427d4                _sbrk_r
 .text          0x00142844       0x5c c:/devkitpro/devkitarm/bin/../lib/gcc/arm-none-eabi/4.9.2/../../../../arm-none-eabi/lib/armv6k/fpu\libsysbase.a(unlink.o)
                0x00142844                _unlink_r
 .text          0x001428a0       0x74 c:/devkitpro/devkitarm/bin/../lib/gcc/arm-none-eabi/4.9.2/../../../../arm-none-eabi/lib/armv6k/fpu\libsysbase.a(write.o)
                0x001428a0                _write_r
 .text          0x00142914       0x20 c:/devkitpro/devkitarm/bin/../lib/gcc/arm-none-eabi/4.9.2/../../../../arm-none-eabi/lib/armv6k/fpu\libsysbase.a(_exit.o)
                0x00142914                _exit
 .text          0x00142934        0x0 c:/devkitpro/devkitarm/bin/../lib/gcc/arm-none-eabi/4.9.2/../../../../arm-none-eabi/lib/armv6k/fpu\libsysbase.a(malloc_vars.o)
 .text          0x00142934      0x3a4 c:/devkitpro/devkitarm/bin/../lib/gcc/arm-none-eabi/4.9.2/../../../../arm-none-eabi/lib/armv6k/fpu\libsysbase.a(chdir.o)
                0x00142934                _concatenate_path
                0x00142af0                chdir
                0x00142c38                getcwd
 .text          0x00142cd8        0x8 c:/devkitpro/devkitarm/bin/../lib/gcc/arm-none-eabi/4.9.2/../../../../arm-none-eabi/lib/armv6k/fpu\libsysbase.a(flock.o)
                0x00142cd8                __flockfile
                0x00142cdc                __funlockfile
 .text          0x00142ce0      0x108 c:/devkitpro/devkitarm/bin/../lib/gcc/arm-none-eabi/4.9.2/../../../../arm-none-eabi/lib/armv6k/fpu\libsysbase.a(syscall_support.o)
                0x00142ce0                __libc_lock_init
                0x00142cf8                __libc_lock_acquire
                0x00142d10                __libc_lock_try_acquire
                0x00142d34                __libc_lock_release
                0x00142d4c                __libc_lock_close
                0x00142d64                __libc_lock_init_recursive
                0x00142d7c                __libc_lock_acquire_recursive
                0x00142d94                __libc_lock_try_acquire_recursive
                0x00142db8                __libc_lock_release_recursive
                0x00142dd0                __libc_lock_close_recursive
 .text          0x00142de8      0x254 c:/devkitpro/devkitarm/bin/../lib/gcc/arm-none-eabi/4.9.2/../../../../arm-none-eabi/lib/armv6k/fpu\libsysbase.a(handle_manager.o)
                0x00142de8                __free_handle
                0x00142e2c                __release_handle
                0x00142e58                __alloc_handle
                0x00142ec0                __get_handle
                0x00142edc                dup
                0x00142f68                dup2
 .text          0x0014303c       0x28 c:/devkitpro/devkitarm/bin/../lib/gcc/arm-none-eabi/4.9.2/../../../../arm-none-eabi/lib/armv6k/fpu\libsysbase.a(getreent.o)
                0x0014303c                __getreent
 .text          0x00143064       0x3c c:/devkitpro/devkitarm/bin/../lib/gcc/arm-none-eabi/4.9.2/armv6k/fpu\libgcc.a(_aeabi_uldivmod.o)
                0x00143064                __aeabi_uldivmod
 .text          0x001430a0       0x78 c:/devkitpro/devkitarm/bin/../lib/gcc/arm-none-eabi/4.9.2/armv6k/fpu\libgcc.a(bpabi.o)
                0x001430a0                __gnu_ldivmod_helper
                0x001430dc                __gnu_uldivmod_helper
 .text          0x00143118      0x180 c:/devkitpro/devkitarm/bin/../lib/gcc/arm-none-eabi/4.9.2/armv6k/fpu\libgcc.a(_divdi3.o)
                0x00143118                __divdi3
 .text          0x00143298      0x124 c:/devkitpro/devkitarm/bin/../lib/gcc/arm-none-eabi/4.9.2/armv6k/fpu\libgcc.a(_udivdi3.o)
                0x00143298                __udivdi3
 .text          0x001433bc        0x0 c:/devkitpro/devkitarm/bin/../lib/gcc/arm-none-eabi/4.9.2/../../../../arm-none-eabi/lib/armv6k/fpu\libg.a(lib_a-strnlen.o)
 .text          0x001433bc        0x0 c:/devkitpro/devkitarm/bin/../lib/gcc/arm-none-eabi/4.9.2/../../../../arm-none-eabi/lib/armv6k/fpu\libg.a(lib_a-strrchr.o)
 .text          0x001433bc        0x0 c:/devkitpro/devkitarm/bin/../lib/gcc/arm-none-eabi/4.9.2/armv6k/fpu/crtend.o
 .text          0x001433bc        0x0 c:/devkitpro/devkitarm/bin/../lib/gcc/arm-none-eabi/4.9.2/armv6k/fpu/crtn.o
 *(.text.*)
 .text.startup  0x001433bc      0x1fc main.o
                0x001433bc                main
 .text.unlikely
                0x001435b8      0x108 c:/devkitPro/portlibs/armv6k/lib\libpng.a(png.o)
 .text.cosf     0x001436c0       0xa8 c:/devkitpro/devkitarm/bin/../lib/gcc/arm-none-eabi/4.9.2/../../../../arm-none-eabi/lib/armv6k/fpu\libm.a(lib_a-sf_cos.o)
                0x001436c0                cosf
 .text.floor    0x00143768      0x180 c:/devkitpro/devkitarm/bin/../lib/gcc/arm-none-eabi/4.9.2/../../../../arm-none-eabi/lib/armv6k/fpu\libm.a(lib_a-s_floor.o)
                0x00143768                floor
 .text.frexp    0x001438e8       0x98 c:/devkitpro/devkitarm/bin/../lib/gcc/arm-none-eabi/4.9.2/../../../../arm-none-eabi/lib/armv6k/fpu\libm.a(lib_a-s_frexp.o)
                0x001438e8                frexp
 .text.sinf     0x00143980       0xb0 c:/devkitpro/devkitarm/bin/../lib/gcc/arm-none-eabi/4.9.2/../../../../arm-none-eabi/lib/armv6k/fpu\libm.a(lib_a-sf_sin.o)
                0x00143980                sinf
 .text.modf     0x00143a30       0xd4 c:/devkitpro/devkitarm/bin/../lib/gcc/arm-none-eabi/4.9.2/../../../../arm-none-eabi/lib/armv6k/fpu\libm.a(lib_a-s_modf.o)
                0x00143a30                modf
 *fill*         0x00143b04        0x4 
 .text.pow      0x00143b08      0x3c0 c:/devkitpro/devkitarm/bin/../lib/gcc/arm-none-eabi/4.9.2/../../../../arm-none-eabi/lib/armv6k/fpu\libm.a(lib_a-w_pow.o)
                0x00143b08                pow
 .text.__ieee754_rem_pio2f
                0x00143ec8      0x2e0 c:/devkitpro/devkitarm/bin/../lib/gcc/arm-none-eabi/4.9.2/../../../../arm-none-eabi/lib/armv6k/fpu\libm.a(lib_a-ef_rem_pio2.o)
                0x00143ec8                __ieee754_rem_pio2f
 .text.__ieee754_pow
                0x001441a8      0x880 c:/devkitpro/devkitarm/bin/../lib/gcc/arm-none-eabi/4.9.2/../../../../arm-none-eabi/lib/armv6k/fpu\libm.a(lib_a-e_pow.o)
                0x001441a8                __ieee754_pow
 .text.__ieee754_sqrt
                0x00144a28      0x200 c:/devkitpro/devkitarm/bin/../lib/gcc/arm-none-eabi/4.9.2/../../../../arm-none-eabi/lib/armv6k/fpu\libm.a(lib_a-e_sqrt.o)
                0x00144a28                __ieee754_sqrt
 .text.__kernel_cosf
                0x00144c28      0x124 c:/devkitpro/devkitarm/bin/../lib/gcc/arm-none-eabi/4.9.2/../../../../arm-none-eabi/lib/armv6k/fpu\libm.a(lib_a-kf_cos.o)
                0x00144c28                __kernel_cosf
 .text.__kernel_rem_pio2f
                0x00144d4c      0x838 c:/devkitpro/devkitarm/bin/../lib/gcc/arm-none-eabi/4.9.2/../../../../arm-none-eabi/lib/armv6k/fpu\libm.a(lib_a-kf_rem_pio2.o)
                0x00144d4c                __kernel_rem_pio2f
 .text.__kernel_sinf
                0x00145584       0xa0 c:/devkitpro/devkitarm/bin/../lib/gcc/arm-none-eabi/4.9.2/../../../../arm-none-eabi/lib/armv6k/fpu\libm.a(lib_a-kf_sin.o)
                0x00145584                __kernel_sinf
 .text.fabs     0x00145624       0x10 c:/devkitpro/devkitarm/bin/../lib/gcc/arm-none-eabi/4.9.2/../../../../arm-none-eabi/lib/armv6k/fpu\libm.a(lib_a-s_fabs.o)
                0x00145624                fabs
 .text.fabsf    0x00145634       0x10 c:/devkitpro/devkitarm/bin/../lib/gcc/arm-none-eabi/4.9.2/../../../../arm-none-eabi/lib/armv6k/fpu\libm.a(lib_a-sf_fabs.o)
                0x00145634                fabsf
 .text.floorf   0x00145644       0xb8 c:/devkitpro/devkitarm/bin/../lib/gcc/arm-none-eabi/4.9.2/../../../../arm-none-eabi/lib/armv6k/fpu\libm.a(lib_a-sf_floor.o)
                0x00145644                floorf
 .text.finite   0x001456fc       0x14 c:/devkitpro/devkitarm/bin/../lib/gcc/arm-none-eabi/4.9.2/../../../../arm-none-eabi/lib/armv6k/fpu\libm.a(lib_a-s_finite.o)
                0x001456fc                finite
 .text.__fpclassifyd
                0x00145710       0x74 c:/devkitpro/devkitarm/bin/../lib/gcc/arm-none-eabi/4.9.2/../../../../arm-none-eabi/lib/armv6k/fpu\libm.a(lib_a-s_fpclassify.o)
                0x00145710                __fpclassifyd
 .text.scalbnf  0x00145784      0x118 c:/devkitpro/devkitarm/bin/../lib/gcc/arm-none-eabi/4.9.2/../../../../arm-none-eabi/lib/armv6k/fpu\libm.a(lib_a-sf_scalbn.o)
                0x00145784                scalbnf
 .text.matherr  0x0014589c        0x8 c:/devkitpro/devkitarm/bin/../lib/gcc/arm-none-eabi/4.9.2/../../../../arm-none-eabi/lib/armv6k/fpu\libm.a(lib_a-s_matherr.o)
                0x0014589c                matherr
 *fill*         0x001458a4        0x4 
 .text.nan      0x001458a8       0x10 c:/devkitpro/devkitarm/bin/../lib/gcc/arm-none-eabi/4.9.2/../../../../arm-none-eabi/lib/armv6k/fpu\libm.a(lib_a-s_nan.o)
                0x001458a8                nan
 .text.rint     0x001458b8      0x170 c:/devkitpro/devkitarm/bin/../lib/gcc/arm-none-eabi/4.9.2/../../../../arm-none-eabi/lib/armv6k/fpu\libm.a(lib_a-s_rint.o)
                0x001458b8                rint
 .text.scalbn   0x00145a28      0x198 c:/devkitpro/devkitarm/bin/../lib/gcc/arm-none-eabi/4.9.2/../../../../arm-none-eabi/lib/armv6k/fpu\libm.a(lib_a-s_scalbn.o)
                0x00145a28                scalbn
 .text.copysign
                0x00145bc0       0x1c c:/devkitpro/devkitarm/bin/../lib/gcc/arm-none-eabi/4.9.2/../../../../arm-none-eabi/lib/armv6k/fpu\libm.a(lib_a-s_copysign.o)
                0x00145bc0                copysign
 .text.copysignf
                0x00145bdc       0x1c c:/devkitpro/devkitarm/bin/../lib/gcc/arm-none-eabi/4.9.2/../../../../arm-none-eabi/lib/armv6k/fpu\libm.a(lib_a-sf_copysign.o)
                0x00145bdc                copysignf
 .text.abort    0x00145bf8       0x14 c:/devkitpro/devkitarm/bin/../lib/gcc/arm-none-eabi/4.9.2/../../../../arm-none-eabi/lib/armv6k/fpu\libg.a(lib_a-abort.o)
                0x00145bf8                abort
 .text.atof     0x00145c0c        0x8 c:/devkitpro/devkitarm/bin/../lib/gcc/arm-none-eabi/4.9.2/../../../../arm-none-eabi/lib/armv6k/fpu\libg.a(lib_a-atof.o)
                0x00145c0c                atof
 .text.bsearch  0x00145c14       0x78 c:/devkitpro/devkitarm/bin/../lib/gcc/arm-none-eabi/4.9.2/../../../../arm-none-eabi/lib/armv6k/fpu\libg.a(lib_a-bsearch.o)
                0x00145c14                bsearch
 .text.__errno  0x00145c8c        0xc c:/devkitpro/devkitarm/bin/../lib/gcc/arm-none-eabi/4.9.2/../../../../arm-none-eabi/lib/armv6k/fpu\libg.a(lib_a-errno.o)
                0x00145c8c                __errno
 .text.exit     0x00145c98       0x34 c:/devkitpro/devkitarm/bin/../lib/gcc/arm-none-eabi/4.9.2/../../../../arm-none-eabi/lib/armv6k/fpu\libg.a(lib_a-exit.o)
                0x00145c98                exit
 .text._fclose_r
                0x00145ccc      0x118 c:/devkitpro/devkitarm/bin/../lib/gcc/arm-none-eabi/4.9.2/../../../../arm-none-eabi/lib/armv6k/fpu\libg.a(lib_a-fclose.o)
                0x00145ccc                _fclose_r
 .text.fclose   0x00145de4       0x18 c:/devkitpro/devkitarm/bin/../lib/gcc/arm-none-eabi/4.9.2/../../../../arm-none-eabi/lib/armv6k/fpu\libg.a(lib_a-fclose.o)
                0x00145de4                fclose
 .text.__sflush_r
                0x00145dfc      0x238 c:/devkitpro/devkitarm/bin/../lib/gcc/arm-none-eabi/4.9.2/../../../../arm-none-eabi/lib/armv6k/fpu\libg.a(lib_a-fflush.o)
                0x00145dfc                __sflush_r
 .text._fflush_r