Archive member included to satisfy reference by file (symbol)

c:/devkitPro/libctru/lib\libsfil.a(sfil_png.o)
                              gfx.o (sfil_load_PNG_buffer)
c:/devkitPro/portlibs/armv6k/lib\libpng.a(png.o)
                              c:/devkitPro/libctru/lib\libsfil.a(sfil_png.o) (png_set_sig_bytes)
c:/devkitPro/portlibs/armv6k/lib\libpng.a(pngerror.o)
                              c:/devkitPro/portlibs/armv6k/lib\libpng.a(png.o) (png_safecat)
c:/devkitPro/portlibs/armv6k/lib\libpng.a(pngget.o)
                              c:/devkitPro/libctru/lib\libsfil.a(sfil_png.o) (png_get_valid)
c:/devkitPro/portlibs/armv6k/lib\libpng.a(pngmem.o)
                              c:/devkitPro/portlibs/armv6k/lib\libpng.a(png.o) (png_calloc)
c:/devkitPro/portlibs/armv6k/lib\libpng.a(pngread.o)
                              c:/devkitPro/libctru/lib\libsfil.a(sfil_png.o) (png_create_read_struct)
c:/devkitPro/portlibs/armv6k/lib\libpng.a(pngrio.o)
                              c:/devkitPro/libctru/lib\libsfil.a(sfil_png.o) (png_set_read_fn)
c:/devkitPro/portlibs/armv6k/lib\libpng.a(pngrtran.o)
                              c:/devkitPro/portlibs/armv6k/lib\libpng.a(pngread.o) (png_set_background_fixed)
c:/devkitPro/portlibs/armv6k/lib\libpng.a(pngrutil.o)
                              c:/devkitPro/portlibs/armv6k/lib\libpng.a(pngread.o) (png_read_sig)
c:/devkitPro/portlibs/armv6k/lib\libpng.a(pngset.o)
                              c:/devkitPro/portlibs/armv6k/lib\libpng.a(pngrutil.o) (png_set_bKGD)
c:/devkitPro/portlibs/armv6k/lib\libpng.a(pngtrans.o)
                              c:/devkitPro/portlibs/armv6k/lib\libpng.a(pngread.o) (png_set_bgr)
c:/devkitPro/portlibs/armv6k/lib\libpng.a(pngwrite.o)
                              c:/devkitPro/portlibs/armv6k/lib\libpng.a(png.o) (png_destroy_write_struct)
c:/devkitPro/portlibs/armv6k/lib\libpng.a(pngwtran.o)
                              c:/devkitPro/portlibs/armv6k/lib\libpng.a(pngwrite.o) (png_do_write_transformations)
c:/devkitPro/portlibs/armv6k/lib\libpng.a(pngwutil.o)
                              c:/devkitPro/portlibs/armv6k/lib\libpng.a(pngwrite.o) (png_write_sig)
c:/devkitPro/portlibs/armv6k/lib\libpng.a(pngwio.o)
                              c:/devkitPro/portlibs/armv6k/lib\libpng.a(pngwutil.o) (png_write_data)
c:/devkitPro/portlibs/armv6k/lib\libz.a(adler32.o)
                              c:/devkitPro/portlibs/armv6k/lib\libpng.a(png.o) (adler32)
c:/devkitPro/portlibs/armv6k/lib\libz.a(crc32.o)
                              c:/devkitPro/portlibs/armv6k/lib\libpng.a(png.o) (crc32)
c:/devkitPro/portlibs/armv6k/lib\libz.a(deflate.o)
                              c:/devkitPro/portlibs/armv6k/lib\libpng.a(pngwutil.o) (deflateReset)
c:/devkitPro/portlibs/armv6k/lib\libz.a(inflate.o)
                              c:/devkitPro/portlibs/armv6k/lib\libpng.a(png.o) (inflateReset)
c:/devkitPro/portlibs/armv6k/lib\libz.a(inftrees.o)
                              c:/devkitPro/portlibs/armv6k/lib\libz.a(inflate.o) (inflate_table)
c:/devkitPro/portlibs/armv6k/lib\libz.a(trees.o)
                              c:/devkitPro/portlibs/armv6k/lib\libz.a(deflate.o) (_tr_init)
c:/devkitPro/portlibs/armv6k/lib\libz.a(zutil.o)
                              c:/devkitPro/portlibs/armv6k/lib\libz.a(deflate.o) (zcalloc)
c:/devkitPro/portlibs/armv6k/lib\libz.a(inffast.o)
                              c:/devkitPro/portlibs/armv6k/lib\libz.a(inflate.o) (inflate_fast)
c:/devkitPro/libctru/lib\libsf2d.a(sf2d.o)
                              gfx.o (sf2d_init)
c:/devkitPro/libctru/lib\libsf2d.a(sf2d_draw.o)
                              gfx.o (sf2d_draw_rectangle)
c:/devkitPro/libctru/lib\libsf2d.a(sf2d_private.o)
                              c:/devkitPro/libctru/lib\libsf2d.a(sf2d.o) (GPU_SetDummyTexEnv)
c:/devkitPro/libctru/lib\libsf2d.a(sf2d_texture.o)
                              c:/devkitPro/libctru/lib\libsfil.a(sfil_png.o) (sf2d_create_texture)
c:/devkitPro/libctru/lib\libsf2d.a(shader.vsh.o)
                              c:/devkitPro/libctru/lib\libsf2d.a(sf2d.o) (shader_vsh_shbin_size)
c:/devkitPro/libctru/lib\libctru.a(linear.o)
                              c:/devkitPro/libctru/lib\libsf2d.a(sf2d_texture.o) (linearMemAlign)
c:/devkitPro/libctru/lib\libctru.a(mem_pool.o)
                              c:/devkitPro/libctru/lib\libctru.a(linear.o) (MemPool::Allocate(MemChunk&, unsigned long, int))
c:/devkitPro/libctru/lib\libctru.a(vram.o)
                              c:/devkitPro/libctru/lib\libsf2d.a(sf2d.o) (vramMemAlign)
c:/devkitPro/libctru/lib\libctru.a(gfx.o)
                              c:/devkitPro/libctru/lib\libsf2d.a(sf2d.o) (gfxSet3D)
c:/devkitPro/libctru/lib\libctru.a(os.o)
                              c:/devkitPro/libctru/lib\libsf2d.a(sf2d.o) (osConvertVirtToPhys)
c:/devkitPro/libctru/lib\libctru.a(gpu.o)
                              c:/devkitPro/libctru/lib\libsf2d.a(sf2d.o) (GPU_Init)
c:/devkitPro/libctru/lib\libctru.a(gpuResetSequence.o)
[...]
Memory Configuration

Name             Origin             Length             Attributes
*default*        0x00000000         0xffffffff

Linker script and memory map

                0x00100000                . = 0x100000
                0x00100000                __start__ = .

.text           0x00100000    0x5c4ec
 *(.crt0)
 .crt0          0x00100000       0x94 c:/devkitpro/devkitarm/bin/../lib/gcc/arm-none-eabi/4.9.2/../../../../arm-none-eabi/lib/armv6k/fpu/3dsx_crt0.o
                0x00100000                _start
                0x00100008                __service_ptr
                0x0010000c                __apt_appid
                0x00100010                __heap_size
                0x00100014                __linear_heap_size
                0x00100018                __system_arglist
                0x0010001c                __system_runflags
 *(.init)
 .init          0x00100094        0xc c:/devkitpro/devkitarm/bin/../lib/gcc/arm-none-eabi/4.9.2/armv6k/fpu/crti.o
                0x00100094                _init
 .init          0x001000a0        0xc c:/devkitpro/devkitarm/bin/../lib/gcc/arm-none-eabi/4.9.2/armv6k/fpu/crtn.o
                0x001000ac                . = ALIGN (0x4)
 *(.text)
 .text          0x001000ac        0x0 c:/devkitpro/devkitarm/bin/../lib/gcc/arm-none-eabi/4.9.2/../../../../arm-none-eabi/lib/armv6k/fpu/3dsx_crt0.o
 .text          0x001000ac        0x0 c:/devkitpro/devkitarm/bin/../lib/gcc/arm-none-eabi/4.9.2/armv6k/fpu/crti.o
 .text          0x001000ac      0x108 c:/devkitpro/devkitarm/bin/../lib/gcc/arm-none-eabi/4.9.2/armv6k/fpu/crtbegin.o
 .text          0x001001b4        0x0 0.bin.o
 .text          0x001001b4        0x0 1.bin.o
 .text          0x001001b4        0x0 2.bin.o
 .text          0x001001b4        0x0 3.bin.o
 .text          0x001001b4        0x0 4.bin.o
 .text          0x001001b4        0x0 5.bin.o
 .text          0x001001b4        0x0 6.bin.o
 .text          0x001001b4        0x0 7.bin.o
 .text          0x001001b4        0x0 8.bin.o
 .text          0x001001b4        0x0 9.bin.o
 .text          0x001001b4        0x0 bg.bin.o
 .text          0x001001b4        0x0 immut_numbers.bin.o
 .text          0x001001b4        0x0 mut_numbers.bin.o
 .text          0x001001b4        0x0 selector.bin.o
 .text          0x001001b4      0x2ec gfx.o
                0x001001b4                SudokuGFX_init
                0x00100224                sudoku_gfx_free
                0x00100244                draw_background
                0x00100254                draw_victory
                0x00100290                draw_sudoku
                0x001003ac                draw_selector
                0x001003fc                draw
 .text          0x001004a0        0x0 main.o
 .text          0x001004a0      0x164 mylib.o
                0x001004a0                emalloc
                0x001004d4                erealloc
                0x00100508                rand_lim
                0x00100538                mod
                0x00100554                itoa
 .text          0x00100604      0x804 sudoku.o
                0x00100604                sudoku_new
                0x00100670                sudoku_free
                0x00100680                sudoku_print
                0x001006f8                sudoku_default
                0x001007ec                sudoku_delete_space
                0x00100868                sudoku_flip_vert
                0x001008e4                sudoku_flip_hori
                0x0010095c                sudoku_flip_dia1
                0x001009d8                sudoku_flip_dia2
                0x00100a40                sudoku_transform
                0x00100ad4                check_horizontals
                0x00100ba4                check_verticals
                0x00100c78                check_boxes
                0x00100dc8                check_all
 .text          0x00100e08      0x2e4 sudokucontroller.o
                0x00100e5c                check_input
                0x00100f88                update_victory_state
                0x00100fac                update_sudoku_input
                0x00100fbc                update_state
                0x00101004                initialize_game
                0x001010c0                sudoku_control_free
 .text          0x001010ec      0x3e8 c:/devkitPro/libctru/lib\libsfil.a(sfil_png.o)
                0x001013ec                sfil_load_PNG_file
                0x00101488                sfil_load_PNG_buffer
 *fill*         0x001014d4        0x4 
 .text          0x001014d8     0x6ce0 c:/devkitPro/portlibs/armv6k/lib\libpng.a(png.o)
                0x001014d8                png_zalloc
                0x00101530                png_zfree
                0x00101e30                png_set_sig_bytes
                0x00101e64                png_sig_cmp
                0x00101ed4                png_reset_crc
                0x00101ef4                png_calculate_crc
                0x00101f48                png_user_version_check
                0x00102048                png_create_png_struct
                0x0010215c                png_create_info_struct
                0x0010219c                png_destroy_info_struct
                0x00102524                png_info_init_3
                0x00102580                png_data_freer
                0x001025cc                png_free_data
                0x001025dc                png_get_io_ptr
                0x001025e8                png_init_io
                0x001025f4                png_save_int_32
                0x00102614                png_convert_to_rfc1123_buffer
                0x001027f8                png_convert_to_rfc1123
                0x001029ec                png_get_copyright
                0x001029f8                png_get_libpng_ver
                0x00102a04                png_get_header_ver
                0x00102a10                png_get_header_version
                0x00102a1c                png_build_grayscale_palette
                0x00102a7c                png_handle_as_unknown
                0x00102af0                png_chunk_unknown_handling
                0x00102b80                png_reset_zstream
                0x00102b98                png_access_version_number
                0x00102ba4                png_zstream_error
                0x00102c88                png_colorspace_set_gamma
                0x00102df8                png_colorspace_sync_info
                0x00102e68                png_colorspace_sync
                0x00102ef0                png_colorspace_set_sRGB
                0x00103174                png_icc_check_length
                0x0010330c                png_icc_check_header
                0x00103668                png_icc_check_tag_table
                0x001037a0                png_icc_set_sRGB
                0x001039f4                png_colorspace_set_ICC
                0x00103dcc                png_colorspace_set_rgb_coefficients
                0x00104074                png_check_IHDR
                0x0010432c                png_check_fp_number
                0x001045c4                png_check_fp_string
                0x00104884                png_ascii_from_fp
                0x001051b0                png_ascii_from_fixed
                0x001055e0                png_fixed
                0x00105668                png_muldiv
                0x00105720                png_muldiv_warn
                0x001057dc                png_reciprocal
                0x00105868                png_colorspace_set_endpoints
                0x00106868                png_colorspace_set_chromaticities
                0x0010733c                png_gamma_significant
                0x0010735c                png_reciprocal2
                0x00107418                png_gamma_8bit_correct
                0x001074a0                png_gamma_16bit_correct
                0x00107534                png_gamma_correct
                0x00107644                png_destroy_gamma_table
                0x00107778                png_build_gamma_table
                0x001080b4                png_set_option
                0x00108114                png_image_free
                0x00108150                png_image_error
 .text          0x001081b8     0x1a6c c:/devkitPro/portlibs/armv6k/lib\libpng.a(pngerror.o)
                0x00108424                png_safecat
                0x00108498                png_format_number
                0x00108604                png_warning
                0x0010874c                png_warning_parameter
                0x001087c8                png_warning_parameter_unsigned
                0x0010885c                png_warning_parameter_signed
                0x00108928                png_formatted_warning
                0x00108c00                png_chunk_warning
                0x00108dac                png_free_jmpbuf
                0x00108e3c                png_longjmp
                0x00108e68                png_error
                0x00108ec8                png_app_warning
                0x00109020                png_app_error
                0x00109178                png_chunk_error
                0x001091a4                png_chunk_benign_error
                0x00109348                png_benign_error
                0x00109618                png_fixed_error
                0x00109698                png_set_longjmp_fn
                0x0010977c                png_chunk_report
                0x00109a54                png_set_error_fn
                0x00109a68                png_get_error_ptr
                0x00109a74                png_safe_error
                0x00109b18                png_safe_warning
                0x00109b8c                png_safe_execute
 *fill*         0x00109c24        0x4 
 .text          0x00109c28     0x12d0 c:/devkitPro/portlibs/armv6k/lib\libpng.a(pngget.o)
                0x00109c28                png_get_valid
                0x00109c44                png_get_rowbytes
                0x00109c5c                png_get_rows
                0x00109c74                png_get_image_width
                0x00109c8c                png_get_image_height
                0x00109ca4                png_get_bit_depth
                0x00109cbc                png_get_color_type
                0x00109cd4                png_get_filter_type
                0x00109cec                png_get_interlace_type
                0x00109d04                png_get_compression_type
                0x00109d1c                png_get_x_pixels_per_meter
                0x00109d50                png_get_y_pixels_per_meter
                0x00109d84                png_get_pixels_per_meter
                0x00109dd0                png_get_pixel_aspect_ratio
                0x00109e18                png_get_pixel_aspect_ratio_fixed
                0x00109ea8                png_get_x_offset_microns
                0x00109edc                png_get_y_offset_microns
                0x00109f10                png_get_x_offset_pixels
                0x00109f44                png_get_y_offset_pixels
                0x00109f78                png_get_pixels_per_inch
                0x0010a004                png_get_x_pixels_per_inch
                0x0010a080                png_get_y_pixels_per_inch
                0x0010a0fc                png_get_x_offset_inches_fixed
                0x0010a14c                png_get_y_offset_inches_fixed
                0x0010a19c                png_get_x_offset_inches
                0x0010a1ec                png_get_y_offset_inches
                0x0010a23c                png_get_pHYs_dpi
                0x0010a308                png_get_channels
                0x0010a320                png_get_signature
                0x0010a338                png_get_bKGD
                0x0010a374                png_get_cHRM
                0x0010a488                png_get_cHRM_XYZ
                0x0010a5b8                png_get_cHRM_XYZ_fixed
                0x0010a690                png_get_cHRM_fixed
                0x0010a754                png_get_gAMA_fixed
                0x0010a78c                png_get_gAMA
                0x0010a7e0                png_get_sRGB
                0x0010a81c                png_get_iCCP
                0x0010a8c0                png_get_sPLT
                0x0010a8f0                png_get_hIST
                0x0010a92c                png_get_IHDR
                0x0010a9e8                png_get_oFFs
                0x0010aa54                png_get_pCAL
                0x0010ab24                png_get_sCAL_fixed
                0x0010abac                png_get_sCAL
                0x0010ac04                png_get_sCAL_s
                0x0010ac48                png_get_pHYs
                0x0010aca8                png_get_PLTE
                0x0010acec                png_get_sBIT
                0x0010ad28                png_get_text
                0x0010ad70                png_get_tIME
                0x0010adac                png_get_tRNS
                0x0010ae3c                png_get_unknown_chunks
                0x0010ae6c                png_get_rgb_to_gray_status
                0x0010ae78                png_get_user_chunk_ptr
                0x0010ae84                png_get_compression_buffer_size
                0x0010aea0                png_get_user_width_max
                0x0010aeac                png_get_user_height_max
                0x0010aeb8                png_get_chunk_cache_max
                0x0010aec4                png_get_chunk_malloc_max
                0x0010aed0                png_get_io_state
                0x0010aed8                png_get_io_chunk_type
                0x0010aee0                png_get_palette_max
 .text          0x0010aef8      0x3ec c:/devkitPro/portlibs/armv6k/lib\libpng.a(pngmem.o)
                0x0010aef8                png_destroy_png_struct
                0x0010af60                png_calloc
                0x0010afd8                png_malloc_base
                0x0010b008                png_malloc_array
                0x0010b084                png_realloc_array
                0x0010b18c                png_malloc
                0x0010b1e8                png_malloc_default
                0x0010b228                png_malloc_warn
                0x0010b28c                png_free
                0x0010b2b0                png_free_default
                0x0010b2c4                png_set_mem_fn
                0x0010b2d8                png_get_mem_ptr
 .text          0x0010b2e4     0x7704 c:/devkitPro/portlibs/armv6k/lib\libpng.a(pngread.o)
                0x00110f3c                png_create_read_struct
                0x00110f94                png_create_read_struct_2
                0x00110ff0                png_read_info
                0x00111000                png_read_update_info
                0x00111044                png_start_read_image
                0x00111068                png_read_row
                0x001113c0                png_read_rows
                0x001117b4                png_read_image
                0x00111b50                png_read_end
                0x00111fe0                png_destroy_read_struct
                0x00112264                png_set_read_status_fn
                0x00112270                png_read_png
                0x00112528                png_image_begin_read_from_stdio
                0x001126d8                png_image_begin_read_from_file
                0x001127a0                png_image_begin_read_from_memory
                0x0011283c                png_image_finish_read
 .text          0x001129e8       0xac c:/devkitPro/portlibs/armv6k/lib\libpng.a(pngrio.o)
                0x001129e8                png_default_read_data
                0x00112a24                png_read_data
                0x00112a44                png_set_read_fn
 *fill*         0x00112a94        0x4 
 .text          0x00112a98     0x6020 c:/devkitPro/portlibs/armv6k/lib\libpng.a(pngrtran.o)
                0x00113de4                png_set_crc_action
                0x00113ec0                png_set_background_fixed
                0x00113f78                png_set_background
                0x00114050                png_set_scale_16
                0x00114088                png_set_strip_16
                0x001140c0                png_set_strip_alpha
                0x001140f8                png_set_alpha_mode_fixed
                0x001142f4                png_set_alpha_mode
                0x001145a4                png_set_quantize
                0x00114e4c                png_set_gamma_fixed
                0x00114f54                png_set_gamma
                0x00115188                png_set_expand
                0x001151c4                png_set_palette_to_rgb
                0x00115200                png_set_expand_gray_1_2_4_to_8
                0x00115238                png_set_tRNS_to_alpha
                0x00115274                png_set_expand_16
                0x001152b0                png_set_gray_to_rgb
                0x001152e8                png_set_rgb_to_gray_fixed
                0x00115440                png_set_rgb_to_gray
                0x001155e4                png_set_read_user_transform_fn
                0x001155f8                png_init_read_transformations
                0x001162e0                png_read_transform_info
                0x001165d0                png_do_read_transformations
 .text          0x00118ab8     0x524c c:/devkitPro/portlibs/armv6k/lib\libpng.a(pngrutil.o)
                0x001196f0                png_get_uint_31
                0x0011972c                png_get_uint_32
                0x00119750                png_get_int_32
                0x00119774                png_get_uint_16
                0x00119788                png_read_sig
                0x00119834                png_read_chunk_header
                0x001199a4                png_crc_read
                0x001199d4                png_crc_finish
                0x00119b54                png_crc_error
                0x00119bf4                png_handle_IHDR
                0x00119d6c                png_handle_PLTE
                0x00119f8c                png_handle_IEND
                0x00119fe0                png_handle_gAMA
                0x0011a0c4                png_handle_sBIT
                0x0011a2d8                png_handle_cHRM
                0x0011a598                png_handle_sRGB
                0x0011a6a0                png_handle_iCCP
                0x0011ac84                png_handle_sPLT
                0x0011afa4                png_handle_tRNS
                0x0011b1e0                png_handle_bKGD
                0x0011b410                png_handle_hIST
                0x0011b548                png_handle_pHYs
                0x0011b684                png_handle_oFFs
                0x0011b7d4                png_handle_pCAL
                0x0011bb44                png_handle_sCAL
                0x0011bdcc                png_handle_tIME
                0x0011bee0                png_handle_tEXt
                0x0011c0a0                png_handle_zTXt
                0x0011c2f4                png_handle_iTXt
                0x0011c65c                png_handle_unknown
                0x0011c9b4                png_check_chunk_name
                0x0011ca7c                png_combine_row
                0x0011cf6c                png_do_read_interlace
                0x0011d3f8                png_read_filter_row
                0x0011d480                png_read_IDAT_data
                0x0011d7fc                png_read_finish_IDAT
                0x0011d874                png_read_finish_row
                0x0011d9c4                png_read_start_row
 .text          0x0011dd04     0x1e70 c:/devkitPro/portlibs/armv6k/lib\libpng.a(pngset.o)
                0x0011e064                png_set_bKGD
                0x0011e0b0                png_set_cHRM_fixed
                0x0011e140                png_set_cHRM_XYZ_fixed
                0x0011e1d8                png_set_cHRM
                0x0011e32c                png_set_cHRM_XYZ
                0x0011e488                png_set_gAMA_fixed
                0x0011e4b8                png_set_gAMA
                0x0011e4fc                png_set_hIST
                0x0011e5a8                png_set_IHDR
                0x0011e684                png_set_oFFs
                0x0011e6b0                png_set_pCAL
                0x0011e930                png_set_sCAL_s
                0x0011ea94                png_set_sCAL
                0x0011ec60                png_set_sCAL_fixed
                0x0011ee10                png_set_pHYs
                0x0011ee3c                png_set_PLTE
                0x0011ef40                png_set_sBIT
                0x0011ef84                png_set_sRGB
                0x0011efb4                png_set_sRGB_gAMA_and_cHRM
                0x0011eff4                png_set_iCCP
                0x0011f148                png_set_text
                0x0011f18c                png_set_text_2
                0x0011f1c4                png_set_tIME
                0x0011f264                png_set_tRNS
                0x0011f3a4                png_set_sPLT
                0x0011f514                png_set_unknown_chunks
                0x0011f6a4                png_set_unknown_chunk_location
                0x0011f750                png_permit_mng_features
                0x0011f764                png_set_keep_unknown_chunks
                0x0011fa18                png_set_read_user_chunk_fn
                0x0011fa28                png_set_rows
                0x0011fa84                png_set_compression_buffer_size
                0x0011fb08                png_set_invalid
                0x0011fb20                png_set_user_limits
                0x0011fb30                png_set_chunk_cache_max
                0x0011fb3c                png_set_chunk_malloc_max
                0x0011fb48                png_set_benign_errors
                0x0011fb60                png_set_check_for_invalid_index
 .text          0x0011fb74      0xa8c c:/devkitPro/portlibs/armv6k/lib\libpng.a(pngtrans.o)
                0x0011fb74                png_set_bgr
                0x0011fb88                png_set_swap
                0x0011fba8                png_set_packing
                0x0011fbd0                png_set_packswap
                0x0011fbf0                png_set_shift
                0x0011fc18                png_set_interlace_handling
                0x0011fc48                png_set_filler
                0x0011fcd0                png_set_add_alpha
                0x0011fd78                png_set_swap_alpha
                0x0011fd8c                png_set_invert_alpha
                0x0011fda0                png_set_invert_mono
                0x0011fdb4                png_do_invert
                0x0011ffa4                png_do_swap
                0x0011fff0                png_do_packswap
                0x0012005c                png_do_strip_channel
                0x00120288                png_do_bgr
                0x001203c4                png_do_check_palette_indexes
                0x00120590                png_set_user_transform_info
                0x001205d4                png_get_user_transform_ptr
                0x001205e0                png_get_current_row_number
                0x001205f0                png_get_current_pass_number
 .text          0x00120600     0x37ac c:/devkitPro/portlibs/armv6k/lib\libpng.a(pngwrite.o)
                0x00120c14                png_write_info_before_PLTE
                0x00121254                png_write_info
                0x00121264                png_write_end
                0x001214b0                png_convert_from_struct_tm
                0x001214f0                png_convert_from_time_t
                0x00121550                png_create_write_struct
                0x001215dc                png_create_write_struct_2
                0x0012166c                png_write_rows
                0x00121a3c                png_write_image
                0x00121e1c                png_write_row
                0x001228c4                png_set_flush
                0x001228d4                png_write_flush
                0x00122918                png_destroy_write_struct
                0x001229c8                png_set_filter
                0x00123364                png_set_filter_heuristics
                0x00123368                png_set_filter_heuristics_fixed
                0x0012336c                png_set_compression_level
                0x00123378                png_set_compression_mem_level
                0x00123384                png_set_compression_strategy
                0x0012339c                png_set_compression_window_bits
                0x001233f0                png_set_compression_method
                0x00123420                png_set_text_compression_level
                0x0012342c                png_set_text_compression_mem_level
                0x00123438                png_set_text_compression_strategy
                0x00123444                png_set_text_compression_window_bits
                0x00123498                png_set_text_compression_method
                0x001234c8                png_set_write_status_fn
                0x001234d4                png_set_write_user_transform_fn
                0x001234ec                png_write_png
                0x00123a1c                png_image_write_to_stdio
                0x00123c6c                png_image_write_to_file
 .text          0x00123dac      0x778 c:/devkitPro/portlibs/armv6k/lib\libpng.a(pngwtran.o)
                0x00123dac                png_do_write_transformations
 .text          0x00124524     0x4094 c:/devkitPro/portlibs/armv6k/lib\libpng.a(pngwutil.o)
                0x00124ed8                png_save_uint_32
                0x00124ef8                png_save_uint_16
                0x00124f08                png_write_sig
                0x00124f64                png_write_chunk_start
                0x00125010                png_write_chunk_data
                0x0012504c                png_write_chunk_end
                0x00125098                png_write_chunk
                0x001251c4                png_free_buffer_list
                0x001251fc                png_write_IHDR
                0x00125594                png_write_PLTE
                0x0012572c                png_compress_IDAT
                0x00125b68                png_write_IEND
                0x00125c30                png_write_gAMA_fixed
                0x00125d30                png_write_sRGB
                0x00125e38                png_write_iCCP
                0x001260a0                png_write_sPLT
                0x001262f0                png_write_sBIT
                0x001263f8                png_write_cHRM_fixed
                0x0012654c                png_write_tRNS
                0x00126724                png_write_bKGD
                0x00126924                png_write_hIST
                0x00126a60                png_write_tEXt
                0x00126c10                png_write_zTXt
                0x00126e58                png_write_iTXt
                0x00127220                png_write_oFFs
                0x00127348                png_write_pCAL
                0x00127658                png_write_sCAL_s
                0x001276fc                png_write_pHYs
                0x00127848                png_write_tIME
                0x001278e4                png_write_start_row
                0x00127a38                png_write_finish_row
                0x00127b78                png_do_write_interlace
                0x00127de8                png_write_find_filter
 .text          0x001285b8       0xd8 c:/devkitPro/portlibs/armv6k/lib\libpng.a(pngwio.o)
                0x001285b8                png_default_write_data
                0x001285f4                png_default_flush
                0x00128604                png_write_data
                0x00128624                png_flush
                0x00128634                png_set_write_fn
 .text          0x00128690      0x5c0 c:/devkitPro/portlibs/armv6k/lib\libz.a(adler32.o)
                0x00128690                adler32
                0x00128ad8                adler32_combine
                0x00128b94                adler32_combine64
 .text          0x00128c50      0x5d8 c:/devkitPro/portlibs/armv6k/lib\libz.a(crc32.o)
                0x00128e64                get_crc_table
                0x00128e70                crc32
                0x00129220                crc32_combine
                0x00129224                crc32_combine64
 .text          0x00129228     0x40e0 c:/devkitPro/portlibs/armv6k/lib\libz.a(deflate.o)
                0x0012a8a4                deflateSetDictionary
                0x0012aabc                deflateResetKeep
                0x0012ab94                deflateReset
                0x0012acfc                deflateSetHeader
                0x0012ad30                deflatePending
                0x0012ad7c                deflatePrime
                0x0012ae24                deflateTune
                0x0012ae5c                deflateBound
                0x0012af70                deflate
                0x0012c7c0                deflateParams
                0x0012c8dc                deflateEnd
                0x0012c9fc                deflateInit2_
                0x0012cdc4                deflateInit_
                0x0012d104                deflateCopy
 .text          0x0012d308     0x2c58 c:/devkitPro/portlibs/armv6k/lib\libz.a(inflate.o)
                0x0012d308                inflateResetKeep
                0x0012d398                inflateReset
                0x0012d434                inflateReset2
                0x0012d554                inflateInit2_
                0x0012d6dc                inflateInit_
                0x0012d840                inflatePrime
                0x0012d8b8                inflate
                0x0012f754                inflateEnd
                0x0012f7b8                inflateGetDictionary
                0x0012f850                inflateSetDictionary
                0x0012f9f8                inflateGetHeader
                0x0012fa34                inflateSync
                0x0012fcec                inflateSyncPoint
                0x0012fd2c                inflateCopy
                0x0012fed8                inflateUndermine
                0x0012ff08                inflateMark
 .text          0x0012ff60      0xbf4 c:/devkitPro/portlibs/armv6k/lib\libz.a(inftrees.o)
                0x0012ff60                inflate_table
 .text          0x00130b54     0x257c c:/devkitPro/portlibs/armv6k/lib\libz.a(trees.o)
                0x00132084                _tr_init
                0x00132150                _tr_stored_block
                0x001322e4                _tr_flush_bits
                0x00132380                _tr_align
                0x00132504                _tr_flush_block
                0x00133018                _tr_tally
 .text          0x001330d0       0x38 c:/devkitPro/portlibs/armv6k/lib\libz.a(zutil.o)
                0x001330d0                zlibVersion
                0x001330dc                zlibCompileFlags
                0x001330e4                zError
                0x001330f8                zcalloc
                0x00133100                zcfree
 .text          0x00133108      0xbe4 c:/devkitPro/portlibs/armv6k/lib\libz.a(inffast.o)
                0x00133108                inflate_fast
 .text          0x00133cec      0x75c c:/devkitPro/libctru/lib\libsf2d.a(sf2d.o)
                0x00133f04                sf2d_init
                0x00133f2c                sf2d_init_advanced
                0x00133f4c                sf2d_fini
                0x00133fb0                sf2d_set_3D
                0x00133fbc                sf2d_start_frame
                0x0013414c                sf2d_end_frame
                0x00134264                sf2d_swapbuffers
                0x00134314                sf2d_set_vblank_wait
                0x00134324                sf2d_get_fps
                0x00134334                sf2d_pool_malloc
                0x00134360                sf2d_pool_memalign
                0x001343a0                sf2d_pool_space_free
                0x001343b8                sf2d_pool_reset
                0x001343cc                sf2d_set_clear_color
                0x001343dc                sf2d_set_scissor_test
                0x00134428                sf2d_get_current_screen
                0x00134438                sf2d_get_current_side
 .text          0x00134448      0x7cc c:/devkitPro/libctru/lib\libsf2d.a(sf2d_draw.o)
                0x00134448                sf2d_draw_line
                0x00134620                sf2d_draw_rectangle
                0x001347d8                sf2d_draw_rectangle_rotate
                0x00134a2c                sf2d_draw_fill_circle
 .text          0x00134c14      0x4f8 c:/devkitPro/libctru/lib\libsf2d.a(sf2d_private.o)
                0x00134c14                GPU_SetDummyTexEnv
                0x00134c48                vector_mult_matrix4x4
                0x00134ccc                matrix_gpu_set_uniform
                0x00134d1c                matrix_copy
                0x00134d58                matrix_identity4x4
                0x00134da4                matrix_mult4x4
                0x00134e18                matrix_set_z_rotation
                0x00134e8c                matrix_rotate_z
                0x00134eec                matrix_set_scaling
                0x00134f38                matrix_swap_xy
                0x00134fd8                matrix_init_orthographic
                0x001350ec                next_pow2
 .text          0x0013510c     0x2114 c:/devkitPro/libctru/lib\libsf2d.a(sf2d_texture.o)
                0x00135230                sf2d_create_texture
                0x0013541c                sf2d_free_texture
                0x0013546c                sf2d_fill_texture_from_RGBA8
                0x00135524                sf2d_create_texture_mem_RGBA8
                0x00135568                sf2d_bind_texture
                0x001355e0                sf2d_bind_texture_color
                0x00135660                sf2d_bind_texture_parameters
                0x001356d8                sf2d_draw_texture
                0x00135818                sf2d_draw_texture_blend
                0x0013595c                sf2d_draw_texture_rotate_hotspot
                0x00135b0c                sf2d_draw_texture_rotate_hotspot_blend
                0x00135cc0                sf2d_draw_texture_rotate
                0x00135e84                sf2d_draw_texture_rotate_blend
                0x0013604c                sf2d_draw_texture_part
                0x001361c8                sf2d_draw_texture_part_blend
                0x00136348                sf2d_draw_texture_scale
                0x001364b0                sf2d_draw_texture_scale_blend
                0x0013661c                sf2d_draw_texture_part_scale
                0x00136770                sf2d_draw_texture_part_scale_blend
                0x001368c8                sf2d_draw_texture_part_rotate_scale
                0x00136ae0                sf2d_draw_texture_part_rotate_scale_blend
                0x00136cfc                sf2d_draw_texture_depth
                0x00136e5c                sf2d_draw_texture_depth_blend
                0x00136fc0                sf2d_draw_quad_uv
                0x001370ec                sf2d_set_pixel
                0x00137180                sf2d_get_pixel
                0x00137210                sf2d_texture_tile32
 .text          0x00137220        0x0 c:/devkitPro/libctru/lib\libsf2d.a(shader.vsh.o)
 .text          0x00137220      0x1d4 c:/devkitPro/libctru/lib\libctru.a(linear.o)
                0x00137248                linearMemAlign
                0x00137388                linearAlloc
                0x00137390                linearRealloc
                0x00137398                linearFree
                0x001373e8                linearSpaceFree
 .text          0x001373f4      0x35c c:/devkitPro/libctru/lib\libctru.a(mem_pool.o)
                0x001373f4                MemPool::CoalesceRight(MemBlock*)
                0x00137494                MemPool::Allocate(MemChunk&, unsigned long, int)
                0x0013761c                MemPool::Deallocate(MemChunk const&)
                0x00137720                MemPool::GetFreeSpace()
 .text          0x00137750      0x1c4 c:/devkitPro/libctru/lib\libctru.a(vram.o)
                0x00137778                vramMemAlign
                0x001378a8                vramAlloc
                0x001378b0                vramRealloc
                0x001378b8                vramFree
                0x00137908                vramSpaceFree
 .text          0x00137914      0x72c c:/devkitPro/libctru/lib\libctru.a(gfx.o)
                0x001379a0                gfxSet3D
                0x001379b0                gfxSetScreenFormat
                0x001379c8                gfxGetScreenFormat
                0x001379e0                gfxSetDoubleBuffering
                0x001379f4                gfxSetFramebufferInfo
                0x00137a64                gfxWriteFramebufferInfo
                0x00137b28                gfxInit
                0x00137d08                gfxInitDefault
                0x00137d18                gfxExit
                0x00137de4                gfxGetFramebuffer
                0x00137e94                gfxFlushBuffers
                0x00137f70                gfxSwapBuffers
                0x00137fe4                gfxSwapBuffersGpu
 .text          0x00138040      0x288 c:/devkitPro/libctru/lib\libctru.a(os.o)
                0x00138098                osConvertVirtToPhys
                0x001380e4                osConvertOldLINEARMemToNew
                0x00138104                __libctru_gtod
                0x001381fc                osGetTime
                0x00138270                osGetFirmVersion
                0x00138284                osGetKernelVersion
                0x00138298                osStrError
                0x001382b8                osGetWifiStrength
 .text          0x001382c8     0x1a58 c:/devkitPro/libctru/lib\libctru.a(gpu.o)
                0x00138348                GPU_Init
                0x00138374                GPUCMD_SetBuffer
                0x001383a0                GPUCMD_SetBufferOffset
                0x001383b0                GPUCMD_GetBuffer
                0x001383f0                GPUCMD_AddRawCommands
                0x0013843c                GPUCMD_Run
                0x0013849c                GPUCMD_FlushAndRun
                0x00138510                GPUCMD_Add
                0x001385f4                GPUCMD_Finalize
                0x0013868c                GPU_Reset
                0x00138e6c                GPU_SetFloatUniform
                0x00138ee4                GPU_SetViewport
                0x001390d8                GPU_SetScissorTest
                0x00139124                GPU_DepthMap
                0x001391a0                GPU_SetAlphaTest
                0x001391d8                GPU_SetStencilTest
                0x00139220                GPU_SetStencilOp
                0x00139254                GPU_SetDepthTestAndWriteMask
                0x0013928c                GPU_SetAlphaBlending
                0x001392f4                GPU_SetColorLogicOp
                0x00139338                GPU_SetBlendingColor
                0x00139374                GPU_SetTextureEnable
                0x001393c0                GPU_SetTexture
                0x00139558                GPU_SetTextureBorderColor
                0x001395ec                GPU_SetAttributeBuffers
                0x001397e8                GPU_SetAttributeBuffersAddress
                0x00139814                GPU_SetFaceCulling
                0x00139840                GPU_SetCombinerBufferWrite
                0x00139874                GPU_SetTexEnv
                0x001398ec                GPU_DrawArray
                0x00139a1c                GPU_DrawElements
                0x00139b50                GPU_FinishDrawing
                0x00139bac                GPU_SetShaderOutmap
                0x00139bf4                GPU_SendShaderCode
                0x00139cac                GPU_SendOperandDescriptors
 .text          0x00139d20        0x0 c:/devkitPro/libctru/lib\libctru.a(gpuResetSequence.o)
 .text          0x00139d20      0x7f4 c:/devkitPro/libctru/lib\libctru.a(shaderProgram.o)
                0x00139d20                shaderInstanceInit
                0x00139f28                shaderInstanceFree
                0x00139f60                shaderInstanceSetBool
                0x00139fa0                shaderInstanceGetBool
                0x00139fec                shaderInstanceGetUniformLocation
                0x0013a00c                shaderProgramInit
                0x0013a024                shaderProgramFree
                0x0013a054                shaderProgramSetVsh
                0x0013a0c0                shaderProgramSetGsh
                0x0013a134                shaderProgramUse
 .text          0x0013a514      0x348 c:/devkitPro/libctru/lib\libctru.a(shbin.o)
                0x0013a514                DVLB_Free
                0x0013a550                DVLE_GetUniformRegister
                0x0013a5cc                DVLE_GenerateOutmap
                0x0013a6c4                DVLB_ParseFile
 .text          0x0013a85c     0x1d4c c:/devkitPro/libctru/lib\libctru.a(apt.o)
                0x0013a8c0                _aptDebug
                0x0013a8c4                aptInitCaptureInfo
                0x0013a974                aptWaitStatusEvent
                0x0013a99c                aptHook
                0x0013a9d4                aptUnhook
                0x0013aa00                aptGetStatus
                0x0013aa38                aptSetStatus
                0x0013aa9c                aptGetStatusPower
                0x0013aad4                aptSetStatusPower
                0x0013ab0c                aptOpenSession
                0x0013ab30                aptCloseSession
                0x0013ab58                aptSignalReadyForSleep
                0x0013ab68                APT_GetLockHandle
                0x0013abb8                APT_Initialize
                0x0013ac20                APT_Finalize
                0x0013ac5c                APT_HardwareResetAsync
                0x0013ac90                APT_Enable
                0x0013accc                APT_GetAppletManInfo
                0x0013ad4c                aptGetMenuAppID
                0x0013ad88                APT_GetAppletProgramInfo
                0x0013addc                APT_IsRegistered
                0x0013ae2c                APT_InquireNotification
                0x0013ae7c                APT_PrepareToJumpToHomeMenu
                0x0013aeb0                APT_JumpToHomeMenu
                0x0013af00                APT_PrepareToJumpToApplication
                0x0013af3c                APT_JumpToApplication
                0x0013af8c                APT_NotifyToWait
                0x0013afc8                APT_AppletUtility
                0x0013b050                aptAppletUtility_Exit_RetToApp
                0x0013b170                aptAppletClosed
                0x0013b2ac                aptInit
                0x0013b464                APT_GlanceParameter
                0x0013b4d8                APT_ReceiveParameter
                0x0013b54c                APT_SendParameter
                0x0013b5bc                APT_SendCaptureBufferInfo
                0x0013b608                aptReturnToMenu
                0x0013b7dc                APT_ReplySleepQuery
                0x0013b81c                APT_ReplySleepNotificationComplete
                0x0013b858                aptEventHandler
                0x0013bb64                APT_PrepareToCloseApplication
                0x0013bba0                APT_CloseApplication
                0x0013bbf8                aptExit
                0x0013bde4                APT_SetAppCpuTimeLimit
                0x0013be28                APT_GetAppCpuTimeLimit
                0x0013be7c                APT_CheckNew3DS_Application
                0x0013bed8                APT_CheckNew3DS_System
                0x0013bf34                APT_CheckNew3DS
                0x0013bfa8                APT_PrepareToDoAppJump
                0x0013bff4                APT_DoAppJump
                0x0013c05c                APT_PrepareToStartLibraryApplet
                0x0013c098                APT_StartLibraryApplet
                0x0013c0f8                aptAppletStarted
                0x0013c1fc                aptMainLoop
                0x0013c374                APT_LaunchLibraryApplet
                0x0013c50c                APT_PrepareToStartSystemApplet
                0x0013c548                APT_StartSystemApplet
 .text          0x0013c5a8      0x8a0 c:/devkitPro/libctru/lib\libctru.a(gsp.o)
                0x0013c68c                gspInit
                0x0013c6a0                gspExit
                0x0013c6b8                gspInitEventHandler
                0x0013c784                gspExitEventHandler
                0x0013c7dc                gspWaitForEvent
                0x0013c834                GSPGPU_WriteHWRegs
                0x0013c8a4                GSPGPU_WriteHWRegsWithMask
                0x0013c930                GSPGPU_ReadHWRegs
                0x0013c9a0                GSPGPU_SetBufferSwap
                0x0013ca14                GSPGPU_FlushDataCache
                0x0013ca68                GSPGPU_InvalidateDataCache
                0x0013cabc                GSPGPU_SetLcdForceBlack
                0x0013caf8                GSPGPU_TriggerCmdReqQueue
                0x0013cb2c                GSPGPU_RegisterInterruptRelayQueue
                0x0013cb98                GSPGPU_UnregisterInterruptRelayQueue
                0x0013cbcc                GSPGPU_AcquireRight
                0x0013cc1c                GSPGPU_ReleaseRight
                0x0013cc50                GSPGPU_ImportDisplayCaptureInfo
                0x0013ccd4                GSPGPU_SaveVramSysArea
                0x0013cd08                GSPGPU_RestoreVramSysArea
                0x0013cd3c                GSPGPU_SubmitGxCommand
 .text          0x0013ce48      0x264 c:/devkitPro/libctru/lib\libctru.a(gx.o)
                0x0013ce48                GX_RequestDma
                0x0013ce9c                GX_SetCommandList_Last
                0x0013cf04                GX_SetMemoryFill
                0x0013cf78                GX_SetDisplayTransfer
                0x0013cfdc                GX_SetTextureCopy
                0x0013d044                GX_SetCommandList_First
 .text          0x0013d0ac      0x708 c:/devkitPro/libctru/lib\libctru.a(hid.o)
                0x0013d0ac                hidExit
                0x0013d150                hidWaitForEvent
                0x0013d1a8                hidCheckSectionUpdateTime
                0x0013d1e4                hidScanInput
                0x0013d42c                hidKeysHeld
                0x0013d43c                hidKeysDown
                0x0013d44c                hidKeysUp
                0x0013d45c                hidTouchRead
                0x0013d474                hidCircleRead
                0x0013d48c                hidAccelRead
                0x0013d4ac                hidGyroRead
                0x0013d4cc                HIDUSER_GetHandles
                0x0013d55c                hidInit
                0x0013d690                HIDUSER_EnableAccelerometer
                0x0013d6bc                HIDUSER_DisableAccelerometer
                0x0013d6e8                HIDUSER_EnableGyroscope
                0x0013d714                HIDUSER_DisableGyroscope
                0x0013d740                HIDUSER_GetGyroscopeRawToDpsCoefficient
                0x0013d77c                HIDUSER_GetSoundVolume
 .text          0x0013d7b4      0x388 c:/devkitPro/libctru/lib\libctru.a(irrst.o)
                0x0013d7b4                irrstWaitForEvent
                0x0013d800                irrstCheckSectionUpdateTime
                0x0013d83c                irrstScanInput
                0x0013d8f0                irrstKeysHeld
                0x0013d908                irrstCstickRead
                0x0013d920                IRRST_GetHandles
                0x0013d970                IRRST_Initialize
                0x0013d9a8                irrstInit
                0x0013da8c                IRRST_Shutdown
                0x0013dab8                irrstExit
 .text          0x0013db3c       0x70 c:/devkitPro/libctru/lib\libctru.a(rbtree_find.o)
                0x0013db3c                rbtree_find
 .text          0x0013dbac       0x14 c:/devkitPro/libctru/lib\libctru.a(rbtree_init.o)
                0x0013dbac                rbtree_init
 .text          0x0013dbc0      0x1f4 c:/devkitPro/libctru/lib\libctru.a(rbtree_insert.o)
                0x0013dda4                rbtree_insert
                0x0013ddac                rbtree_insert_multi
 .text          0x0013ddb4      0x340 c:/devkitPro/libctru/lib\libctru.a(rbtree_remove.o)
                0x0013ddb4                rbtree_remove
 .text          0x0013e0f4       0xac c:/devkitPro/libctru/lib\libctru.a(rbtree_rotate.o)
                0x0013e0f4                rbtree_rotate
 .text          0x0013e1a0       0xa4 c:/devkitPro/libctru/lib\libctru.a(allocateHeaps.o)
                0x0013e1a0                __system_allocateHeaps
 .text          0x0013e244       0xf4 c:/devkitPro/libctru/lib\libctru.a(initArgv.o)
                0x0013e244                __system_initArgv
 .text          0x0013e338       0x4c c:/devkitPro/libctru/lib\libctru.a(initSystem.o)
                0x0013e338                __libctru_init
 *fill*         0x0013e384        0xc 
 .text          0x0013e390      0x460 c:/devkitPro/libctru/lib\libctru.a(svc.o)
                0x0013e390                svcControlMemory
                0x0013e3b0                svcQueryMemory
                0x0013e3e0                svcExitProcess
                0x0013e3e8                svcCreateThread
                0x0013e408                svcExitThread
                0x0013e410                svcSleepThread
                0x0013e418                svcGetThreadPriority
                0x0013e42c                svcSetThreadPriority
                0x0013e434                svcGetThreadAffinityMask
                0x0013e43c                svcSetThreadAffinityMask
                0x0013e444                svcGetThreadIdealProcessor
                0x0013e458                svcSetThreadIdealProcessor
                0x0013e460                svcGetProcessorID
                0x0013e468                svcCreateMutex
                0x0013e47c                svcReleaseMutex
                0x0013e484                svcCreateSemaphore
                0x0013e498                svcReleaseSemaphore
                0x0013e4ac                svcCreateEvent
                0x0013e4c0                svcSignalEvent
                0x0013e4c8                svcClearEvent
                0x0013e4d0                svcCreateTimer
                0x0013e4e4                svcSetTimer
                0x0013e4ec                svcCancelTimer
                0x0013e4f4                svcClearTimer
                0x0013e4fc                svcCreateMemoryBlock
                0x0013e514                svcMapMemoryBlock
                0x0013e51c                svcUnmapMemoryBlock
                0x0013e524                svcCreateAddressArbiter
                0x0013e538                svcArbitrateAddress
                0x0013e558                svcCloseHandle
                0x0013e560                svcWaitSynchronization
                0x0013e568                svcWaitSynchronizationN
                0x0013e590                svcDuplicateHandle
                0x0013e5a4                svcGetSystemTick
                0x0013e5ac                svcGetSystemInfo
                0x0013e5c4                svcGetProcessInfo
                0x0013e5dc                svcGetThreadInfo
                0x0013e5f4                svcConnectToPort
                0x0013e608                svcSendSyncRequest
                0x0013e610                svcOpenProcess
                0x0013e624                svcOpenThread
                0x0013e638                svcGetProcessId
                0x0013e64c                svcGetProcessIdOfThread
                0x0013e660                svcGetThreadId
                0x0013e674                svcBreak
                0x0013e67c                svcOutputDebugString
                0x0013e684                svcCreatePort
                0x0013e6a4                svcAcceptSession
                0x0013e6bc                svcReplyAndReceive
                0x0013e6d4                svcInvalidateProcessDataCache
                0x0013e6dc                svcFlushProcessDataCache
                0x0013e6e4                svcStartInterProcessDma
                0x0013e704                svcStopDma
                0x0013e70c                svcGetDmaState
                0x0013e720                svcDebugActiveProcess
                0x0013e734                svcBreakDebugProcess
                0x0013e73c                svcTerminateDebugProcess
                0x0013e744                svcGetProcessDebugEvent
                0x0013e74c                svcContinueDebugEvent
                0x0013e754                svcGetProcessList
                0x0013e774                svcReadProcessMemory
                0x0013e77c                svcWriteProcessMemory
                0x0013e784                svcControlProcessMemory
                0x0013e79c                svcMapProcessMemory
                0x0013e7a4                svcUnmapProcessMemory
                0x0013e7ac                svcTerminateProcess
                0x0013e7b4                svcBackdoor
                0x0013e7bc                svcKernelSetState
                0x0013e7c4                svcQueryProcessMemory
 .text          0x0013e7f0       0x64 c:/devkitPro/libctru/lib\libctru.a(stack_adjust.o)
                0x0013e7f0                initSystem
                0x0013e834                __ctru_exit
 .text          0x0013e854      0x3b8 c:/devkitPro/libctru/lib\libctru.a(srv.o)
                0x0013e854                __get_handle_from_list
                0x0013e8ec                __destroy_handle_list
                0x0013e940                srvExit
                0x0013e968                srvGetSessionHandle
                0x0013e974                srvRegisterClient
                0x0013e9ac                srvInit
                0x0013ea14                srvGetServiceHandle
                0x0013ea94                srvRegisterService
                0x0013eaf0                srvUnregisterService
                0x0013eb3c                srvPmInit
                0x0013eb90                srvRegisterProcess
                0x0013ebd8                srvUnregisterProcess
 .text          0x0013ec0c      0x118 c:/devkitPro/libctru/lib\libctru.a(rbtree_iterator.o)
                0x0013ec0c                rbtree_node_next
                0x0013ec98                rbtree_node_prev
 .text          0x0013ed24       0x1c c:/devkitPro/libctru/lib\libctru.a(appExit.o)
                0x0013ed24                __appExit
 .text          0x0013ed40       0x20 c:/devkitPro/libctru/lib\libctru.a(appInit.o)
                0x0013ed40                __appInit
 .text          0x0013ed60       0x90 c:/devkitPro/libctru/lib\libctru.a(ctru_exit.o)
                0x0013ed60                __libctru_exit
 .text          0x0013edf0      0xffc c:/devkitPro/libctru/lib\libctru.a(sdmc_dev.o)
                0x0013fc6c                sdmcInit
                0x0013fd9c                sdmcExit
 .text          0x0013fdec      0xc88 c:/devkitPro/libctru/lib\libctru.a(fs.o)
                0x0013fdec                FS_makePath
                0x0013fe18                fsExit
                0x0013fe3c                fsGetSessionHandle
                0x0013fe48                FSUSER_Initialize
                0x0013febc                fsInit
                0x0013ff28                FSUSER_OpenFile
                0x0013ffd4                FSUSER_OpenFileDirectly
                0x001400a0                FSUSER_DeleteFile
                0x00140128                FSUSER_RenameFile
                0x001401ec                FSUSER_DeleteDirectory
                0x00140274                FSUSER_DeleteDirectoryRecursively
                0x001402fc                FSUSER_CreateFile
                0x00140394                FSUSER_CreateDirectory
                0x00140420                FSUSER_RenameDirectory
                0x001404e4                FSUSER_OpenDirectory
                0x00140578                FSUSER_OpenArchive
                0x00140600                FSUSER_CloseArchive
                0x00140658                FSUSER_GetSdmcArchiveResource
                0x001406d4                FSUSER_GetNandArchiveResource
                0x00140750                FSUSER_IsSdmcDetected
                0x0014079c                FSUSER_IsSdmcWritable
                0x001407e8                FSFILE_Close
                0x0014082c                FSFILE_Read
                0x00140888                FSFILE_Write
                0x001408ec                FSFILE_GetSize
                0x0014092c                FSFILE_SetSize
                0x00140958                FSFILE_GetAttributes
                0x00140990                FSFILE_SetAttributes
                0x001409b8                FSFILE_Flush
                0x001409dc                FSDIR_Read
                0x00140a30                FSDIR_Close
 .text          0x00140a74      0x138 c:/devkitPro/libctru/lib\libctru.a(decode_utf8.o)
                0x00140a74                decode_utf8
 .text          0x00140bac       0xe8 c:/devkitPro/libctru/lib\libctru.a(utf16_to_utf8.o)
                0x00140bac                utf16_to_utf8
 .text          0x00140c94       0xb8 c:/devkitPro/libctru/lib\libctru.a(utf8_to_utf16.o)
                0x00140c94                utf8_to_utf16
 .text          0x00140d4c       0x60 c:/devkitPro/libctru/lib\libctru.a(decode_utf16.o)
                0x00140d4c                decode_utf16
 .text          0x00140dac       0x68 c:/devkitPro/libctru/lib\libctru.a(encode_utf16.o)
                0x00140dac                encode_utf16
 .text          0x00140e14      0x104 c:/devkitPro/libctru/lib\libctru.a(encode_utf8.o)
                0x00140e14                encode_utf8
 .text          0x00140f18        0x0 c:/devkitpro/devkitarm/bin/../lib/gcc/arm-none-eabi/4.9.2/../../../../arm-none-eabi/lib/armv6k/fpu\libm.a(lib_a-sf_cos.o)
 .text          0x00140f18        0x0 c:/devkitpro/devkitarm/bin/../lib/gcc/arm-none-eabi/4.9.2/../../../../arm-none-eabi/lib/armv6k/fpu\libm.a(lib_a-s_floor.o)
 .text          0x00140f18        0x0 c:/devkitpro/devkitarm/bin/../lib/gcc/arm-none-eabi/4.9.2/../../../../arm-none-eabi/lib/armv6k/fpu\libm.a(lib_a-s_frexp.o)
 .text          0x00140f18        0x0 c:/devkitpro/devkitarm/bin/../lib/gcc/arm-none-eabi/4.9.2/../../../../arm-none-eabi/lib/armv6k/fpu\libm.a(lib_a-sf_sin.o)
 .text          0x00140f18        0x0 c:/devkitpro/devkitarm/bin/../lib/gcc/arm-none-eabi/4.9.2/../../../../arm-none-eabi/lib/armv6k/fpu\libm.a(lib_a-s_modf.o)
 .text          0x00140f18        0x0 c:/devkitpro/devkitarm/bin/../lib/gcc/arm-none-eabi/4.9.2/../../../../arm-none-eabi/lib/armv6k/fpu\libm.a(lib_a-w_pow.o)
 .text          0x00140f18        0x0 c:/devkitpro/devkitarm/bin/../lib/gcc/arm-none-eabi/4.9.2/../../../../arm-none-eabi/lib/armv6k/fpu\libm.a(lib_a-ef_rem_pio2.o)
 .text          0x00140f18        0x0 c:/devkitpro/devkitarm/bin/../lib/gcc/arm-none-eabi/4.9.2/../../../../arm-none-eabi/lib/armv6k/fpu\libm.a(lib_a-e_pow.o)
 .text          0x00140f18        0x0 c:/devkitpro/devkitarm/bin/../lib/gcc/arm-none-eabi/4.9.2/../../../../arm-none-eabi/lib/armv6k/fpu\libm.a(lib_a-e_sqrt.o)
 .text          0x00140f18        0x0 c:/devkitpro/devkitarm/bin/../lib/gcc/arm-none-eabi/4.9.2/../../../../arm-none-eabi/lib/armv6k/fpu\libm.a(lib_a-kf_cos.o)
 .text          0x00140f18        0x0 c:/devkitpro/devkitarm/bin/../lib/gcc/arm-none-eabi/4.9.2/../../../../arm-none-eabi/lib/armv6k/fpu\libm.a(lib_a-kf_rem_pio2.o)
 .text          0x00140f18        0x0 c:/devkitpro/devkitarm/bin/../lib/gcc/arm-none-eabi/4.9.2/../../../../arm-none-eabi/lib/armv6k/fpu\libm.a(lib_a-kf_sin.o)
 .text          0x00140f18        0x0 c:/devkitpro/devkitarm/bin/../lib/gcc/arm-none-eabi/4.9.2/../../../../arm-none-eabi/lib/armv6k/fpu\libm.a(lib_a-s_fabs.o)
 .text          0x00140f18        0x0 c:/devkitpro/devkitarm/bin/../lib/gcc/arm-none-eabi/4.9.2/../../../../arm-none-eabi/lib/armv6k/fpu\libm.a(lib_a-sf_fabs.o)
 .text          0x00140f18        0x0 c:/devkitpro/devkitarm/bin/../lib/gcc/arm-none-eabi/4.9.2/../../../../arm-none-eabi/lib/armv6k/fpu\libm.a(lib_a-sf_floor.o)
 .text          0x00140f18        0x0 c:/devkitpro/devkitarm/bin/../lib/gcc/arm-none-eabi/4.9.2/../../../../arm-none-eabi/lib/armv6k/fpu\libm.a(lib_a-s_finite.o)
 .text          0x00140f18        0x0 c:/devkitpro/devkitarm/bin/../lib/gcc/arm-none-eabi/4.9.2/../../../../arm-none-eabi/lib/armv6k/fpu\libm.a(lib_a-s_fpclassify.o)
 .text          0x00140f18        0x0 c:/devkitpro/devkitarm/bin/../lib/gcc/arm-none-eabi/4.9.2/../../../../arm-none-eabi/lib/armv6k/fpu\libm.a(lib_a-sf_scalbn.o)
 .text          0x00140f18        0x0 c:/devkitpro/devkitarm/bin/../lib/gcc/arm-none-eabi/4.9.2/../../../../arm-none-eabi/lib/armv6k/fpu\libm.a(lib_a-s_lib_ver.o)
 .text          0x00140f18        0x0 c:/devkitpro/devkitarm/bin/../lib/gcc/arm-none-eabi/4.9.2/../../../../arm-none-eabi/lib/armv6k/fpu\libm.a(lib_a-s_matherr.o)
 .text          0x00140f18        0x0 c:/devkitpro/devkitarm/bin/../lib/gcc/arm-none-eabi/4.9.2/../../../../arm-none-eabi/lib/armv6k/fpu\libm.a(lib_a-s_nan.o)
 .text          0x00140f18        0x0 c:/devkitpro/devkitarm/bin/../lib/gcc/arm-none-eabi/4.9.2/../../../../arm-none-eabi/lib/armv6k/fpu\libm.a(lib_a-s_rint.o)
 .text          0x00140f18        0x0 c:/devkitpro/devkitarm/bin/../lib/gcc/arm-none-eabi/4.9.2/../../../../arm-none-eabi/lib/armv6k/fpu\libm.a(lib_a-s_scalbn.o)
 .text          0x00140f18        0x0 c:/devkitpro/devkitarm/bin/../lib/gcc/arm-none-eabi/4.9.2/../../../../arm-none-eabi/lib/armv6k/fpu\libm.a(lib_a-s_copysign.o)
 .text          0x00140f18        0x0 c:/devkitpro/devkitarm/bin/../lib/gcc/arm-none-eabi/4.9.2/../../../../arm-none-eabi/lib/armv6k/fpu\libm.a(lib_a-sf_copysign.o)
 .text          0x00140f18      0x20c c:/devkitpro/devkitarm/bin/../lib/gcc/arm-none-eabi/4.9.2/armv6k/fpu\libgcc.a(_udivsi3.o)
                0x00140f18                __aeabi_uidiv
                0x00140f18                __udivsi3
                0x00141104                __aeabi_uidivmod
 .text          0x00141124      0x240 c:/devkitpro/devkitarm/bin/../lib/gcc/arm-none-eabi/4.9.2/armv6k/fpu\libgcc.a(_divsi3.o)
                0x00141124                __divsi3
                0x00141124                __aeabi_idiv
                0x00141344                __aeabi_idivmod
 .text          0x00141364        0x4 c:/devkitpro/devkitarm/bin/../lib/gcc/arm-none-eabi/4.9.2/armv6k/fpu\libgcc.a(_dvmd_tls.o)
                0x00141364                __aeabi_idiv0
                0x00141364                __aeabi_ldiv0
 .text          0x00141368      0x250 c:/devkitpro/devkitarm/bin/../lib/gcc/arm-none-eabi/4.9.2/armv6k/fpu\libgcc.a(_arm_addsubsf3.o)
                0x00141368                __aeabi_frsub
                0x00141370                __subsf3
                0x00141370                __aeabi_fsub
                0x00141374                __aeabi_fadd
                0x00141374                __addsf3
                0x00141504                __aeabi_ui2f
                0x00141504                __floatunsisf
                0x0014150c                __aeabi_i2f
                0x0014150c                __floatsisf
                0x0014152c                __aeabi_ul2f
                0x0014152c                __floatundisf
                0x0014153c                __aeabi_l2f
                0x0014153c                __floatdisf
 .text          0x001415b8        0x0 c:/devkitpro/devkitarm/bin/../lib/gcc/arm-none-eabi/4.9.2/../../../../arm-none-eabi/lib/armv6k/fpu\libg.a(lib_a-abort.o)
 .text          0x001415b8        0x0 c:/devkitpro/devkitarm/bin/../lib/gcc/arm-none-eabi/4.9.2/../../../../arm-none-eabi/lib/armv6k/fpu\libg.a(lib_a-atof.o)
 .text          0x001415b8        0x0 c:/devkitpro/devkitarm/bin/../lib/gcc/arm-none-eabi/4.9.2/../../../../arm-none-eabi/lib/armv6k/fpu\libg.a(lib_a-bsearch.o)
 .text          0x001415b8        0x0 c:/devkitpro/devkitarm/bin/../lib/gcc/arm-none-eabi/4.9.2/../../../../arm-none-eabi/lib/armv6k/fpu\libg.a(lib_a-errno.o)
 .text          0x001415b8        0x0 c:/devkitpro/devkitarm/bin/../lib/gcc/arm-none-eabi/4.9.2/../../../../arm-none-eabi/lib/armv6k/fpu\libg.a(lib_a-exit.o)
 .text          0x001415b8        0x0 c:/devkitpro/devkitarm/bin/../lib/gcc/arm-none-eabi/4.9.2/../../../../arm-none-eabi/lib/armv6k/fpu\libg.a(lib_a-fclose.o)
 .text          0x001415b8        0x0 c:/devkitpro/devkitarm/bin/../lib/gcc/arm-none-eabi/4.9.2/../../../../arm-none-eabi/lib/armv6k/fpu\libg.a(lib_a-fflush.o)
 .text          0x001415b8        0x0 c:/devkitpro/devkitarm/bin/../lib/gcc/arm-none-eabi/4.9.2/../../../../arm-none-eabi/lib/armv6k/fpu\libg.a(lib_a-findfp.o)
 .text          0x001415b8        0x0 c:/devkitpro/devkitarm/bin/../lib/gcc/arm-none-eabi/4.9.2/../../../../arm-none-eabi/lib/armv6k/fpu\libg.a(lib_a-fini.o)
 .text          0x001415b8        0x0 c:/devkitpro/devkitarm/bin/../lib/gcc/arm-none-eabi/4.9.2/../../../../arm-none-eabi/lib/armv6k/fpu\libg.a(lib_a-fopen.o)
 .text          0x001415b8        0x0 c:/devkitpro/devkitarm/bin/../lib/gcc/arm-none-eabi/4.9.2/../../../../arm-none-eabi/lib/armv6k/fpu\libg.a(lib_a-fprintf.o)
 .text          0x001415b8        0x0 c:/devkitpro/devkitarm/bin/../lib/gcc/arm-none-eabi/4.9.2/../../../../arm-none-eabi/lib/armv6k/fpu\libg.a(lib_a-fputc.o)
 .text          0x001415b8        0x0 c:/devkitpro/devkitarm/bin/../lib/gcc/arm-none-eabi/4.9.2/../../../../arm-none-eabi/lib/armv6k/fpu\libg.a(lib_a-fread.o)
 .text          0x001415b8        0x0 c:/devkitpro/devkitarm/bin/../lib/gcc/arm-none-eabi/4.9.2/../../../../arm-none-eabi/lib/armv6k/fpu\libg.a(lib_a-freer.o)
 .text          0x001415b8        0x0 c:/devkitpro/devkitarm/bin/../lib/gcc/arm-none-eabi/4.9.2/../../../../arm-none-eabi/lib/armv6k/fpu\libg.a(lib_a-fseek.o)
 .text          0x001415b8        0x0 c:/devkitpro/devkitarm/bin/../lib/gcc/arm-none-eabi/4.9.2/../../../../arm-none-eabi/lib/armv6k/fpu\libg.a(lib_a-fseeko.o)
 .text          0x001415b8        0x0 c:/devkitpro/devkitarm/bin/../lib/gcc/arm-none-eabi/4.9.2/../../../../arm-none-eabi/lib/armv6k/fpu\libg.a(lib_a-fwalk.o)
 .text          0x001415b8        0x0 c:/devkitpro/devkitarm/bin/../lib/gcc/arm-none-eabi/4.9.2/../../../../arm-none-eabi/lib/armv6k/fpu\libg.a(lib_a-fwrite.o)
 .text          0x001415b8        0x0 c:/devkitpro/devkitarm/bin/../lib/gcc/arm-none-eabi/4.9.2/../../../../arm-none-eabi/lib/armv6k/fpu\libg.a(lib_a-gmtime.o)
 .text          0x001415b8        0x0 c:/devkitpro/devkitarm/bin/../lib/gcc/arm-none-eabi/4.9.2/../../../../arm-none-eabi/lib/armv6k/fpu\libg.a(lib_a-gmtime_r.o)
 .text          0x001415b8        0x0 c:/devkitpro/devkitarm/bin/../lib/gcc/arm-none-eabi/4.9.2/../../../../arm-none-eabi/lib/armv6k/fpu\libg.a(lib_a-impure.o)
 .text          0x001415b8        0x0 c:/devkitpro/devkitarm/bin/../lib/gcc/arm-none-eabi/4.9.2/../../../../arm-none-eabi/lib/armv6k/fpu\libg.a(lib_a-init.o)
 .text          0x001415b8        0x0 c:/devkitpro/devkitarm/bin/../lib/gcc/arm-none-eabi/4.9.2/../../../../arm-none-eabi/lib/armv6k/fpu\libg.a(lib_a-makebuf.o)
 .text          0x001415b8        0x0 c:/devkitpro/devkitarm/bin/../lib/gcc/arm-none-eabi/4.9.2/../../../../arm-none-eabi/lib/armv6k/fpu\libg.a(lib_a-malloc.o)
 .text          0x001415b8        0x0 c:/devkitpro/devkitarm/bin/../lib/gcc/arm-none-eabi/4.9.2/../../../../arm-none-eabi/lib/armv6k/fpu\libg.a(lib_a-mallocr.o)
 .text          0x001415b8        0x0 c:/devkitpro/devkitarm/bin/../lib/gcc/arm-none-eabi/4.9.2/../../../../arm-none-eabi/lib/armv6k/fpu\libg.a(lib_a-memcmp.o)
 .text          0x001415b8        0x0 c:/devkitpro/devkitarm/bin/../lib/gcc/arm-none-eabi/4.9.2/../../../../arm-none-eabi/lib/armv6k/fpu\libg.a(lib_a-memcpy.o)
 .text          0x001415b8        0x0 c:/devkitpro/devkitarm/bin/../lib/gcc/arm-none-eabi/4.9.2/../../../../arm-none-eabi/lib/armv6k/fpu\libg.a(lib_a-memset.o)
 .text          0x001415b8        0x0 c:/devkitpro/devkitarm/bin/../lib/gcc/arm-none-eabi/4.9.2/../../../../arm-none-eabi/lib/armv6k/fpu\libg.a(lib_a-mlock.o)
 .text          0x001415b8        0x0 c:/devkitpro/devkitarm/bin/../lib/gcc/arm-none-eabi/4.9.2/../../../../arm-none-eabi/lib/armv6k/fpu\libg.a(lib_a-month_lengths.o)
 .text          0x001415b8        0x0 c:/devkitpro/devkitarm/bin/../lib/gcc/arm-none-eabi/4.9.2/../../../../arm-none-eabi/lib/armv6k/fpu\libg.a(lib_a-printf.o)
 .text          0x001415b8        0x0 c:/devkitpro/devkitarm/bin/../lib/gcc/arm-none-eabi/4.9.2/../../../../arm-none-eabi/lib/armv6k/fpu\libg.a(lib_a-putchar.o)
 .text          0x001415b8        0x0 c:/devkitpro/devkitarm/bin/../lib/gcc/arm-none-eabi/4.9.2/../../../../arm-none-eabi/lib/armv6k/fpu\libg.a(lib_a-putc.o)
 .text          0x001415b8        0x0 c:/devkitpro/devkitarm/bin/../lib/gcc/arm-none-eabi/4.9.2/../../../../arm-none-eabi/lib/armv6k/fpu\libg.a(lib_a-rand.o)
 .text          0x001415b8        0x0 c:/devkitpro/devkitarm/bin/../lib/gcc/arm-none-eabi/4.9.2/../../../../arm-none-eabi/lib/armv6k/fpu\libg.a(lib_a-realloc.o)
 .text          0x001415b8        0x0 c:/devkitpro/devkitarm/bin/../lib/gcc/arm-none-eabi/4.9.2/../../../../arm-none-eabi/lib/armv6k/fpu\libg.a(lib_a-reallocr.o)
 .text          0x001415b8        0x0 c:/devkitpro/devkitarm/bin/../lib/gcc/arm-none-eabi/4.9.2/../../../../arm-none-eabi/lib/armv6k/fpu\libg.a(lib_a-refill.o)
 .text          0x001415b8        0x0 c:/devkitpro/devkitarm/bin/../lib/gcc/arm-none-eabi/4.9.2/../../../../arm-none-eabi/lib/armv6k/fpu\libg.a(lib_a-remove.o)
 .text          0x001415b8       0x2c c:/devkitpro/devkitarm/bin/../lib/gcc/arm-none-eabi/4.9.2/../../../../arm-none-eabi/lib/armv6k/fpu\libg.a(lib_a-setjmp.o)
                0x001415b8                setjmp
                0x001415cc                longjmp
 .text          0x001415e4        0x0 c:/devkitpro/devkitarm/bin/../lib/gcc/arm-none-eabi/4.9.2/../../../../arm-none-eabi/lib/armv6k/fpu\libg.a(lib_a-signal.o)
 .text          0x001415e4        0x0 c:/devkitpro/devkitarm/bin/../lib/gcc/arm-none-eabi/4.9.2/../../../../arm-none-eabi/lib/armv6k/fpu\libg.a(lib_a-stdio.o)
 *fill*         0x001415e4       0x1c 
 .text          0x00141600      0x3a0 c:/devkitpro/devkitarm/bin/../lib/gcc/arm-none-eabi/4.9.2/../../../../arm-none-eabi/lib/armv6k/fpu\libg.a(lib_a-strcmp.o)
                0x00141608                strcmp
 .text          0x001419a0        0x0 c:/devkitpro/devkitarm/bin/../lib/gcc/arm-none-eabi/4.9.2/../../../../arm-none-eabi/lib/armv6k/fpu\libg.a(lib_a-strcpy.o)
 .text          0x001419a0        0x0 c:/devkitpro/devkitarm/bin/../lib/gcc/arm-none-eabi/4.9.2/../../../../arm-none-eabi/lib/armv6k/fpu\libg.a(lib_a-strerror.o)
 .text          0x001419a0        0x0 c:/devkitpro/devkitarm/bin/../lib/gcc/arm-none-eabi/4.9.2/../../../../arm-none-eabi/lib/armv6k/fpu\libg.a(lib_a-strlen.o)
 .text          0x001419a0        0x0 c:/devkitpro/devkitarm/bin/../lib/gcc/arm-none-eabi/4.9.2/../../../../arm-none-eabi/lib/armv6k/fpu\libg.a(lib_a-strncat.o)
 .text          0x001419a0        0x0 c:/devkitpro/devkitarm/bin/../lib/gcc/arm-none-eabi/4.9.2/../../../../arm-none-eabi/lib/armv6k/fpu\libg.a(lib_a-strncpy.o)
 .text          0x001419a0        0x0 c:/devkitpro/devkitarm/bin/../lib/gcc/arm-none-eabi/4.9.2/../../../../arm-none-eabi/lib/armv6k/fpu\libg.a(lib_a-strtod.o)
 .text          0x001419a0        0x0 c:/devkitpro/devkitarm/bin/../lib/gcc/arm-none-eabi/4.9.2/../../../../arm-none-eabi/lib/armv6k/fpu\libg.a(lib_a-time.o)
 .text          0x001419a0        0x0 c:/devkitpro/devkitarm/bin/../lib/gcc/arm-none-eabi/4.9.2/../../../../arm-none-eabi/lib/armv6k/fpu\libg.a(lib_a-u_strerr.o)
 .text          0x001419a0        0x0 c:/devkitpro/devkitarm/bin/../lib/gcc/arm-none-eabi/4.9.2/../../../../arm-none-eabi/lib/armv6k/fpu\libg.a(lib_a-vfprintf.o)
 .text          0x001419a0        0x0 c:/devkitpro/devkitarm/bin/../lib/gcc/arm-none-eabi/4.9.2/../../../../arm-none-eabi/lib/armv6k/fpu\libg.a(lib_a-wbuf.o)
 .text          0x001419a0        0x0 c:/devkitpro/devkitarm/bin/../lib/gcc/arm-none-eabi/4.9.2/../../../../arm-none-eabi/lib/armv6k/fpu\libg.a(lib_a-wcrtomb.o)
 .text          0x001419a0        0x0 c:/devkitpro/devkitarm/bin/../lib/gcc/arm-none-eabi/4.9.2/../../../../arm-none-eabi/lib/armv6k/fpu\libg.a(lib_a-wcsrtombs.o)
 .text          0x001419a0        0x0 c:/devkitpro/devkitarm/bin/../lib/gcc/arm-none-eabi/4.9.2/../../../../arm-none-eabi/lib/armv6k/fpu\libg.a(lib_a-wctomb_r.o)
 .text          0x001419a0        0x0 c:/devkitpro/devkitarm/bin/../lib/gcc/arm-none-eabi/4.9.2/../../../../arm-none-eabi/lib/armv6k/fpu\libg.a(lib_a-wsetup.o)
 .text          0x001419a0        0x0 c:/devkitpro/devkitarm/bin/../lib/gcc/arm-none-eabi/4.9.2/../../../../arm-none-eabi/lib/armv6k/fpu\libg.a(lib_a-__call_atexit.o)
 .text          0x001419a0        0x0 c:/devkitpro/devkitarm/bin/../lib/gcc/arm-none-eabi/4.9.2/../../../../arm-none-eabi/lib/armv6k/fpu\libg.a(lib_a-dtoa.o)
 .text          0x001419a0        0x0 c:/devkitpro/devkitarm/bin/../lib/gcc/arm-none-eabi/4.9.2/../../../../arm-none-eabi/lib/armv6k/fpu\libg.a(lib_a-flags.o)
 .text          0x001419a0        0x0 c:/devkitpro/devkitarm/bin/../lib/gcc/arm-none-eabi/4.9.2/../../../../arm-none-eabi/lib/armv6k/fpu\libg.a(lib_a-fvwrite.o)
 .text          0x001419a0        0x0 c:/devkitpro/devkitarm/bin/../lib/gcc/arm-none-eabi/4.9.2/../../../../arm-none-eabi/lib/armv6k/fpu\libg.a(lib_a-gdtoa-gethex.o)
 .text          0x001419a0        0x0 c:/devkitpro/devkitarm/bin/../lib/gcc/arm-none-eabi/4.9.2/../../../../arm-none-eabi/lib/armv6k/fpu\libg.a(lib_a-gdtoa-hexnan.o)
 .text          0x001419a0        0x0 c:/devkitpro/devkitarm/bin/../lib/gcc/arm-none-eabi/4.9.2/../../../../arm-none-eabi/lib/armv6k/fpu\libg.a(lib_a-locale.o)
 .text          0x001419a0        0x0 c:/devkitpro/devkitarm/bin/../lib/gcc/arm-none-eabi/4.9.2/../../../../arm-none-eabi/lib/armv6k/fpu\libg.a(lib_a-mbtowc_r.o)
 .text          0x001419a0        0x0 c:/devkitpro/devkitarm/bin/../lib/gcc/arm-none-eabi/4.9.2/../../../../arm-none-eabi/lib/armv6k/fpu\libg.a(lib_a-memchr.o)
 .text          0x001419a0        0x0 c:/devkitpro/devkitarm/bin/../lib/gcc/arm-none-eabi/4.9.2/../../../../arm-none-eabi/lib/armv6k/fpu\libg.a(lib_a-memmove.o)
 .text          0x001419a0        0x0 c:/devkitpro/devkitarm/bin/../lib/gcc/arm-none-eabi/4.9.2/../../../../arm-none-eabi/lib/armv6k/fpu\libg.a(lib_a-mprec.o)
 .text          0x001419a0        0x0 c:/devkitpro/devkitarm/bin/../lib/gcc/arm-none-eabi/4.9.2/../../../../arm-none-eabi/lib/armv6k/fpu\libg.a(lib_a-sf_nan.o)
 .text          0x001419a0        0x0 c:/devkitpro/devkitarm/bin/../lib/gcc/arm-none-eabi/4.9.2/../../../../arm-none-eabi/lib/armv6k/fpu\libg.a(lib_a-strcasecmp.o)
 .text          0x001419a0        0x0 c:/devkitpro/devkitarm/bin/../lib/gcc/arm-none-eabi/4.9.2/../../../../arm-none-eabi/lib/armv6k/fpu\libg.a(lib_a-strcat.o)
 .text          0x001419a0        0x0 c:/devkitpro/devkitarm/bin/../lib/gcc/arm-none-eabi/4.9.2/../../../../arm-none-eabi/lib/armv6k/fpu\libg.a(lib_a-strchr.o)
 .text          0x001419a0        0x0 c:/devkitpro/devkitarm/bin/../lib/gcc/arm-none-eabi/4.9.2/../../../../arm-none-eabi/lib/armv6k/fpu\libg.a(lib_a-strlcpy.o)
 .text          0x001419a0        0x0 c:/devkitpro/devkitarm/bin/../lib/gcc/arm-none-eabi/4.9.2/../../../../arm-none-eabi/lib/armv6k/fpu\libg.a(lib_a-strncasecmp.o)
 .text          0x001419a0        0x0 c:/devkitpro/devkitarm/bin/../lib/gcc/arm-none-eabi/4.9.2/../../../../arm-none-eabi/lib/armv6k/fpu\libg.a(lib_a-strncmp.o)
 .text          0x001419a0        0x0 c:/devkitpro/devkitarm/bin/../lib/gcc/arm-none-eabi/4.9.2/../../../../arm-none-eabi/lib/armv6k/fpu\libg.a(lib_a-strtol.o)
 .text          0x001419a0        0x0 c:/devkitpro/devkitarm/bin/../lib/gcc/arm-none-eabi/4.9.2/../../../../arm-none-eabi/lib/armv6k/fpu\libg.a(lib_a-svfiprintf.o)
 .text          0x001419a0        0x0 c:/devkitpro/devkitarm/bin/../lib/gcc/arm-none-eabi/4.9.2/../../../../arm-none-eabi/lib/armv6k/fpu\libg.a(lib_a-vfiprintf.o)
 .text          0x001419a0        0x0 c:/devkitpro/devkitarm/bin/../lib/gcc/arm-none-eabi/4.9.2/../../../../arm-none-eabi/lib/armv6k/fpu\libg.a(lib_a-wcsnrtombs.o)
 .text          0x001419a0        0x0 c:/devkitpro/devkitarm/bin/../lib/gcc/arm-none-eabi/4.9.2/../../../../arm-none-eabi/lib/armv6k/fpu\libg.a(lib_a-callocr.o)
 .text          0x001419a0        0x0 c:/devkitpro/devkitarm/bin/../lib/gcc/arm-none-eabi/4.9.2/../../../../arm-none-eabi/lib/armv6k/fpu\libg.a(lib_a-ctype_.o)
 .text          0x001419a0        0x0 c:/devkitpro/devkitarm/bin/../lib/gcc/arm-none-eabi/4.9.2/../../../../arm-none-eabi/lib/armv6k/fpu\libg.a(lib_a-fputwc.o)
 .text          0x001419a0        0x0 c:/devkitpro/devkitarm/bin/../lib/gcc/arm-none-eabi/4.9.2/../../../../arm-none-eabi/lib/armv6k/fpu\libg.a(lib_a-getenv_r.o)
 .text          0x001419a0        0x0 c:/devkitpro/devkitarm/bin/../lib/gcc/arm-none-eabi/4.9.2/../../../../arm-none-eabi/lib/armv6k/fpu\libg.a(lib_a-environ.o)
 .text          0x001419a0        0x0 c:/devkitpro/devkitarm/bin/../lib/gcc/arm-none-eabi/4.9.2/../../../../arm-none-eabi/lib/armv6k/fpu\libg.a(lib_a-envlock.o)
 .text          0x001419a0      0x1a8 c:/devkitpro/devkitarm/bin/../lib/gcc/arm-none-eabi/4.9.2/../../../../arm-none-eabi/lib/armv6k/fpu\libsysbase.a(iosupport.o)
                0x001419a0                setDefaultDevice
                0x001419b8                FindDevice
                0x00141a64                RemoveDevice
                0x00141a90                AddDevice
                0x00141b24                GetDeviceOpTab
 .text          0x00141b48       0x7c c:/devkitpro/devkitarm/bin/../lib/gcc/arm-none-eabi/4.9.2/../../../../arm-none-eabi/lib/armv6k/fpu\libsysbase.a(close.o)
                0x00141b48                _close_r
 .text          0x00141bc4       0x6c c:/devkitpro/devkitarm/bin/../lib/gcc/arm-none-eabi/4.9.2/../../../../arm-none-eabi/lib/armv6k/fpu\libsysbase.a(fstat.o)
                0x00141bc4                _fstat_r
 .text          0x00141c30       0x10 c:/devkitpro/devkitarm/bin/../lib/gcc/arm-none-eabi/4.9.2/../../../../arm-none-eabi/lib/armv6k/fpu\libsysbase.a(getpid.o)
                0x00141c30                _getpid_r
 .text          0x00141c40       0x2c c:/devkitpro/devkitarm/bin/../lib/gcc/arm-none-eabi/4.9.2/../../../../arm-none-eabi/lib/armv6k/fpu\libsysbase.a(gettod.o)
                0x00141c40                _gettimeofday_r
 .text          0x00141c6c        0x8 c:/devkitpro/devkitarm/bin/../lib/gcc/arm-none-eabi/4.9.2/../../../../arm-none-eabi/lib/armv6k/fpu\libsysbase.a(isatty.o)
                0x00141c6c                _isatty_r
 .text          0x00141c74       0x10 c:/devkitpro/devkitarm/bin/../lib/gcc/arm-none-eabi/4.9.2/../../../../arm-none-eabi/lib/armv6k/fpu\libsysbase.a(kill.o)
                0x00141c74                _kill_r
 .text          0x00141c84       0x74 c:/devkitpro/devkitarm/bin/../lib/gcc/arm-none-eabi/4.9.2/../../../../arm-none-eabi/lib/armv6k/fpu\libsysbase.a(lseek.o)
                0x00141c84                _lseek_r
 .text          0x00141cf8       0xc8 c:/devkitpro/devkitarm/bin/../lib/gcc/arm-none-eabi/4.9.2/../../../../arm-none-eabi/lib/armv6k/fpu\libsysbase.a(open.o)
                0x00141cf8                _open_r
 .text          0x00141dc0       0x74 c:/devkitpro/devkitarm/bin/../lib/gcc/arm-none-eabi/4.9.2/../../../../arm-none-eabi/lib/armv6k/fpu\libsysbase.a(read.o)
                0x00141dc0                _read_r
 .text          0x00141e34       0x70 c:/devkitpro/devkitarm/bin/../lib/gcc/arm-none-eabi/4.9.2/../../../../arm-none-eabi/lib/armv6k/fpu\libsysbase.a(sbrk.o)
                0x00141e34                _sbrk_r
 .text          0x00141ea4       0x5c c:/devkitpro/devkitarm/bin/../lib/gcc/arm-none-eabi/4.9.2/../../../../arm-none-eabi/lib/armv6k/fpu\libsysbase.a(unlink.o)
                0x00141ea4                _unlink_r
 .text          0x00141f00       0x74 c:/devkitpro/devkitarm/bin/../lib/gcc/arm-none-eabi/4.9.2/../../../../arm-none-eabi/lib/armv6k/fpu\libsysbase.a(write.o)
                0x00141f00                _write_r
 .text          0x00141f74       0x20 c:/devkitpro/devkitarm/bin/../lib/gcc/arm-none-eabi/4.9.2/../../../../arm-none-eabi/lib/armv6k/fpu\libsysbase.a(_exit.o)
                0x00141f74                _exit
 .text          0x00141f94        0x0 c:/devkitpro/devkitarm/bin/../lib/gcc/arm-none-eabi/4.9.2/../../../../arm-none-eabi/lib/armv6k/fpu\libsysbase.a(malloc_vars.o)
 .text          0x00141f94      0x3a4 c:/devkitpro/devkitarm/bin/../lib/gcc/arm-none-eabi/4.9.2/../../../../arm-none-eabi/lib/armv6k/fpu\libsysbase.a(chdir.o)
                0x00141f94                _concatenate_path
                0x00142150                chdir
                0x00142298                getcwd
 .text          0x00142338        0x8 c:/devkitpro/devkitarm/bin/../lib/gcc/arm-none-eabi/4.9.2/../../../../arm-none-eabi/lib/armv6k/fpu\libsysbase.a(flock.o)
                0x00142338                __flockfile
                0x0014233c                __funlockfile
 .text          0x00142340      0x108 c:/devkitpro/devkitarm/bin/../lib/gcc/arm-none-eabi/4.9.2/../../../../arm-none-eabi/lib/armv6k/fpu\libsysbase.a(syscall_support.o)
                0x00142340                __libc_lock_init
                0x00142358                __libc_lock_acquire
                0x00142370                __libc_lock_try_acquire
                0x00142394                __libc_lock_release
                0x001423ac                __libc_lock_close
                0x001423c4                __libc_lock_init_recursive
                0x001423dc                __libc_lock_acquire_recursive
                0x001423f4                __libc_lock_try_acquire_recursive
                0x00142418                __libc_lock_release_recursive
                0x00142430                __libc_lock_close_recursive
 .text          0x00142448      0x254 c:/devkitpro/devkitarm/bin/../lib/gcc/arm-none-eabi/4.9.2/../../../../arm-none-eabi/lib/armv6k/fpu\libsysbase.a(handle_manager.o)
                0x00142448                __free_handle
                0x0014248c                __release_handle
                0x001424b8                __alloc_handle
                0x00142520                __get_handle
                0x0014253c                dup
                0x001425c8                dup2
 .text          0x0014269c       0x28 c:/devkitpro/devkitarm/bin/../lib/gcc/arm-none-eabi/4.9.2/../../../../arm-none-eabi/lib/armv6k/fpu\libsysbase.a(getreent.o)
                0x0014269c                __getreent
 .text          0x001426c4       0x3c c:/devkitpro/devkitarm/bin/../lib/gcc/arm-none-eabi/4.9.2/armv6k/fpu\libgcc.a(_aeabi_uldivmod.o)
                0x001426c4                __aeabi_uldivmod
 .text          0x00142700       0x78 c:/devkitpro/devkitarm/bin/../lib/gcc/arm-none-eabi/4.9.2/armv6k/fpu\libgcc.a(bpabi.o)
                0x00142700                __gnu_ldivmod_helper
                0x0014273c                __gnu_uldivmod_helper
 .text          0x00142778      0x180 c:/devkitpro/devkitarm/bin/../lib/gcc/arm-none-eabi/4.9.2/armv6k/fpu\libgcc.a(_divdi3.o)
                0x00142778                __divdi3
 .text          0x001428f8      0x124 c:/devkitpro/devkitarm/bin/../lib/gcc/arm-none-eabi/4.9.2/armv6k/fpu\libgcc.a(_udivdi3.o)
                0x001428f8                __udivdi3
 .text          0x00142a1c        0x0 c:/devkitpro/devkitarm/bin/../lib/gcc/arm-none-eabi/4.9.2/../../../../arm-none-eabi/lib/armv6k/fpu\libg.a(lib_a-strnlen.o)
 .text          0x00142a1c        0x0 c:/devkitpro/devkitarm/bin/../lib/gcc/arm-none-eabi/4.9.2/../../../../arm-none-eabi/lib/armv6k/fpu\libg.a(lib_a-strrchr.o)
 .text          0x00142a1c        0x0 c:/devkitpro/devkitarm/bin/../lib/gcc/arm-none-eabi/4.9.2/armv6k/fpu/crtend.o
 .text          0x00142a1c        0x0 c:/devkitpro/devkitarm/bin/../lib/gcc/arm-none-eabi/4.9.2/armv6k/fpu/crtn.o
 *(.text.*)
 .text.startup  0x00142a1c       0x48 main.o
                0x00142a1c                main
 *fill*         0x00142a64        0x4 
 .text.unlikely
                0x00142a68      0x108 c:/devkitPro/portlibs/armv6k/lib\libpng.a(png.o)
 .text.cosf     0x00142b70       0xa8 c:/devkitpro/devkitarm/bin/../lib/gcc/arm-none-eabi/4.9.2/../../../../arm-none-eabi/lib/armv6k/fpu\libm.a(lib_a-sf_cos.o)
                0x00142b70                cosf
 .text.floor    0x00142c18      0x180 c:/devkitpro/devkitarm/bin/../lib/gcc/arm-none-eabi/4.9.2/../../../../arm-none-eabi/lib/armv6k/fpu\libm.a(lib_a-s_floor.o)
                0x00142c18                floor
 .text.frexp    0x00142d98       0x98 c:/devkitpro/devkitarm/bin/../lib/gcc/arm-none-eabi/4.9.2/../../../../arm-none-eabi/lib/armv6k/fpu\libm.a(lib_a-s_frexp.o)
                0x00142d98                frexp
 .text.sinf     0x00142e30       0xb0 c:/devkitpro/devkitarm/bin/../lib/gcc/arm-none-eabi/4.9.2/../../../../arm-none-eabi/lib/armv6k/fpu\libm.a(lib_a-sf_sin.o)
                0x00142e30                sinf
 .text.modf     0x00142ee0       0xd4 c:/devkitpro/devkitarm/bin/../lib/gcc/arm-none-eabi/4.9.2/../../../../arm-none-eabi/lib/armv6k/fpu\libm.a(lib_a-s_modf.o)
                0x00142ee0                modf
 *fill*         0x00142fb4        0x4 
 .text.pow      0x00142fb8      0x3c0 c:/devkitpro/devkitarm/bin/../lib/gcc/arm-none-eabi/4.9.2/../../../../arm-none-eabi/lib/armv6k/fpu\libm.a(lib_a-w_pow.o)
                0x00142fb8                pow
 .text.__ieee754_rem_pio2f
                0x00143378      0x2e0 c:/devkitpro/devkitarm/bin/../lib/gcc/arm-none-eabi/4.9.2/../../../../arm-none-eabi/lib/armv6k/fpu\libm.a(lib_a-ef_rem_pio2.o)
                0x00143378                __ieee754_rem_pio2f
 .text.__ieee754_pow
                0x00143658      0x880 c:/devkitpro/devkitarm/bin/../lib/gcc/arm-none-eabi/4.9.2/../../../../arm-none-eabi/lib/armv6k/fpu\libm.a(lib_a-e_pow.o)
                0x00143658                __ieee754_pow
 .text.__ieee754_sqrt
                0x00143ed8      0x200 c:/devkitpro/devkitarm/bin/../lib/gcc/arm-none-eabi/4.9.2/../../../../arm-none-eabi/lib/armv6k/fpu\libm.a(lib_a-e_sqrt.o)
                0x00143ed8                __ieee754_sqrt
 .text.__kernel_cosf
                0x001440d8      0x124 c:/devkitpro/devkitarm/bin/../lib/gcc/arm-none-eabi/4.9.2/../../../../arm-none-eabi/lib/armv6k/fpu\libm.a(lib_a-kf_cos.o)
                0x001440d8                __kernel_cosf
 .text.__kernel_rem_pio2f
                0x001441fc      0x838 c:/devkitpro/devkitarm/bin/../lib/gcc/arm-none-eabi/4.9.2/../../../../arm-none-eabi/lib/armv6k/fpu\libm.a(lib_a-kf_rem_pio2.o)
                0x001441fc                __kernel_rem_pio2f
 .text.__kernel_sinf
                0x00144a34       0xa0 c:/devkitpro/devkitarm/bin/../lib/gcc/arm-none-eabi/4.9.2/../../../../arm-none-eabi/lib/armv6k/fpu\libm.a(lib_a-kf_sin.o)
                0x00144a34                __kernel_sinf
 .text.fabs     0x00144ad4       0x10 c:/devkitpro/devkitarm/bin/../lib/gcc/arm-none-eabi/4.9.2/../../../../arm-none-eabi/lib/armv6k/fpu\libm.a(lib_a-s_fabs.o)
                0x00144ad4                fabs
 .text.fabsf    0x00144ae4       0x10 c:/devkitpro/devkitarm/bin/../lib/gcc/arm-none-eabi/4.9.2/../../../../arm-none-eabi/lib/armv6k/fpu\libm.a(lib_a-sf_fabs.o)
                0x00144ae4                fabsf
 .text.floorf   0x00144af4       0xb8 c:/devkitpro/devkitarm/bin/../lib/gcc/arm-none-eabi/4.9.2/../../../../arm-none-eabi/lib/armv6k/fpu\libm.a(lib_a-sf_floor.o)
                0x00144af4                floorf
 .text.finite   0x00144bac       0x14 c:/devkitpro/devkitarm/bin/../lib/gcc/arm-none-eabi/4.9.2/../../../../arm-none-eabi/lib/armv6k/fpu\libm.a(lib_a-s_finite.o)
                0x00144bac                finite
 .text.__fpclassifyd
                0x00144bc0       0x74 c:/devkitpro/devkitarm/bin/../lib/gcc/arm-none-eabi/4.9.2/../../../../arm-none-eabi/lib/armv6k/fpu\libm.a(lib_a-s_fpclassify.o)
                0x00144bc0                __fpclassifyd
 .text.scalbnf  0x00144c34      0x118 c:/devkitpro/devkitarm/bin/../lib/gcc/arm-none-eabi/4.9.2/../../../../arm-none-eabi/lib/armv6k/fpu\libm.a(lib_a-sf_scalbn.o)
                0x00144c34                scalbnf
 .text.matherr  0x00144d4c        0x8 c:/devkitpro/devkitarm/bin/../lib/gcc/arm-none-eabi/4.9.2/../../../../arm-none-eabi/lib/armv6k/fpu\libm.a(lib_a-s_matherr.o)
                0x00144d4c                matherr
 *fill*         0x00144d54        0x4 
 .text.nan      0x00144d58       0x10 c:/devkitpro/devkitarm/bin/../lib/gcc/arm-none-eabi/4.9.2/../../../../arm-none-eabi/lib/armv6k/fpu\libm.a(lib_a-s_nan.o)
                0x00144d58                nan
 .text.rint     0x00144d68      0x170 c:/devkitpro/devkitarm/bin/../lib/gcc/arm-none-eabi/4.9.2/../../../../arm-none-eabi/lib/armv6k/fpu\libm.a(lib_a-s_rint.o)
                0x00144d68                rint
 .text.scalbn   0x00144ed8      0x198 c:/devkitpro/devkitarm/bin/../lib/gcc/arm-none-eabi/4.9.2/../../../../arm-none-eabi/lib/armv6k/fpu\libm.a(lib_a-s_scalbn.o)
                0x00144ed8                scalbn
 .text.copysign
                0x00145070       0x1c c:/devkitpro/devkitarm/bin/../lib/gcc/arm-none-eabi/4.9.2/../../../../arm-none-eabi/lib/armv6k/fpu\libm.a(lib_a-s_copysign.o)
                0x00145070                copysign
 .text.copysignf
                0x0014508c       0x1c c:/devkitpro/devkitarm/bin/../lib/gcc/arm-none-eabi/4.9.2/../../../../arm-none-eabi/lib/armv6k/fpu\libm.a(lib_a-sf_copysign.o)
                0x0014508c                copysignf
 .text.abort    0x001450a8       0x14 c:/devkitpro/devkitarm/bin/../lib/gcc/arm-none-eabi/4.9.2/../../../../arm-none-eabi/lib/armv6k/fpu\libg.a(lib_a-abort.o)
                0x001450a8                abort
 .text.atof     0x001450bc        0x8 c:/devkitpro/devkitarm/bin/../lib/gcc/arm-none-eabi/4.9.2/../../../../arm-none-eabi/lib/armv6k/fpu\libg.a(lib_a-atof.o)
                0x001450bc                atof
 .text.bsearch  0x001450c4       0x78 c:/devkitpro/devkitarm/bin/../lib/gcc/arm-none-eabi/4.9.2/../../../../arm-none-eabi/lib/armv6k/fpu\libg.a(lib_a-bsearch.o)
                0x001450c4                bsearch
 .text.__errno  0x0014513c        0xc c:/devkitpro/devkitarm/bin/../lib/gcc/arm-none-eabi/4.9.2/../../../../arm-none-eabi/lib/armv6k/fpu\libg.a(lib_a-errno.o)
                0x0014513c                __errno
 .text.exit     0x00145148       0x34 c:/devkitpro/devkitarm/bin/../lib/gcc/arm-none-eabi/4.9.2/../../../../arm-none-eabi/lib/armv6k/fpu\libg.a(lib_a-exit.o)
                0x00145148                exit
 .text._fclose_r
                0x0014517c      0x118 c:/devkitpro/devkitarm/bin/../lib/gcc/arm-none-eabi/4.9.2/../../../../arm-none-eabi/lib/armv6k/fpu\libg.a(lib_a-fclose.o)
                0x0014517c                _fclose_r
 .text.fclose   0x00145294       0x18 c:/devkitpro/devkitarm/bin/../lib/gcc/arm-none-eabi/4.9.2/../../../../arm-none-eabi/lib/armv6k/fpu\libg.a(lib_a-fclose.o)
                0x00145294                fclose
 .text.__sflush_r
                0x001452ac      0x238 c:/devkitpro/devkitarm/bin/../lib/gcc/arm-none-eabi/4.9.2/../../../../arm-none-eabi/lib/armv6k/fpu\libg.a(lib_a-fflush.o)
                0x001452ac                __sflush_r
 .text._fflush_r
                0x001454e4       0x98 c:/devkitpro/devkitarm/bin/../lib/gcc/arm-none-eabi/4.9.2/../../../../arm-none-eabi/lib/armv6k/fpu\libg.a(lib_a-fflush.o)
                0x001454e4                _fflush_r
 .text.fflush   0x0014557c       0x38 c:/devkitpro/devkitarm/bin/../lib/gcc/arm-none-eabi/4.9.2/../../../../arm-none-eabi/lib/armv6k/fpu\libg.a(lib_a-fflush.o)
                0x0014557c                fflush
 .text._cleanup_r
                0x001455b4        0xc c:/devkitpro/devkitarm/bin/../lib/gcc/arm-none-eabi/4.9.2/../../../../arm-none-eabi/lib/armv6k/fpu\libg.a(lib_a-findfp.o)
                0x001455b4                _cleanup_r
 .text.__fp_lock
                0x001455c0       0x1c c:/devkitpro/devkitarm/bin/../lib/gcc/arm-none-eabi/4.9.2/../../../../arm-none-eabi/lib/armv6k/fpu\libg.a(lib_a-findfp.o)
 .text.__fp_unlock
                0x001455dc       0x1c c:/devkitpro/devkitarm/bin/../lib/gcc/arm-none-eabi/4.9.2/../../../../arm-none-eabi/lib/armv6k/fpu\libg.a(lib_a-findfp.o)
 .text.__sinit.part.1
                0x001455f8      0x15c c:/devkitpro/devkitarm/bin/../lib/gcc/arm-none-eabi/4.9.2/../../../../arm-none-eabi/lib/armv6k/fpu\libg.a(lib_a-findfp.o)
 .text.__sfmoreglue
                0x00145754       0x48 c:/devkitpro/devkitarm/bin/../lib/gcc/arm-none-eabi/4.9.2/../../../../arm-none-eabi/lib/armv6k/fpu\libg.a(lib_a-findfp.o)
                0x00145754                __sfmoreglue
 .text.__sfp    0x0014579c       0xe8 c:/devkitpro/devkitarm/bin/../lib/gcc/arm-none-eabi/4.9.2/../../../../arm-none-eabi/lib/armv6k/fpu\libg.a(lib_a-findfp.o)
                0x0014579c                __sfp
 .text._cleanup
                0x00145884       0x18 c:/devkitpro/devkitarm/bin/../lib/gcc/arm-none-eabi/4.9.2/../../../../arm-none-eabi/lib/armv6k/fpu\libg.a(lib_a-findfp.o)
                0x00145884                _cleanup