Archive member included to satisfy reference by file (symbol)

c:/devkitPro/libctru/lib\libctru.a(gfx.o)
                              main.o (gfxInitDefault)
c:/devkitPro/libctru/lib\libctru.a(apt.o)
                              main.o (aptMainLoop)
c:/devkitPro/libctru/lib\libctru.a(gsp.o)
                              c:/devkitPro/libctru/lib\libctru.a(gfx.o) (gspInit)
c:/devkitPro/libctru/lib\libctru.a(gx.o)
                              c:/devkitPro/libctru/lib\libctru.a(gfx.o) (gxCmdBuf)
c:/devkitPro/libctru/lib\libctru.a(hid.o)
                              main.o (hidScanInput)
c:/devkitPro/libctru/lib\libctru.a(irrst.o)
                              c:/devkitPro/libctru/lib\libctru.a(hid.o) (irrstExit)
c:/devkitPro/libctru/lib\libctru.a(initArgv.o)
                              c:/devkitpro/devkitarm/bin/../lib/gcc/arm-none-eabi/4.9.2/../../../../arm-none-eabi/lib/armv6k/fpu/3dsx_crt0.o (__system_argc)
c:/devkitPro/libctru/lib\libctru.a(svc.o)
                              c:/devkitPro/libctru/lib\libctru.a(apt.o) (svcCreateThread)
c:/devkitPro/libctru/lib\libctru.a(stack_adjust.o)
                              c:/devkitpro/devkitarm/bin/../lib/gcc/arm-none-eabi/4.9.2/../../../../arm-none-eabi/lib/armv6k/fpu/3dsx_crt0.o (initSystem)
c:/devkitPro/libctru/lib\libctru.a(linear.o)
                              c:/devkitPro/libctru/lib\libctru.a(gfx.o) (linearAlloc)
c:/devkitPro/libctru/lib\libctru.a(mem_pool.o)
                              c:/devkitPro/libctru/lib\libctru.a(linear.o) (MemPool::Allocate(MemChunk&, unsigned long, int))
c:/devkitPro/libctru/lib\libctru.a(vram.o)
                              c:/devkitPro/libctru/lib\libctru.a(gfx.o) (vramAlloc)
c:/devkitPro/libctru/lib\libctru.a(srv.o)
                              c:/devkitPro/libctru/lib\libctru.a(apt.o) (srvGetServiceHandle)
c:/devkitPro/libctru/lib\libctru.a(rbtree_find.o)
                              c:/devkitPro/libctru/lib\libctru.a(linear.o) (rbtree_find)
c:/devkitPro/libctru/lib\libctru.a(rbtree_init.o)
                              c:/devkitPro/libctru/lib\libctru.a(linear.o) (rbtree_init)
c:/devkitPro/libctru/lib\libctru.a(rbtree_insert.o)
                              c:/devkitPro/libctru/lib\libctru.a(linear.o) (rbtree_insert)
c:/devkitPro/libctru/lib\libctru.a(rbtree_remove.o)
                              c:/devkitPro/libctru/lib\libctru.a(linear.o) (rbtree_remove)
c:/devkitPro/libctru/lib\libctru.a(rbtree_rotate.o)
                              c:/devkitPro/libctru/lib\libctru.a(rbtree_insert.o) (rbtree_rotate)
c:/devkitPro/libctru/lib\libctru.a(allocateHeaps.o)
                              c:/devkitPro/libctru/lib\libctru.a(linear.o) (__linear_heap)
c:/devkitPro/libctru/lib\libctru.a(appExit.o)
                              c:/devkitPro/libctru/lib\libctru.a(stack_adjust.o) (__appExit)
c:/devkitPro/libctru/lib\libctru.a(appInit.o)
                              c:/devkitPro/libctru/lib\libctru.a(stack_adjust.o) (__appInit)
c:/devkitPro/libctru/lib\libctru.a(ctru_exit.o)
                              c:/devkitPro/libctru/lib\libctru.a(stack_adjust.o) (__libctru_exit)
c:/devkitPro/libctru/lib\libctru.a(initSystem.o)
                              c:/devkitPro/libctru/lib\libctru.a(stack_adjust.o) (__libctru_init)
c:/devkitPro/libctru/lib\libctru.a(os.o)
                              c:/devkitPro/libctru/lib\libctru.a(initSystem.o) (__libctru_gtod)
c:/devkitPro/libctru/lib\libctru.a(sdmc_dev.o)
                              c:/devkitPro/libctru/lib\libctru.a(appInit.o) (sdmcInit)
c:/devkitPro/libctru/lib\libctru.a(fs.o)
                              c:/devkitPro/libctru/lib\libctru.a(appExit.o) (fsExit)
c:/devkitPro/libctru/lib\libctru.a(rbtree_iterator.o)
                              c:/devkitPro/libctru/lib\libctru.a(rbtree_remove.o) (rbtree_node_next)
c:/devkitPro/libctru/lib\libctru.a(decode_utf8.o)
                              c:/devkitPro/libctru/lib\libctru.a(sdmc_dev.o) (decode_utf8)
c:/devkitPro/libctru/lib\libctru.a(utf16_to_utf8.o)
                              c:/devkitPro/libctru/lib\libctru.a(sdmc_dev.o) (utf16_to_utf8)
c:/devkitPro/libctru/lib\libctru.a(utf8_to_utf16.o)
                              c:/devkitPro/libctru/lib\libctru.a(sdmc_dev.o) (utf8_to_utf16)
c:/devkitPro/libctru/lib\libctru.a(decode_utf16.o)
                              c:/devkitPro/libctru/lib\libctru.a(utf16_to_utf8.o) (decode_utf16)
c:/devkitPro/libctru/lib\libctru.a(encode_utf16.o)
                              c:/devkitPro/libctru/lib\libctru.a(utf8_to_utf16.o) (encode_utf16)
c:/devkitPro/libctru/lib\libctru.a(encode_utf8.o)
                              c:/devkitPro/libctru/lib\libctru.a(utf16_to_utf8.o) (encode_utf8)
c:/devkitpro/devkitarm/bin/../lib/gcc/arm-none-eabi/4.9.2/armv6k/fpu\libgcc.a(_divsi3.o)
                              sudoku.o (__aeabi_idiv)
c:/devkitpro/devkitarm/bin/../lib/gcc/arm-none-eabi/4.9.2/armv6k/fpu\libgcc.a(_dvmd_tls.o)
[...]
Memory Configuration

Name             Origin             Length             Attributes
*default*        0x00000000         0xffffffff

Linker script and memory map

                0x00100000                . = 0x100000
                0x00100000                __start__ = .

.text           0x00100000    0x1c438
 *(.crt0)
 .crt0          0x00100000       0x94 c:/devkitpro/devkitarm/bin/../lib/gcc/arm-none-eabi/4.9.2/../../../../arm-none-eabi/lib/armv6k/fpu/3dsx_crt0.o
                0x00100000                _start
                0x00100008                __service_ptr
                0x0010000c                __apt_appid
                0x00100010                __heap_size
                0x00100014                __linear_heap_size
                0x00100018                __system_arglist
                0x0010001c                __system_runflags
 *(.init)
 .init          0x00100094        0xc c:/devkitpro/devkitarm/bin/../lib/gcc/arm-none-eabi/4.9.2/armv6k/fpu/crti.o
                0x00100094                _init
 .init          0x001000a0        0xc c:/devkitpro/devkitarm/bin/../lib/gcc/arm-none-eabi/4.9.2/armv6k/fpu/crtn.o
                0x001000ac                . = ALIGN (0x4)
 *(.text)
 .text          0x001000ac        0x0 c:/devkitpro/devkitarm/bin/../lib/gcc/arm-none-eabi/4.9.2/../../../../arm-none-eabi/lib/armv6k/fpu/3dsx_crt0.o
 .text          0x001000ac        0x0 c:/devkitpro/devkitarm/bin/../lib/gcc/arm-none-eabi/4.9.2/armv6k/fpu/crti.o
 .text          0x001000ac      0x108 c:/devkitpro/devkitarm/bin/../lib/gcc/arm-none-eabi/4.9.2/armv6k/fpu/crtbegin.o
 .text          0x001001b4        0x0 main.o
 .text          0x001001b4      0x464 sudoku.o
                0x001001b4                sudoku_new
                0x001001e0                sudoku_free
                0x001001fc                sudoku_print
                0x00100278                sudoku_delete_space
                0x001002e8                sudoku_flip_vert
                0x00100374                sudoku_transform
                0x00100468                sudoku_flip_hori
                0x001004fc                sudoku_flip_dia1
                0x0010058c                sudoku_flip_dia2
 .text          0x00100618      0x72c c:/devkitPro/libctru/lib\libctru.a(gfx.o)
                0x001006a4                gfxSet3D
                0x001006b4                gfxSetScreenFormat
                0x001006cc                gfxGetScreenFormat
                0x001006e4                gfxSetDoubleBuffering
                0x001006f8                gfxSetFramebufferInfo
                0x00100768                gfxWriteFramebufferInfo
                0x0010082c                gfxInit
                0x00100a0c                gfxInitDefault
                0x00100a1c                gfxExit
                0x00100ae8                gfxGetFramebuffer
                0x00100b98                gfxFlushBuffers
                0x00100c74                gfxSwapBuffers
                0x00100ce8                gfxSwapBuffersGpu
 .text          0x00100d44     0x18fc c:/devkitPro/libctru/lib\libctru.a(apt.o)
                0x00100da8                aptInitCaptureInfo
                0x00100e5c                aptWaitStatusEvent
                0x00100e84                aptGetStatus
                0x00100ebc                aptSetStatus
                0x00100f20                aptGetStatusPower
                0x00100f58                aptSetStatusPower
                0x00100f90                aptOpenSession
                0x00100fb4                aptCloseSession
                0x00100fdc                aptSignalReadyForSleep
                0x00100fec                APT_GetLockHandle
                0x0010103c                APT_Initialize
                0x001010a4                APT_HardwareResetAsync
                0x001010d8                APT_Enable
                0x00101114                APT_GetAppletManInfo
                0x00101194                aptGetMenuAppID
                0x001011d0                APT_IsRegistered
                0x00101220                APT_InquireNotification
                0x00101270                APT_PrepareToJumpToHomeMenu
                0x001012a4                APT_JumpToHomeMenu
                0x001012f4                APT_NotifyToWait
                0x00101330                APT_AppletUtility
                0x001013b8                aptAppletUtility_Exit_RetToApp
                0x001014d8                aptAppletClosed
                0x001015f8                aptInit
                0x0010174c                APT_GlanceParameter
                0x001017c0                APT_ReceiveParameter
                0x00101834                APT_SendParameter
                0x001018a4                APT_SendCaptureBufferInfo
                0x001018f0                aptReturnToMenu
                0x00101ab0                APT_ReplySleepQuery
                0x00101af0                APT_ReplySleepNotificationComplete
                0x00101b2c                aptEventHandler
                0x00101df8                APT_PrepareToCloseApplication
                0x00101e34                APT_CloseApplication
                0x00101e8c                aptExit
                0x00101f6c                APT_SetAppCpuTimeLimit
                0x00101fb0                APT_GetAppCpuTimeLimit
                0x00102004                APT_CheckNew3DS_Application
                0x00102054                APT_CheckNew3DS_System
                0x001020a4                APT_CheckNew3DS
                0x00102120                APT_PrepareToDoAppJump
                0x0010216c                APT_DoAppJump
                0x001021d4                APT_PrepareToStartLibraryApplet
                0x00102210                APT_StartLibraryApplet
                0x00102270                aptAppletStarted
                0x00102374                aptMainLoop
                0x001023ec                APT_LaunchLibraryApplet
                0x001025a4                APT_PrepareToStartSystemApplet
                0x001025e0                APT_StartSystemApplet
 .text          0x00102640      0x8c8 c:/devkitPro/libctru/lib\libctru.a(gsp.o)
                0x0010274c                gspInit
                0x00102760                gspExit
                0x00102778                gspInitEventHandler
                0x00102844                gspExitEventHandler
                0x0010289c                gspWaitForEvent
                0x001028f4                GSPGPU_WriteHWRegs
                0x00102964                GSPGPU_WriteHWRegsWithMask
                0x001029f0                GSPGPU_ReadHWRegs
                0x00102a60                GSPGPU_SetBufferSwap
                0x00102ad4                GSPGPU_FlushDataCache
                0x00102b28                GSPGPU_InvalidateDataCache
                0x00102b7c                GSPGPU_SetLcdForceBlack
                0x00102bb8                GSPGPU_TriggerCmdReqQueue
                0x00102bec                GSPGPU_RegisterInterruptRelayQueue
                0x00102c58                GSPGPU_UnregisterInterruptRelayQueue
                0x00102c8c                GSPGPU_AcquireRight
                0x00102cdc                GSPGPU_ReleaseRight
                0x00102d10                GSPGPU_ImportDisplayCaptureInfo
                0x00102d94                GSPGPU_SaveVramSysArea
                0x00102dc8                GSPGPU_RestoreVramSysArea
                0x00102dfc                GSPGPU_SubmitGxCommand
 .text          0x00102f08      0x264 c:/devkitPro/libctru/lib\libctru.a(gx.o)
                0x00102f08                GX_RequestDma
                0x00102f5c                GX_SetCommandList_Last
                0x00102fc4                GX_SetMemoryFill
                0x00103038                GX_SetDisplayTransfer
                0x0010309c                GX_SetTextureCopy
                0x00103104                GX_SetCommandList_First
 .text          0x0010316c      0x6e0 c:/devkitPro/libctru/lib\libctru.a(hid.o)
                0x0010316c                hidExit
                0x00103210                hidWaitForEvent
                0x00103268                hidCheckSectionUpdateTime
                0x001032a4                hidScanInput
                0x001034d8                hidKeysHeld
                0x001034e8                hidKeysDown
                0x001034f8                hidKeysUp
                0x00103508                hidTouchRead
                0x00103520                hidCircleRead
                0x00103538                hidAccelRead
                0x00103558                hidGyroRead
                0x00103578                HIDUSER_GetHandles
                0x00103608                hidInit
                0x00103728                HIDUSER_EnableAccelerometer
                0x00103754                HIDUSER_DisableAccelerometer
                0x00103780                HIDUSER_EnableGyroscope
                0x001037ac                HIDUSER_DisableGyroscope
                0x001037d8                HIDUSER_GetGyroscopeRawToDpsCoefficient
                0x00103814                HIDUSER_GetSoundVolume
 .text          0x0010384c      0x350 c:/devkitPro/libctru/lib\libctru.a(irrst.o)
                0x0010384c                irrstExit
                0x001038b4                irrstWaitForEvent
                0x00103900                irrstCheckSectionUpdateTime
                0x0010393c                irrstScanInput
                0x001039f0                irrstKeysHeld
                0x00103a08                irrstCstickRead
                0x00103a20                IRRST_GetHandles
                0x00103a70                irrstInit
                0x00103b38                IRRST_Initialize
                0x00103b70                IRRST_Shutdown
 .text          0x00103b9c       0xf4 c:/devkitPro/libctru/lib\libctru.a(initArgv.o)
                0x00103b9c                __system_initArgv
 .text          0x00103c90      0x320 c:/devkitPro/libctru/lib\libctru.a(svc.o)
                0x00103c90                svcControlMemory
                0x00103cb0                svcQueryMemory
                0x00103ce0                svcExitProcess
                0x00103ce8                svcCreateThread
                0x00103d08                svcExitThread
                0x00103d10                svcSleepThread
                0x00103d18                svcSetThreadPriority
                0x00103d20                svcCreateMutex
                0x00103d34                svcReleaseMutex
                0x00103d3c                svcCreateEvent
                0x00103d50                svcSignalEvent
                0x00103d58                svcClearEvent
                0x00103d60                svcCreateTimer
                0x00103d74                svcSetTimer
                0x00103d7c                svcCancelTimer
                0x00103d84                svcClearTimer
                0x00103d8c                svcCreateMemoryBlock
                0x00103da4                svcMapMemoryBlock
                0x00103dac                svcUnmapMemoryBlock
                0x00103db4                svcCreateAddressArbiter
                0x00103dbc                svcArbitrateAddress
                0x00103ddc                svcCloseHandle
                0x00103de4                svcWaitSynchronization
                0x00103dec                svcWaitSynchronizationN
                0x00103e14                svcDuplicateHandle
                0x00103e28                svcGetSystemTick
                0x00103e30                svcGetSystemInfo
                0x00103e50                svcGetProcessInfo
                0x00103e6c                svcConnectToPort
                0x00103e80                svcSendSyncRequest
                0x00103e88                svcOpenProcess
                0x00103e9c                svcGetProcessId
                0x00103eb0                svcOutputDebugString
                0x00103eb8                svcCreateSemaphore
                0x00103ecc                svcReleaseSemaphore
                0x00103ee0                svcGetThreadId
                0x00103ef4                svcCreatePort
                0x00103f14                svcDebugActiveProcess
                0x00103f28                svcBreakDebugProcess
                0x00103f30                svcTerminateDebugProcess
                0x00103f38                svcGetProcessDebugEvent
                0x00103f40                svcContinueDebugEvent
                0x00103f48                svcGetProcessList
                0x00103f68                svcReadProcessMemory
                0x00103f70                svcMapProcessMemory
                0x00103f78                svcUnmapProcessMemory
                0x00103f80                svcQueryProcessMemory
                0x00103fa4                svcGetProcessorID
 .text          0x00103fb0       0x64 c:/devkitPro/libctru/lib\libctru.a(stack_adjust.o)
                0x00103fb0                initSystem
                0x00103ff4                __ctru_exit
 .text          0x00104014      0x1d4 c:/devkitPro/libctru/lib\libctru.a(linear.o)
                0x0010403c                linearMemAlign
                0x0010417c                linearAlloc
                0x00104184                linearRealloc
                0x0010418c                linearFree
                0x001041dc                linearSpaceFree
 .text          0x001041e8      0x318 c:/devkitPro/libctru/lib\libctru.a(mem_pool.o)
                0x001041e8                MemPool::CoalesceRight(MemBlock*)
                0x00104288                MemPool::Allocate(MemChunk&, unsigned long, int)
                0x001043cc                MemPool::Deallocate(MemChunk const&)
                0x001044d0                MemPool::GetFreeSpace()
 .text          0x00104500      0x1c4 c:/devkitPro/libctru/lib\libctru.a(vram.o)
                0x00104528                vramMemAlign
                0x00104658                vramAlloc
                0x00104660                vramRealloc
                0x00104668                vramFree
                0x001046b8                vramSpaceFree
 .text          0x001046c4      0x304 c:/devkitPro/libctru/lib\libctru.a(srv.o)
                0x001046c4                __get_handle_from_list
                0x0010475c                __destroy_handle_list
                0x001047b0                srvExit
                0x001047d8                srvRegisterClient
                0x00104810                srvInit
                0x00104878                srvGetServiceHandle
                0x001048f8                srvPmInit
                0x0010494c                srvRegisterProcess
                0x00104994                srvUnregisterProcess
 .text          0x001049c8       0x70 c:/devkitPro/libctru/lib\libctru.a(rbtree_find.o)
                0x001049c8                rbtree_find
 .text          0x00104a38       0x14 c:/devkitPro/libctru/lib\libctru.a(rbtree_init.o)
                0x00104a38                rbtree_init
 .text          0x00104a4c      0x1f4 c:/devkitPro/libctru/lib\libctru.a(rbtree_insert.o)
                0x00104c30                rbtree_insert
                0x00104c38                rbtree_insert_multi
 .text          0x00104c40      0x340 c:/devkitPro/libctru/lib\libctru.a(rbtree_remove.o)
                0x00104c40                rbtree_remove
 .text          0x00104f80       0xac c:/devkitPro/libctru/lib\libctru.a(rbtree_rotate.o)
                0x00104f80                rbtree_rotate
 .text          0x0010502c       0xa4 c:/devkitPro/libctru/lib\libctru.a(allocateHeaps.o)
                0x0010502c                __system_allocateHeaps
 .text          0x001050d0       0x1c c:/devkitPro/libctru/lib\libctru.a(appExit.o)
                0x001050d0                __appExit
 .text          0x001050ec       0x20 c:/devkitPro/libctru/lib\libctru.a(appInit.o)
                0x001050ec                __appInit
 .text          0x0010510c       0x90 c:/devkitPro/libctru/lib\libctru.a(ctru_exit.o)
                0x0010510c                __libctru_exit
 .text          0x0010519c       0x4c c:/devkitPro/libctru/lib\libctru.a(initSystem.o)
                0x0010519c                __libctru_init
 .text          0x001051e8      0x278 c:/devkitPro/libctru/lib\libctru.a(os.o)
                0x00105240                osConvertVirtToPhys
                0x0010528c                osConvertOldLINEARMemToNew
                0x001052ac                __libctru_gtod
                0x001053a4                osGetTime
                0x00105418                osGetFirmVersion
                0x0010542c                osGetKernelVersion
                0x00105440                osStrError
 .text          0x00105460      0xffc c:/devkitPro/libctru/lib\libctru.a(sdmc_dev.o)
                0x001062dc                sdmcInit
                0x0010640c                sdmcExit
 .text          0x0010645c      0xbfc c:/devkitPro/libctru/lib\libctru.a(fs.o)
                0x0010645c                FS_makePath
                0x00106488                fsExit
                0x001064ac                FSUSER_Initialize
                0x00106520                fsInit
                0x0010658c                FSUSER_OpenFile
                0x00106638                FSUSER_OpenFileDirectly
                0x00106704                FSUSER_DeleteFile
                0x0010678c                FSUSER_RenameFile
                0x00106850                FSUSER_DeleteDirectory
                0x001068d8                FSUSER_DeleteDirectoryRecursively
                0x001068e0                FSUSER_CreateFile
                0x00106978                FSUSER_CreateDirectory
                0x00106a04                FSUSER_RenameDirectory
                0x00106ac8                FSUSER_OpenDirectory
                0x00106b5c                FSUSER_OpenArchive
                0x00106be4                FSUSER_CloseArchive
                0x00106c3c                FSUSER_GetSdmcArchiveResource
                0x00106cb8                FSUSER_GetNandArchiveResource
                0x00106d34                FSUSER_IsSdmcDetected
                0x00106d80                FSUSER_IsSdmcWritable
                0x00106dcc                FSFILE_Close
                0x00106e10                FSFILE_Read
                0x00106e6c                FSFILE_Write
                0x00106ed0                FSFILE_GetSize
                0x00106f10                FSFILE_SetSize
                0x00106f3c                FSFILE_GetAttributes
                0x00106f74                FSFILE_SetAttributes
                0x00106f9c                FSFILE_Flush
                0x00106fc0                FSDIR_Read
                0x00107014                FSDIR_Close
 .text          0x00107058      0x118 c:/devkitPro/libctru/lib\libctru.a(rbtree_iterator.o)
                0x00107058                rbtree_node_next
                0x001070e4                rbtree_node_prev
 .text          0x00107170      0x138 c:/devkitPro/libctru/lib\libctru.a(decode_utf8.o)
                0x00107170                decode_utf8
 .text          0x001072a8       0xe8 c:/devkitPro/libctru/lib\libctru.a(utf16_to_utf8.o)
                0x001072a8                utf16_to_utf8
 .text          0x00107390       0xb8 c:/devkitPro/libctru/lib\libctru.a(utf8_to_utf16.o)
                0x00107390                utf8_to_utf16
 .text          0x00107448       0x60 c:/devkitPro/libctru/lib\libctru.a(decode_utf16.o)
                0x00107448                decode_utf16
 .text          0x001074a8       0x68 c:/devkitPro/libctru/lib\libctru.a(encode_utf16.o)
                0x001074a8                encode_utf16
 .text          0x00107510      0x104 c:/devkitPro/libctru/lib\libctru.a(encode_utf8.o)
                0x00107510                encode_utf8
 .text          0x00107614      0x240 c:/devkitpro/devkitarm/bin/../lib/gcc/arm-none-eabi/4.9.2/armv6k/fpu\libgcc.a(_divsi3.o)
                0x00107614                __divsi3
                0x00107614                __aeabi_idiv
                0x00107834                __aeabi_idivmod
 .text          0x00107854        0x4 c:/devkitpro/devkitarm/bin/../lib/gcc/arm-none-eabi/4.9.2/armv6k/fpu\libgcc.a(_dvmd_tls.o)
                0x00107854                __aeabi_idiv0
                0x00107854                __aeabi_ldiv0
 .text          0x00107858        0x0 c:/devkitpro/devkitarm/bin/../lib/gcc/arm-none-eabi/4.9.2/../../../../arm-none-eabi/lib/armv6k/fpu\libg.a(lib_a-bsearch.o)
 .text          0x00107858        0x0 c:/devkitpro/devkitarm/bin/../lib/gcc/arm-none-eabi/4.9.2/../../../../arm-none-eabi/lib/armv6k/fpu\libg.a(lib_a-fini.o)
 .text          0x00107858        0x0 c:/devkitpro/devkitarm/bin/../lib/gcc/arm-none-eabi/4.9.2/../../../../arm-none-eabi/lib/armv6k/fpu\libg.a(lib_a-init.o)
 .text          0x00107858        0x0 c:/devkitpro/devkitarm/bin/../lib/gcc/arm-none-eabi/4.9.2/../../../../arm-none-eabi/lib/armv6k/fpu\libg.a(lib_a-malloc.o)
 .text          0x00107858        0x0 c:/devkitpro/devkitarm/bin/../lib/gcc/arm-none-eabi/4.9.2/../../../../arm-none-eabi/lib/armv6k/fpu\libg.a(lib_a-mallocr.o)
 .text          0x00107858        0x0 c:/devkitpro/devkitarm/bin/../lib/gcc/arm-none-eabi/4.9.2/../../../../arm-none-eabi/lib/armv6k/fpu\libg.a(lib_a-memcpy.o)
 .text          0x00107858        0x0 c:/devkitpro/devkitarm/bin/../lib/gcc/arm-none-eabi/4.9.2/../../../../arm-none-eabi/lib/armv6k/fpu\libg.a(lib_a-memset.o)
 .text          0x00107858        0x0 c:/devkitpro/devkitarm/bin/../lib/gcc/arm-none-eabi/4.9.2/../../../../arm-none-eabi/lib/armv6k/fpu\libg.a(lib_a-mlock.o)
 .text          0x00107858        0x0 c:/devkitpro/devkitarm/bin/../lib/gcc/arm-none-eabi/4.9.2/../../../../arm-none-eabi/lib/armv6k/fpu\libg.a(lib_a-printf.o)
 .text          0x00107858        0x0 c:/devkitpro/devkitarm/bin/../lib/gcc/arm-none-eabi/4.9.2/../../../../arm-none-eabi/lib/armv6k/fpu\libg.a(lib_a-rand.o)
 .text          0x00107858        0x0 c:/devkitpro/devkitarm/bin/../lib/gcc/arm-none-eabi/4.9.2/../../../../arm-none-eabi/lib/armv6k/fpu\libg.a(lib_a-strcpy.o)
 .text          0x00107858        0x0 c:/devkitpro/devkitarm/bin/../lib/gcc/arm-none-eabi/4.9.2/../../../../arm-none-eabi/lib/armv6k/fpu\libg.a(lib_a-strlen.o)
 .text          0x00107858        0x0 c:/devkitpro/devkitarm/bin/../lib/gcc/arm-none-eabi/4.9.2/../../../../arm-none-eabi/lib/armv6k/fpu\libg.a(lib_a-strncat.o)
 .text          0x00107858        0x0 c:/devkitpro/devkitarm/bin/../lib/gcc/arm-none-eabi/4.9.2/../../../../arm-none-eabi/lib/armv6k/fpu\libg.a(lib_a-strncpy.o)
 .text          0x00107858        0x0 c:/devkitpro/devkitarm/bin/../lib/gcc/arm-none-eabi/4.9.2/../../../../arm-none-eabi/lib/armv6k/fpu\libg.a(lib_a-time.o)
 .text          0x00107858        0x0 c:/devkitpro/devkitarm/bin/../lib/gcc/arm-none-eabi/4.9.2/../../../../arm-none-eabi/lib/armv6k/fpu\libg.a(lib_a-vfprintf.o)
 .text          0x00107858        0x0 c:/devkitpro/devkitarm/bin/../lib/gcc/arm-none-eabi/4.9.2/../../../../arm-none-eabi/lib/armv6k/fpu\libg.a(lib_a-wcrtomb.o)
 .text          0x00107858        0x0 c:/devkitpro/devkitarm/bin/../lib/gcc/arm-none-eabi/4.9.2/../../../../arm-none-eabi/lib/armv6k/fpu\libg.a(lib_a-wcsrtombs.o)
 .text          0x00107858        0x0 c:/devkitpro/devkitarm/bin/../lib/gcc/arm-none-eabi/4.9.2/../../../../arm-none-eabi/lib/armv6k/fpu\libg.a(lib_a-wctomb_r.o)
 .text          0x00107858        0x0 c:/devkitpro/devkitarm/bin/../lib/gcc/arm-none-eabi/4.9.2/../../../../arm-none-eabi/lib/armv6k/fpu\libg.a(lib_a-wsetup.o)
 .text          0x00107858        0x0 c:/devkitpro/devkitarm/bin/../lib/gcc/arm-none-eabi/4.9.2/../../../../arm-none-eabi/lib/armv6k/fpu\libg.a(lib_a-dtoa.o)
 .text          0x00107858        0x0 c:/devkitpro/devkitarm/bin/../lib/gcc/arm-none-eabi/4.9.2/../../../../arm-none-eabi/lib/armv6k/fpu\libg.a(lib_a-fflush.o)
 .text          0x00107858        0x0 c:/devkitpro/devkitarm/bin/../lib/gcc/arm-none-eabi/4.9.2/../../../../arm-none-eabi/lib/armv6k/fpu\libg.a(lib_a-findfp.o)
 .text          0x00107858        0x0 c:/devkitpro/devkitarm/bin/../lib/gcc/arm-none-eabi/4.9.2/../../../../arm-none-eabi/lib/armv6k/fpu\libg.a(lib_a-freer.o)
 .text          0x00107858        0x0 c:/devkitpro/devkitarm/bin/../lib/gcc/arm-none-eabi/4.9.2/../../../../arm-none-eabi/lib/armv6k/fpu\libg.a(lib_a-fwalk.o)
 .text          0x00107858        0x0 c:/devkitpro/devkitarm/bin/../lib/gcc/arm-none-eabi/4.9.2/../../../../arm-none-eabi/lib/armv6k/fpu\libg.a(lib_a-impure.o)
 .text          0x00107858        0x0 c:/devkitpro/devkitarm/bin/../lib/gcc/arm-none-eabi/4.9.2/../../../../arm-none-eabi/lib/armv6k/fpu\libg.a(lib_a-locale.o)
 .text          0x00107858        0x0 c:/devkitpro/devkitarm/bin/../lib/gcc/arm-none-eabi/4.9.2/../../../../arm-none-eabi/lib/armv6k/fpu\libg.a(lib_a-makebuf.o)
 .text          0x00107858        0x0 c:/devkitpro/devkitarm/bin/../lib/gcc/arm-none-eabi/4.9.2/../../../../arm-none-eabi/lib/armv6k/fpu\libg.a(lib_a-mbtowc_r.o)
 .text          0x00107858        0x0 c:/devkitpro/devkitarm/bin/../lib/gcc/arm-none-eabi/4.9.2/../../../../arm-none-eabi/lib/armv6k/fpu\libg.a(lib_a-memchr.o)
 .text          0x00107858        0x0 c:/devkitpro/devkitarm/bin/../lib/gcc/arm-none-eabi/4.9.2/../../../../arm-none-eabi/lib/armv6k/fpu\libg.a(lib_a-mprec.o)
 .text          0x00107858        0x0 c:/devkitpro/devkitarm/bin/../lib/gcc/arm-none-eabi/4.9.2/../../../../arm-none-eabi/lib/armv6k/fpu\libg.a(lib_a-s_fpclassify.o)
 .text          0x00107858        0x0 c:/devkitpro/devkitarm/bin/../lib/gcc/arm-none-eabi/4.9.2/../../../../arm-none-eabi/lib/armv6k/fpu\libg.a(lib_a-s_frexp.o)
 .text          0x00107858        0x0 c:/devkitpro/devkitarm/bin/../lib/gcc/arm-none-eabi/4.9.2/../../../../arm-none-eabi/lib/armv6k/fpu\libg.a(lib_a-stdio.o)
 .text          0x00107858        0x0 c:/devkitpro/devkitarm/bin/../lib/gcc/arm-none-eabi/4.9.2/../../../../arm-none-eabi/lib/armv6k/fpu\libg.a(lib_a-strcasecmp.o)
 .text          0x00107858        0x0 c:/devkitpro/devkitarm/bin/../lib/gcc/arm-none-eabi/4.9.2/../../../../arm-none-eabi/lib/armv6k/fpu\libg.a(lib_a-strcat.o)
 .text          0x00107858        0x0 c:/devkitpro/devkitarm/bin/../lib/gcc/arm-none-eabi/4.9.2/../../../../arm-none-eabi/lib/armv6k/fpu\libg.a(lib_a-strchr.o)
 *fill*         0x00107858        0x8 
 .text          0x00107860      0x3a0 c:/devkitpro/devkitarm/bin/../lib/gcc/arm-none-eabi/4.9.2/../../../../arm-none-eabi/lib/armv6k/fpu\libg.a(lib_a-strcmp.o)
                0x00107868                strcmp
 .text          0x00107c00        0x0 c:/devkitpro/devkitarm/bin/../lib/gcc/arm-none-eabi/4.9.2/../../../../arm-none-eabi/lib/armv6k/fpu\libg.a(lib_a-strlcpy.o)
 .text          0x00107c00        0x0 c:/devkitpro/devkitarm/bin/../lib/gcc/arm-none-eabi/4.9.2/../../../../arm-none-eabi/lib/armv6k/fpu\libg.a(lib_a-strncasecmp.o)
 .text          0x00107c00        0x0 c:/devkitpro/devkitarm/bin/../lib/gcc/arm-none-eabi/4.9.2/../../../../arm-none-eabi/lib/armv6k/fpu\libg.a(lib_a-strncmp.o)
 .text          0x00107c00        0x0 c:/devkitpro/devkitarm/bin/../lib/gcc/arm-none-eabi/4.9.2/../../../../arm-none-eabi/lib/armv6k/fpu\libg.a(lib_a-strtol.o)
 .text          0x00107c00        0x0 c:/devkitpro/devkitarm/bin/../lib/gcc/arm-none-eabi/4.9.2/../../../../arm-none-eabi/lib/armv6k/fpu\libg.a(lib_a-svfiprintf.o)
 .text          0x00107c00        0x0 c:/devkitpro/devkitarm/bin/../lib/gcc/arm-none-eabi/4.9.2/../../../../arm-none-eabi/lib/armv6k/fpu\libg.a(lib_a-vfiprintf.o)
 .text          0x00107c00        0x0 c:/devkitpro/devkitarm/bin/../lib/gcc/arm-none-eabi/4.9.2/../../../../arm-none-eabi/lib/armv6k/fpu\libg.a(lib_a-wcsnrtombs.o)
 .text          0x00107c00        0x0 c:/devkitpro/devkitarm/bin/../lib/gcc/arm-none-eabi/4.9.2/../../../../arm-none-eabi/lib/armv6k/fpu\libg.a(lib_a-callocr.o)
 .text          0x00107c00        0x0 c:/devkitpro/devkitarm/bin/../lib/gcc/arm-none-eabi/4.9.2/../../../../arm-none-eabi/lib/armv6k/fpu\libg.a(lib_a-ctype_.o)
 .text          0x00107c00        0x0 c:/devkitpro/devkitarm/bin/../lib/gcc/arm-none-eabi/4.9.2/../../../../arm-none-eabi/lib/armv6k/fpu\libg.a(lib_a-fclose.o)
 .text          0x00107c00        0x0 c:/devkitpro/devkitarm/bin/../lib/gcc/arm-none-eabi/4.9.2/../../../../arm-none-eabi/lib/armv6k/fpu\libg.a(lib_a-fputwc.o)
 .text          0x00107c00        0x0 c:/devkitpro/devkitarm/bin/../lib/gcc/arm-none-eabi/4.9.2/../../../../arm-none-eabi/lib/armv6k/fpu\libg.a(lib_a-fvwrite.o)
 .text          0x00107c00        0x0 c:/devkitpro/devkitarm/bin/../lib/gcc/arm-none-eabi/4.9.2/../../../../arm-none-eabi/lib/armv6k/fpu\libg.a(lib_a-getenv_r.o)
 .text          0x00107c00        0x0 c:/devkitpro/devkitarm/bin/../lib/gcc/arm-none-eabi/4.9.2/../../../../arm-none-eabi/lib/armv6k/fpu\libg.a(lib_a-memmove.o)
 .text          0x00107c00        0x0 c:/devkitpro/devkitarm/bin/../lib/gcc/arm-none-eabi/4.9.2/../../../../arm-none-eabi/lib/armv6k/fpu\libg.a(lib_a-reallocr.o)
 .text          0x00107c00        0x0 c:/devkitpro/devkitarm/bin/../lib/gcc/arm-none-eabi/4.9.2/../../../../arm-none-eabi/lib/armv6k/fpu\libg.a(lib_a-wbuf.o)
 .text          0x00107c00        0x0 c:/devkitpro/devkitarm/bin/../lib/gcc/arm-none-eabi/4.9.2/../../../../arm-none-eabi/lib/armv6k/fpu\libg.a(lib_a-environ.o)
 .text          0x00107c00        0x0 c:/devkitpro/devkitarm/bin/../lib/gcc/arm-none-eabi/4.9.2/../../../../arm-none-eabi/lib/armv6k/fpu\libg.a(lib_a-envlock.o)
 .text          0x00107c00      0x1a8 c:/devkitpro/devkitarm/bin/../lib/gcc/arm-none-eabi/4.9.2/../../../../arm-none-eabi/lib/armv6k/fpu\libsysbase.a(iosupport.o)
                0x00107c00                setDefaultDevice
                0x00107c18                FindDevice
                0x00107cc4                RemoveDevice
                0x00107cf0                AddDevice
                0x00107d84                GetDeviceOpTab
 .text          0x00107da8       0x7c c:/devkitpro/devkitarm/bin/../lib/gcc/arm-none-eabi/4.9.2/../../../../arm-none-eabi/lib/armv6k/fpu\libsysbase.a(close.o)
                0x00107da8                _close_r
 .text          0x00107e24       0x6c c:/devkitpro/devkitarm/bin/../lib/gcc/arm-none-eabi/4.9.2/../../../../arm-none-eabi/lib/armv6k/fpu\libsysbase.a(fstat.o)
                0x00107e24                _fstat_r
 .text          0x00107e90       0x2c c:/devkitpro/devkitarm/bin/../lib/gcc/arm-none-eabi/4.9.2/../../../../arm-none-eabi/lib/armv6k/fpu\libsysbase.a(gettod.o)
                0x00107e90                _gettimeofday_r
 .text          0x00107ebc        0x8 c:/devkitpro/devkitarm/bin/../lib/gcc/arm-none-eabi/4.9.2/../../../../arm-none-eabi/lib/armv6k/fpu\libsysbase.a(isatty.o)
                0x00107ebc                _isatty_r
 .text          0x00107ec4       0x74 c:/devkitpro/devkitarm/bin/../lib/gcc/arm-none-eabi/4.9.2/../../../../arm-none-eabi/lib/armv6k/fpu\libsysbase.a(lseek.o)
                0x00107ec4                _lseek_r
 .text          0x00107f38       0x74 c:/devkitpro/devkitarm/bin/../lib/gcc/arm-none-eabi/4.9.2/../../../../arm-none-eabi/lib/armv6k/fpu\libsysbase.a(read.o)
                0x00107f38                _read_r
 .text          0x00107fac       0x70 c:/devkitpro/devkitarm/bin/../lib/gcc/arm-none-eabi/4.9.2/../../../../arm-none-eabi/lib/armv6k/fpu\libsysbase.a(sbrk.o)
                0x00107fac                _sbrk_r
 .text          0x0010801c       0x74 c:/devkitpro/devkitarm/bin/../lib/gcc/arm-none-eabi/4.9.2/../../../../arm-none-eabi/lib/armv6k/fpu\libsysbase.a(write.o)
                0x0010801c                _write_r
 .text          0x00108090        0x0 c:/devkitpro/devkitarm/bin/../lib/gcc/arm-none-eabi/4.9.2/../../../../arm-none-eabi/lib/armv6k/fpu\libsysbase.a(malloc_vars.o)
 .text          0x00108090      0x3a4 c:/devkitpro/devkitarm/bin/../lib/gcc/arm-none-eabi/4.9.2/../../../../arm-none-eabi/lib/armv6k/fpu\libsysbase.a(chdir.o)
                0x00108090                _concatenate_path
                0x0010824c                chdir
                0x00108394                getcwd
 .text          0x00108434        0x8 c:/devkitpro/devkitarm/bin/../lib/gcc/arm-none-eabi/4.9.2/../../../../arm-none-eabi/lib/armv6k/fpu\libsysbase.a(flock.o)
                0x00108434                __flockfile
                0x00108438                __funlockfile
 .text          0x0010843c      0x108 c:/devkitpro/devkitarm/bin/../lib/gcc/arm-none-eabi/4.9.2/../../../../arm-none-eabi/lib/armv6k/fpu\libsysbase.a(syscall_support.o)
                0x0010843c                __libc_lock_init
                0x00108454                __libc_lock_acquire
                0x0010846c                __libc_lock_try_acquire
                0x00108490                __libc_lock_release
                0x001084a8                __libc_lock_close
                0x001084c0                __libc_lock_init_recursive
                0x001084d8                __libc_lock_acquire_recursive
                0x001084f0                __libc_lock_try_acquire_recursive
                0x00108514                __libc_lock_release_recursive
                0x0010852c                __libc_lock_close_recursive
 .text          0x00108544      0x254 c:/devkitpro/devkitarm/bin/../lib/gcc/arm-none-eabi/4.9.2/../../../../arm-none-eabi/lib/armv6k/fpu\libsysbase.a(handle_manager.o)
                0x00108544                __free_handle
                0x00108588                __release_handle
                0x001085b4                __alloc_handle
                0x0010861c                __get_handle
                0x00108638                dup
                0x001086c4                dup2
 .text          0x00108798       0x28 c:/devkitpro/devkitarm/bin/../lib/gcc/arm-none-eabi/4.9.2/../../../../arm-none-eabi/lib/armv6k/fpu\libsysbase.a(getreent.o)
                0x00108798                __getreent
 .text          0x001087c0      0x20c c:/devkitpro/devkitarm/bin/../lib/gcc/arm-none-eabi/4.9.2/armv6k/fpu\libgcc.a(_udivsi3.o)
                0x001087c0                __aeabi_uidiv
                0x001087c0                __udivsi3
                0x001089ac                __aeabi_uidivmod
 .text          0x001089cc       0x3c c:/devkitpro/devkitarm/bin/../lib/gcc/arm-none-eabi/4.9.2/armv6k/fpu\libgcc.a(_aeabi_uldivmod.o)
                0x001089cc                __aeabi_uldivmod
 .text          0x00108a08       0x78 c:/devkitpro/devkitarm/bin/../lib/gcc/arm-none-eabi/4.9.2/armv6k/fpu\libgcc.a(bpabi.o)
                0x00108a08                __gnu_ldivmod_helper
                0x00108a44                __gnu_uldivmod_helper
 .text          0x00108a80      0x180 c:/devkitpro/devkitarm/bin/../lib/gcc/arm-none-eabi/4.9.2/armv6k/fpu\libgcc.a(_divdi3.o)
                0x00108a80                __divdi3
 .text          0x00108c00      0x124 c:/devkitpro/devkitarm/bin/../lib/gcc/arm-none-eabi/4.9.2/armv6k/fpu\libgcc.a(_udivdi3.o)
                0x00108c00                __udivdi3
 .text          0x00108d24        0x0 c:/devkitpro/devkitarm/bin/../lib/gcc/arm-none-eabi/4.9.2/../../../../arm-none-eabi/lib/armv6k/fpu\libg.a(lib_a-errno.o)
 .text          0x00108d24        0x0 c:/devkitpro/devkitarm/bin/../lib/gcc/arm-none-eabi/4.9.2/../../../../arm-none-eabi/lib/armv6k/fpu\libg.a(lib_a-strnlen.o)
 .text          0x00108d24        0x0 c:/devkitpro/devkitarm/bin/../lib/gcc/arm-none-eabi/4.9.2/../../../../arm-none-eabi/lib/armv6k/fpu\libg.a(lib_a-strrchr.o)
 .text          0x00108d24        0x0 c:/devkitpro/devkitarm/bin/../lib/gcc/arm-none-eabi/4.9.2/armv6k/fpu/crtend.o
 .text          0x00108d24        0x0 c:/devkitpro/devkitarm/bin/../lib/gcc/arm-none-eabi/4.9.2/armv6k/fpu/crtn.o
 *(.text.*)
 .text.startup  0x00108d24       0xb0 main.o
                0x00108d24                main
 .text.bsearch  0x00108dd4       0x78 c:/devkitpro/devkitarm/bin/../lib/gcc/arm-none-eabi/4.9.2/../../../../arm-none-eabi/lib/armv6k/fpu\libg.a(lib_a-bsearch.o)
                0x00108dd4                bsearch
 .text.__libc_fini_array
                0x00108e4c       0x40 c:/devkitpro/devkitarm/bin/../lib/gcc/arm-none-eabi/4.9.2/../../../../arm-none-eabi/lib/armv6k/fpu\libg.a(lib_a-fini.o)
                0x00108e4c                __libc_fini_array
 .text.__libc_init_array
                0x00108e8c       0x78 c:/devkitpro/devkitarm/bin/../lib/gcc/arm-none-eabi/4.9.2/../../../../arm-none-eabi/lib/armv6k/fpu\libg.a(lib_a-init.o)
                0x00108e8c                __libc_init_array
 .text.malloc   0x00108f04       0x18 c:/devkitpro/devkitarm/bin/../lib/gcc/arm-none-eabi/4.9.2/../../../../arm-none-eabi/lib/armv6k/fpu\libg.a(lib_a-malloc.o)
                0x00108f04                malloc
 .text.free     0x00108f1c       0x18 c:/devkitpro/devkitarm/bin/../lib/gcc/arm-none-eabi/4.9.2/../../../../arm-none-eabi/lib/armv6k/fpu\libg.a(lib_a-malloc.o)
                0x00108f1c                free
 .text._malloc_r
                0x00108f34      0x740 c:/devkitpro/devkitarm/bin/../lib/gcc/arm-none-eabi/4.9.2/../../../../arm-none-eabi/lib/armv6k/fpu\libg.a(lib_a-mallocr.o)
                0x00108f34                _malloc_r
 .text.memcpy   0x00109674       0xf4 c:/devkitpro/devkitarm/bin/../lib/gcc/arm-none-eabi/4.9.2/../../../../arm-none-eabi/lib/armv6k/fpu\libg.a(lib_a-memcpy.o)
                0x00109674                memcpy
 .text.memset   0x00109768       0xf0 c:/devkitpro/devkitarm/bin/../lib/gcc/arm-none-eabi/4.9.2/../../../../arm-none-eabi/lib/armv6k/fpu\libg.a(lib_a-memset.o)
                0x00109768                memset
 .text.__malloc_lock
                0x00109858        0x4 c:/devkitpro/devkitarm/bin/../lib/gcc/arm-none-eabi/4.9.2/../../../../arm-none-eabi/lib/armv6k/fpu\libg.a(lib_a-mlock.o)
                0x00109858                __malloc_lock
 .text.__malloc_unlock
                0x0010985c        0x4 c:/devkitpro/devkitarm/bin/../lib/gcc/arm-none-eabi/4.9.2/../../../../arm-none-eabi/lib/armv6k/fpu\libg.a(lib_a-mlock.o)
                0x0010985c                __malloc_unlock
 .text._printf_r
                0x00109860       0x34 c:/devkitpro/devkitarm/bin/../lib/gcc/arm-none-eabi/4.9.2/../../../../arm-none-eabi/lib/armv6k/fpu\libg.a(lib_a-printf.o)
                0x00109860                _printf_r
 .text.printf   0x00109894       0x38 c:/devkitpro/devkitarm/bin/../lib/gcc/arm-none-eabi/4.9.2/../../../../arm-none-eabi/lib/armv6k/fpu\libg.a(lib_a-printf.o)
                0x00109894                printf
 .text.srand    0x001098cc       0x1c c:/devkitpro/devkitarm/bin/../lib/gcc/arm-none-eabi/4.9.2/../../../../arm-none-eabi/lib/armv6k/fpu\libg.a(lib_a-rand.o)
                0x001098cc                srand
 .text.rand     0x001098e8       0x44 c:/devkitpro/devkitarm/bin/../lib/gcc/arm-none-eabi/4.9.2/../../../../arm-none-eabi/lib/armv6k/fpu\libg.a(lib_a-rand.o)
                0x001098e8                rand
 .text.strcpy   0x0010992c       0xf0 c:/devkitpro/devkitarm/bin/../lib/gcc/arm-none-eabi/4.9.2/../../../../arm-none-eabi/lib/armv6k/fpu\libg.a(lib_a-strcpy.o)
                0x0010992c                strcpy
 .text.strlen   0x00109a1c       0x5c c:/devkitpro/devkitarm/bin/../lib/gcc/arm-none-eabi/4.9.2/../../../../arm-none-eabi/lib/armv6k/fpu\libg.a(lib_a-strlen.o)
                0x00109a1c                strlen
 .text.strncat  0x00109a78       0xa4 c:/devkitpro/devkitarm/bin/../lib/gcc/arm-none-eabi/4.9.2/../../../../arm-none-eabi/lib/armv6k/fpu\libg.a(lib_a-strncat.o)
                0x00109a78                strncat
 .text.strncpy  0x00109b1c       0xe0 c:/devkitpro/devkitarm/bin/../lib/gcc/arm-none-eabi/4.9.2/../../../../arm-none-eabi/lib/armv6k/fpu\libg.a(lib_a-strncpy.o)
                0x00109b1c                strncpy
 .text.time     0x00109bfc       0x40 c:/devkitpro/devkitarm/bin/../lib/gcc/arm-none-eabi/4.9.2/../../../../arm-none-eabi/lib/armv6k/fpu\libg.a(lib_a-time.o)
                0x00109bfc                time
 .text.get_arg  0x00109c3c      0x860 c:/devkitpro/devkitarm/bin/../lib/gcc/arm-none-eabi/4.9.2/../../../../arm-none-eabi/lib/armv6k/fpu\libg.a(lib_a-vfprintf.o)
 *fill*         0x0010a49c        0x4 
 .text._vfprintf_r
                0x0010a4a0     0x4408 c:/devkitpro/devkitarm/bin/../lib/gcc/arm-none-eabi/4.9.2/../../../../arm-none-eabi/lib/armv6k/fpu\libg.a(lib_a-vfprintf.o)
                0x0010a4a0                _vfprintf_r
 .text.vfprintf
                0x0010e8a8       0x28 c:/devkitpro/devkitarm/bin/../lib/gcc/arm-none-eabi/4.9.2/../../../../arm-none-eabi/lib/armv6k/fpu\libg.a(lib_a-vfprintf.o)
                0x0010e8a8                vfprintf
 .text.__sbprintf
                0x0010e8d0       0xa8 c:/devkitpro/devkitarm/bin/../lib/gcc/arm-none-eabi/4.9.2/../../../../arm-none-eabi/lib/armv6k/fpu\libg.a(lib_a-vfprintf.o)
 .text._wcrtomb_r
                0x0010e978       0x8c c:/devkitpro/devkitarm/bin/../lib/gcc/arm-none-eabi/4.9.2/../../../../arm-none-eabi/lib/armv6k/fpu\libg.a(lib_a-wcrtomb.o)
                0x0010e978                _wcrtomb_r
 .text.wcrtomb  0x0010ea04       0x94 c:/devkitpro/devkitarm/bin/../lib/gcc/arm-none-eabi/4.9.2/../../../../arm-none-eabi/lib/armv6k/fpu\libg.a(lib_a-wcrtomb.o)
                0x0010ea04                wcrtomb
 .text._wcsrtombs_r
                0x0010ea98       0x20 c:/devkitpro/devkitarm/bin/../lib/gcc/arm-none-eabi/4.9.2/../../../../arm-none-eabi/lib/armv6k/fpu\libg.a(lib_a-wcsrtombs.o)
                0x0010ea98                _wcsrtombs_r
 .text.wcsrtombs
                0x0010eab8       0x3c c:/devkitpro/devkitarm/bin/../lib/gcc/arm-none-eabi/4.9.2/../../../../arm-none-eabi/lib/armv6k/fpu\libg.a(lib_a-wcsrtombs.o)
                0x0010eab8                wcsrtombs
 .text.__utf8_wctomb
                0x0010eaf4      0x114 c:/devkitpro/devkitarm/bin/../lib/gcc/arm-none-eabi/4.9.2/../../../../arm-none-eabi/lib/armv6k/fpu\libg.a(lib_a-wctomb_r.o)
                0x0010eaf4                __utf8_wctomb
 .text._wctomb_r
                0x0010ec08       0x48 c:/devkitpro/devkitarm/bin/../lib/gcc/arm-none-eabi/4.9.2/../../../../arm-none-eabi/lib/armv6k/fpu\libg.a(lib_a-wctomb_r.o)
                0x0010ec08                _wctomb_r
 .text.__ascii_wctomb
                0x0010ec50       0x28 c:/devkitpro/devkitarm/bin/../lib/gcc/arm-none-eabi/4.9.2/../../../../arm-none-eabi/lib/armv6k/fpu\libg.a(lib_a-wctomb_r.o)
                0x0010ec50                __ascii_wctomb
 .text.__sjis_wctomb
                0x0010ec78       0x84 c:/devkitpro/devkitarm/bin/../lib/gcc/arm-none-eabi/4.9.2/../../../../arm-none-eabi/lib/armv6k/fpu\libg.a(lib_a-wctomb_r.o)
                0x0010ec78                __sjis_wctomb
 .text.__eucjp_wctomb
                0x0010ecfc       0xc8 c:/devkitpro/devkitarm/bin/../lib/gcc/arm-none-eabi/4.9.2/../../../../arm-none-eabi/lib/armv6k/fpu\libg.a(lib_a-wctomb_r.o)
                0x0010ecfc                __eucjp_wctomb
 .text.__jis_wctomb
                0x0010edc4       0xd4 c:/devkitpro/devkitarm/bin/../lib/gcc/arm-none-eabi/4.9.2/../../../../arm-none-eabi/lib/armv6k/fpu\libg.a(lib_a-wctomb_r.o)
                0x0010edc4                __jis_wctomb
 .text.__swsetup_r
                0x0010ee98      0x14c c:/devkitpro/devkitarm/bin/../lib/gcc/arm-none-eabi/4.9.2/../../../../arm-none-eabi/lib/armv6k/fpu\libg.a(lib_a-wsetup.o)
                0x0010ee98                __swsetup_r
 .text.quorem   0x0010efe4      0x1c0 c:/devkitpro/devkitarm/bin/../lib/gcc/arm-none-eabi/4.9.2/../../../../arm-none-eabi/lib/armv6k/fpu\libg.a(lib_a-dtoa.o)
 *fill*         0x0010f1a4        0x4 
 .text._dtoa_r  0x0010f1a8     0x12e0 c:/devkitpro/devkitarm/bin/../lib/gcc/arm-none-eabi/4.9.2/../../../../arm-none-eabi/lib/armv6k/fpu\libg.a(lib_a-dtoa.o)
                0x0010f1a8                _dtoa_r
 .text.__sflush_r
                0x00110488      0x238 c:/devkitpro/devkitarm/bin/../lib/gcc/arm-none-eabi/4.9.2/../../../../arm-none-eabi/lib/armv6k/fpu\libg.a(lib_a-fflush.o)
                0x00110488                __sflush_r
 .text._fflush_r
                0x001106c0       0x98 c:/devkitpro/devkitarm/bin/../lib/gcc/arm-none-eabi/4.9.2/../../../../arm-none-eabi/lib/armv6k/fpu\libg.a(lib_a-fflush.o)
                0x001106c0                _fflush_r
 .text.fflush   0x00110758       0x38 c:/devkitpro/devkitarm/bin/../lib/gcc/arm-none-eabi/4.9.2/../../../../arm-none-eabi/lib/armv6k/fpu\libg.a(lib_a-fflush.o)
                0x00110758                fflush
 .text._cleanup_r
                0x00110790        0xc c:/devkitpro/devkitarm/bin/../lib/gcc/arm-none-eabi/4.9.2/../../../../arm-none-eabi/lib/armv6k/fpu\libg.a(lib_a-findfp.o)
                0x00110790                _cleanup_r
 .text.__fp_lock
                0x0011079c       0x1c c:/devkitpro/devkitarm/bin/../lib/gcc/arm-none-eabi/4.9.2/../../../../arm-none-eabi/lib/armv6k/fpu\libg.a(lib_a-findfp.o)
 .text.__fp_unlock
                0x001107b8       0x1c c:/devkitpro/devkitarm/bin/../lib/gcc/arm-none-eabi/4.9.2/../../../../arm-none-eabi/lib/armv6k/fpu\libg.a(lib_a-findfp.o)
 .text.__sinit.part.1
                0x001107d4      0x15c c:/devkitpro/devkitarm/bin/../lib/gcc/arm-none-eabi/4.9.2/../../../../arm-none-eabi/lib/armv6k/fpu\libg.a(lib_a-findfp.o)
 .text.__sfmoreglue
                0x00110930       0x48 c:/devkitpro/devkitarm/bin/../lib/gcc/arm-none-eabi/4.9.2/../../../../arm-none-eabi/lib/armv6k/fpu\libg.a(lib_a-findfp.o)
                0x00110930                __sfmoreglue
 .text.__sfp    0x00110978       0xe8 c:/devkitpro/devkitarm/bin/../lib/gcc/arm-none-eabi/4.9.2/../../../../arm-none-eabi/lib/armv6k/fpu\libg.a(lib_a-findfp.o)
                0x00110978                __sfp
 .text._cleanup
                0x00110a60       0x18 c:/devkitpro/devkitarm/bin/../lib/gcc/arm-none-eabi/4.9.2/../../../../arm-none-eabi/lib/armv6k/fpu\libg.a(lib_a-findfp.o)
                0x00110a60                _cleanup
 .text.__sinit  0x00110a78       0x10 c:/devkitpro/devkitarm/bin/../lib/gcc/arm-none-eabi/4.9.2/../../../../arm-none-eabi/lib/armv6k/fpu\libg.a(lib_a-findfp.o)
                0x00110a78                __sinit
 .text.__sfp_lock_acquire
                0x00110a88        0x4 c:/devkitpro/devkitarm/bin/../lib/gcc/arm-none-eabi/4.9.2/../../../../arm-none-eabi/lib/armv6k/fpu\libg.a(lib_a-findfp.o)
                0x00110a88                __sfp_lock_acquire
 .text.__sfp_lock_release
                0x00110a8c        0x4 c:/devkitpro/devkitarm/bin/../lib/gcc/arm-none-eabi/4.9.2/../../../../arm-none-eabi/lib/armv6k/fpu\libg.a(lib_a-findfp.o)
                0x00110a8c                __sfp_lock_release
 .text.__sinit_lock_acquire
                0x00110a90        0x4 c:/devkitpro/devkitarm/bin/../lib/gcc/arm-none-eabi/4.9.2/../../../../arm-none-eabi/lib/armv6k/fpu\libg.a(lib_a-findfp.o)
                0x00110a90                __sinit_lock_acquire
 .text.__sinit_lock_release
                0x00110a94        0x4 c:/devkitpro/devkitarm/bin/../lib/gcc/arm-none-eabi/4.9.2/../../../../arm-none-eabi/lib/armv6k/fpu\libg.a(lib_a-findfp.o)
                0x00110a94                __sinit_lock_release
 .text.__fp_lock_all
                0x00110a98       0x18 c:/devkitpro/devkitarm/bin/../lib/gcc/arm-none-eabi/4.9.2/../../../../arm-none-eabi/lib/armv6k/fpu\libg.a(lib_a-findfp.o)
                0x00110a98                __fp_lock_all
 .text.__fp_unlock_all
                0x00110ab0       0x18 c:/devkitpro/devkitarm/bin/../lib/gcc/arm-none-eabi/4.9.2/../../../../arm-none-eabi/lib/armv6k/fpu\libg.a(lib_a-findfp.o)
                0x00110ab0                __fp_unlock_all
 .text._malloc_trim_r
                0x00110ac8       0xf8 c:/devkitpro/devkitarm/bin/../lib/gcc/arm-none-eabi/4.9.2/../../../../arm-none-eabi/lib/armv6k/fpu\libg.a(lib_a-freer.o)
                0x00110ac8                _malloc_trim_r
 .text._free_r  0x00110bc0      0x2b4 c:/devkitpro/devkitarm/bin/../lib/gcc/arm-none-eabi/4.9.2/../../../../arm-none-eabi/lib/armv6k/fpu\libg.a(lib_a-freer.o)
                0x00110bc0                _free_r
 .text._fwalk   0x00110e74       0x78 c:/devkitpro/devkitarm/bin/../lib/gcc/arm-none-eabi/4.9.2/../../../../arm-none-eabi/lib/armv6k/fpu\libg.a(lib_a-fwalk.o)
                0x00110e74                _fwalk
 .text._fwalk_reent
                0x00110eec       0x80 c:/devkitpro/devkitarm/bin/../lib/gcc/arm-none-eabi/4.9.2/../../../../arm-none-eabi/lib/armv6k/fpu\libg.a(lib_a-fwalk.o)
                0x00110eec                _fwalk_reent
 .text.__get_locale_env
                0x00110f6c       0x8c c:/devkitpro/devkitarm/bin/../lib/gcc/arm-none-eabi/4.9.2/../../../../arm-none-eabi/lib/armv6k/fpu\libg.a(lib_a-locale.o)
 .text.loadlocale
                0x00110ff8      0x8a4 c:/devkitpro/devkitarm/bin/../lib/gcc/arm-none-eabi/4.9.2/../../../../arm-none-eabi/lib/armv6k/fpu\libg.a(lib_a-locale.o)
 .text.currentlocale
                0x0011189c       0x88 c:/devkitpro/devkitarm/bin/../lib/gcc/arm-none-eabi/4.9.2/../../../../arm-none-eabi/lib/armv6k/fpu\libg.a(lib_a-locale.o)
 .text._setlocale_r
                0x00111924      0x300 c:/devkitpro/devkitarm/bin/../lib/gcc/arm-none-eabi/4.9.2/../../../../arm-none-eabi/lib/armv6k/fpu\libg.a(lib_a-locale.o)
                0x00111924                _setlocale_r
 .text.__locale_charset
                0x00111c24        0xc c:/devkitpro/devkitarm/bin/../lib/gcc/arm-none-eabi/4.9.2/../../../../arm-none-eabi/lib/armv6k/fpu\libg.a(lib_a-locale.o)
                0x00111c24                __locale_charset
 .text.__locale_mb_cur_max
                0x00111c30       0x10 c:/devkitpro/devkitarm/bin/../lib/gcc/arm-none-eabi/4.9.2/../../../../arm-none-eabi/lib/armv6k/fpu\libg.a(lib_a-locale.o)
                0x00111c30                __locale_mb_cur_max
 .text.__locale_msgcharset
                0x00111c40        0xc c:/devkitpro/devkitarm/bin/../lib/gcc/arm-none-eabi/4.9.2/../../../../arm-none-eabi/lib/armv6k/fpu\libg.a(lib_a-locale.o)
                0x00111c40                __locale_msgcharset
 .text.__locale_cjk_lang
                0x00111c4c       0x10 c:/devkitpro/devkitarm/bin/../lib/gcc/arm-none-eabi/4.9.2/../../../../arm-none-eabi/lib/armv6k/fpu\libg.a(lib_a-locale.o)
                0x00111c4c                __locale_cjk_lang
 .text._localeconv_r
                0x00111c5c        0xc c:/devkitpro/devkitarm/bin/../lib/gcc/arm-none-eabi/4.9.2/../../../../arm-none-eabi/lib/armv6k/fpu\libg.a(lib_a-locale.o)
                0x00111c5c                _localeconv_r
 .text.setlocale
                0x00111c68       0x20 c:/devkitpro/devkitarm/bin/../lib/gcc/arm-none-eabi/4.9.2/../../../../arm-none-eabi/lib/armv6k/fpu\libg.a(lib_a-locale.o)
                0x00111c68                setlocale
 .text.localeconv
                0x00111c88       0x14 c:/devkitpro/devkitarm/bin/../lib/gcc/arm-none-eabi/4.9.2/../../../../arm-none-eabi/lib/armv6k/fpu\libg.a(lib_a-locale.o)
                0x00111c88                localeconv
 .text.__smakebuf_r
                0x00111c9c      0x160 c:/devkitpro/devkitarm/bin/../lib/gcc/arm-none-eabi/4.9.2/../../../../arm-none-eabi/lib/armv6k/fpu\libg.a(lib_a-makebuf.o)
                0x00111c9c                __smakebuf_r
 .text.__utf8_mbtowc
                0x00111dfc      0x2fc c:/devkitpro/devkitarm/bin/../lib/gcc/arm-none-eabi/4.9.2/../../../../arm-none-eabi/lib/armv6k/fpu\libg.a(lib_a-mbtowc_r.o)
                0x00111dfc                __utf8_mbtowc
 .text._mbtowc_r
                0x001120f8       0x4c c:/devkitpro/devkitarm/bin/../lib/gcc/arm-none-eabi/4.9.2/../../../../arm-none-eabi/lib/armv6k/fpu\libg.a(lib_a-mbtowc_r.o)
                0x001120f8                _mbtowc_r
 .text.__ascii_mbtowc
                0x00112144       0x4c c:/devkitpro/devkitarm/bin/../lib/gcc/arm-none-eabi/4.9.2/../../../../arm-none-eabi/lib/armv6k/fpu\libg.a(lib_a-mbtowc_r.o)
                0x00112144                __ascii_mbtowc
 .text.__sjis_mbtowc
                0x00112190       0xd4 c:/devkitpro/devkitarm/bin/../lib/gcc/arm-none-eabi/4.9.2/../../../../arm-none-eabi/lib/armv6k/fpu\libg.a(lib_a-mbtowc_r.o)
                0x00112190                __sjis_mbtowc
 .text.__eucjp_mbtowc
                0x00112264      0x140 c:/devkitpro/devkitarm/bin/../lib/gcc/arm-none-eabi/4.9.2/../../../../arm-none-eabi/lib/armv6k/fpu\libg.a(lib_a-mbtowc_r.o)
                0x00112264                __eucjp_mbtowc
 .text.__jis_mbtowc
                0x001123a4      0x1a8 c:/devkitpro/devkitarm/bin/../lib/gcc/arm-none-eabi/4.9.2/../../../../arm-none-eabi/lib/armv6k/fpu\libg.a(lib_a-mbtowc_r.o)
                0x001123a4                __jis_mbtowc
 .text.memchr   0x0011254c      0x120 c:/devkitpro/devkitarm/bin/../lib/gcc/arm-none-eabi/4.9.2/../../../../arm-none-eabi/lib/armv6k/fpu\libg.a(lib_a-memchr.o)
                0x0011254c                memchr
 .text._Balloc  0x0011266c       0x8c c:/devkitpro/devkitarm/bin/../lib/gcc/arm-none-eabi/4.9.2/../../../../arm-none-eabi/lib/armv6k/fpu\libg.a(lib_a-mprec.o)
                0x0011266c                _Balloc
 .text._Bfree   0x001126f8       0x1c c:/devkitpro/devkitarm/bin/../lib/gcc/arm-none-eabi/4.9.2/../../../../arm-none-eabi/lib/armv6k/fpu\libg.a(lib_a-mprec.o)
                0x001126f8                _Bfree
 .text.__multadd
                0x00112714       0xd0 c:/devkitpro/devkitarm/bin/../lib/gcc/arm-none-eabi/4.9.2/../../../../arm-none-eabi/lib/armv6k/fpu\libg.a(lib_a-mprec.o)
                0x00112714                __multadd
 .text.__s2b    0x001127e4       0xe4 c:/devkitpro/devkitarm/bin/../lib/gcc/arm-none-eabi/4.9.2/../../../../arm-none-eabi/lib/armv6k/fpu\libg.a(lib_a-mprec.o)
                0x001127e4                __s2b
 .text.__hi0bits
                0x001128c8       0x5c c:/devkitpro/devkitarm/bin/../lib/gcc/arm-none-eabi/4.9.2/../../../../arm-none-eabi/lib/armv6k/fpu\libg.a(lib_a-mprec.o)
                0x001128c8                __hi0bits
 .text.__lo0bits
                0x00112924       0x98 c:/devkitpro/devkitarm/bin/../lib/gcc/arm-none-eabi/4.9.2/../../../../arm-none-eabi/lib/armv6k/fpu\libg.a(lib_a-mprec.o)
                0x00112924                __lo0bits
 .text.__i2b    0x001129bc       0x20 c:/devkitpro/devkitarm/bin/../lib/gcc/arm-none-eabi/4.9.2/../../../../arm-none-eabi/lib/armv6k/fpu\libg.a(lib_a-mprec.o)
                0x001129bc                __i2b
 .text.__multiply
                0x001129dc      0x1dc c:/devkitpro/devkitarm/bin/../lib/gcc/arm-none-eabi/4.9.2/../../../../arm-none-eabi/lib/armv6k/fpu\libg.a(lib_a-mprec.o)
                0x001129dc                __multiply
 .text.__pow5mult
                0x00112bb8      0x100 c:/devkitpro/devkitarm/bin/../lib/gcc/arm-none-eabi/4.9.2/../../../../arm-none-eabi/lib/armv6k/fpu\libg.a(lib_a-mprec.o)
                0x00112bb8                __pow5mult
 .text.__lshift
                0x00112cb8       0xf4 c:/devkitpro/devkitarm/bin/../lib/gcc/arm-none-eabi/4.9.2/../../../../arm-none-eabi/lib/armv6k/fpu\libg.a(lib_a-mprec.o)
                0x00112cb8                __lshift
 .text.__mcmp   0x00112dac       0x64 c:/devkitpro/devkitarm/bin/../lib/gcc/arm-none-eabi/4.9.2/../../../../arm-none-eabi/lib/armv6k/fpu\libg.a(lib_a-mprec.o)
                0x00112dac                __mcmp
 .text.__mdiff  0x00112e10      0x13c c:/devkitpro/devkitarm/bin/../lib/gcc/arm-none-eabi/4.9.2/../../../../arm-none-eabi/lib/armv6k/fpu\libg.a(lib_a-mprec.o)
                0x00112e10                __mdiff
 .text.__ulp    0x00112f4c       0x74 c:/devkitpro/devkitarm/bin/../lib/gcc/arm-none-eabi/4.9.2/../../../../arm-none-eabi/lib/armv6k/fpu\libg.a(lib_a-mprec.o)
                0x00112f4c                __ulp
 .text.__b2d    0x00112fc0       0xe4 c:/devkitpro/devkitarm/bin/../lib/gcc/arm-none-eabi/4.9.2/../../../../arm-none-eabi/lib/armv6k/fpu\libg.a(lib_a-mprec.o)
                0x00112fc0                __b2d
 .text.__d2b    0x001130a4      0x104 c:/devkitpro/devkitarm/bin/../lib/gcc/arm-none-eabi/4.9.2/../../../../arm-none-eabi/lib/armv6k/fpu\libg.a(lib_a-mprec.o)
                0x001130a4                __d2b
 .text.__ratio  0x001131a8       0x7c c:/devkitpro/devkitarm/bin/../lib/gcc/arm-none-eabi/4.9.2/../../../../arm-none-eabi/lib/armv6k/fpu\libg.a(lib_a-mprec.o)
                0x001131a8                __ratio
 *fill*         0x00113224        0x4 
 .text._mprec_log10
                0x00113228       0x48 c:/devkitpro/devkitarm/bin/../lib/gcc/arm-none-eabi/4.9.2/../../../../arm-none-eabi/lib/armv6k/fpu\libg.a(lib_a-mprec.o)
                0x00113228                _mprec_log10
 .text.__copybits
                0x00113270       0x6c c:/devkitpro/devkitarm/bin/../lib/gcc/arm-none-eabi/4.9.2/../../../../arm-none-eabi/lib/armv6k/fpu\libg.a(lib_a-mprec.o)
                0x00113270                __copybits
 .text.__any_on
                0x001132dc       0x80 c:/devkitpro/devkitarm/bin/../lib/gcc/arm-none-eabi/4.9.2/../../../../arm-none-eabi/lib/armv6k/fpu\libg.a(lib_a-mprec.o)
                0x001132dc                __any_on
 .text.__fpclassifyd
                0x0011335c       0x74 c:/devkitpro/devkitarm/bin/../lib/gcc/arm-none-eabi/4.9.2/../../../../arm-none-eabi/lib/armv6k/fpu\libg.a(lib_a-s_fpclassify.o)
                0x0011335c                __fpclassifyd
 .text.frexp    0x001133d0       0x98 c:/devkitpro/devkitarm/bin/../lib/gcc/arm-none-eabi/4.9.2/../../../../arm-none-eabi/lib/armv6k/fpu\libg.a(lib_a-s_frexp.o)
                0x001133d0                frexp
 .text.__sread  0x00113468       0x30 c:/devkitpro/devkitarm/bin/../lib/gcc/arm-none-eabi/4.9.2/../../../../arm-none-eabi/lib/armv6k/fpu\libg.a(lib_a-stdio.o)
                0x00113468                __sread
 .text.__seofread
                0x00113498        0x8 c:/devkitpro/devkitarm/bin/../lib/gcc/arm-none-eabi/4.9.2/../../../../arm-none-eabi/lib/armv6k/fpu\libg.a(lib_a-stdio.o)
                0x00113498                __seofread
 .text.__swrite
                0x001134a0       0x54 c:/devkitpro/devkitarm/bin/../lib/gcc/arm-none-eabi/4.9.2/../../../../arm-none-eabi/lib/armv6k/fpu\libg.a(lib_a-stdio.o)
                0x001134a0                __swrite
 .text.__sseek  0x001134f4       0x2c c:/devkitpro/devkitarm/bin/../lib/gcc/arm-none-eabi/4.9.2/../../../../arm-none-eabi/lib/armv6k/fpu\libg.a(lib_a-stdio.o)
                0x001134f4                __sseek
 .text.__sclose
                0x00113520        0x8 c:/devkitpro/devkitarm/bin/../lib/gcc/arm-none-eabi/4.9.2/../../../../arm-none-eabi/lib/armv6k/fpu\libg.a(lib_a-stdio.o)
                0x00113520                __sclose
 .text.strcasecmp
                0x00113528       0x68 c:/devkitpro/devkitarm/bin/../lib/gcc/arm-none-eabi/4.9.2/../../../../arm-none-eabi/lib/armv6k/fpu\libg.a(lib_a-strcasecmp.o)
                0x00113528                strcasecmp
 .text.strcat   0x00113590       0x80 c:/devkitpro/devkitarm/bin/../lib/gcc/arm-none-eabi/4.9.2/../../../../arm-none-eabi/lib/armv6k/fpu\libg.a(lib_a-strcat.o)
                0x00113590                strcat
 .text.strchr   0x00113610      0x16c c:/devkitpro/devkitarm/bin/../lib/gcc/arm-none-eabi/4.9.2/../../../../arm-none-eabi/lib/armv6k/fpu\libg.a(lib_a-strchr.o)
                0x00113610                strchr
 .text.strlcpy  0x0011377c       0x48 c:/devkitpro/devkitarm/bin/../lib/gcc/arm-none-eabi/4.9.2/../../../../arm-none-eabi/lib/armv6k/fpu\libg.a(lib_a-strlcpy.o)
                0x0011377c                strlcpy
 .text.strncasecmp
                0x001137c4       0x8c c:/devkitpro/devkitarm/bin/../lib/gcc/arm-none-eabi/4.9.2/../../../../arm-none-eabi/lib/armv6k/fpu\libg.a(lib_a-strncasecmp.o)
                0x001137c4                strncasecmp
 .text.strncmp  0x00113850      0x110 c:/devkitpro/devkitarm/bin/../lib/gcc/arm-none-eabi/4.9.2/../../../../arm-none-eabi/lib/armv6k/fpu\libg.a(lib_a-strncmp.o)
                0x00113850                strncmp
 .text._strtol_r
                0x00113960      0x1dc c:/devkitpro/devkitarm/bin/../lib/gcc/arm-none-eabi/4.9.2/../../../../arm-none-eabi/lib/armv6k/fpu\libg.a(lib_a-strtol.o)
                0x00113960                _strtol_r
 .text.strtol   0x00113b3c       0x28 c:/devkitpro/devkitarm/bin/../lib/gcc/arm-none-eabi/4.9.2/../../../../arm-none-eabi/lib/armv6k/fpu\libg.a(lib_a-strtol.o)
                0x00113b3c                strtol
 .text.get_arg  0x00113b64      0x860 c:/devkitpro/devkitarm/bin/../lib/gcc/arm-none-eabi/4.9.2/../../../../arm-none-eabi/lib/armv6k/fpu\libg.a(lib_a-svfiprintf.o)
 .text.__ssprint_r
                0x001143c4      0x1a8 c:/devkitpro/devkitarm/bin/../lib/gcc/arm-none-eabi/4.9.2/../../../../arm-none-eabi/lib/armv6k/fpu\libg.a(lib_a-svfiprintf.o)
                0x001143c4                __ssprint_r
 .text._svfiprintf_r
                0x0011456c     0x2fdc c:/devkitpro/devkitarm/bin/../lib/gcc/arm-none-eabi/4.9.2/../../../../arm-none-eabi/lib/armv6k/fpu\libg.a(lib_a-svfiprintf.o)
                0x0011456c                _svfiprintf_r
 .text.get_arg  0x00117548      0x860 c:/devkitpro/devkitarm/bin/../lib/gcc/arm-none-eabi/4.9.2/../../../../arm-none-eabi/lib/armv6k/fpu\libg.a(lib_a-vfiprintf.o)
 .text.__sprint_r.part.0
                0x00117da8       0xa4 c:/devkitpro/devkitarm/bin/../lib/gcc/arm-none-eabi/4.9.2/../../../../arm-none-eabi/lib/armv6k/fpu\libg.a(lib_a-vfiprintf.o)
 .text.__sprint_r
                0x00117e4c       0x1c c:/devkitpro/devkitarm/bin/../lib/gcc/arm-none-eabi/4.9.2/../../../../arm-none-eabi/lib/armv6k/fpu\libg.a(lib_a-vfiprintf.o)
                0x00117e4c                __sprint_r
 .text._vfiprintf_r
                0x00117e68     0x3114 c:/devkitpro/devkitarm/bin/../lib/gcc/arm-none-eabi/4.9.2/../../../../arm-none-eabi/lib/armv6k/fpu\libg.a(lib_a-vfiprintf.o)
                0x00117e68                _vfiprintf_r
 .text.vfiprintf
                0x0011af7c       0x28 c:/devkitpro/devkitarm/bin/../lib/gcc/arm-none-eabi/4.9.2/../../../../arm-none-eabi/lib/armv6k/fpu\libg.a(lib_a-vfiprintf.o)
                0x0011af7c                vfiprintf
 .text.__sbprintf
                0x0011afa4       0xa8 c:/devkitpro/devkitarm/bin/../lib/gcc/arm-none-eabi/4.9.2/../../../../arm-none-eabi/lib/armv6k/fpu\libg.a(lib_a-vfiprintf.o)
 .text._wcsnrtombs_r
                0x0011b04c      0x184 c:/devkitpro/devkitarm/bin/../lib/gcc/arm-none-eabi/4.9.2/../../../../arm-none-eabi/lib/armv6k/fpu\libg.a(lib_a-wcsnrtombs.o)
                0x0011b04c                _wcsnrtombs_r
 .text.wcsnrtombs
                0x0011b1d0       0x40 c:/devkitpro/devkitarm/bin/../lib/gcc/arm-none-eabi/4.9.2/../../../../arm-none-eabi/lib/armv6k/fpu\libg.a(lib_a-wcsnrtombs.o)
                0x0011b1d0                wcsnrtombs
 .text._calloc_r
                0x0011b210       0x94 c:/devkitpro/devkitarm/bin/../lib/gcc/arm-none-eabi/4.9.2/../../../../arm-none-eabi/lib/armv6k/fpu\libg.a(lib_a-callocr.o)
                0x0011b210                _calloc_r
 .text.__set_ctype
                0x0011b2a4       0x18 c:/devkitpro/devkitarm/bin/../lib/gcc/arm-none-eabi/4.9.2/../../../../arm-none-eabi/lib/armv6k/fpu\libg.a(lib_a-ctype_.o)
                0x0011b2a4                __set_ctype
 .text._fclose_r
                0x0011b2bc      0x118 c:/devkitpro/devkitarm/bin/../lib/gcc/arm-none-eabi/4.9.2/../../../../arm-none-eabi/lib/armv6k/fpu\libg.a(lib_a-fclose.o)
                0x0011b2bc                _fclose_r
 .text.fclose   0x0011b3d4       0x18 c:/devkitpro/devkitarm/bin/../lib/gcc/arm-none-eabi/4.9.2/../../../../arm-none-eabi/lib/armv6k/fpu\libg.a(lib_a-fclose.o)
                0x0011b3d4                fclose
 .text.__fputwc
                0x0011b3ec      0x124 c:/devkitpro/devkitarm/bin/../lib/gcc/arm-none-eabi/4.9.2/../../../../arm-none-eabi/lib/armv6k/fpu\libg.a(lib_a-fputwc.o)
                0x0011b3ec                __fputwc
 .text._fputwc_r
                0x0011b510       0xa8 c:/devkitpro/devkitarm/bin/../lib/gcc/arm-none-eabi/4.9.2/../../../../arm-none-eabi/lib/armv6k/fpu\libg.a(lib_a-fputwc.o)
                0x0011b510                _fputwc_r
 .text.fputwc   0x0011b5b8       0x3c c:/devkitpro/devkitarm/bin/../lib/gcc/arm-none-eabi/4.9.2/../../../../arm-none-eabi/lib/armv6k/fpu\libg.a(lib_a-fputwc.o)
                0x0011b5b8                fputwc
 .text.__sfvwrite_r
                0x0011b5f4      0x4c4 c:/devkitpro/devkitarm/bin/../lib/gcc/arm-none-eabi/4.9.2/../../../../arm-none-eabi/lib/armv6k/fpu\libg.a(lib_a-fvwrite.o)
                0x0011b5f4                __sfvwrite_r
 .text._findenv_r
                0x0011bab8       0xc8 c:/devkitpro/devkitarm/bin/../lib/gcc/arm-none-eabi/4.9.2/../../../../arm-none-eabi/lib/armv6k/fpu\libg.a(lib_a-getenv_r.o)
                0x0011bab8                _findenv_r
 .text._getenv_r
                0x0011bb80       0x18 c:/devkitpro/devkitarm/bin/../lib/gcc/arm-none-eabi/4.9.2/../../../../arm-none-eabi/lib/armv6k/fpu\libg.a(lib_a-getenv_r.o)
                0x0011bb80                _getenv_r
 .text.memmove  0x0011bb98      0x12c c:/devkitpro/devkitarm/bin/../lib/gcc/arm-none-eabi/4.9.2/../../../../arm-none-eabi/lib/armv6k/fpu\libg.a(lib_a-memmove.o)
                0x0011bb98                memmove
 .text._realloc_r
                0x0011bcc4      0x564 c:/devkitpro/devkitarm/bin/../lib/gcc/arm-none-eabi/4.9.2/../../../../arm-none-eabi/lib/armv6k/fpu\libg.a(lib_a-reallocr.o)
                0x0011bcc4                _realloc_r
 .text.__swbuf_r
                0x0011c228      0x124 c:/devkitpro/devkitarm/bin/../lib/gcc/arm-none-eabi/4.9.2/../../../../arm-none-eabi/lib/armv6k/fpu\libg.a(lib_a-wbuf.o)
                0x0011c228                __swbuf_r
 .text.__swbuf  0x0011c34c       0x20 c:/devkitpro/devkitarm/bin/../lib/gcc/arm-none-eabi/4.9.2/../../../../arm-none-eabi/lib/armv6k/fpu\libg.a(lib_a-wbuf.o)
                0x0011c34c                __swbuf
 .text.__env_lock
                0x0011c36c        0x4 c:/devkitpro/devkitarm/bin/../lib/gcc/arm-none-eabi/4.9.2/../../../../arm-none-eabi/lib/armv6k/fpu\libg.a(lib_a-envlock.o)
                0x0011c36c                __env_lock
 .text.__env_unlock
                0x0011c370        0x4 c:/devkitpro/devkitarm/bin/../lib/gcc/arm-none-eabi/4.9.2/../../../../arm-none-eabi/lib/armv6k/fpu\libg.a(lib_a-envlock.o)
                0x0011c370                __env_unlock
 .text.__errno  0x0011c374        0xc c:/devkitpro/devkitarm/bin/../lib/gcc/arm-none-eabi/4.9.2/../../../../arm-none-eabi/lib/armv6k/fpu\libg.a(lib_a-errno.o)
                0x0011c374                __errno
 .text.strnlen  0x0011c380       0x5c c:/devkitpro/devkitarm/bin/../lib/gcc/arm-none-eabi/4.9.2/../../../../arm-none-eabi/lib/armv6k/fpu\libg.a(lib_a-strnlen.o)
                0x0011c380                strnlen
 .text.strrchr  0x0011c3dc       0x44 c:/devkitpro/devkitarm/bin/../lib/gcc/arm-none-eabi/4.9.2/../../../../arm-none-eabi/lib/armv6k/fpu\libg.a(lib_a-strrchr.o)
                0x0011c3dc                strrchr
 *(.glue_7)
 .glue_7        0x0011c420        0x0 linker stubs
 *(.glue_7t)
 .glue_7t       0x0011c420        0x0 linker stubs
 *(.stub)
 *(.gnu.warning)
 *(.gnu.linkonce.t*)
                0x0011c420                . = ALIGN (0x4)
 *(.fini)
 .fini          0x0011c420        0xc c:/devkitpro/devkitarm/bin/../lib/gcc/arm-none-eabi/4.9.2/armv6k/fpu/crti.o
                0x0011c420                _fini
 .fini          0x0011c42c        0xc c:/devkitpro/devkitarm/bin/../lib/gcc/arm-none-eabi/4.9.2/armv6k/fpu/crtn.o
                0x0011c438                . = ALIGN (0x4)

.vfp11_veneer   0x0011c438        0x0
 .vfp11_veneer  0x0011c438        0x0 linker stubs

.v4_bx          0x0011c438        0x0
 .v4_bx         0x0011c438        0x0 linker stubs

.iplt           0x0011c438        0x0
 .iplt          0x0011c438        0x0 c:/devkitpro/devkitarm/bin/../lib/gcc/arm-none-eabi/4.9.2/../../../../arm-none-eabi/lib/armv6k/fpu/3dsx_crt0.o

.rodata         0x0011d000      0x8b4
 *(.rodata)
 .rodata        0x0011d000       0x14 c:/devkitPro/libctru/lib\libctru.a(gfx.o)
 .rodata        0x0011d014        0xc c:/devkitPro/libctru/lib\libctru.a(apt.o)
 .rodata        0x0011d020       0x2c c:/devkitPro/libctru/lib\libctru.a(os.o)
 .rodata        0x0011d04c       0x30 c:/devkitPro/libctru/lib\libctru.a(sdmc_dev.o)
 .rodata        0x0011d07c       0x68 c:/devkitpro/devkitarm/bin/../lib/gcc/arm-none-eabi/4.9.2/../../../../arm-none-eabi/lib/armv6k/fpu\libsysbase.a(iosupport.o)
                0x0011d07c                dotab_stdnull
 .rodata        0x0011d0e4        0xc c:/devkitpro/devkitarm/bin/../lib/gcc/arm-none-eabi/4.9.2/../../../../arm-none-eabi/lib/armv6k/fpu\libsysbase.a(chdir.o)
                0x0011d0e4                DIRECTORY_PARENT
                0x0011d0e8                DIRECTORY_THIS
                0x0011d0ec                DIRECTORY_SEPARATOR
 *(.roda)
 *(.rodata.*)
 .rodata.str1.4
                0x0011d0f0       0x10 sudoku.o
 .rodata.str1.4
                0x0011d100       0x16 c:/devkitPro/libctru/lib\libctru.a(apt.o)
                                 0x18 (size before relaxing)
 *fill*         0x0011d116        0x2 
 .rodata.str1.4
                0x0011d118        0x9 c:/devkitPro/libctru/lib\libctru.a(gsp.o)
                                  0xc (size before relaxing)
 *fill*         0x0011d121        0x3 
 .rodata.str1.4
                0x0011d124        0x9 c:/devkitPro/libctru/lib\libctru.a(hid.o)
                                  0xc (size before relaxing)
 *fill*         0x0011d12d        0x3 
 .rodata.str1.4
                0x0011d130        0x7 c:/devkitPro/libctru/lib\libctru.a(irrst.o)
                                  0x8 (size before relaxing)
 *fill*         0x0011d137        0x1 
 .rodata.str1.4
                0x0011d138        0xf c:/devkitPro/libctru/lib\libctru.a(srv.o)
                                 0x10 (size before relaxing)
 *fill*         0x0011d147        0x1 
 .rodata.str1.4
                0x0011d148       0xc4 c:/devkitPro/libctru/lib\libctru.a(os.o)
 .rodata.str1.4
                0x0011d20c        0x5 c:/devkitPro/libctru/lib\libctru.a(sdmc_dev.o)
                                  0xc (size before relaxing)
 *fill*         0x0011d211        0x3 
 .rodata.str1.4
                0x0011d214        0x8 c:/devkitPro/libctru/lib\libctru.a(fs.o)
 .rodata.zeroes.7052
                0x0011d21c       0x10 c:/devkitpro/devkitarm/bin/../lib/gcc/arm-none-eabi/4.9.2/../../../../arm-none-eabi/lib/armv6k/fpu\libg.a(lib_a-vfprintf.o)
 .rodata.str1.4
                0x0011d22c       0x42 c:/devkitpro/devkitarm/bin/../lib/gcc/arm-none-eabi/4.9.2/../../../../arm-none-eabi/lib/armv6k/fpu\libg.a(lib_a-vfprintf.o)
                                 0x44 (size before relaxing)
 *fill*         0x0011d26e        0x2 
 .rodata.blanks.7051
                0x0011d270       0x10 c:/devkitpro/devkitarm/bin/../lib/gcc/arm-none-eabi/4.9.2/../../../../arm-none-eabi/lib/armv6k/fpu\libg.a(lib_a-vfprintf.o)
 .rodata.str1.4
                0x0011d280       0x10 c:/devkitpro/devkitarm/bin/../lib/gcc/arm-none-eabi/4.9.2/../../../../arm-none-eabi/lib/armv6k/fpu\libg.a(lib_a-dtoa.o)
                                 0x14 (size before relaxing)
 .rodata.str1.4
                0x0011d290        0x2 c:/devkitpro/devkitarm/bin/../lib/gcc/arm-none-eabi/4.9.2/../../../../arm-none-eabi/lib/armv6k/fpu\libg.a(lib_a-impure.o)
                                  0x4 (size before relaxing)
 *fill*         0x0011d292        0x2 
 .rodata._global_impure_ptr
                0x0011d294        0x4 c:/devkitpro/devkitarm/bin/../lib/gcc/arm-none-eabi/4.9.2/../../../../arm-none-eabi/lib/armv6k/fpu\libg.a(lib_a-impure.o)
                0x0011d294                _global_impure_ptr
 .rodata.str1.4
                0x0011d298      0x124 c:/devkitpro/devkitarm/bin/../lib/gcc/arm-none-eabi/4.9.2/../../../../arm-none-eabi/lib/armv6k/fpu\libg.a(lib_a-locale.o)
                                0x130 (size before relaxing)
 .rodata.categories
                0x0011d3bc       0x1c c:/devkitpro/devkitarm/bin/../lib/gcc/arm-none-eabi/4.9.2/../../../../arm-none-eabi/lib/armv6k/fpu\libg.a(lib_a-locale.o)
 .rodata.JIS_state_table
                0x0011d3d8       0x48 c:/devkitpro/devkitarm/bin/../lib/gcc/arm-none-eabi/4.9.2/../../../../arm-none-eabi/lib/armv6k/fpu\libg.a(lib_a-mbtowc_r.o)
 .rodata.JIS_action_table
                0x0011d420       0x48 c:/devkitpro/devkitarm/bin/../lib/gcc/arm-none-eabi/4.9.2/../../../../arm-none-eabi/lib/armv6k/fpu\libg.a(lib_a-mbtowc_r.o)
 .rodata.p05.5298
                0x0011d468        0xc c:/devkitpro/devkitarm/bin/../lib/gcc/arm-none-eabi/4.9.2/../../../../arm-none-eabi/lib/armv6k/fpu\libg.a(lib_a-mprec.o)
 *fill*         0x0011d474        0x4 
 .rodata.__mprec_tens
                0x0011d478       0xc8 c:/devkitpro/devkitarm/bin/../lib/gcc/arm-none-eabi/4.9.2/../../../../arm-none-eabi/lib/armv6k/fpu\libg.a(lib_a-mprec.o)
                0x0011d478                __mprec_tens
 .rodata.__mprec_bigtens
                0x0011d540       0x28 c:/devkitpro/devkitarm/bin/../lib/gcc/arm-none-eabi/4.9.2/../../../../arm-none-eabi/lib/armv6k/fpu\libg.a(lib_a-mprec.o)
                0x0011d540                __mprec_bigtens
 .rodata.__mprec_tinytens
                0x0011d568       0x28 c:/devkitpro/devkitarm/bin/../lib/gcc/arm-none-eabi/4.9.2/../../../../arm-none-eabi/lib/armv6k/fpu\libg.a(lib_a-mprec.o)
                0x0011d568                __mprec_tinytens
 .rodata.__state_table
                0x0011d590       0x6c c:/devkitpro/devkitarm/bin/../lib/gcc/arm-none-eabi/4.9.2/../../../../arm-none-eabi/lib/armv6k/fpu\libg.a(lib_a-svfiprintf.o)
                0x0011d590                __state_table
 .rodata.blanks.7015
                0x0011d5fc       0x10 c:/devkitpro/devkitarm/bin/../lib/gcc/arm-none-eabi/4.9.2/../../../../arm-none-eabi/lib/armv6k/fpu\libg.a(lib_a-svfiprintf.o)
 .rodata.__chclass
                0x0011d60c      0x100 c:/devkitpro/devkitarm/bin/../lib/gcc/arm-none-eabi/4.9.2/../../../../arm-none-eabi/lib/armv6k/fpu\libg.a(lib_a-svfiprintf.o)
                0x0011d60c                __chclass
 .rodata.str1.4
                0x0011d70c       0x30 c:/devkitpro/devkitarm/bin/../lib/gcc/arm-none-eabi/4.9.2/../../../../arm-none-eabi/lib/armv6k/fpu\libg.a(lib_a-svfiprintf.o)
 .rodata.__action_table
                0x0011d70c       0x6c c:/devkitpro/devkitarm/bin/../lib/gcc/arm-none-eabi/4.9.2/../../../../arm-none-eabi/lib/armv6k/fpu\libg.a(lib_a-svfiprintf.o)
                0x0011d70c                __action_table
 .rodata.zeroes.7016
                0x0011d778       0x10 c:/devkitpro/devkitarm/bin/../lib/gcc/arm-none-eabi/4.9.2/../../../../arm-none-eabi/lib/armv6k/fpu\libg.a(lib_a-svfiprintf.o)
 .rodata.zeroes.7030
                0x0011d788       0x10 c:/devkitpro/devkitarm/bin/../lib/gcc/arm-none-eabi/4.9.2/../../../../arm-none-eabi/lib/armv6k/fpu\libg.a(lib_a-vfiprintf.o)
 .rodata.str1.4
                0x0011d798       0x30 c:/devkitpro/devkitarm/bin/../lib/gcc/arm-none-eabi/4.9.2/../../../../arm-none-eabi/lib/armv6k/fpu\libg.a(lib_a-vfiprintf.o)
 .rodata.blanks.7029
                0x0011d798       0x10 c:/devkitpro/devkitarm/bin/../lib/gcc/arm-none-eabi/4.9.2/../../../../arm-none-eabi/lib/armv6k/fpu\libg.a(lib_a-vfiprintf.o)
 .rodata._ctype_
                0x0011d7a8      0x104 c:/devkitpro/devkitarm/bin/../lib/gcc/arm-none-eabi/4.9.2/../../../../arm-none-eabi/lib/armv6k/fpu\libg.a(lib_a-ctype_.o)
                0x0011d7a8                _ctype_
 .rodata.str1.4
                0x0011d8ac        0x8 c:/devkitpro/devkitarm/bin/../lib/gcc/arm-none-eabi/4.9.2/../../../../arm-none-eabi/lib/armv6k/fpu\libsysbase.a(iosupport.o)
 *all.rodata*(*)
 *(.gnu.linkonce.r*)
                0x0011d8b4                . = ALIGN (0x4)

.rel.dyn        0x0011d8b4        0x0
 .rel.iplt      0x0011d8b4        0x0 c:/devkitpro/devkitarm/bin/../lib/gcc/arm-none-eabi/4.9.2/../../../../arm-none-eabi/lib/armv6k/fpu/3dsx_crt0.o

.ARM.extab
 *(.ARM.extab* .gnu.linkonce.armextab.*)
                0x0011d8b4                __exidx_start = .

ARM.exidx
 *(.ARM.exidx* .gnu.linkonce.armexidx.*)
                0x0011d8b4                __exidx_end = .

.data           0x0011e000     0x3acc
 *(.data)
 .data          0x0011e000        0x0 c:/devkitpro/devkitarm/bin/../lib/gcc/arm-none-eabi/4.9.2/../../../../arm-none-eabi/lib/armv6k/fpu/3dsx_crt0.o
 .data          0x0011e000        0x0 c:/devkitpro/devkitarm/bin/../lib/gcc/arm-none-eabi/4.9.2/armv6k/fpu/crti.o
 .data          0x0011e000        0x4 c:/devkitpro/devkitarm/bin/../lib/gcc/arm-none-eabi/4.9.2/armv6k/fpu/crtbegin.o
                0x0011e000                __dso_handle
 .data          0x0011e004        0x0 main.o
 .data          0x0011e004        0x0 sudoku.o
 .data          0x0011e004        0xc c:/devkitPro/libctru/lib\libctru.a(gfx.o)
 .data          0x0011e010        0x0 c:/devkitPro/libctru/lib\libctru.a(apt.o)
 .data          0x0011e010        0x0 c:/devkitPro/libctru/lib\libctru.a(gsp.o)
 .data          0x0011e010        0x0 c:/devkitPro/libctru/lib\libctru.a(gx.o)
 .data          0x0011e010        0x0 c:/devkitPro/libctru/lib\libctru.a(hid.o)
 .data          0x0011e010        0x0 c:/devkitPro/libctru/lib\libctru.a(irrst.o)
 .data          0x0011e010        0x0 c:/devkitPro/libctru/lib\libctru.a(initArgv.o)
 .data          0x0011e010        0x0 c:/devkitPro/libctru/lib\libctru.a(svc.o)
 .data          0x0011e010        0x4 c:/devkitPro/libctru/lib\libctru.a(stack_adjust.o)
                0x0011e010                __stacksize__
 .data          0x0011e014        0x0 c:/devkitPro/libctru/lib\libctru.a(linear.o)
 .data          0x0011e014        0x0 c:/devkitPro/libctru/lib\libctru.a(mem_pool.o)
 .data          0x0011e014        0x0 c:/devkitPro/libctru/lib\libctru.a(vram.o)
 .data          0x0011e014        0x0 c:/devkitPro/libctru/lib\libctru.a(srv.o)
 .data          0x0011e014        0x0 c:/devkitPro/libctru/lib\libctru.a(rbtree_find.o)
 .data          0x0011e014        0x0 c:/devkitPro/libctru/lib\libctru.a(rbtree_init.o)
 .data          0x0011e014        0x0 c:/devkitPro/libctru/lib\libctru.a(rbtree_insert.o)
 .data          0x0011e014        0x0 c:/devkitPro/libctru/lib\libctru.a(rbtree_remove.o)
 .data          0x0011e014        0x0 c:/devkitPro/libctru/lib\libctru.a(rbtree_rotate.o)
 .data          0x0011e014        0x0 c:/devkitPro/libctru/lib\libctru.a(allocateHeaps.o)
 .data          0x0011e014        0x0 c:/devkitPro/libctru/lib\libctru.a(appExit.o)
 .data          0x0011e014        0x0 c:/devkitPro/libctru/lib\libctru.a(appInit.o)
 .data          0x0011e014        0x0 c:/devkitPro/libctru/lib\libctru.a(ctru_exit.o)
 .data          0x0011e014        0x0 c:/devkitPro/libctru/lib\libctru.a(initSystem.o)
 .data          0x0011e014        0x0 c:/devkitPro/libctru/lib\libctru.a(os.o)
 .data          0x0011e014     0x1084 c:/devkitPro/libctru/lib\libctru.a(sdmc_dev.o)
 .data          0x0011f098        0x0 c:/devkitPro/libctru/lib\libctru.a(fs.o)
 .data          0x0011f098        0x0 c:/devkitPro/libctru/lib\libctru.a(rbtree_iterator.o)
 .data          0x0011f098        0x0 c:/devkitPro/libctru/lib\libctru.a(decode_utf8.o)
 .data          0x0011f098        0x0 c:/devkitPro/libctru/lib\libctru.a(utf16_to_utf8.o)
 .data          0x0011f098        0x0 c:/devkitPro/libctru/lib\libctru.a(utf8_to_utf16.o)
 .data          0x0011f098        0x0 c:/devkitPro/libctru/lib\libctru.a(decode_utf16.o)
 .data          0x0011f098        0x0 c:/devkitPro/libctru/lib\libctru.a(encode_utf16.o)
 .data          0x0011f098        0x0 c:/devkitPro/libctru/lib\libctru.a(encode_utf8.o)
 .data          0x0011f098        0x0 c:/devkitpro/devkitarm/bin/../lib/gcc/arm-none-eabi/4.9.2/armv6k/fpu\libgcc.a(_divsi3.o)
 .data          0x0011f098        0x0 c:/devkitpro/devkitarm/bin/../lib/gcc/arm-none-eabi/4.9.2/armv6k/fpu\libgcc.a(_dvmd_tls.o)
 .data          0x0011f098        0x0 c:/devkitpro/devkitarm/bin/../lib/gcc/arm-none-eabi/4.9.2/../../../../arm-none-eabi/lib/armv6k/fpu\libg.a(lib_a-bsearch.o)
 .data          0x0011f098        0x0 c:/devkitpro/devkitarm/bin/../lib/gcc/arm-none-eabi/4.9.2/../../../../arm-none-eabi/lib/armv6k/fpu\libg.a(lib_a-fini.o)
 .data          0x0011f098        0x0 c:/devkitpro/devkitarm/bin/../lib/gcc/arm-none-eabi/4.9.2/../../../../arm-none-eabi/lib/armv6k/fpu\libg.a(lib_a-init.o)
 .data          0x0011f098        0x0 c:/devkitpro/devkitarm/bin/../lib/gcc/arm-none-eabi/4.9.2/../../../../arm-none-eabi/lib/armv6k/fpu\libg.a(lib_a-malloc.o)
 .data          0x0011f098        0x0 c:/devkitpro/devkitarm/bin/../lib/gcc/arm-none-eabi/4.9.2/../../../../arm-none-eabi/lib/armv6k/fpu\libg.a(lib_a-mallocr.o)
 .data          0x0011f098        0x0 c:/devkitpro/devkitarm/bin/../lib/gcc/arm-none-eabi/4.9.2/../../../../arm-none-eabi/lib/armv6k/fpu\libg.a(lib_a-memcpy.o)
 .data          0x0011f098        0x0 c:/devkitpro/devkitarm/bin/../lib/gcc/arm-none-eabi/4.9.2/../../../../arm-none-eabi/lib/armv6k/fpu\libg.a(lib_a-memset.o)
 .data          0x0011f098        0x0 c:/devkitpro/devkitarm/bin/../lib/gcc/arm-none-eabi/4.9.2/../../../../arm-none-eabi/lib/armv6k/fpu\libg.a(lib_a-mlock.o)
 .data          0x0011f098        0x0 c:/devkitpro/devkitarm/bin/../lib/gcc/arm-none-eabi/4.9.2/../../../../arm-none-eabi/lib/armv6k/fpu\libg.a(lib_a-printf.o)
 .data          0x0011f098        0x0 c:/devkitpro/devkitarm/bin/../lib/gcc/arm-none-eabi/4.9.2/../../../../arm-none-eabi/lib/armv6k/fpu\libg.a(lib_a-rand.o)
 .data          0x0011f098        0x0 c:/devkitpro/devkitarm/bin/../lib/gcc/arm-none-eabi/4.9.2/../../../../arm-none-eabi/lib/armv6k/fpu\libg.a(lib_a-strcpy.o)
 .data          0x0011f098        0x0 c:/devkitpro/devkitarm/bin/../lib/gcc/arm-none-eabi/4.9.2/../../../../arm-none-eabi/lib/armv6k/fpu\libg.a(lib_a-strlen.o)
 .data          0x0011f098        0x0 c:/devkitpro/devkitarm/bin/../lib/gcc/arm-none-eabi/4.9.2/../../../../arm-none-eabi/lib/armv6k/fpu\libg.a(lib_a-strncat.o)
 .data          0x0011f098        0x0 c:/devkitpro/devkitarm/bin/../lib/gcc/arm-none-eabi/4.9.2/../../../../arm-none-eabi/lib/armv6k/fpu\libg.a(lib_a-strncpy.o)
 .data          0x0011f098        0x0 c:/devkitpro/devkitarm/bin/../lib/gcc/arm-none-eabi/4.9.2/../../../../arm-none-eabi/lib/armv6k/fpu\libg.a(lib_a-time.o)
 .data          0x0011f098        0x0 c:/devkitpro/devkitarm/bin/../lib/gcc/arm-none-eabi/4.9.2/../../../../arm-none-eabi/lib/armv6k/fpu\libg.a(lib_a-vfprintf.o)
 .data          0x0011f098        0x0 c:/devkitpro/devkitarm/bin/../lib/gcc/arm-none-eabi/4.9.2/../../../../arm-none-eabi/lib/armv6k/fpu\libg.a(lib_a-wcrtomb.o)
 .data          0x0011f098        0x0 c:/devkitpro/devkitarm/bin/../lib/gcc/arm-none-eabi/4.9.2/../../../../arm-none-eabi/lib/armv6k/fpu\libg.a(lib_a-wcsrtombs.o)
 .data          0x0011f098        0x0 c:/devkitpro/devkitarm/bin/../lib/gcc/arm-none-eabi/4.9.2/../../../../arm-none-eabi/lib/armv6k/fpu\libg.a(lib_a-wctomb_r.o)
 .data          0x0011f098        0x0 c:/devkitpro/devkitarm/bin/../lib/gcc/arm-none-eabi/4.9.2/../../../../arm-none-eabi/lib/armv6k/fpu\libg.a(lib_a-wsetup.o)
 .data          0x0011f098        0x0 c:/devkitpro/devkitarm/bin/../lib/gcc/arm-none-eabi/4.9.2/../../../../arm-none-eabi/lib/armv6k/fpu\libg.a(lib_a-dtoa.o)
 .data          0x0011f098        0x0 c:/devkitpro/devkitarm/bin/../lib/gcc/arm-none-eabi/4.9.2/../../../../arm-none-eabi/lib/armv6k/fpu\libg.a(lib_a-fflush.o)
 .data          0x0011f098        0x0 c:/devkitpro/devkitarm/bin/../lib/gcc/arm-none-eabi/4.9.2/../../../../arm-none-eabi/lib/armv6k/fpu\libg.a(lib_a-findfp.o)
 .data          0x0011f098        0x0 c:/devkitpro/devkitarm/bin/../lib/gcc/arm-none-eabi/4.9.2/../../../../arm-none-eabi/lib/armv6k/fpu\libg.a(lib_a-freer.o)
 .data          0x0011f098        0x0 c:/devkitpro/devkitarm/bin/../lib/gcc/arm-none-eabi/4.9.2/../../../../arm-none-eabi/lib/armv6k/fpu\libg.a(lib_a-fwalk.o)
 .data          0x0011f098        0x0 c:/devkitpro/devkitarm/bin/../lib/gcc/arm-none-eabi/4.9.2/../../../../arm-none-eabi/lib/armv6k/fpu\libg.a(lib_a-impure.o)
 .data          0x0011f098        0x0 c:/devkitpro/devkitarm/bin/../lib/gcc/arm-none-eabi/4.9.2/../../../../arm-none-eabi/lib/armv6k/fpu\libg.a(lib_a-locale.o)
 .data          0x0011f098        0x0 c:/devkitpro/devkitarm/bin/../lib/gcc/arm-none-eabi/4.9.2/../../../../arm-none-eabi/lib/armv6k/fpu\libg.a(lib_a-makebuf.o)
 .data          0x0011f098        0x0 c:/devkitpro/devkitarm/bin/../lib/gcc/arm-none-eabi/4.9.2/../../../../arm-none-eabi/lib/armv6k/fpu\libg.a(lib_a-mbtowc_r.o)
 .data          0x0011f098        0x0 c:/devkitpro/devkitarm/bin/../lib/gcc/arm-none-eabi/4.9.2/../../../../arm-none-eabi/lib/armv6k/fpu\libg.a(lib_a-memchr.o)
 .data          0x0011f098        0x0 c:/devkitpro/devkitarm/bin/../lib/gcc/arm-none-eabi/4.9.2/../../../../arm-none-eabi/lib/armv6k/fpu\libg.a(lib_a-mprec.o)
 .data          0x0011f098        0x0 c:/devkitpro/devkitarm/bin/../lib/gcc/arm-none-eabi/4.9.2/../../../../arm-none-eabi/lib/armv6k/fpu\libg.a(lib_a-s_fpclassify.o)
 .data          0x0011f098        0x0 c:/devkitpro/devkitarm/bin/../lib/gcc/arm-none-eabi/4.9.2/../../../../arm-none-eabi/lib/armv6k/fpu\libg.a(lib_a-s_frexp.o)
 .data          0x0011f098        0x0 c:/devkitpro/devkitarm/bin/../lib/gcc/arm-none-eabi/4.9.2/../../../../arm-none-eabi/lib/armv6k/fpu\libg.a(lib_a-stdio.o)
 .data          0x0011f098        0x0 c:/devkitpro/devkitarm/bin/../lib/gcc/arm-none-eabi/4.9.2/../../../../arm-none-eabi/lib/armv6k/fpu\libg.a(lib_a-strcasecmp.o)
 .data          0x0011f098        0x0 c:/devkitpro/devkitarm/bin/../lib/gcc/arm-none-eabi/4.9.2/../../../../arm-none-eabi/lib/armv6k/fpu\libg.a(lib_a-strcat.o)
 .data          0x0011f098        0x0 c:/devkitpro/devkitarm/bin/../lib/gcc/arm-none-eabi/4.9.2/../../../../arm-none-eabi/lib/armv6k/fpu\libg.a(lib_a-strchr.o)
 .data          0x0011f098        0x0 c:/devkitpro/devkitarm/bin/../lib/gcc/arm-none-eabi/4.9.2/../../../../arm-none-eabi/lib/armv6k/fpu\libg.a(lib_a-strcmp.o)
 .data          0x0011f098        0x0 c:/devkitpro/devkitarm/bin/../lib/gcc/arm-none-eabi/4.9.2/../../../../arm-none-eabi/lib/armv6k/fpu\libg.a(lib_a-strlcpy.o)
 .data          0x0011f098        0x0 c:/devkitpro/devkitarm/bin/../lib/gcc/arm-none-eabi/4.9.2/../../../../arm-none-eabi/lib/armv6k/fpu\libg.a(lib_a-strncasecmp.o)
 .data          0x0011f098        0x0 c:/devkitpro/devkitarm/bin/../lib/gcc/arm-none-eabi/4.9.2/../../../../arm-none-eabi/lib/armv6k/fpu\libg.a(lib_a-strncmp.o)
 .data          0x0011f098        0x0 c:/devkitpro/devkitarm/bin/../lib/gcc/arm-none-eabi/4.9.2/../../../../arm-none-eabi/lib/armv6k/fpu\libg.a(lib_a-strtol.o)
 .data          0x0011f098        0x0 c:/devkitpro/devkitarm/bin/../lib/gcc/arm-none-eabi/4.9.2/../../../../arm-none-eabi/lib/armv6k/fpu\libg.a(lib_a-svfiprintf.o)
 .data          0x0011f098        0x0 c:/devkitpro/devkitarm/bin/../lib/gcc/arm-none-eabi/4.9.2/../../../../arm-none-eabi/lib/armv6k/fpu\libg.a(lib_a-vfiprintf.o)
 .data          0x0011f098        0x0 c:/devkitpro/devkitarm/bin/../lib/gcc/arm-none-eabi/4.9.2/../../../../arm-none-eabi/lib/armv6k/fpu\libg.a(lib_a-wcsnrtombs.o)
 .data          0x0011f098        0x0 c:/devkitpro/devkitarm/bin/../lib/gcc/arm-none-eabi/4.9.2/../../../../arm-none-eabi/lib/armv6k/fpu\libg.a(lib_a-callocr.o)
 .data          0x0011f098        0x0 c:/devkitpro/devkitarm/bin/../lib/gcc/arm-none-eabi/4.9.2/../../../../arm-none-eabi/lib/armv6k/fpu\libg.a(lib_a-ctype_.o)
 .data          0x0011f098        0x0 c:/devkitpro/devkitarm/bin/../lib/gcc/arm-none-eabi/4.9.2/../../../../arm-none-eabi/lib/armv6k/fpu\libg.a(lib_a-fclose.o)
 .data          0x0011f098        0x0 c:/devkitpro/devkitarm/bin/../lib/gcc/arm-none-eabi/4.9.2/../../../../arm-none-eabi/lib/armv6k/fpu\libg.a(lib_a-fputwc.o)
 .data          0x0011f098        0x0 c:/devkitpro/devkitarm/bin/../lib/gcc/arm-none-eabi/4.9.2/../../../../arm-none-eabi/lib/armv6k/fpu\libg.a(lib_a-fvwrite.o)
 .data          0x0011f098        0x0 c:/devkitpro/devkitarm/bin/../lib/gcc/arm-none-eabi/4.9.2/../../../../arm-none-eabi/lib/armv6k/fpu\libg.a(lib_a-getenv_r.o)
 .data          0x0011f098        0x0 c:/devkitpro/devkitarm/bin/../lib/gcc/arm-none-eabi/4.9.2/../../../../arm-none-eabi/lib/armv6k/fpu\libg.a(lib_a-memmove.o)
 .data          0x0011f098        0x0 c:/devkitpro/devkitarm/bin/../lib/gcc/arm-none-eabi/4.9.2/../../../../arm-none-eabi/lib/armv6k/fpu\libg.a(lib_a-reallocr.o)
 .data          0x0011f098        0x0 c:/devkitpro/devkitarm/bin/../lib/gcc/arm-none-eabi/4.9.2/../../../../arm-none-eabi/lib/armv6k/fpu\libg.a(lib_a-wbuf.o)
 .data          0x0011f098        0x0 c:/devkitpro/devkitarm/bin/../lib/gcc/arm-none-eabi/4.9.2/../../../../arm-none-eabi/lib/armv6k/fpu\libg.a(lib_a-environ.o)
 .data          0x0011f098        0x0 c:/devkitpro/devkitarm/bin/../lib/gcc/arm-none-eabi/4.9.2/../../../../arm-none-eabi/lib/armv6k/fpu\libg.a(lib_a-envlock.o)
 .data          0x0011f098       0x44 c:/devkitpro/devkitarm/bin/../lib/gcc/arm-none-eabi/4.9.2/../../../../arm-none-eabi/lib/armv6k/fpu\libsysbase.a(iosupport.o)
                0x0011f09c                devoptab_list
 .data          0x0011f0dc        0x0 c:/devkitpro/devkitarm/bin/../lib/gcc/arm-none-eabi/4.9.2/../../../../arm-none-eabi/lib/armv6k/fpu\libsysbase.a(close.o)
 .data          0x0011f0dc        0x0 c:/devkitpro/devkitarm/bin/../lib/gcc/arm-none-eabi/4.9.2/../../../../arm-none-eabi/lib/armv6k/fpu\libsysbase.a(fstat.o)
 .data          0x0011f0dc        0x0 c:/devkitpro/devkitarm/bin/../lib/gcc/arm-none-eabi/4.9.2/../../../../arm-none-eabi/lib/armv6k/fpu\libsysbase.a(gettod.o)
 .data          0x0011f0dc        0x0 c:/devkitpro/devkitarm/bin/../lib/gcc/arm-none-eabi/4.9.2/../../../../arm-none-eabi/lib/armv6k/fpu\libsysbase.a(isatty.o)
 .data          0x0011f0dc        0x0 c:/devkitpro/devkitarm/bin/../lib/gcc/arm-none-eabi/4.9.2/../../../../arm-none-eabi/lib/armv6k/fpu\libsysbase.a(lseek.o)
 .data          0x0011f0dc        0x0 c:/devkitpro/devkitarm/bin/../lib/gcc/arm-none-eabi/4.9.2/../../../../arm-none-eabi/lib/armv6k/fpu\libsysbase.a(read.o)
 .data          0x0011f0dc        0x0 c:/devkitpro/devkitarm/bin/../lib/gcc/arm-none-eabi/4.9.2/../../../../arm-none-eabi/lib/armv6k/fpu\libsysbase.a(sbrk.o)
 .data          0x0011f0dc        0x0 c:/devkitpro/devkitarm/bin/../lib/gcc/arm-none-eabi/4.9.2/../../../../arm-none-eabi/lib/armv6k/fpu\libsysbase.a(write.o)
 .data          0x0011f0dc        0x0 c:/devkitpro/devkitarm/bin/../lib/gcc/arm-none-eabi/4.9.2/../../../../arm-none-eabi/lib/armv6k/fpu\libsysbase.a(malloc_vars.o)
 .data          0x0011f0dc     0x1000 c:/devkitpro/devkitarm/bin/../lib/gcc/arm-none-eabi/4.9.2/../../../../arm-none-eabi/lib/armv6k/fpu\libsysbase.a(chdir.o)
 .data          0x001200dc        0x0 c:/devkitpro/devkitarm/bin/../lib/gcc/arm-none-eabi/4.9.2/../../../../arm-none-eabi/lib/armv6k/fpu\libsysbase.a(flock.o)
 .data          0x001200dc        0x0 c:/devkitpro/devkitarm/bin/../lib/gcc/arm-none-eabi/4.9.2/../../../../arm-none-eabi/lib/armv6k/fpu\libsysbase.a(syscall_support.o)
 .data          0x001200dc     0x1024 c:/devkitpro/devkitarm/bin/../lib/gcc/arm-none-eabi/4.9.2/../../../../arm-none-eabi/lib/armv6k/fpu\libsysbase.a(handle_manager.o)
 .data          0x00121100        0x0 c:/devkitpro/devkitarm/bin/../lib/gcc/arm-none-eabi/4.9.2/../../../../arm-none-eabi/lib/armv6k/fpu\libsysbase.a(getreent.o)
 .data          0x00121100        0x0 c:/devkitpro/devkitarm/bin/../lib/gcc/arm-none-eabi/4.9.2/armv6k/fpu\libgcc.a(_udivsi3.o)
 .data          0x00121100        0x0 c:/devkitpro/devkitarm/bin/../lib/gcc/arm-none-eabi/4.9.2/armv6k/fpu\libgcc.a(_aeabi_uldivmod.o)
 .data          0x00121100        0x0 c:/devkitpro/devkitarm/bin/../lib/gcc/arm-none-eabi/4.9.2/armv6k/fpu\libgcc.a(bpabi.o)
 .data          0x00121100        0x0 c:/devkitpro/devkitarm/bin/../lib/gcc/arm-none-eabi/4.9.2/armv6k/fpu\libgcc.a(_divdi3.o)
 .data          0x00121100        0x0 c:/devkitpro/devkitarm/bin/../lib/gcc/arm-none-eabi/4.9.2/armv6k/fpu\libgcc.a(_udivdi3.o)
 .data          0x00121100        0x0 c:/devkitpro/devkitarm/bin/../lib/gcc/arm-none-eabi/4.9.2/../../../../arm-none-eabi/lib/armv6k/fpu\libg.a(lib_a-errno.o)
 .data          0x00121100        0x0 c:/devkitpro/devkitarm/bin/../lib/gcc/arm-none-eabi/4.9.2/../../../../arm-none-eabi/lib/armv6k/fpu\libg.a(lib_a-strnlen.o)
 .data          0x00121100        0x0 c:/devkitpro/devkitarm/bin/../lib/gcc/arm-none-eabi/4.9.2/../../../../arm-none-eabi/lib/armv6k/fpu\libg.a(lib_a-strrchr.o)
 .data          0x00121100        0x0 c:/devkitpro/devkitarm/bin/../lib/gcc/arm-none-eabi/4.9.2/armv6k/fpu/crtend.o
 .data          0x00121100        0x0 c:/devkitpro/devkitarm/bin/../lib/gcc/arm-none-eabi/4.9.2/armv6k/fpu/crtn.o
 *(.data.*)
 .data.__malloc_av_
                0x00121100      0x408 c:/devkitpro/devkitarm/bin/../lib/gcc/arm-none-eabi/4.9.2/../../../../arm-none-eabi/lib/armv6k/fpu\libg.a(lib_a-mallocr.o)
                0x00121100                __malloc_av_
 .data.__malloc_trim_threshold
                0x00121508        0x4 c:/devkitpro/devkitarm/bin/../lib/gcc/arm-none-eabi/4.9.2/../../../../arm-none-eabi/lib/armv6k/fpu\libg.a(lib_a-mallocr.o)
                0x00121508                __malloc_trim_threshold
 .data.__malloc_sbrk_base
                0x0012150c        0x4 c:/devkitpro/devkitarm/bin/../lib/gcc/arm-none-eabi/4.9.2/../../../../arm-none-eabi/lib/armv6k/fpu\libg.a(lib_a-mallocr.o)
                0x0012150c                __malloc_sbrk_base
 .data.__wctomb
                0x00121510        0x4 c:/devkitpro/devkitarm/bin/../lib/gcc/arm-none-eabi/4.9.2/../../../../arm-none-eabi/lib/armv6k/fpu\libg.a(lib_a-wctomb_r.o)
                0x00121510                __wctomb
 *fill*         0x00121514        0x4 
 .data.impure_data
                0x00121518      0x428 c:/devkitpro/devkitarm/bin/../lib/gcc/arm-none-eabi/4.9.2/../../../../arm-none-eabi/lib/armv6k/fpu\libg.a(lib_a-impure.o)
 .data._impure_ptr
                0x00121940        0x4 c:/devkitpro/devkitarm/bin/../lib/gcc/arm-none-eabi/4.9.2/../../../../arm-none-eabi/lib/armv6k/fpu\libg.a(lib_a-impure.o)
                0x00121940                _impure_ptr
 .data.lc_message_charset
                0x00121944       0x20 c:/devkitpro/devkitarm/bin/../lib/gcc/arm-none-eabi/4.9.2/../../../../arm-none-eabi/lib/armv6k/fpu\libg.a(lib_a-locale.o)
 .data.lconv    0x00121964       0x38 c:/devkitpro/devkitarm/bin/../lib/gcc/arm-none-eabi/4.9.2/../../../../arm-none-eabi/lib/armv6k/fpu\libg.a(lib_a-locale.o)
 .data.current_categories
                0x0012199c       0xe0 c:/devkitpro/devkitarm/bin/../lib/gcc/arm-none-eabi/4.9.2/../../../../arm-none-eabi/lib/armv6k/fpu\libg.a(lib_a-locale.o)
 .data.lc_ctype_charset
                0x00121a7c       0x20 c:/devkitpro/devkitarm/bin/../lib/gcc/arm-none-eabi/4.9.2/../../../../arm-none-eabi/lib/armv6k/fpu\libg.a(lib_a-locale.o)
 .data.__default_locale