Archive member included to satisfy reference by file (symbol)

c:/devkitPro/libctru/lib\libsfil.a(sfil_png.o)
                              gfx.o (sfil_load_PNG_buffer)
c:/devkitPro/portlibs/armv6k/lib\libpng.a(png.o)
                              c:/devkitPro/libctru/lib\libsfil.a(sfil_png.o) (png_set_sig_bytes)
c:/devkitPro/portlibs/armv6k/lib\libpng.a(pngerror.o)
                              c:/devkitPro/portlibs/armv6k/lib\libpng.a(png.o) (png_safecat)
c:/devkitPro/portlibs/armv6k/lib\libpng.a(pngget.o)
                              c:/devkitPro/libctru/lib\libsfil.a(sfil_png.o) (png_get_valid)
c:/devkitPro/portlibs/armv6k/lib\libpng.a(pngmem.o)
                              c:/devkitPro/portlibs/armv6k/lib\libpng.a(png.o) (png_calloc)
c:/devkitPro/portlibs/armv6k/lib\libpng.a(pngread.o)
                              c:/devkitPro/libctru/lib\libsfil.a(sfil_png.o) (png_create_read_struct)
c:/devkitPro/portlibs/armv6k/lib\libpng.a(pngrio.o)
                              c:/devkitPro/libctru/lib\libsfil.a(sfil_png.o) (png_set_read_fn)
c:/devkitPro/portlibs/armv6k/lib\libpng.a(pngrtran.o)
                              c:/devkitPro/portlibs/armv6k/lib\libpng.a(pngread.o) (png_set_background_fixed)
c:/devkitPro/portlibs/armv6k/lib\libpng.a(pngrutil.o)
                              c:/devkitPro/portlibs/armv6k/lib\libpng.a(pngread.o) (png_read_sig)
c:/devkitPro/portlibs/armv6k/lib\libpng.a(pngset.o)
                              c:/devkitPro/portlibs/armv6k/lib\libpng.a(pngrutil.o) (png_set_bKGD)
c:/devkitPro/portlibs/armv6k/lib\libpng.a(pngtrans.o)
                              c:/devkitPro/portlibs/armv6k/lib\libpng.a(pngread.o) (png_set_bgr)
c:/devkitPro/portlibs/armv6k/lib\libpng.a(pngwrite.o)
                              c:/devkitPro/portlibs/armv6k/lib\libpng.a(png.o) (png_destroy_write_struct)
c:/devkitPro/portlibs/armv6k/lib\libpng.a(pngwtran.o)
                              c:/devkitPro/portlibs/armv6k/lib\libpng.a(pngwrite.o) (png_do_write_transformations)
c:/devkitPro/portlibs/armv6k/lib\libpng.a(pngwutil.o)
                              c:/devkitPro/portlibs/armv6k/lib\libpng.a(pngwrite.o) (png_write_sig)
c:/devkitPro/portlibs/armv6k/lib\libpng.a(pngwio.o)
                              c:/devkitPro/portlibs/armv6k/lib\libpng.a(pngwutil.o) (png_write_data)
c:/devkitPro/portlibs/armv6k/lib\libz.a(adler32.o)
                              c:/devkitPro/portlibs/armv6k/lib\libpng.a(png.o) (adler32)
c:/devkitPro/portlibs/armv6k/lib\libz.a(crc32.o)
                              c:/devkitPro/portlibs/armv6k/lib\libpng.a(png.o) (crc32)
c:/devkitPro/portlibs/armv6k/lib\libz.a(deflate.o)
                              c:/devkitPro/portlibs/armv6k/lib\libpng.a(pngwutil.o) (deflateReset)
c:/devkitPro/portlibs/armv6k/lib\libz.a(inflate.o)
                              c:/devkitPro/portlibs/armv6k/lib\libpng.a(png.o) (inflateReset)
c:/devkitPro/portlibs/armv6k/lib\libz.a(inftrees.o)
                              c:/devkitPro/portlibs/armv6k/lib\libz.a(inflate.o) (inflate_table)
c:/devkitPro/portlibs/armv6k/lib\libz.a(trees.o)
                              c:/devkitPro/portlibs/armv6k/lib\libz.a(deflate.o) (_tr_init)
c:/devkitPro/portlibs/armv6k/lib\libz.a(zutil.o)
                              c:/devkitPro/portlibs/armv6k/lib\libz.a(deflate.o) (zcalloc)
c:/devkitPro/portlibs/armv6k/lib\libz.a(inffast.o)
                              c:/devkitPro/portlibs/armv6k/lib\libz.a(inflate.o) (inflate_fast)
c:/devkitPro/libctru/lib\libsf2d.a(sf2d.o)
                              gfx.o (sf2d_init)
c:/devkitPro/libctru/lib\libsf2d.a(sf2d_draw.o)
                              gfx.o (sf2d_draw_rectangle)
c:/devkitPro/libctru/lib\libsf2d.a(sf2d_private.o)
                              c:/devkitPro/libctru/lib\libsf2d.a(sf2d.o) (GPU_SetDummyTexEnv)
c:/devkitPro/libctru/lib\libsf2d.a(sf2d_texture.o)
                              c:/devkitPro/libctru/lib\libsfil.a(sfil_png.o) (sf2d_create_texture)
c:/devkitPro/libctru/lib\libsf2d.a(shader.vsh.o)
                              c:/devkitPro/libctru/lib\libsf2d.a(sf2d.o) (shader_vsh_shbin_size)
c:/devkitPro/libctru/lib\libctru.a(linear.o)
                              c:/devkitPro/libctru/lib\libsf2d.a(sf2d_texture.o) (linearMemAlign)
c:/devkitPro/libctru/lib\libctru.a(mem_pool.o)
                              c:/devkitPro/libctru/lib\libctru.a(linear.o) (MemPool::Allocate(MemChunk&, unsigned long, int))
c:/devkitPro/libctru/lib\libctru.a(vram.o)
                              c:/devkitPro/libctru/lib\libsf2d.a(sf2d.o) (vramMemAlign)
c:/devkitPro/libctru/lib\libctru.a(gfx.o)
                              c:/devkitPro/libctru/lib\libsf2d.a(sf2d.o) (gfxSet3D)
c:/devkitPro/libctru/lib\libctru.a(os.o)
                              c:/devkitPro/libctru/lib\libsf2d.a(sf2d.o) (osConvertVirtToPhys)
c:/devkitPro/libctru/lib\libctru.a(gpu.o)
                              c:/devkitPro/libctru/lib\libsf2d.a(sf2d.o) (GPU_Init)
c:/devkitPro/libctru/lib\libctru.a(gpuResetSequence.o)
[...]
Memory Configuration

Name             Origin             Length             Attributes
*default*        0x00000000         0xffffffff

Linker script and memory map

                0x00100000                . = 0x100000
                0x00100000                __start__ = .

.text           0x00100000    0x5c74c
 *(.crt0)
 .crt0          0x00100000       0x94 c:/devkitpro/devkitarm/bin/../lib/gcc/arm-none-eabi/4.9.2/../../../../arm-none-eabi/lib/armv6k/fpu/3dsx_crt0.o
                0x00100000                _start
                0x00100008                __service_ptr
                0x0010000c                __apt_appid
                0x00100010                __heap_size
                0x00100014                __linear_heap_size
                0x00100018                __system_arglist
                0x0010001c                __system_runflags
 *(.init)
 .init          0x00100094        0xc c:/devkitpro/devkitarm/bin/../lib/gcc/arm-none-eabi/4.9.2/armv6k/fpu/crti.o
                0x00100094                _init
 .init          0x001000a0        0xc c:/devkitpro/devkitarm/bin/../lib/gcc/arm-none-eabi/4.9.2/armv6k/fpu/crtn.o
                0x001000ac                . = ALIGN (0x4)
 *(.text)
 .text          0x001000ac        0x0 c:/devkitpro/devkitarm/bin/../lib/gcc/arm-none-eabi/4.9.2/../../../../arm-none-eabi/lib/armv6k/fpu/3dsx_crt0.o
 .text          0x001000ac        0x0 c:/devkitpro/devkitarm/bin/../lib/gcc/arm-none-eabi/4.9.2/armv6k/fpu/crti.o
 .text          0x001000ac      0x108 c:/devkitpro/devkitarm/bin/../lib/gcc/arm-none-eabi/4.9.2/armv6k/fpu/crtbegin.o
 .text          0x001001b4        0x0 0.bin.o
 .text          0x001001b4        0x0 1.bin.o
 .text          0x001001b4        0x0 2.bin.o
 .text          0x001001b4        0x0 3.bin.o
 .text          0x001001b4        0x0 4.bin.o
 .text          0x001001b4        0x0 5.bin.o
 .text          0x001001b4        0x0 6.bin.o
 .text          0x001001b4        0x0 7.bin.o
 .text          0x001001b4        0x0 8.bin.o
 .text          0x001001b4        0x0 9.bin.o
 .text          0x001001b4        0x0 bg.bin.o
 .text          0x001001b4        0x0 immut_numbers.bin.o
 .text          0x001001b4        0x0 mut_numbers.bin.o
 .text          0x001001b4        0x0 selector.bin.o
 .text          0x001001b4      0x4d0 gfx.o
                0x001001b4                SudokuGFX_init
                0x00100278                sudoku_gfx_free
                0x001002a0                init_background
                0x001002d4                update_background_position
                0x0010032c                draw_many_boxes
                0x001003a4                draw_top_background
                0x00100400                draw_bottom_background
                0x00100430                draw_victory
                0x00100468                draw_sudoku
                0x001005fc                start_draw
                0x0010067c                end_draw
                0x00100680                end
 .text          0x00100684        0x0 main.o
 .text          0x00100684      0x164 mylib.o
                0x00100684                emalloc
                0x001006b8                erealloc
                0x001006ec                rand_lim
                0x0010071c                mod
                0x00100738                itoa
 .text          0x001007e8      0x818 sudoku.o
                0x001007e8                sudoku_new
                0x00100854                sudoku_free
                0x00100878                sudoku_print
                0x001008f0                sudoku_default
                0x001009e4                sudoku_delete_space
                0x00100a60                sudoku_flip_vert
                0x00100adc                sudoku_flip_hori
                0x00100b54                sudoku_flip_dia1
                0x00100bd0                sudoku_flip_dia2
                0x00100c38                sudoku_transform
                0x00100ccc                check_horizontals
                0x00100d9c                check_verticals
                0x00100e70                check_boxes
                0x00100fc0                check_all
 .text          0x00101000      0x364 sudokucontroller.o
                0x00101054                check_input
                0x00101180                update_victory_state
                0x001011a4                update_sudoku_input
                0x001011b4                update_state
                0x0010127c                initialize_game
                0x00101338                sudoku_control_free
 .text          0x00101364      0x3e8 c:/devkitPro/libctru/lib\libsfil.a(sfil_png.o)
                0x00101664                sfil_load_PNG_file
                0x00101700                sfil_load_PNG_buffer
 *fill*         0x0010174c        0x4 
 .text          0x00101750     0x6ce0 c:/devkitPro/portlibs/armv6k/lib\libpng.a(png.o)
                0x00101750                png_zalloc
                0x001017a8                png_zfree
                0x001020a8                png_set_sig_bytes
                0x001020dc                png_sig_cmp
                0x0010214c                png_reset_crc
                0x0010216c                png_calculate_crc
                0x001021c0                png_user_version_check
                0x001022c0                png_create_png_struct
                0x001023d4                png_create_info_struct
                0x00102414                png_destroy_info_struct
                0x0010279c                png_info_init_3
                0x001027f8                png_data_freer
                0x00102844                png_free_data
                0x00102854                png_get_io_ptr
                0x00102860                png_init_io
                0x0010286c                png_save_int_32
                0x0010288c                png_convert_to_rfc1123_buffer
                0x00102a70                png_convert_to_rfc1123
                0x00102c64                png_get_copyright
                0x00102c70                png_get_libpng_ver
                0x00102c7c                png_get_header_ver
                0x00102c88                png_get_header_version
                0x00102c94                png_build_grayscale_palette
                0x00102cf4                png_handle_as_unknown
                0x00102d68                png_chunk_unknown_handling
                0x00102df8                png_reset_zstream
                0x00102e10                png_access_version_number
                0x00102e1c                png_zstream_error
                0x00102f00                png_colorspace_set_gamma
                0x00103070                png_colorspace_sync_info
                0x001030e0                png_colorspace_sync
                0x00103168                png_colorspace_set_sRGB
                0x001033ec                png_icc_check_length
                0x00103584                png_icc_check_header
                0x001038e0                png_icc_check_tag_table
                0x00103a18                png_icc_set_sRGB
                0x00103c6c                png_colorspace_set_ICC
                0x00104044                png_colorspace_set_rgb_coefficients
                0x001042ec                png_check_IHDR
                0x001045a4                png_check_fp_number
                0x0010483c                png_check_fp_string
                0x00104afc                png_ascii_from_fp
                0x00105428                png_ascii_from_fixed
                0x00105858                png_fixed
                0x001058e0                png_muldiv
                0x00105998                png_muldiv_warn
                0x00105a54                png_reciprocal
                0x00105ae0                png_colorspace_set_endpoints
                0x00106ae0                png_colorspace_set_chromaticities
                0x001075b4                png_gamma_significant
                0x001075d4                png_reciprocal2
                0x00107690                png_gamma_8bit_correct
                0x00107718                png_gamma_16bit_correct
                0x001077ac                png_gamma_correct
                0x001078bc                png_destroy_gamma_table
                0x001079f0                png_build_gamma_table
                0x0010832c                png_set_option
                0x0010838c                png_image_free
                0x001083c8                png_image_error
 .text          0x00108430     0x1a6c c:/devkitPro/portlibs/armv6k/lib\libpng.a(pngerror.o)
                0x0010869c                png_safecat
                0x00108710                png_format_number
                0x0010887c                png_warning
                0x001089c4                png_warning_parameter
                0x00108a40                png_warning_parameter_unsigned
                0x00108ad4                png_warning_parameter_signed
                0x00108ba0                png_formatted_warning
                0x00108e78                png_chunk_warning
                0x00109024                png_free_jmpbuf
                0x001090b4                png_longjmp
                0x001090e0                png_error
                0x00109140                png_app_warning
                0x00109298                png_app_error
                0x001093f0                png_chunk_error
                0x0010941c                png_chunk_benign_error
                0x001095c0                png_benign_error
                0x00109890                png_fixed_error
                0x00109910                png_set_longjmp_fn
                0x001099f4                png_chunk_report
                0x00109ccc                png_set_error_fn
                0x00109ce0                png_get_error_ptr
                0x00109cec                png_safe_error
                0x00109d90                png_safe_warning
                0x00109e04                png_safe_execute
 *fill*         0x00109e9c        0x4 
 .text          0x00109ea0     0x12d0 c:/devkitPro/portlibs/armv6k/lib\libpng.a(pngget.o)
                0x00109ea0                png_get_valid
                0x00109ebc                png_get_rowbytes
                0x00109ed4                png_get_rows
                0x00109eec                png_get_image_width
                0x00109f04                png_get_image_height
                0x00109f1c                png_get_bit_depth
                0x00109f34                png_get_color_type
                0x00109f4c                png_get_filter_type
                0x00109f64                png_get_interlace_type
                0x00109f7c                png_get_compression_type
                0x00109f94                png_get_x_pixels_per_meter
                0x00109fc8                png_get_y_pixels_per_meter
                0x00109ffc                png_get_pixels_per_meter
                0x0010a048                png_get_pixel_aspect_ratio
                0x0010a090                png_get_pixel_aspect_ratio_fixed
                0x0010a120                png_get_x_offset_microns
                0x0010a154                png_get_y_offset_microns
                0x0010a188                png_get_x_offset_pixels
                0x0010a1bc                png_get_y_offset_pixels
                0x0010a1f0                png_get_pixels_per_inch
                0x0010a27c                png_get_x_pixels_per_inch
                0x0010a2f8                png_get_y_pixels_per_inch
                0x0010a374                png_get_x_offset_inches_fixed
                0x0010a3c4                png_get_y_offset_inches_fixed
                0x0010a414                png_get_x_offset_inches
                0x0010a464                png_get_y_offset_inches
                0x0010a4b4                png_get_pHYs_dpi
                0x0010a580                png_get_channels
                0x0010a598                png_get_signature
                0x0010a5b0                png_get_bKGD
                0x0010a5ec                png_get_cHRM
                0x0010a700                png_get_cHRM_XYZ
                0x0010a830                png_get_cHRM_XYZ_fixed
                0x0010a908                png_get_cHRM_fixed
                0x0010a9cc                png_get_gAMA_fixed
                0x0010aa04                png_get_gAMA
                0x0010aa58                png_get_sRGB
                0x0010aa94                png_get_iCCP
                0x0010ab38                png_get_sPLT
                0x0010ab68                png_get_hIST
                0x0010aba4                png_get_IHDR
                0x0010ac60                png_get_oFFs
                0x0010accc                png_get_pCAL
                0x0010ad9c                png_get_sCAL_fixed
                0x0010ae24                png_get_sCAL
                0x0010ae7c                png_get_sCAL_s
                0x0010aec0                png_get_pHYs
                0x0010af20                png_get_PLTE
                0x0010af64                png_get_sBIT
                0x0010afa0                png_get_text
                0x0010afe8                png_get_tIME
                0x0010b024                png_get_tRNS
                0x0010b0b4                png_get_unknown_chunks
                0x0010b0e4                png_get_rgb_to_gray_status
                0x0010b0f0                png_get_user_chunk_ptr
                0x0010b0fc                png_get_compression_buffer_size
                0x0010b118                png_get_user_width_max
                0x0010b124                png_get_user_height_max
                0x0010b130                png_get_chunk_cache_max
                0x0010b13c                png_get_chunk_malloc_max
                0x0010b148                png_get_io_state
                0x0010b150                png_get_io_chunk_type
                0x0010b158                png_get_palette_max
 .text          0x0010b170      0x3ec c:/devkitPro/portlibs/armv6k/lib\libpng.a(pngmem.o)
                0x0010b170                png_destroy_png_struct
                0x0010b1d8                png_calloc
                0x0010b250                png_malloc_base
                0x0010b280                png_malloc_array
                0x0010b2fc                png_realloc_array
                0x0010b404                png_malloc
                0x0010b460                png_malloc_default
                0x0010b4a0                png_malloc_warn
                0x0010b504                png_free
                0x0010b528                png_free_default
                0x0010b53c                png_set_mem_fn
                0x0010b550                png_get_mem_ptr
 .text          0x0010b55c     0x7704 c:/devkitPro/portlibs/armv6k/lib\libpng.a(pngread.o)
                0x001111b4                png_create_read_struct
                0x0011120c                png_create_read_struct_2
                0x00111268                png_read_info
                0x00111278                png_read_update_info
                0x001112bc                png_start_read_image
                0x001112e0                png_read_row
                0x00111638                png_read_rows
                0x00111a2c                png_read_image
                0x00111dc8                png_read_end
                0x00112258                png_destroy_read_struct
                0x001124dc                png_set_read_status_fn
                0x001124e8                png_read_png
                0x001127a0                png_image_begin_read_from_stdio
                0x00112950                png_image_begin_read_from_file
                0x00112a18                png_image_begin_read_from_memory
                0x00112ab4                png_image_finish_read
 .text          0x00112c60       0xac c:/devkitPro/portlibs/armv6k/lib\libpng.a(pngrio.o)
                0x00112c60                png_default_read_data
                0x00112c9c                png_read_data
                0x00112cbc                png_set_read_fn
 *fill*         0x00112d0c        0x4 
 .text          0x00112d10     0x6020 c:/devkitPro/portlibs/armv6k/lib\libpng.a(pngrtran.o)
                0x0011405c                png_set_crc_action
                0x00114138                png_set_background_fixed
                0x001141f0                png_set_background
                0x001142c8                png_set_scale_16
                0x00114300                png_set_strip_16
                0x00114338                png_set_strip_alpha
                0x00114370                png_set_alpha_mode_fixed
                0x0011456c                png_set_alpha_mode
                0x0011481c                png_set_quantize
                0x001150c4                png_set_gamma_fixed
                0x001151cc                png_set_gamma
                0x00115400                png_set_expand
                0x0011543c                png_set_palette_to_rgb
                0x00115478                png_set_expand_gray_1_2_4_to_8
                0x001154b0                png_set_tRNS_to_alpha
                0x001154ec                png_set_expand_16
                0x00115528                png_set_gray_to_rgb
                0x00115560                png_set_rgb_to_gray_fixed
                0x001156b8                png_set_rgb_to_gray
                0x0011585c                png_set_read_user_transform_fn
                0x00115870                png_init_read_transformations
                0x00116558                png_read_transform_info
                0x00116848                png_do_read_transformations
 .text          0x00118d30     0x524c c:/devkitPro/portlibs/armv6k/lib\libpng.a(pngrutil.o)
                0x00119968                png_get_uint_31
                0x001199a4                png_get_uint_32
                0x001199c8                png_get_int_32
                0x001199ec                png_get_uint_16
                0x00119a00                png_read_sig
                0x00119aac                png_read_chunk_header
                0x00119c1c                png_crc_read
                0x00119c4c                png_crc_finish
                0x00119dcc                png_crc_error
                0x00119e6c                png_handle_IHDR
                0x00119fe4                png_handle_PLTE
                0x0011a204                png_handle_IEND
                0x0011a258                png_handle_gAMA
                0x0011a33c                png_handle_sBIT
                0x0011a550                png_handle_cHRM
                0x0011a810                png_handle_sRGB
                0x0011a918                png_handle_iCCP
                0x0011aefc                png_handle_sPLT
                0x0011b21c                png_handle_tRNS
                0x0011b458                png_handle_bKGD
                0x0011b688                png_handle_hIST
                0x0011b7c0                png_handle_pHYs
                0x0011b8fc                png_handle_oFFs
                0x0011ba4c                png_handle_pCAL
                0x0011bdbc                png_handle_sCAL
                0x0011c044                png_handle_tIME
                0x0011c158                png_handle_tEXt
                0x0011c318                png_handle_zTXt
                0x0011c56c                png_handle_iTXt
                0x0011c8d4                png_handle_unknown
                0x0011cc2c                png_check_chunk_name
                0x0011ccf4                png_combine_row
                0x0011d1e4                png_do_read_interlace
                0x0011d670                png_read_filter_row
                0x0011d6f8                png_read_IDAT_data
                0x0011da74                png_read_finish_IDAT
                0x0011daec                png_read_finish_row
                0x0011dc3c                png_read_start_row
 .text          0x0011df7c     0x1e70 c:/devkitPro/portlibs/armv6k/lib\libpng.a(pngset.o)
                0x0011e2dc                png_set_bKGD
                0x0011e328                png_set_cHRM_fixed
                0x0011e3b8                png_set_cHRM_XYZ_fixed
                0x0011e450                png_set_cHRM
                0x0011e5a4                png_set_cHRM_XYZ
                0x0011e700                png_set_gAMA_fixed
                0x0011e730                png_set_gAMA
                0x0011e774                png_set_hIST
                0x0011e820                png_set_IHDR
                0x0011e8fc                png_set_oFFs
                0x0011e928                png_set_pCAL
                0x0011eba8                png_set_sCAL_s
                0x0011ed0c                png_set_sCAL
                0x0011eed8                png_set_sCAL_fixed
                0x0011f088                png_set_pHYs
                0x0011f0b4                png_set_PLTE
                0x0011f1b8                png_set_sBIT
                0x0011f1fc                png_set_sRGB
                0x0011f22c                png_set_sRGB_gAMA_and_cHRM
                0x0011f26c                png_set_iCCP
                0x0011f3c0                png_set_text
                0x0011f404                png_set_text_2
                0x0011f43c                png_set_tIME
                0x0011f4dc                png_set_tRNS
                0x0011f61c                png_set_sPLT
                0x0011f78c                png_set_unknown_chunks
                0x0011f91c                png_set_unknown_chunk_location
                0x0011f9c8                png_permit_mng_features
                0x0011f9dc                png_set_keep_unknown_chunks
                0x0011fc90                png_set_read_user_chunk_fn
                0x0011fca0                png_set_rows
                0x0011fcfc                png_set_compression_buffer_size
                0x0011fd80                png_set_invalid
                0x0011fd98                png_set_user_limits
                0x0011fda8                png_set_chunk_cache_max
                0x0011fdb4                png_set_chunk_malloc_max
                0x0011fdc0                png_set_benign_errors
                0x0011fdd8                png_set_check_for_invalid_index
 .text          0x0011fdec      0xa8c c:/devkitPro/portlibs/armv6k/lib\libpng.a(pngtrans.o)
                0x0011fdec                png_set_bgr
                0x0011fe00                png_set_swap
                0x0011fe20                png_set_packing
                0x0011fe48                png_set_packswap
                0x0011fe68                png_set_shift
                0x0011fe90                png_set_interlace_handling
                0x0011fec0                png_set_filler
                0x0011ff48                png_set_add_alpha
                0x0011fff0                png_set_swap_alpha
                0x00120004                png_set_invert_alpha
                0x00120018                png_set_invert_mono
                0x0012002c                png_do_invert
                0x0012021c                png_do_swap
                0x00120268                png_do_packswap
                0x001202d4                png_do_strip_channel
                0x00120500                png_do_bgr
                0x0012063c                png_do_check_palette_indexes
                0x00120808                png_set_user_transform_info
                0x0012084c                png_get_user_transform_ptr
                0x00120858                png_get_current_row_number
                0x00120868                png_get_current_pass_number
 .text          0x00120878     0x37ac c:/devkitPro/portlibs/armv6k/lib\libpng.a(pngwrite.o)
                0x00120e8c                png_write_info_before_PLTE
                0x001214cc                png_write_info
                0x001214dc                png_write_end
                0x00121728                png_convert_from_struct_tm
                0x00121768                png_convert_from_time_t
                0x001217c8                png_create_write_struct
                0x00121854                png_create_write_struct_2
                0x001218e4                png_write_rows
                0x00121cb4                png_write_image
                0x00122094                png_write_row
                0x00122b3c                png_set_flush
                0x00122b4c                png_write_flush
                0x00122b90                png_destroy_write_struct
                0x00122c40                png_set_filter
                0x001235dc                png_set_filter_heuristics
                0x001235e0                png_set_filter_heuristics_fixed
                0x001235e4                png_set_compression_level
                0x001235f0                png_set_compression_mem_level
                0x001235fc                png_set_compression_strategy
                0x00123614                png_set_compression_window_bits
                0x00123668                png_set_compression_method
                0x00123698                png_set_text_compression_level
                0x001236a4                png_set_text_compression_mem_level
                0x001236b0                png_set_text_compression_strategy
                0x001236bc                png_set_text_compression_window_bits
                0x00123710                png_set_text_compression_method
                0x00123740                png_set_write_status_fn
                0x0012374c                png_set_write_user_transform_fn
                0x00123764                png_write_png
                0x00123c94                png_image_write_to_stdio
                0x00123ee4                png_image_write_to_file
 .text          0x00124024      0x778 c:/devkitPro/portlibs/armv6k/lib\libpng.a(pngwtran.o)
                0x00124024                png_do_write_transformations
 .text          0x0012479c     0x4094 c:/devkitPro/portlibs/armv6k/lib\libpng.a(pngwutil.o)
                0x00125150                png_save_uint_32
                0x00125170                png_save_uint_16
                0x00125180                png_write_sig
                0x001251dc                png_write_chunk_start
                0x00125288                png_write_chunk_data
                0x001252c4                png_write_chunk_end
                0x00125310                png_write_chunk
                0x0012543c                png_free_buffer_list
                0x00125474                png_write_IHDR
                0x0012580c                png_write_PLTE
                0x001259a4                png_compress_IDAT
                0x00125de0                png_write_IEND
                0x00125ea8                png_write_gAMA_fixed
                0x00125fa8                png_write_sRGB
                0x001260b0                png_write_iCCP
                0x00126318                png_write_sPLT
                0x00126568                png_write_sBIT
                0x00126670                png_write_cHRM_fixed
                0x001267c4                png_write_tRNS
                0x0012699c                png_write_bKGD
                0x00126b9c                png_write_hIST
                0x00126cd8                png_write_tEXt
                0x00126e88                png_write_zTXt
                0x001270d0                png_write_iTXt
                0x00127498                png_write_oFFs
                0x001275c0                png_write_pCAL
                0x001278d0                png_write_sCAL_s
                0x00127974                png_write_pHYs
                0x00127ac0                png_write_tIME
                0x00127b5c                png_write_start_row
                0x00127cb0                png_write_finish_row
                0x00127df0                png_do_write_interlace
                0x00128060                png_write_find_filter
 .text          0x00128830       0xd8 c:/devkitPro/portlibs/armv6k/lib\libpng.a(pngwio.o)
                0x00128830                png_default_write_data
                0x0012886c                png_default_flush
                0x0012887c                png_write_data
                0x0012889c                png_flush
                0x001288ac                png_set_write_fn
 .text          0x00128908      0x5c0 c:/devkitPro/portlibs/armv6k/lib\libz.a(adler32.o)
                0x00128908                adler32
                0x00128d50                adler32_combine
                0x00128e0c                adler32_combine64
 .text          0x00128ec8      0x5d8 c:/devkitPro/portlibs/armv6k/lib\libz.a(crc32.o)
                0x001290dc                get_crc_table
                0x001290e8                crc32
                0x00129498                crc32_combine
                0x0012949c                crc32_combine64
 .text          0x001294a0     0x40e0 c:/devkitPro/portlibs/armv6k/lib\libz.a(deflate.o)
                0x0012ab1c                deflateSetDictionary
                0x0012ad34                deflateResetKeep
                0x0012ae0c                deflateReset
                0x0012af74                deflateSetHeader
                0x0012afa8                deflatePending
                0x0012aff4                deflatePrime
                0x0012b09c                deflateTune
                0x0012b0d4                deflateBound
                0x0012b1e8                deflate
                0x0012ca38                deflateParams
                0x0012cb54                deflateEnd
                0x0012cc74                deflateInit2_
                0x0012d03c                deflateInit_
                0x0012d37c                deflateCopy
 .text          0x0012d580     0x2c58 c:/devkitPro/portlibs/armv6k/lib\libz.a(inflate.o)
                0x0012d580                inflateResetKeep
                0x0012d610                inflateReset
                0x0012d6ac                inflateReset2
                0x0012d7cc                inflateInit2_
                0x0012d954                inflateInit_
                0x0012dab8                inflatePrime
                0x0012db30                inflate
                0x0012f9cc                inflateEnd
                0x0012fa30                inflateGetDictionary
                0x0012fac8                inflateSetDictionary
                0x0012fc70                inflateGetHeader
                0x0012fcac                inflateSync
                0x0012ff64                inflateSyncPoint
                0x0012ffa4                inflateCopy
                0x00130150                inflateUndermine
                0x00130180                inflateMark
 .text          0x001301d8      0xbf4 c:/devkitPro/portlibs/armv6k/lib\libz.a(inftrees.o)
                0x001301d8                inflate_table
 .text          0x00130dcc     0x257c c:/devkitPro/portlibs/armv6k/lib\libz.a(trees.o)
                0x001322fc                _tr_init
                0x001323c8                _tr_stored_block
                0x0013255c                _tr_flush_bits
                0x001325f8                _tr_align
                0x0013277c                _tr_flush_block
                0x00133290                _tr_tally
 .text          0x00133348       0x38 c:/devkitPro/portlibs/armv6k/lib\libz.a(zutil.o)
                0x00133348                zlibVersion
                0x00133354                zlibCompileFlags
                0x0013335c                zError
                0x00133370                zcalloc
                0x00133378                zcfree
 .text          0x00133380      0xbe4 c:/devkitPro/portlibs/armv6k/lib\libz.a(inffast.o)
                0x00133380                inflate_fast
 .text          0x00133f64      0x75c c:/devkitPro/libctru/lib\libsf2d.a(sf2d.o)
                0x0013417c                sf2d_init
                0x001341a4                sf2d_init_advanced
                0x001341c4                sf2d_fini
                0x00134228                sf2d_set_3D
                0x00134234                sf2d_start_frame
                0x001343c4                sf2d_end_frame
                0x001344dc                sf2d_swapbuffers
                0x0013458c                sf2d_set_vblank_wait
                0x0013459c                sf2d_get_fps
                0x001345ac                sf2d_pool_malloc
                0x001345d8                sf2d_pool_memalign
                0x00134618                sf2d_pool_space_free
                0x00134630                sf2d_pool_reset
                0x00134644                sf2d_set_clear_color
                0x00134654                sf2d_set_scissor_test
                0x001346a0                sf2d_get_current_screen
                0x001346b0                sf2d_get_current_side
 .text          0x001346c0      0x7cc c:/devkitPro/libctru/lib\libsf2d.a(sf2d_draw.o)
                0x001346c0                sf2d_draw_line
                0x00134898                sf2d_draw_rectangle
                0x00134a50                sf2d_draw_rectangle_rotate
                0x00134ca4                sf2d_draw_fill_circle
 .text          0x00134e8c      0x4f8 c:/devkitPro/libctru/lib\libsf2d.a(sf2d_private.o)
                0x00134e8c                GPU_SetDummyTexEnv
                0x00134ec0                vector_mult_matrix4x4
                0x00134f44                matrix_gpu_set_uniform
                0x00134f94                matrix_copy
                0x00134fd0                matrix_identity4x4
                0x0013501c                matrix_mult4x4
                0x00135090                matrix_set_z_rotation
                0x00135104                matrix_rotate_z
                0x00135164                matrix_set_scaling
                0x001351b0                matrix_swap_xy
                0x00135250                matrix_init_orthographic
                0x00135364                next_pow2
 .text          0x00135384     0x2114 c:/devkitPro/libctru/lib\libsf2d.a(sf2d_texture.o)
                0x001354a8                sf2d_create_texture
                0x00135694                sf2d_free_texture
                0x001356e4                sf2d_fill_texture_from_RGBA8
                0x0013579c                sf2d_create_texture_mem_RGBA8
                0x001357e0                sf2d_bind_texture
                0x00135858                sf2d_bind_texture_color
                0x001358d8                sf2d_bind_texture_parameters
                0x00135950                sf2d_draw_texture
                0x00135a90                sf2d_draw_texture_blend
                0x00135bd4                sf2d_draw_texture_rotate_hotspot
                0x00135d84                sf2d_draw_texture_rotate_hotspot_blend
                0x00135f38                sf2d_draw_texture_rotate
                0x001360fc                sf2d_draw_texture_rotate_blend
                0x001362c4                sf2d_draw_texture_part
                0x00136440                sf2d_draw_texture_part_blend
                0x001365c0                sf2d_draw_texture_scale
                0x00136728                sf2d_draw_texture_scale_blend
                0x00136894                sf2d_draw_texture_part_scale
                0x001369e8                sf2d_draw_texture_part_scale_blend
                0x00136b40                sf2d_draw_texture_part_rotate_scale
                0x00136d58                sf2d_draw_texture_part_rotate_scale_blend
                0x00136f74                sf2d_draw_texture_depth
                0x001370d4                sf2d_draw_texture_depth_blend
                0x00137238                sf2d_draw_quad_uv
                0x00137364                sf2d_set_pixel
                0x001373f8                sf2d_get_pixel
                0x00137488                sf2d_texture_tile32
 .text          0x00137498        0x0 c:/devkitPro/libctru/lib\libsf2d.a(shader.vsh.o)
 .text          0x00137498      0x1d4 c:/devkitPro/libctru/lib\libctru.a(linear.o)
                0x001374c0                linearMemAlign
                0x00137600                linearAlloc
                0x00137608                linearRealloc
                0x00137610                linearFree
                0x00137660                linearSpaceFree
 .text          0x0013766c      0x35c c:/devkitPro/libctru/lib\libctru.a(mem_pool.o)
                0x0013766c                MemPool::CoalesceRight(MemBlock*)
                0x0013770c                MemPool::Allocate(MemChunk&, unsigned long, int)
                0x00137894                MemPool::Deallocate(MemChunk const&)
                0x00137998                MemPool::GetFreeSpace()
 .text          0x001379c8      0x1c4 c:/devkitPro/libctru/lib\libctru.a(vram.o)
                0x001379f0                vramMemAlign
                0x00137b20                vramAlloc
                0x00137b28                vramRealloc
                0x00137b30                vramFree
                0x00137b80                vramSpaceFree
 .text          0x00137b8c      0x72c c:/devkitPro/libctru/lib\libctru.a(gfx.o)
                0x00137c18                gfxSet3D
                0x00137c28                gfxSetScreenFormat
                0x00137c40                gfxGetScreenFormat
                0x00137c58                gfxSetDoubleBuffering
                0x00137c6c                gfxSetFramebufferInfo
                0x00137cdc                gfxWriteFramebufferInfo
                0x00137da0                gfxInit
                0x00137f80                gfxInitDefault
                0x00137f90                gfxExit
                0x0013805c                gfxGetFramebuffer
                0x0013810c                gfxFlushBuffers
                0x001381e8                gfxSwapBuffers
                0x0013825c                gfxSwapBuffersGpu
 .text          0x001382b8      0x288 c:/devkitPro/libctru/lib\libctru.a(os.o)
                0x00138310                osConvertVirtToPhys
                0x0013835c                osConvertOldLINEARMemToNew
                0x0013837c                __libctru_gtod
                0x00138474                osGetTime
                0x001384e8                osGetFirmVersion
                0x001384fc                osGetKernelVersion
                0x00138510                osStrError
                0x00138530                osGetWifiStrength
 .text          0x00138540     0x1a58 c:/devkitPro/libctru/lib\libctru.a(gpu.o)
                0x001385c0                GPU_Init
                0x001385ec                GPUCMD_SetBuffer
                0x00138618                GPUCMD_SetBufferOffset
                0x00138628                GPUCMD_GetBuffer
                0x00138668                GPUCMD_AddRawCommands
                0x001386b4                GPUCMD_Run
                0x00138714                GPUCMD_FlushAndRun
                0x00138788                GPUCMD_Add
                0x0013886c                GPUCMD_Finalize
                0x00138904                GPU_Reset
                0x001390e4                GPU_SetFloatUniform
                0x0013915c                GPU_SetViewport
                0x00139350                GPU_SetScissorTest
                0x0013939c                GPU_DepthMap
                0x00139418                GPU_SetAlphaTest
                0x00139450                GPU_SetStencilTest
                0x00139498                GPU_SetStencilOp
                0x001394cc                GPU_SetDepthTestAndWriteMask
                0x00139504                GPU_SetAlphaBlending
                0x0013956c                GPU_SetColorLogicOp
                0x001395b0                GPU_SetBlendingColor
                0x001395ec                GPU_SetTextureEnable
                0x00139638                GPU_SetTexture
                0x001397d0                GPU_SetTextureBorderColor
                0x00139864                GPU_SetAttributeBuffers
                0x00139a60                GPU_SetAttributeBuffersAddress
                0x00139a8c                GPU_SetFaceCulling
                0x00139ab8                GPU_SetCombinerBufferWrite
                0x00139aec                GPU_SetTexEnv
                0x00139b64                GPU_DrawArray
                0x00139c94                GPU_DrawElements
                0x00139dc8                GPU_FinishDrawing
                0x00139e24                GPU_SetShaderOutmap
                0x00139e6c                GPU_SendShaderCode
                0x00139f24                GPU_SendOperandDescriptors
 .text          0x00139f98        0x0 c:/devkitPro/libctru/lib\libctru.a(gpuResetSequence.o)
 .text          0x00139f98      0x7f4 c:/devkitPro/libctru/lib\libctru.a(shaderProgram.o)
                0x00139f98                shaderInstanceInit
                0x0013a1a0                shaderInstanceFree
                0x0013a1d8                shaderInstanceSetBool
                0x0013a218                shaderInstanceGetBool
                0x0013a264                shaderInstanceGetUniformLocation
                0x0013a284                shaderProgramInit
                0x0013a29c                shaderProgramFree
                0x0013a2cc                shaderProgramSetVsh
                0x0013a338                shaderProgramSetGsh
                0x0013a3ac                shaderProgramUse
 .text          0x0013a78c      0x348 c:/devkitPro/libctru/lib\libctru.a(shbin.o)
                0x0013a78c                DVLB_Free
                0x0013a7c8                DVLE_GetUniformRegister
                0x0013a844                DVLE_GenerateOutmap
                0x0013a93c                DVLB_ParseFile
 .text          0x0013aad4     0x1d4c c:/devkitPro/libctru/lib\libctru.a(apt.o)
                0x0013ab38                _aptDebug
                0x0013ab3c                aptInitCaptureInfo
                0x0013abec                aptWaitStatusEvent
                0x0013ac14                aptHook
                0x0013ac4c                aptUnhook
                0x0013ac78                aptGetStatus
                0x0013acb0                aptSetStatus
                0x0013ad14                aptGetStatusPower
                0x0013ad4c                aptSetStatusPower
                0x0013ad84                aptOpenSession
                0x0013ada8                aptCloseSession
                0x0013add0                aptSignalReadyForSleep
                0x0013ade0                APT_GetLockHandle
                0x0013ae30                APT_Initialize
                0x0013ae98                APT_Finalize
                0x0013aed4                APT_HardwareResetAsync
                0x0013af08                APT_Enable
                0x0013af44                APT_GetAppletManInfo
                0x0013afc4                aptGetMenuAppID
                0x0013b000                APT_GetAppletProgramInfo
                0x0013b054                APT_IsRegistered
                0x0013b0a4                APT_InquireNotification
                0x0013b0f4                APT_PrepareToJumpToHomeMenu
                0x0013b128                APT_JumpToHomeMenu
                0x0013b178                APT_PrepareToJumpToApplication
                0x0013b1b4                APT_JumpToApplication
                0x0013b204                APT_NotifyToWait
                0x0013b240                APT_AppletUtility
                0x0013b2c8                aptAppletUtility_Exit_RetToApp
                0x0013b3e8                aptAppletClosed
                0x0013b524                aptInit
                0x0013b6dc                APT_GlanceParameter
                0x0013b750                APT_ReceiveParameter
                0x0013b7c4                APT_SendParameter
                0x0013b834                APT_SendCaptureBufferInfo
                0x0013b880                aptReturnToMenu
                0x0013ba54                APT_ReplySleepQuery
                0x0013ba94                APT_ReplySleepNotificationComplete
                0x0013bad0                aptEventHandler
                0x0013bddc                APT_PrepareToCloseApplication
                0x0013be18                APT_CloseApplication
                0x0013be70                aptExit
                0x0013c05c                APT_SetAppCpuTimeLimit
                0x0013c0a0                APT_GetAppCpuTimeLimit
                0x0013c0f4                APT_CheckNew3DS_Application
                0x0013c150                APT_CheckNew3DS_System
                0x0013c1ac                APT_CheckNew3DS
                0x0013c220                APT_PrepareToDoAppJump
                0x0013c26c                APT_DoAppJump
                0x0013c2d4                APT_PrepareToStartLibraryApplet
                0x0013c310                APT_StartLibraryApplet
                0x0013c370                aptAppletStarted
                0x0013c474                aptMainLoop
                0x0013c5ec                APT_LaunchLibraryApplet
                0x0013c784                APT_PrepareToStartSystemApplet
                0x0013c7c0                APT_StartSystemApplet
 .text          0x0013c820      0x8a0 c:/devkitPro/libctru/lib\libctru.a(gsp.o)
                0x0013c904                gspInit
                0x0013c918                gspExit
                0x0013c930                gspInitEventHandler
                0x0013c9fc                gspExitEventHandler
                0x0013ca54                gspWaitForEvent
                0x0013caac                GSPGPU_WriteHWRegs
                0x0013cb1c                GSPGPU_WriteHWRegsWithMask
                0x0013cba8                GSPGPU_ReadHWRegs
                0x0013cc18                GSPGPU_SetBufferSwap
                0x0013cc8c                GSPGPU_FlushDataCache
                0x0013cce0                GSPGPU_InvalidateDataCache
                0x0013cd34                GSPGPU_SetLcdForceBlack
                0x0013cd70                GSPGPU_TriggerCmdReqQueue
                0x0013cda4                GSPGPU_RegisterInterruptRelayQueue
                0x0013ce10                GSPGPU_UnregisterInterruptRelayQueue
                0x0013ce44                GSPGPU_AcquireRight
                0x0013ce94                GSPGPU_ReleaseRight
                0x0013cec8                GSPGPU_ImportDisplayCaptureInfo
                0x0013cf4c                GSPGPU_SaveVramSysArea
                0x0013cf80                GSPGPU_RestoreVramSysArea
                0x0013cfb4                GSPGPU_SubmitGxCommand
 .text          0x0013d0c0      0x264 c:/devkitPro/libctru/lib\libctru.a(gx.o)
                0x0013d0c0                GX_RequestDma
                0x0013d114                GX_SetCommandList_Last
                0x0013d17c                GX_SetMemoryFill
                0x0013d1f0                GX_SetDisplayTransfer
                0x0013d254                GX_SetTextureCopy
                0x0013d2bc                GX_SetCommandList_First
 .text          0x0013d324      0x708 c:/devkitPro/libctru/lib\libctru.a(hid.o)
                0x0013d324                hidExit
                0x0013d3c8                hidWaitForEvent
                0x0013d420                hidCheckSectionUpdateTime
                0x0013d45c                hidScanInput
                0x0013d6a4                hidKeysHeld
                0x0013d6b4                hidKeysDown
                0x0013d6c4                hidKeysUp
                0x0013d6d4                hidTouchRead
                0x0013d6ec                hidCircleRead
                0x0013d704                hidAccelRead
                0x0013d724                hidGyroRead
                0x0013d744                HIDUSER_GetHandles
                0x0013d7d4                hidInit
                0x0013d908                HIDUSER_EnableAccelerometer
                0x0013d934                HIDUSER_DisableAccelerometer
                0x0013d960                HIDUSER_EnableGyroscope
                0x0013d98c                HIDUSER_DisableGyroscope
                0x0013d9b8                HIDUSER_GetGyroscopeRawToDpsCoefficient
                0x0013d9f4                HIDUSER_GetSoundVolume
 .text          0x0013da2c      0x388 c:/devkitPro/libctru/lib\libctru.a(irrst.o)
                0x0013da2c                irrstWaitForEvent
                0x0013da78                irrstCheckSectionUpdateTime
                0x0013dab4                irrstScanInput
                0x0013db68                irrstKeysHeld
                0x0013db80                irrstCstickRead
                0x0013db98                IRRST_GetHandles
                0x0013dbe8                IRRST_Initialize
                0x0013dc20                irrstInit
                0x0013dd04                IRRST_Shutdown
                0x0013dd30                irrstExit
 .text          0x0013ddb4       0x70 c:/devkitPro/libctru/lib\libctru.a(rbtree_find.o)
                0x0013ddb4                rbtree_find
 .text          0x0013de24       0x14 c:/devkitPro/libctru/lib\libctru.a(rbtree_init.o)
                0x0013de24                rbtree_init
 .text          0x0013de38      0x1f4 c:/devkitPro/libctru/lib\libctru.a(rbtree_insert.o)
                0x0013e01c                rbtree_insert
                0x0013e024                rbtree_insert_multi
 .text          0x0013e02c      0x340 c:/devkitPro/libctru/lib\libctru.a(rbtree_remove.o)
                0x0013e02c                rbtree_remove
 .text          0x0013e36c       0xac c:/devkitPro/libctru/lib\libctru.a(rbtree_rotate.o)
                0x0013e36c                rbtree_rotate
 .text          0x0013e418       0xa4 c:/devkitPro/libctru/lib\libctru.a(allocateHeaps.o)
                0x0013e418                __system_allocateHeaps
 .text          0x0013e4bc       0xf4 c:/devkitPro/libctru/lib\libctru.a(initArgv.o)
                0x0013e4bc                __system_initArgv
 .text          0x0013e5b0       0x4c c:/devkitPro/libctru/lib\libctru.a(initSystem.o)
                0x0013e5b0                __libctru_init
 *fill*         0x0013e5fc        0x4 
 .text          0x0013e600      0x460 c:/devkitPro/libctru/lib\libctru.a(svc.o)
                0x0013e600                svcControlMemory
                0x0013e620                svcQueryMemory
                0x0013e650                svcExitProcess
                0x0013e658                svcCreateThread
                0x0013e678                svcExitThread
                0x0013e680                svcSleepThread
                0x0013e688                svcGetThreadPriority
                0x0013e69c                svcSetThreadPriority
                0x0013e6a4                svcGetThreadAffinityMask
                0x0013e6ac                svcSetThreadAffinityMask
                0x0013e6b4                svcGetThreadIdealProcessor
                0x0013e6c8                svcSetThreadIdealProcessor
                0x0013e6d0                svcGetProcessorID
                0x0013e6d8                svcCreateMutex
                0x0013e6ec                svcReleaseMutex
                0x0013e6f4                svcCreateSemaphore
                0x0013e708                svcReleaseSemaphore
                0x0013e71c                svcCreateEvent
                0x0013e730                svcSignalEvent
                0x0013e738                svcClearEvent
                0x0013e740                svcCreateTimer
                0x0013e754                svcSetTimer
                0x0013e75c                svcCancelTimer
                0x0013e764                svcClearTimer
                0x0013e76c                svcCreateMemoryBlock
                0x0013e784                svcMapMemoryBlock
                0x0013e78c                svcUnmapMemoryBlock
                0x0013e794                svcCreateAddressArbiter
                0x0013e7a8                svcArbitrateAddress
                0x0013e7c8                svcCloseHandle
                0x0013e7d0                svcWaitSynchronization
                0x0013e7d8                svcWaitSynchronizationN
                0x0013e800                svcDuplicateHandle
                0x0013e814                svcGetSystemTick
                0x0013e81c                svcGetSystemInfo
                0x0013e834                svcGetProcessInfo
                0x0013e84c                svcGetThreadInfo
                0x0013e864                svcConnectToPort
                0x0013e878                svcSendSyncRequest
                0x0013e880                svcOpenProcess
                0x0013e894                svcOpenThread
                0x0013e8a8                svcGetProcessId
                0x0013e8bc                svcGetProcessIdOfThread
                0x0013e8d0                svcGetThreadId
                0x0013e8e4                svcBreak
                0x0013e8ec                svcOutputDebugString
                0x0013e8f4                svcCreatePort
                0x0013e914                svcAcceptSession
                0x0013e92c                svcReplyAndReceive
                0x0013e944                svcInvalidateProcessDataCache
                0x0013e94c                svcFlushProcessDataCache
                0x0013e954                svcStartInterProcessDma
                0x0013e974                svcStopDma
                0x0013e97c                svcGetDmaState
                0x0013e990                svcDebugActiveProcess
                0x0013e9a4                svcBreakDebugProcess
                0x0013e9ac                svcTerminateDebugProcess
                0x0013e9b4                svcGetProcessDebugEvent
                0x0013e9bc                svcContinueDebugEvent
                0x0013e9c4                svcGetProcessList
                0x0013e9e4                svcReadProcessMemory
                0x0013e9ec                svcWriteProcessMemory
                0x0013e9f4                svcControlProcessMemory
                0x0013ea0c                svcMapProcessMemory
                0x0013ea14                svcUnmapProcessMemory
                0x0013ea1c                svcTerminateProcess
                0x0013ea24                svcBackdoor
                0x0013ea2c                svcKernelSetState
                0x0013ea34                svcQueryProcessMemory
 .text          0x0013ea60       0x64 c:/devkitPro/libctru/lib\libctru.a(stack_adjust.o)
                0x0013ea60                initSystem
                0x0013eaa4                __ctru_exit
 .text          0x0013eac4      0x3b8 c:/devkitPro/libctru/lib\libctru.a(srv.o)
                0x0013eac4                __get_handle_from_list
                0x0013eb5c                __destroy_handle_list
                0x0013ebb0                srvExit
                0x0013ebd8                srvGetSessionHandle
                0x0013ebe4                srvRegisterClient
                0x0013ec1c                srvInit
                0x0013ec84                srvGetServiceHandle
                0x0013ed04                srvRegisterService
                0x0013ed60                srvUnregisterService
                0x0013edac                srvPmInit
                0x0013ee00                srvRegisterProcess
                0x0013ee48                srvUnregisterProcess
 .text          0x0013ee7c      0x118 c:/devkitPro/libctru/lib\libctru.a(rbtree_iterator.o)
                0x0013ee7c                rbtree_node_next
                0x0013ef08                rbtree_node_prev
 .text          0x0013ef94       0x1c c:/devkitPro/libctru/lib\libctru.a(appExit.o)
                0x0013ef94                __appExit
 .text          0x0013efb0       0x20 c:/devkitPro/libctru/lib\libctru.a(appInit.o)
                0x0013efb0                __appInit
 .text          0x0013efd0       0x90 c:/devkitPro/libctru/lib\libctru.a(ctru_exit.o)
                0x0013efd0                __libctru_exit
 .text          0x0013f060      0xffc c:/devkitPro/libctru/lib\libctru.a(sdmc_dev.o)
                0x0013fedc                sdmcInit
                0x0014000c                sdmcExit
 .text          0x0014005c      0xc88 c:/devkitPro/libctru/lib\libctru.a(fs.o)
                0x0014005c                FS_makePath
                0x00140088                fsExit
                0x001400ac                fsGetSessionHandle
                0x001400b8                FSUSER_Initialize
                0x0014012c                fsInit
                0x00140198                FSUSER_OpenFile
                0x00140244                FSUSER_OpenFileDirectly
                0x00140310                FSUSER_DeleteFile
                0x00140398                FSUSER_RenameFile
                0x0014045c                FSUSER_DeleteDirectory
                0x001404e4                FSUSER_DeleteDirectoryRecursively
                0x0014056c                FSUSER_CreateFile
                0x00140604                FSUSER_CreateDirectory
                0x00140690                FSUSER_RenameDirectory
                0x00140754                FSUSER_OpenDirectory
                0x001407e8                FSUSER_OpenArchive
                0x00140870                FSUSER_CloseArchive
                0x001408c8                FSUSER_GetSdmcArchiveResource
                0x00140944                FSUSER_GetNandArchiveResource
                0x001409c0                FSUSER_IsSdmcDetected
                0x00140a0c                FSUSER_IsSdmcWritable
                0x00140a58                FSFILE_Close
                0x00140a9c                FSFILE_Read
                0x00140af8                FSFILE_Write
                0x00140b5c                FSFILE_GetSize
                0x00140b9c                FSFILE_SetSize
                0x00140bc8                FSFILE_GetAttributes
                0x00140c00                FSFILE_SetAttributes
                0x00140c28                FSFILE_Flush
                0x00140c4c                FSDIR_Read
                0x00140ca0                FSDIR_Close
 .text          0x00140ce4      0x138 c:/devkitPro/libctru/lib\libctru.a(decode_utf8.o)
                0x00140ce4                decode_utf8
 .text          0x00140e1c       0xe8 c:/devkitPro/libctru/lib\libctru.a(utf16_to_utf8.o)
                0x00140e1c                utf16_to_utf8
 .text          0x00140f04       0xb8 c:/devkitPro/libctru/lib\libctru.a(utf8_to_utf16.o)
                0x00140f04                utf8_to_utf16
 .text          0x00140fbc       0x60 c:/devkitPro/libctru/lib\libctru.a(decode_utf16.o)
                0x00140fbc                decode_utf16
 .text          0x0014101c       0x68 c:/devkitPro/libctru/lib\libctru.a(encode_utf16.o)
                0x0014101c                encode_utf16
 .text          0x00141084      0x104 c:/devkitPro/libctru/lib\libctru.a(encode_utf8.o)
                0x00141084                encode_utf8
 .text          0x00141188        0x0 c:/devkitpro/devkitarm/bin/../lib/gcc/arm-none-eabi/4.9.2/../../../../arm-none-eabi/lib/armv6k/fpu\libm.a(lib_a-sf_cos.o)
 .text          0x00141188        0x0 c:/devkitpro/devkitarm/bin/../lib/gcc/arm-none-eabi/4.9.2/../../../../arm-none-eabi/lib/armv6k/fpu\libm.a(lib_a-s_floor.o)
 .text          0x00141188        0x0 c:/devkitpro/devkitarm/bin/../lib/gcc/arm-none-eabi/4.9.2/../../../../arm-none-eabi/lib/armv6k/fpu\libm.a(lib_a-s_frexp.o)
 .text          0x00141188        0x0 c:/devkitpro/devkitarm/bin/../lib/gcc/arm-none-eabi/4.9.2/../../../../arm-none-eabi/lib/armv6k/fpu\libm.a(lib_a-sf_sin.o)
 .text          0x00141188        0x0 c:/devkitpro/devkitarm/bin/../lib/gcc/arm-none-eabi/4.9.2/../../../../arm-none-eabi/lib/armv6k/fpu\libm.a(lib_a-s_modf.o)
 .text          0x00141188        0x0 c:/devkitpro/devkitarm/bin/../lib/gcc/arm-none-eabi/4.9.2/../../../../arm-none-eabi/lib/armv6k/fpu\libm.a(lib_a-w_pow.o)
 .text          0x00141188        0x0 c:/devkitpro/devkitarm/bin/../lib/gcc/arm-none-eabi/4.9.2/../../../../arm-none-eabi/lib/armv6k/fpu\libm.a(lib_a-ef_rem_pio2.o)
 .text          0x00141188        0x0 c:/devkitpro/devkitarm/bin/../lib/gcc/arm-none-eabi/4.9.2/../../../../arm-none-eabi/lib/armv6k/fpu\libm.a(lib_a-e_pow.o)
 .text          0x00141188        0x0 c:/devkitpro/devkitarm/bin/../lib/gcc/arm-none-eabi/4.9.2/../../../../arm-none-eabi/lib/armv6k/fpu\libm.a(lib_a-e_sqrt.o)
 .text          0x00141188        0x0 c:/devkitpro/devkitarm/bin/../lib/gcc/arm-none-eabi/4.9.2/../../../../arm-none-eabi/lib/armv6k/fpu\libm.a(lib_a-kf_cos.o)
 .text          0x00141188        0x0 c:/devkitpro/devkitarm/bin/../lib/gcc/arm-none-eabi/4.9.2/../../../../arm-none-eabi/lib/armv6k/fpu\libm.a(lib_a-kf_rem_pio2.o)
 .text          0x00141188        0x0 c:/devkitpro/devkitarm/bin/../lib/gcc/arm-none-eabi/4.9.2/../../../../arm-none-eabi/lib/armv6k/fpu\libm.a(lib_a-kf_sin.o)
 .text          0x00141188        0x0 c:/devkitpro/devkitarm/bin/../lib/gcc/arm-none-eabi/4.9.2/../../../../arm-none-eabi/lib/armv6k/fpu\libm.a(lib_a-s_fabs.o)
 .text          0x00141188        0x0 c:/devkitpro/devkitarm/bin/../lib/gcc/arm-none-eabi/4.9.2/../../../../arm-none-eabi/lib/armv6k/fpu\libm.a(lib_a-sf_fabs.o)
 .text          0x00141188        0x0 c:/devkitpro/devkitarm/bin/../lib/gcc/arm-none-eabi/4.9.2/../../../../arm-none-eabi/lib/armv6k/fpu\libm.a(lib_a-sf_floor.o)
 .text          0x00141188        0x0 c:/devkitpro/devkitarm/bin/../lib/gcc/arm-none-eabi/4.9.2/../../../../arm-none-eabi/lib/armv6k/fpu\libm.a(lib_a-s_finite.o)
 .text          0x00141188        0x0 c:/devkitpro/devkitarm/bin/../lib/gcc/arm-none-eabi/4.9.2/../../../../arm-none-eabi/lib/armv6k/fpu\libm.a(lib_a-s_fpclassify.o)
 .text          0x00141188        0x0 c:/devkitpro/devkitarm/bin/../lib/gcc/arm-none-eabi/4.9.2/../../../../arm-none-eabi/lib/armv6k/fpu\libm.a(lib_a-sf_scalbn.o)
 .text          0x00141188        0x0 c:/devkitpro/devkitarm/bin/../lib/gcc/arm-none-eabi/4.9.2/../../../../arm-none-eabi/lib/armv6k/fpu\libm.a(lib_a-s_lib_ver.o)
 .text          0x00141188        0x0 c:/devkitpro/devkitarm/bin/../lib/gcc/arm-none-eabi/4.9.2/../../../../arm-none-eabi/lib/armv6k/fpu\libm.a(lib_a-s_matherr.o)
 .text          0x00141188        0x0 c:/devkitpro/devkitarm/bin/../lib/gcc/arm-none-eabi/4.9.2/../../../../arm-none-eabi/lib/armv6k/fpu\libm.a(lib_a-s_nan.o)
 .text          0x00141188        0x0 c:/devkitpro/devkitarm/bin/../lib/gcc/arm-none-eabi/4.9.2/../../../../arm-none-eabi/lib/armv6k/fpu\libm.a(lib_a-s_rint.o)
 .text          0x00141188        0x0 c:/devkitpro/devkitarm/bin/../lib/gcc/arm-none-eabi/4.9.2/../../../../arm-none-eabi/lib/armv6k/fpu\libm.a(lib_a-s_scalbn.o)
 .text          0x00141188        0x0 c:/devkitpro/devkitarm/bin/../lib/gcc/arm-none-eabi/4.9.2/../../../../arm-none-eabi/lib/armv6k/fpu\libm.a(lib_a-s_copysign.o)
 .text          0x00141188        0x0 c:/devkitpro/devkitarm/bin/../lib/gcc/arm-none-eabi/4.9.2/../../../../arm-none-eabi/lib/armv6k/fpu\libm.a(lib_a-sf_copysign.o)
 .text          0x00141188      0x20c c:/devkitpro/devkitarm/bin/../lib/gcc/arm-none-eabi/4.9.2/armv6k/fpu\libgcc.a(_udivsi3.o)
                0x00141188                __aeabi_uidiv
                0x00141188                __udivsi3
                0x00141374                __aeabi_uidivmod
 .text          0x00141394      0x240 c:/devkitpro/devkitarm/bin/../lib/gcc/arm-none-eabi/4.9.2/armv6k/fpu\libgcc.a(_divsi3.o)
                0x00141394                __divsi3
                0x00141394                __aeabi_idiv
                0x001415b4                __aeabi_idivmod
 .text          0x001415d4        0x4 c:/devkitpro/devkitarm/bin/../lib/gcc/arm-none-eabi/4.9.2/armv6k/fpu\libgcc.a(_dvmd_tls.o)
                0x001415d4                __aeabi_idiv0
                0x001415d4                __aeabi_ldiv0
 .text          0x001415d8      0x250 c:/devkitpro/devkitarm/bin/../lib/gcc/arm-none-eabi/4.9.2/armv6k/fpu\libgcc.a(_arm_addsubsf3.o)
                0x001415d8                __aeabi_frsub
                0x001415e0                __subsf3
                0x001415e0                __aeabi_fsub
                0x001415e4                __aeabi_fadd
                0x001415e4                __addsf3
                0x00141774                __aeabi_ui2f
                0x00141774                __floatunsisf
                0x0014177c                __aeabi_i2f
                0x0014177c                __floatsisf
                0x0014179c                __aeabi_ul2f
                0x0014179c                __floatundisf
                0x001417ac                __aeabi_l2f
                0x001417ac                __floatdisf
 .text          0x00141828        0x0 c:/devkitpro/devkitarm/bin/../lib/gcc/arm-none-eabi/4.9.2/../../../../arm-none-eabi/lib/armv6k/fpu\libg.a(lib_a-abort.o)
 .text          0x00141828        0x0 c:/devkitpro/devkitarm/bin/../lib/gcc/arm-none-eabi/4.9.2/../../../../arm-none-eabi/lib/armv6k/fpu\libg.a(lib_a-atof.o)
 .text          0x00141828        0x0 c:/devkitpro/devkitarm/bin/../lib/gcc/arm-none-eabi/4.9.2/../../../../arm-none-eabi/lib/armv6k/fpu\libg.a(lib_a-bsearch.o)
 .text          0x00141828        0x0 c:/devkitpro/devkitarm/bin/../lib/gcc/arm-none-eabi/4.9.2/../../../../arm-none-eabi/lib/armv6k/fpu\libg.a(lib_a-errno.o)
 .text          0x00141828        0x0 c:/devkitpro/devkitarm/bin/../lib/gcc/arm-none-eabi/4.9.2/../../../../arm-none-eabi/lib/armv6k/fpu\libg.a(lib_a-exit.o)
 .text          0x00141828        0x0 c:/devkitpro/devkitarm/bin/../lib/gcc/arm-none-eabi/4.9.2/../../../../arm-none-eabi/lib/armv6k/fpu\libg.a(lib_a-fclose.o)
 .text          0x00141828        0x0 c:/devkitpro/devkitarm/bin/../lib/gcc/arm-none-eabi/4.9.2/../../../../arm-none-eabi/lib/armv6k/fpu\libg.a(lib_a-fflush.o)
 .text          0x00141828        0x0 c:/devkitpro/devkitarm/bin/../lib/gcc/arm-none-eabi/4.9.2/../../../../arm-none-eabi/lib/armv6k/fpu\libg.a(lib_a-findfp.o)
 .text          0x00141828        0x0 c:/devkitpro/devkitarm/bin/../lib/gcc/arm-none-eabi/4.9.2/../../../../arm-none-eabi/lib/armv6k/fpu\libg.a(lib_a-fini.o)
 .text          0x00141828        0x0 c:/devkitpro/devkitarm/bin/../lib/gcc/arm-none-eabi/4.9.2/../../../../arm-none-eabi/lib/armv6k/fpu\libg.a(lib_a-fopen.o)
 .text          0x00141828        0x0 c:/devkitpro/devkitarm/bin/../lib/gcc/arm-none-eabi/4.9.2/../../../../arm-none-eabi/lib/armv6k/fpu\libg.a(lib_a-fprintf.o)
 .text          0x00141828        0x0 c:/devkitpro/devkitarm/bin/../lib/gcc/arm-none-eabi/4.9.2/../../../../arm-none-eabi/lib/armv6k/fpu\libg.a(lib_a-fputc.o)
 .text          0x00141828        0x0 c:/devkitpro/devkitarm/bin/../lib/gcc/arm-none-eabi/4.9.2/../../../../arm-none-eabi/lib/armv6k/fpu\libg.a(lib_a-fread.o)
 .text          0x00141828        0x0 c:/devkitpro/devkitarm/bin/../lib/gcc/arm-none-eabi/4.9.2/../../../../arm-none-eabi/lib/armv6k/fpu\libg.a(lib_a-freer.o)
 .text          0x00141828        0x0 c:/devkitpro/devkitarm/bin/../lib/gcc/arm-none-eabi/4.9.2/../../../../arm-none-eabi/lib/armv6k/fpu\libg.a(lib_a-fseek.o)
 .text          0x00141828        0x0 c:/devkitpro/devkitarm/bin/../lib/gcc/arm-none-eabi/4.9.2/../../../../arm-none-eabi/lib/armv6k/fpu\libg.a(lib_a-fseeko.o)
 .text          0x00141828        0x0 c:/devkitpro/devkitarm/bin/../lib/gcc/arm-none-eabi/4.9.2/../../../../arm-none-eabi/lib/armv6k/fpu\libg.a(lib_a-fwalk.o)
 .text          0x00141828        0x0 c:/devkitpro/devkitarm/bin/../lib/gcc/arm-none-eabi/4.9.2/../../../../arm-none-eabi/lib/armv6k/fpu\libg.a(lib_a-fwrite.o)
 .text          0x00141828        0x0 c:/devkitpro/devkitarm/bin/../lib/gcc/arm-none-eabi/4.9.2/../../../../arm-none-eabi/lib/armv6k/fpu\libg.a(lib_a-gmtime.o)
 .text          0x00141828        0x0 c:/devkitpro/devkitarm/bin/../lib/gcc/arm-none-eabi/4.9.2/../../../../arm-none-eabi/lib/armv6k/fpu\libg.a(lib_a-gmtime_r.o)
 .text          0x00141828        0x0 c:/devkitpro/devkitarm/bin/../lib/gcc/arm-none-eabi/4.9.2/../../../../arm-none-eabi/lib/armv6k/fpu\libg.a(lib_a-impure.o)
 .text          0x00141828        0x0 c:/devkitpro/devkitarm/bin/../lib/gcc/arm-none-eabi/4.9.2/../../../../arm-none-eabi/lib/armv6k/fpu\libg.a(lib_a-init.o)
 .text          0x00141828        0x0 c:/devkitpro/devkitarm/bin/../lib/gcc/arm-none-eabi/4.9.2/../../../../arm-none-eabi/lib/armv6k/fpu\libg.a(lib_a-makebuf.o)
 .text          0x00141828        0x0 c:/devkitpro/devkitarm/bin/../lib/gcc/arm-none-eabi/4.9.2/../../../../arm-none-eabi/lib/armv6k/fpu\libg.a(lib_a-malloc.o)
 .text          0x00141828        0x0 c:/devkitpro/devkitarm/bin/../lib/gcc/arm-none-eabi/4.9.2/../../../../arm-none-eabi/lib/armv6k/fpu\libg.a(lib_a-mallocr.o)
 .text          0x00141828        0x0 c:/devkitpro/devkitarm/bin/../lib/gcc/arm-none-eabi/4.9.2/../../../../arm-none-eabi/lib/armv6k/fpu\libg.a(lib_a-memcmp.o)
 .text          0x00141828        0x0 c:/devkitpro/devkitarm/bin/../lib/gcc/arm-none-eabi/4.9.2/../../../../arm-none-eabi/lib/armv6k/fpu\libg.a(lib_a-memcpy.o)
 .text          0x00141828        0x0 c:/devkitpro/devkitarm/bin/../lib/gcc/arm-none-eabi/4.9.2/../../../../arm-none-eabi/lib/armv6k/fpu\libg.a(lib_a-memset.o)
 .text          0x00141828        0x0 c:/devkitpro/devkitarm/bin/../lib/gcc/arm-none-eabi/4.9.2/../../../../arm-none-eabi/lib/armv6k/fpu\libg.a(lib_a-mlock.o)
 .text          0x00141828        0x0 c:/devkitpro/devkitarm/bin/../lib/gcc/arm-none-eabi/4.9.2/../../../../arm-none-eabi/lib/armv6k/fpu\libg.a(lib_a-month_lengths.o)
 .text          0x00141828        0x0 c:/devkitpro/devkitarm/bin/../lib/gcc/arm-none-eabi/4.9.2/../../../../arm-none-eabi/lib/armv6k/fpu\libg.a(lib_a-printf.o)
 .text          0x00141828        0x0 c:/devkitpro/devkitarm/bin/../lib/gcc/arm-none-eabi/4.9.2/../../../../arm-none-eabi/lib/armv6k/fpu\libg.a(lib_a-putchar.o)
 .text          0x00141828        0x0 c:/devkitpro/devkitarm/bin/../lib/gcc/arm-none-eabi/4.9.2/../../../../arm-none-eabi/lib/armv6k/fpu\libg.a(lib_a-putc.o)
 .text          0x00141828        0x0 c:/devkitpro/devkitarm/bin/../lib/gcc/arm-none-eabi/4.9.2/../../../../arm-none-eabi/lib/armv6k/fpu\libg.a(lib_a-rand.o)
 .text          0x00141828        0x0 c:/devkitpro/devkitarm/bin/../lib/gcc/arm-none-eabi/4.9.2/../../../../arm-none-eabi/lib/armv6k/fpu\libg.a(lib_a-realloc.o)
 .text          0x00141828        0x0 c:/devkitpro/devkitarm/bin/../lib/gcc/arm-none-eabi/4.9.2/../../../../arm-none-eabi/lib/armv6k/fpu\libg.a(lib_a-reallocr.o)
 .text          0x00141828        0x0 c:/devkitpro/devkitarm/bin/../lib/gcc/arm-none-eabi/4.9.2/../../../../arm-none-eabi/lib/armv6k/fpu\libg.a(lib_a-refill.o)
 .text          0x00141828        0x0 c:/devkitpro/devkitarm/bin/../lib/gcc/arm-none-eabi/4.9.2/../../../../arm-none-eabi/lib/armv6k/fpu\libg.a(lib_a-remove.o)
 .text          0x00141828       0x2c c:/devkitpro/devkitarm/bin/../lib/gcc/arm-none-eabi/4.9.2/../../../../arm-none-eabi/lib/armv6k/fpu\libg.a(lib_a-setjmp.o)
                0x00141828                setjmp
                0x0014183c                longjmp
 .text          0x00141854        0x0 c:/devkitpro/devkitarm/bin/../lib/gcc/arm-none-eabi/4.9.2/../../../../arm-none-eabi/lib/armv6k/fpu\libg.a(lib_a-signal.o)
 .text          0x00141854        0x0 c:/devkitpro/devkitarm/bin/../lib/gcc/arm-none-eabi/4.9.2/../../../../arm-none-eabi/lib/armv6k/fpu\libg.a(lib_a-stdio.o)
 *fill*         0x00141854        0xc 
 .text          0x00141860      0x3a0 c:/devkitpro/devkitarm/bin/../lib/gcc/arm-none-eabi/4.9.2/../../../../arm-none-eabi/lib/armv6k/fpu\libg.a(lib_a-strcmp.o)
                0x00141868                strcmp
 .text          0x00141c00        0x0 c:/devkitpro/devkitarm/bin/../lib/gcc/arm-none-eabi/4.9.2/../../../../arm-none-eabi/lib/armv6k/fpu\libg.a(lib_a-strcpy.o)
 .text          0x00141c00        0x0 c:/devkitpro/devkitarm/bin/../lib/gcc/arm-none-eabi/4.9.2/../../../../arm-none-eabi/lib/armv6k/fpu\libg.a(lib_a-strerror.o)
 .text          0x00141c00        0x0 c:/devkitpro/devkitarm/bin/../lib/gcc/arm-none-eabi/4.9.2/../../../../arm-none-eabi/lib/armv6k/fpu\libg.a(lib_a-strlen.o)
 .text          0x00141c00        0x0 c:/devkitpro/devkitarm/bin/../lib/gcc/arm-none-eabi/4.9.2/../../../../arm-none-eabi/lib/armv6k/fpu\libg.a(lib_a-strncat.o)
 .text          0x00141c00        0x0 c:/devkitpro/devkitarm/bin/../lib/gcc/arm-none-eabi/4.9.2/../../../../arm-none-eabi/lib/armv6k/fpu\libg.a(lib_a-strncpy.o)
 .text          0x00141c00        0x0 c:/devkitpro/devkitarm/bin/../lib/gcc/arm-none-eabi/4.9.2/../../../../arm-none-eabi/lib/armv6k/fpu\libg.a(lib_a-strtod.o)
 .text          0x00141c00        0x0 c:/devkitpro/devkitarm/bin/../lib/gcc/arm-none-eabi/4.9.2/../../../../arm-none-eabi/lib/armv6k/fpu\libg.a(lib_a-time.o)
 .text          0x00141c00        0x0 c:/devkitpro/devkitarm/bin/../lib/gcc/arm-none-eabi/4.9.2/../../../../arm-none-eabi/lib/armv6k/fpu\libg.a(lib_a-u_strerr.o)
 .text          0x00141c00        0x0 c:/devkitpro/devkitarm/bin/../lib/gcc/arm-none-eabi/4.9.2/../../../../arm-none-eabi/lib/armv6k/fpu\libg.a(lib_a-vfprintf.o)
 .text          0x00141c00        0x0 c:/devkitpro/devkitarm/bin/../lib/gcc/arm-none-eabi/4.9.2/../../../../arm-none-eabi/lib/armv6k/fpu\libg.a(lib_a-wbuf.o)
 .text          0x00141c00        0x0 c:/devkitpro/devkitarm/bin/../lib/gcc/arm-none-eabi/4.9.2/../../../../arm-none-eabi/lib/armv6k/fpu\libg.a(lib_a-wcrtomb.o)
 .text          0x00141c00        0x0 c:/devkitpro/devkitarm/bin/../lib/gcc/arm-none-eabi/4.9.2/../../../../arm-none-eabi/lib/armv6k/fpu\libg.a(lib_a-wcsrtombs.o)
 .text          0x00141c00        0x0 c:/devkitpro/devkitarm/bin/../lib/gcc/arm-none-eabi/4.9.2/../../../../arm-none-eabi/lib/armv6k/fpu\libg.a(lib_a-wctomb_r.o)
 .text          0x00141c00        0x0 c:/devkitpro/devkitarm/bin/../lib/gcc/arm-none-eabi/4.9.2/../../../../arm-none-eabi/lib/armv6k/fpu\libg.a(lib_a-wsetup.o)
 .text          0x00141c00        0x0 c:/devkitpro/devkitarm/bin/../lib/gcc/arm-none-eabi/4.9.2/../../../../arm-none-eabi/lib/armv6k/fpu\libg.a(lib_a-__call_atexit.o)
 .text          0x00141c00        0x0 c:/devkitpro/devkitarm/bin/../lib/gcc/arm-none-eabi/4.9.2/../../../../arm-none-eabi/lib/armv6k/fpu\libg.a(lib_a-dtoa.o)
 .text          0x00141c00        0x0 c:/devkitpro/devkitarm/bin/../lib/gcc/arm-none-eabi/4.9.2/../../../../arm-none-eabi/lib/armv6k/fpu\libg.a(lib_a-flags.o)
 .text          0x00141c00        0x0 c:/devkitpro/devkitarm/bin/../lib/gcc/arm-none-eabi/4.9.2/../../../../arm-none-eabi/lib/armv6k/fpu\libg.a(lib_a-fvwrite.o)
 .text          0x00141c00        0x0 c:/devkitpro/devkitarm/bin/../lib/gcc/arm-none-eabi/4.9.2/../../../../arm-none-eabi/lib/armv6k/fpu\libg.a(lib_a-gdtoa-gethex.o)
 .text          0x00141c00        0x0 c:/devkitpro/devkitarm/bin/../lib/gcc/arm-none-eabi/4.9.2/../../../../arm-none-eabi/lib/armv6k/fpu\libg.a(lib_a-gdtoa-hexnan.o)
 .text          0x00141c00        0x0 c:/devkitpro/devkitarm/bin/../lib/gcc/arm-none-eabi/4.9.2/../../../../arm-none-eabi/lib/armv6k/fpu\libg.a(lib_a-locale.o)
 .text          0x00141c00        0x0 c:/devkitpro/devkitarm/bin/../lib/gcc/arm-none-eabi/4.9.2/../../../../arm-none-eabi/lib/armv6k/fpu\libg.a(lib_a-mbtowc_r.o)
 .text          0x00141c00        0x0 c:/devkitpro/devkitarm/bin/../lib/gcc/arm-none-eabi/4.9.2/../../../../arm-none-eabi/lib/armv6k/fpu\libg.a(lib_a-memchr.o)
 .text          0x00141c00        0x0 c:/devkitpro/devkitarm/bin/../lib/gcc/arm-none-eabi/4.9.2/../../../../arm-none-eabi/lib/armv6k/fpu\libg.a(lib_a-memmove.o)
 .text          0x00141c00        0x0 c:/devkitpro/devkitarm/bin/../lib/gcc/arm-none-eabi/4.9.2/../../../../arm-none-eabi/lib/armv6k/fpu\libg.a(lib_a-mprec.o)
 .text          0x00141c00        0x0 c:/devkitpro/devkitarm/bin/../lib/gcc/arm-none-eabi/4.9.2/../../../../arm-none-eabi/lib/armv6k/fpu\libg.a(lib_a-sf_nan.o)
 .text          0x00141c00        0x0 c:/devkitpro/devkitarm/bin/../lib/gcc/arm-none-eabi/4.9.2/../../../../arm-none-eabi/lib/armv6k/fpu\libg.a(lib_a-strcasecmp.o)
 .text          0x00141c00        0x0 c:/devkitpro/devkitarm/bin/../lib/gcc/arm-none-eabi/4.9.2/../../../../arm-none-eabi/lib/armv6k/fpu\libg.a(lib_a-strcat.o)
 .text          0x00141c00        0x0 c:/devkitpro/devkitarm/bin/../lib/gcc/arm-none-eabi/4.9.2/../../../../arm-none-eabi/lib/armv6k/fpu\libg.a(lib_a-strchr.o)
 .text          0x00141c00        0x0 c:/devkitpro/devkitarm/bin/../lib/gcc/arm-none-eabi/4.9.2/../../../../arm-none-eabi/lib/armv6k/fpu\libg.a(lib_a-strlcpy.o)
 .text          0x00141c00        0x0 c:/devkitpro/devkitarm/bin/../lib/gcc/arm-none-eabi/4.9.2/../../../../arm-none-eabi/lib/armv6k/fpu\libg.a(lib_a-strncasecmp.o)
 .text          0x00141c00        0x0 c:/devkitpro/devkitarm/bin/../lib/gcc/arm-none-eabi/4.9.2/../../../../arm-none-eabi/lib/armv6k/fpu\libg.a(lib_a-strncmp.o)
 .text          0x00141c00        0x0 c:/devkitpro/devkitarm/bin/../lib/gcc/arm-none-eabi/4.9.2/../../../../arm-none-eabi/lib/armv6k/fpu\libg.a(lib_a-strtol.o)
 .text          0x00141c00        0x0 c:/devkitpro/devkitarm/bin/../lib/gcc/arm-none-eabi/4.9.2/../../../../arm-none-eabi/lib/armv6k/fpu\libg.a(lib_a-svfiprintf.o)
 .text          0x00141c00        0x0 c:/devkitpro/devkitarm/bin/../lib/gcc/arm-none-eabi/4.9.2/../../../../arm-none-eabi/lib/armv6k/fpu\libg.a(lib_a-vfiprintf.o)
 .text          0x00141c00        0x0 c:/devkitpro/devkitarm/bin/../lib/gcc/arm-none-eabi/4.9.2/../../../../arm-none-eabi/lib/armv6k/fpu\libg.a(lib_a-wcsnrtombs.o)
 .text          0x00141c00        0x0 c:/devkitpro/devkitarm/bin/../lib/gcc/arm-none-eabi/4.9.2/../../../../arm-none-eabi/lib/armv6k/fpu\libg.a(lib_a-callocr.o)
 .text          0x00141c00        0x0 c:/devkitpro/devkitarm/bin/../lib/gcc/arm-none-eabi/4.9.2/../../../../arm-none-eabi/lib/armv6k/fpu\libg.a(lib_a-ctype_.o)
 .text          0x00141c00        0x0 c:/devkitpro/devkitarm/bin/../lib/gcc/arm-none-eabi/4.9.2/../../../../arm-none-eabi/lib/armv6k/fpu\libg.a(lib_a-fputwc.o)
 .text          0x00141c00        0x0 c:/devkitpro/devkitarm/bin/../lib/gcc/arm-none-eabi/4.9.2/../../../../arm-none-eabi/lib/armv6k/fpu\libg.a(lib_a-getenv_r.o)
 .text          0x00141c00        0x0 c:/devkitpro/devkitarm/bin/../lib/gcc/arm-none-eabi/4.9.2/../../../../arm-none-eabi/lib/armv6k/fpu\libg.a(lib_a-environ.o)
 .text          0x00141c00        0x0 c:/devkitpro/devkitarm/bin/../lib/gcc/arm-none-eabi/4.9.2/../../../../arm-none-eabi/lib/armv6k/fpu\libg.a(lib_a-envlock.o)
 .text          0x00141c00      0x1a8 c:/devkitpro/devkitarm/bin/../lib/gcc/arm-none-eabi/4.9.2/../../../../arm-none-eabi/lib/armv6k/fpu\libsysbase.a(iosupport.o)
                0x00141c00                setDefaultDevice
                0x00141c18                FindDevice
                0x00141cc4                RemoveDevice
                0x00141cf0                AddDevice
                0x00141d84                GetDeviceOpTab
 .text          0x00141da8       0x7c c:/devkitpro/devkitarm/bin/../lib/gcc/arm-none-eabi/4.9.2/../../../../arm-none-eabi/lib/armv6k/fpu\libsysbase.a(close.o)
                0x00141da8                _close_r
 .text          0x00141e24       0x6c c:/devkitpro/devkitarm/bin/../lib/gcc/arm-none-eabi/4.9.2/../../../../arm-none-eabi/lib/armv6k/fpu\libsysbase.a(fstat.o)
                0x00141e24                _fstat_r
 .text          0x00141e90       0x10 c:/devkitpro/devkitarm/bin/../lib/gcc/arm-none-eabi/4.9.2/../../../../arm-none-eabi/lib/armv6k/fpu\libsysbase.a(getpid.o)
                0x00141e90                _getpid_r
 .text          0x00141ea0       0x2c c:/devkitpro/devkitarm/bin/../lib/gcc/arm-none-eabi/4.9.2/../../../../arm-none-eabi/lib/armv6k/fpu\libsysbase.a(gettod.o)
                0x00141ea0                _gettimeofday_r
 .text          0x00141ecc        0x8 c:/devkitpro/devkitarm/bin/../lib/gcc/arm-none-eabi/4.9.2/../../../../arm-none-eabi/lib/armv6k/fpu\libsysbase.a(isatty.o)
                0x00141ecc                _isatty_r
 .text          0x00141ed4       0x10 c:/devkitpro/devkitarm/bin/../lib/gcc/arm-none-eabi/4.9.2/../../../../arm-none-eabi/lib/armv6k/fpu\libsysbase.a(kill.o)
                0x00141ed4                _kill_r
 .text          0x00141ee4       0x74 c:/devkitpro/devkitarm/bin/../lib/gcc/arm-none-eabi/4.9.2/../../../../arm-none-eabi/lib/armv6k/fpu\libsysbase.a(lseek.o)
                0x00141ee4                _lseek_r
 .text          0x00141f58       0xc8 c:/devkitpro/devkitarm/bin/../lib/gcc/arm-none-eabi/4.9.2/../../../../arm-none-eabi/lib/armv6k/fpu\libsysbase.a(open.o)
                0x00141f58                _open_r
 .text          0x00142020       0x74 c:/devkitpro/devkitarm/bin/../lib/gcc/arm-none-eabi/4.9.2/../../../../arm-none-eabi/lib/armv6k/fpu\libsysbase.a(read.o)
                0x00142020                _read_r
 .text          0x00142094       0x70 c:/devkitpro/devkitarm/bin/../lib/gcc/arm-none-eabi/4.9.2/../../../../arm-none-eabi/lib/armv6k/fpu\libsysbase.a(sbrk.o)
                0x00142094                _sbrk_r
 .text          0x00142104       0x5c c:/devkitpro/devkitarm/bin/../lib/gcc/arm-none-eabi/4.9.2/../../../../arm-none-eabi/lib/armv6k/fpu\libsysbase.a(unlink.o)
                0x00142104                _unlink_r
 .text          0x00142160       0x74 c:/devkitpro/devkitarm/bin/../lib/gcc/arm-none-eabi/4.9.2/../../../../arm-none-eabi/lib/armv6k/fpu\libsysbase.a(write.o)
                0x00142160                _write_r
 .text          0x001421d4       0x20 c:/devkitpro/devkitarm/bin/../lib/gcc/arm-none-eabi/4.9.2/../../../../arm-none-eabi/lib/armv6k/fpu\libsysbase.a(_exit.o)
                0x001421d4                _exit
 .text          0x001421f4        0x0 c:/devkitpro/devkitarm/bin/../lib/gcc/arm-none-eabi/4.9.2/../../../../arm-none-eabi/lib/armv6k/fpu\libsysbase.a(malloc_vars.o)
 .text          0x001421f4      0x3a4 c:/devkitpro/devkitarm/bin/../lib/gcc/arm-none-eabi/4.9.2/../../../../arm-none-eabi/lib/armv6k/fpu\libsysbase.a(chdir.o)
                0x001421f4                _concatenate_path
                0x001423b0                chdir
                0x001424f8                getcwd
 .text          0x00142598        0x8 c:/devkitpro/devkitarm/bin/../lib/gcc/arm-none-eabi/4.9.2/../../../../arm-none-eabi/lib/armv6k/fpu\libsysbase.a(flock.o)
                0x00142598                __flockfile
                0x0014259c                __funlockfile
 .text          0x001425a0      0x108 c:/devkitpro/devkitarm/bin/../lib/gcc/arm-none-eabi/4.9.2/../../../../arm-none-eabi/lib/armv6k/fpu\libsysbase.a(syscall_support.o)
                0x001425a0                __libc_lock_init
                0x001425b8                __libc_lock_acquire
                0x001425d0                __libc_lock_try_acquire
                0x001425f4                __libc_lock_release
                0x0014260c                __libc_lock_close
                0x00142624                __libc_lock_init_recursive
                0x0014263c                __libc_lock_acquire_recursive
                0x00142654                __libc_lock_try_acquire_recursive
                0x00142678                __libc_lock_release_recursive
                0x00142690                __libc_lock_close_recursive
 .text          0x001426a8      0x254 c:/devkitpro/devkitarm/bin/../lib/gcc/arm-none-eabi/4.9.2/../../../../arm-none-eabi/lib/armv6k/fpu\libsysbase.a(handle_manager.o)
                0x001426a8                __free_handle
                0x001426ec                __release_handle
                0x00142718                __alloc_handle
                0x00142780                __get_handle
                0x0014279c                dup
                0x00142828                dup2
 .text          0x001428fc       0x28 c:/devkitpro/devkitarm/bin/../lib/gcc/arm-none-eabi/4.9.2/../../../../arm-none-eabi/lib/armv6k/fpu\libsysbase.a(getreent.o)
                0x001428fc                __getreent
 .text          0x00142924       0x3c c:/devkitpro/devkitarm/bin/../lib/gcc/arm-none-eabi/4.9.2/armv6k/fpu\libgcc.a(_aeabi_uldivmod.o)
                0x00142924                __aeabi_uldivmod
 .text          0x00142960       0x78 c:/devkitpro/devkitarm/bin/../lib/gcc/arm-none-eabi/4.9.2/armv6k/fpu\libgcc.a(bpabi.o)
                0x00142960                __gnu_ldivmod_helper
                0x0014299c                __gnu_uldivmod_helper
 .text          0x001429d8      0x180 c:/devkitpro/devkitarm/bin/../lib/gcc/arm-none-eabi/4.9.2/armv6k/fpu\libgcc.a(_divdi3.o)
                0x001429d8                __divdi3
 .text          0x00142b58      0x124 c:/devkitpro/devkitarm/bin/../lib/gcc/arm-none-eabi/4.9.2/armv6k/fpu\libgcc.a(_udivdi3.o)
                0x00142b58                __udivdi3
 .text          0x00142c7c        0x0 c:/devkitpro/devkitarm/bin/../lib/gcc/arm-none-eabi/4.9.2/../../../../arm-none-eabi/lib/armv6k/fpu\libg.a(lib_a-strnlen.o)
 .text          0x00142c7c        0x0 c:/devkitpro/devkitarm/bin/../lib/gcc/arm-none-eabi/4.9.2/../../../../arm-none-eabi/lib/armv6k/fpu\libg.a(lib_a-strrchr.o)
 .text          0x00142c7c        0x0 c:/devkitpro/devkitarm/bin/../lib/gcc/arm-none-eabi/4.9.2/armv6k/fpu/crtend.o
 .text          0x00142c7c        0x0 c:/devkitpro/devkitarm/bin/../lib/gcc/arm-none-eabi/4.9.2/armv6k/fpu/crtn.o
 *(.text.*)
 .text.startup  0x00142c7c       0x48 main.o
                0x00142c7c                main
 *fill*         0x00142cc4        0x4 
 .text.unlikely
                0x00142cc8      0x108 c:/devkitPro/portlibs/armv6k/lib\libpng.a(png.o)
 .text.cosf     0x00142dd0       0xa8 c:/devkitpro/devkitarm/bin/../lib/gcc/arm-none-eabi/4.9.2/../../../../arm-none-eabi/lib/armv6k/fpu\libm.a(lib_a-sf_cos.o)
                0x00142dd0                cosf
 .text.floor    0x00142e78      0x180 c:/devkitpro/devkitarm/bin/../lib/gcc/arm-none-eabi/4.9.2/../../../../arm-none-eabi/lib/armv6k/fpu\libm.a(lib_a-s_floor.o)
                0x00142e78                floor
 .text.frexp    0x00142ff8       0x98 c:/devkitpro/devkitarm/bin/../lib/gcc/arm-none-eabi/4.9.2/../../../../arm-none-eabi/lib/armv6k/fpu\libm.a(lib_a-s_frexp.o)
                0x00142ff8                frexp
 .text.sinf     0x00143090       0xb0 c:/devkitpro/devkitarm/bin/../lib/gcc/arm-none-eabi/4.9.2/../../../../arm-none-eabi/lib/armv6k/fpu\libm.a(lib_a-sf_sin.o)
                0x00143090                sinf
 .text.modf     0x00143140       0xd4 c:/devkitpro/devkitarm/bin/../lib/gcc/arm-none-eabi/4.9.2/../../../../arm-none-eabi/lib/armv6k/fpu\libm.a(lib_a-s_modf.o)
                0x00143140                modf
 *fill*         0x00143214        0x4 
 .text.pow      0x00143218      0x3c0 c:/devkitpro/devkitarm/bin/../lib/gcc/arm-none-eabi/4.9.2/../../../../arm-none-eabi/lib/armv6k/fpu\libm.a(lib_a-w_pow.o)
                0x00143218                pow
 .text.__ieee754_rem_pio2f
                0x001435d8      0x2e0 c:/devkitpro/devkitarm/bin/../lib/gcc/arm-none-eabi/4.9.2/../../../../arm-none-eabi/lib/armv6k/fpu\libm.a(lib_a-ef_rem_pio2.o)
                0x001435d8                __ieee754_rem_pio2f
 .text.__ieee754_pow
                0x001438b8      0x880 c:/devkitpro/devkitarm/bin/../lib/gcc/arm-none-eabi/4.9.2/../../../../arm-none-eabi/lib/armv6k/fpu\libm.a(lib_a-e_pow.o)
                0x001438b8                __ieee754_pow
 .text.__ieee754_sqrt
                0x00144138      0x200 c:/devkitpro/devkitarm/bin/../lib/gcc/arm-none-eabi/4.9.2/../../../../arm-none-eabi/lib/armv6k/fpu\libm.a(lib_a-e_sqrt.o)
                0x00144138                __ieee754_sqrt
 .text.__kernel_cosf
                0x00144338      0x124 c:/devkitpro/devkitarm/bin/../lib/gcc/arm-none-eabi/4.9.2/../../../../arm-none-eabi/lib/armv6k/fpu\libm.a(lib_a-kf_cos.o)
                0x00144338                __kernel_cosf
 .text.__kernel_rem_pio2f
                0x0014445c      0x838 c:/devkitpro/devkitarm/bin/../lib/gcc/arm-none-eabi/4.9.2/../../../../arm-none-eabi/lib/armv6k/fpu\libm.a(lib_a-kf_rem_pio2.o)
                0x0014445c                __kernel_rem_pio2f
 .text.__kernel_sinf
                0x00144c94       0xa0 c:/devkitpro/devkitarm/bin/../lib/gcc/arm-none-eabi/4.9.2/../../../../arm-none-eabi/lib/armv6k/fpu\libm.a(lib_a-kf_sin.o)
                0x00144c94                __kernel_sinf
 .text.fabs     0x00144d34       0x10 c:/devkitpro/devkitarm/bin/../lib/gcc/arm-none-eabi/4.9.2/../../../../arm-none-eabi/lib/armv6k/fpu\libm.a(lib_a-s_fabs.o)
                0x00144d34                fabs
 .text.fabsf    0x00144d44       0x10 c:/devkitpro/devkitarm/bin/../lib/gcc/arm-none-eabi/4.9.2/../../../../arm-none-eabi/lib/armv6k/fpu\libm.a(lib_a-sf_fabs.o)
                0x00144d44                fabsf
 .text.floorf   0x00144d54       0xb8 c:/devkitpro/devkitarm/bin/../lib/gcc/arm-none-eabi/4.9.2/../../../../arm-none-eabi/lib/armv6k/fpu\libm.a(lib_a-sf_floor.o)
                0x00144d54                floorf
 .text.finite   0x00144e0c       0x14 c:/devkitpro/devkitarm/bin/../lib/gcc/arm-none-eabi/4.9.2/../../../../arm-none-eabi/lib/armv6k/fpu\libm.a(lib_a-s_finite.o)
                0x00144e0c                finite
 .text.__fpclassifyd
                0x00144e20       0x74 c:/devkitpro/devkitarm/bin/../lib/gcc/arm-none-eabi/4.9.2/../../../../arm-none-eabi/lib/armv6k/fpu\libm.a(lib_a-s_fpclassify.o)
                0x00144e20                __fpclassifyd
 .text.scalbnf  0x00144e94      0x118 c:/devkitpro/devkitarm/bin/../lib/gcc/arm-none-eabi/4.9.2/../../../../arm-none-eabi/lib/armv6k/fpu\libm.a(lib_a-sf_scalbn.o)
                0x00144e94                scalbnf
 .text.matherr  0x00144fac        0x8 c:/devkitpro/devkitarm/bin/../lib/gcc/arm-none-eabi/4.9.2/../../../../arm-none-eabi/lib/armv6k/fpu\libm.a(lib_a-s_matherr.o)
                0x00144fac                matherr
 *fill*         0x00144fb4        0x4 
 .text.nan      0x00144fb8       0x10 c:/devkitpro/devkitarm/bin/../lib/gcc/arm-none-eabi/4.9.2/../../../../arm-none-eabi/lib/armv6k/fpu\libm.a(lib_a-s_nan.o)
                0x00144fb8                nan
 .text.rint     0x00144fc8      0x170 c:/devkitpro/devkitarm/bin/../lib/gcc/arm-none-eabi/4.9.2/../../../../arm-none-eabi/lib/armv6k/fpu\libm.a(lib_a-s_rint.o)
                0x00144fc8                rint
 .text.scalbn   0x00145138      0x198 c:/devkitpro/devkitarm/bin/../lib/gcc/arm-none-eabi/4.9.2/../../../../arm-none-eabi/lib/armv6k/fpu\libm.a(lib_a-s_scalbn.o)
                0x00145138                scalbn
 .text.copysign
                0x001452d0       0x1c c:/devkitpro/devkitarm/bin/../lib/gcc/arm-none-eabi/4.9.2/../../../../arm-none-eabi/lib/armv6k/fpu\libm.a(lib_a-s_copysign.o)
                0x001452d0                copysign
 .text.copysignf
                0x001452ec       0x1c c:/devkitpro/devkitarm/bin/../lib/gcc/arm-none-eabi/4.9.2/../../../../arm-none-eabi/lib/armv6k/fpu\libm.a(lib_a-sf_copysign.o)
                0x001452ec                copysignf
 .text.abort    0x00145308       0x14 c:/devkitpro/devkitarm/bin/../lib/gcc/arm-none-eabi/4.9.2/../../../../arm-none-eabi/lib/armv6k/fpu\libg.a(lib_a-abort.o)
                0x00145308                abort
 .text.atof     0x0014531c        0x8 c:/devkitpro/devkitarm/bin/../lib/gcc/arm-none-eabi/4.9.2/../../../../arm-none-eabi/lib/armv6k/fpu\libg.a(lib_a-atof.o)
                0x0014531c                atof
 .text.bsearch  0x00145324       0x78 c:/devkitpro/devkitarm/bin/../lib/gcc/arm-none-eabi/4.9.2/../../../../arm-none-eabi/lib/armv6k/fpu\libg.a(lib_a-bsearch.o)
                0x00145324                bsearch
 .text.__errno  0x0014539c        0xc c:/devkitpro/devkitarm/bin/../lib/gcc/arm-none-eabi/4.9.2/../../../../arm-none-eabi/lib/armv6k/fpu\libg.a(lib_a-errno.o)
                0x0014539c                __errno
 .text.exit     0x001453a8       0x34 c:/devkitpro/devkitarm/bin/../lib/gcc/arm-none-eabi/4.9.2/../../../../arm-none-eabi/lib/armv6k/fpu\libg.a(lib_a-exit.o)
                0x001453a8                exit
 .text._fclose_r
                0x001453dc      0x118 c:/devkitpro/devkitarm/bin/../lib/gcc/arm-none-eabi/4.9.2/../../../../arm-none-eabi/lib/armv6k/fpu\libg.a(lib_a-fclose.o)
                0x001453dc                _fclose_r
 .text.fclose   0x001454f4       0x18 c:/devkitpro/devkitarm/bin/../lib/gcc/arm-none-eabi/4.9.2/../../../../arm-none-eabi/lib/armv6k/fpu\libg.a(lib_a-fclose.o)
                0x001454f4                fclose
 .text.__sflush_r
                0x0014550c      0x238 c:/devkitpro/devkitarm/bin/../lib/gcc/arm-none-eabi/4.9.2/../../../../arm-none-eabi/lib/armv6k/fpu\libg.a(lib_a-fflush.o)
                0x0014550c                __sflush_r
 .text._fflush_r
                0x00145744       0x98 c:/devkitpro/devkitarm/bin/../lib/gcc/arm-none-eabi/4.9.2/../../../../arm-none-eabi/lib/armv6k/fpu\libg.a(lib_a-fflush.o)
                0x00145744                _fflush_r
 .text.fflush   0x001457dc       0x38 c:/devkitpro/devkitarm/bin/../lib/gcc/arm-none-eabi/4.9.2/../../../../arm-none-eabi/lib/armv6k/fpu\libg.a(lib_a-fflush.o)
                0x001457dc                fflush
 .text._cleanup_r
                0x00145814        0xc c:/devkitpro/devkitarm/bin/../lib/gcc/arm-none-eabi/4.9.2/../../../../arm-none-eabi/lib/armv6k/fpu\libg.a(lib_a-findfp.o)
                0x00145814                _cleanup_r
 .text.__fp_lock
                0x00145820       0x1c c:/devkitpro/devkitarm/bin/../lib/gcc/arm-none-eabi/4.9.2/../../../../arm-none-eabi/lib/armv6k/fpu\libg.a(lib_a-findfp.o)
 .text.__fp_unlock
                0x0014583c       0x1c c:/devkitpro/devkitarm/bin/../lib/gcc/arm-none-eabi/4.9.2/../../../../arm-none-eabi/lib/armv6k/fpu\libg.a(lib_a-findfp.o)
 .text.__sinit.part.1
                0x00145858      0x15c c:/devkitpro/devkitarm/bin/../lib/gcc/arm-none-eabi/4.9.2/../../../../arm-none-eabi/lib/armv6k/fpu\libg.a(lib_a-findfp.o)
 .text.__sfmoreglue
                0x001459b4       0x48 c:/devkitpro/devkitarm/bin/../lib/gcc/arm-none-eabi/4.9.2/../../../../arm-none-eabi/lib/armv6k/fpu\libg.a(lib_a-findfp.o)
                0x001459b4                __sfmoreglue
 .text.__sfp    0x001459fc       0xe8 c:/devkitpro/devkitarm/bin/../lib/gcc/arm-none-eabi/4.9.2/../../../../arm-none-eabi/lib/armv6k/fpu\libg.a(lib_a-findfp.o)
                0x001459fc                __sfp
 .text._cleanup