Archive member included to satisfy reference by file (symbol)

c:/devkitPro/libctru/lib\libsfil.a(sfil_png.o)
                              main.o (sfil_load_PNG_buffer)
c:/devkitPro/portlibs/armv6k/lib\libpng.a(png.o)
                              c:/devkitPro/libctru/lib\libsfil.a(sfil_png.o) (png_set_sig_bytes)
c:/devkitPro/portlibs/armv6k/lib\libpng.a(pngerror.o)
                              c:/devkitPro/portlibs/armv6k/lib\libpng.a(png.o) (png_safecat)
c:/devkitPro/portlibs/armv6k/lib\libpng.a(pngget.o)
                              c:/devkitPro/libctru/lib\libsfil.a(sfil_png.o) (png_get_valid)
c:/devkitPro/portlibs/armv6k/lib\libpng.a(pngmem.o)
                              c:/devkitPro/portlibs/armv6k/lib\libpng.a(png.o) (png_calloc)
c:/devkitPro/portlibs/armv6k/lib\libpng.a(pngread.o)
                              c:/devkitPro/libctru/lib\libsfil.a(sfil_png.o) (png_create_read_struct)
c:/devkitPro/portlibs/armv6k/lib\libpng.a(pngrio.o)
                              c:/devkitPro/libctru/lib\libsfil.a(sfil_png.o) (png_set_read_fn)
c:/devkitPro/portlibs/armv6k/lib\libpng.a(pngrtran.o)
                              c:/devkitPro/portlibs/armv6k/lib\libpng.a(pngread.o) (png_set_background_fixed)
c:/devkitPro/portlibs/armv6k/lib\libpng.a(pngrutil.o)
                              c:/devkitPro/portlibs/armv6k/lib\libpng.a(pngread.o) (png_read_sig)
c:/devkitPro/portlibs/armv6k/lib\libpng.a(pngset.o)
                              c:/devkitPro/portlibs/armv6k/lib\libpng.a(pngrutil.o) (png_set_bKGD)
c:/devkitPro/portlibs/armv6k/lib\libpng.a(pngtrans.o)
                              c:/devkitPro/portlibs/armv6k/lib\libpng.a(pngread.o) (png_set_bgr)
c:/devkitPro/portlibs/armv6k/lib\libpng.a(pngwrite.o)
                              c:/devkitPro/portlibs/armv6k/lib\libpng.a(png.o) (png_destroy_write_struct)
c:/devkitPro/portlibs/armv6k/lib\libpng.a(pngwtran.o)
                              c:/devkitPro/portlibs/armv6k/lib\libpng.a(pngwrite.o) (png_do_write_transformations)
c:/devkitPro/portlibs/armv6k/lib\libpng.a(pngwutil.o)
                              c:/devkitPro/portlibs/armv6k/lib\libpng.a(pngwrite.o) (png_write_sig)
c:/devkitPro/portlibs/armv6k/lib\libpng.a(pngwio.o)
                              c:/devkitPro/portlibs/armv6k/lib\libpng.a(pngwutil.o) (png_write_data)
c:/devkitPro/portlibs/armv6k/lib\libz.a(adler32.o)
                              c:/devkitPro/portlibs/armv6k/lib\libpng.a(png.o) (adler32)
c:/devkitPro/portlibs/armv6k/lib\libz.a(crc32.o)
                              c:/devkitPro/portlibs/armv6k/lib\libpng.a(png.o) (crc32)
c:/devkitPro/portlibs/armv6k/lib\libz.a(deflate.o)
                              c:/devkitPro/portlibs/armv6k/lib\libpng.a(pngwutil.o) (deflateReset)
c:/devkitPro/portlibs/armv6k/lib\libz.a(inflate.o)
                              c:/devkitPro/portlibs/armv6k/lib\libpng.a(png.o) (inflateReset)
c:/devkitPro/portlibs/armv6k/lib\libz.a(inftrees.o)
                              c:/devkitPro/portlibs/armv6k/lib\libz.a(inflate.o) (inflate_table)
c:/devkitPro/portlibs/armv6k/lib\libz.a(trees.o)
                              c:/devkitPro/portlibs/armv6k/lib\libz.a(deflate.o) (_tr_init)
c:/devkitPro/portlibs/armv6k/lib\libz.a(zutil.o)
                              c:/devkitPro/portlibs/armv6k/lib\libz.a(deflate.o) (zcalloc)
c:/devkitPro/portlibs/armv6k/lib\libz.a(inffast.o)
                              c:/devkitPro/portlibs/armv6k/lib\libz.a(inflate.o) (inflate_fast)
c:/devkitPro/libctru/lib\libsf2d.a(sf2d.o)
                              main.o (sf2d_init)
c:/devkitPro/libctru/lib\libsf2d.a(sf2d_draw.o)
                              main.o (sf2d_draw_rectangle)
c:/devkitPro/libctru/lib\libsf2d.a(sf2d_private.o)
                              c:/devkitPro/libctru/lib\libsf2d.a(sf2d.o) (GPU_SetDummyTexEnv)
c:/devkitPro/libctru/lib\libsf2d.a(sf2d_texture.o)
                              c:/devkitPro/libctru/lib\libsfil.a(sfil_png.o) (sf2d_create_texture)
c:/devkitPro/libctru/lib\libsf2d.a(shader.vsh.o)
                              c:/devkitPro/libctru/lib\libsf2d.a(sf2d.o) (shader_vsh_shbin_size)
c:/devkitPro/libctru/lib\libctru.a(linear.o)
                              c:/devkitPro/libctru/lib\libsf2d.a(sf2d_texture.o) (linearMemAlign)
c:/devkitPro/libctru/lib\libctru.a(mem_pool.o)
                              c:/devkitPro/libctru/lib\libctru.a(linear.o) (MemPool::Allocate(MemChunk&, unsigned long, int))
c:/devkitPro/libctru/lib\libctru.a(vram.o)
                              c:/devkitPro/libctru/lib\libsf2d.a(sf2d.o) (vramMemAlign)
c:/devkitPro/libctru/lib\libctru.a(gfx.o)
                              c:/devkitPro/libctru/lib\libsf2d.a(sf2d.o) (gfxSet3D)
c:/devkitPro/libctru/lib\libctru.a(os.o)
                              c:/devkitPro/libctru/lib\libsf2d.a(sf2d.o) (osConvertVirtToPhys)
c:/devkitPro/libctru/lib\libctru.a(gpu.o)
                              c:/devkitPro/libctru/lib\libsf2d.a(sf2d.o) (GPU_Init)
c:/devkitPro/libctru/lib\libctru.a(gpuResetSequence.o)
[...]
Memory Configuration

Name             Origin             Length             Attributes
*default*        0x00000000         0xffffffff

Linker script and memory map

                0x00100000                . = 0x100000
                0x00100000                __start__ = .

.text           0x00100000    0x5c3d4
 *(.crt0)
 .crt0          0x00100000       0x94 c:/devkitpro/devkitarm/bin/../lib/gcc/arm-none-eabi/4.9.2/../../../../arm-none-eabi/lib/armv6k/fpu/3dsx_crt0.o
                0x00100000                _start
                0x00100008                __service_ptr
                0x0010000c                __apt_appid
                0x00100010                __heap_size
                0x00100014                __linear_heap_size
                0x00100018                __system_arglist
                0x0010001c                __system_runflags
 *(.init)
 .init          0x00100094        0xc c:/devkitpro/devkitarm/bin/../lib/gcc/arm-none-eabi/4.9.2/armv6k/fpu/crti.o
                0x00100094                _init
 .init          0x001000a0        0xc c:/devkitpro/devkitarm/bin/../lib/gcc/arm-none-eabi/4.9.2/armv6k/fpu/crtn.o
                0x001000ac                . = ALIGN (0x4)
 *(.text)
 .text          0x001000ac        0x0 c:/devkitpro/devkitarm/bin/../lib/gcc/arm-none-eabi/4.9.2/../../../../arm-none-eabi/lib/armv6k/fpu/3dsx_crt0.o
 .text          0x001000ac        0x0 c:/devkitpro/devkitarm/bin/../lib/gcc/arm-none-eabi/4.9.2/armv6k/fpu/crti.o
 .text          0x001000ac      0x108 c:/devkitpro/devkitarm/bin/../lib/gcc/arm-none-eabi/4.9.2/armv6k/fpu/crtbegin.o
 .text          0x001001b4        0x0 0.bin.o
 .text          0x001001b4        0x0 1.bin.o
 .text          0x001001b4        0x0 2.bin.o
 .text          0x001001b4        0x0 3.bin.o
 .text          0x001001b4        0x0 4.bin.o
 .text          0x001001b4        0x0 5.bin.o
 .text          0x001001b4        0x0 6.bin.o
 .text          0x001001b4        0x0 7.bin.o
 .text          0x001001b4        0x0 8.bin.o
 .text          0x001001b4        0x0 9.bin.o
 .text          0x001001b4        0x0 bg.bin.o
 .text          0x001001b4        0x0 immut_numbers.bin.o
 .text          0x001001b4        0x0 mut_numbers.bin.o
 .text          0x001001b4        0x0 selector.bin.o
 .text          0x001001b4        0x4 gfx.o
                0x001001b4                draw
 .text          0x001001b8      0x4c8 main.o
                0x001001b8                initialize_textures
                0x00100234                free_textures
                0x00100238                initialize_game
                0x001002c0                draw_sudoku
                0x001003cc                draw_frame
                0x00100494                check_input
                0x001005fc                update_game
 .text          0x00100680      0x164 mylib.o
                0x00100680                emalloc
                0x001006b4                erealloc
                0x001006e8                rand_lim
                0x00100718                mod
                0x00100734                itoa
 .text          0x001007e4      0x7f0 sudoku.o
                0x001007e4                sudoku_new
                0x00100830                sudoku_free
                0x0010084c                sudoku_print
                0x001008c4                sudoku_default
                0x001009b8                sudoku_delete_space
                0x00100a34                sudoku_flip_vert
                0x00100ab0                sudoku_flip_hori
                0x00100b28                sudoku_flip_dia1
                0x00100ba4                sudoku_flip_dia2
                0x00100c0c                sudoku_transform
                0x00100ca0                check_horizontals
                0x00100d70                check_verticals
                0x00100e44                check_boxes
                0x00100f94                check_all
 .text          0x00100fd4      0x3e8 c:/devkitPro/libctru/lib\libsfil.a(sfil_png.o)
                0x001012d4                sfil_load_PNG_file
                0x00101370                sfil_load_PNG_buffer
 *fill*         0x001013bc        0x4 
 .text          0x001013c0     0x6ce0 c:/devkitPro/portlibs/armv6k/lib\libpng.a(png.o)
                0x001013c0                png_zalloc
                0x00101418                png_zfree
                0x00101d18                png_set_sig_bytes
                0x00101d4c                png_sig_cmp
                0x00101dbc                png_reset_crc
                0x00101ddc                png_calculate_crc
                0x00101e30                png_user_version_check
                0x00101f30                png_create_png_struct
                0x00102044                png_create_info_struct
                0x00102084                png_destroy_info_struct
                0x0010240c                png_info_init_3
                0x00102468                png_data_freer
                0x001024b4                png_free_data
                0x001024c4                png_get_io_ptr
                0x001024d0                png_init_io
                0x001024dc                png_save_int_32
                0x001024fc                png_convert_to_rfc1123_buffer
                0x001026e0                png_convert_to_rfc1123
                0x001028d4                png_get_copyright
                0x001028e0                png_get_libpng_ver
                0x001028ec                png_get_header_ver
                0x001028f8                png_get_header_version
                0x00102904                png_build_grayscale_palette
                0x00102964                png_handle_as_unknown
                0x001029d8                png_chunk_unknown_handling
                0x00102a68                png_reset_zstream
                0x00102a80                png_access_version_number
                0x00102a8c                png_zstream_error
                0x00102b70                png_colorspace_set_gamma
                0x00102ce0                png_colorspace_sync_info
                0x00102d50                png_colorspace_sync
                0x00102dd8                png_colorspace_set_sRGB
                0x0010305c                png_icc_check_length
                0x001031f4                png_icc_check_header
                0x00103550                png_icc_check_tag_table
                0x00103688                png_icc_set_sRGB
                0x001038dc                png_colorspace_set_ICC
                0x00103cb4                png_colorspace_set_rgb_coefficients
                0x00103f5c                png_check_IHDR
                0x00104214                png_check_fp_number
                0x001044ac                png_check_fp_string
                0x0010476c                png_ascii_from_fp
                0x00105098                png_ascii_from_fixed
                0x001054c8                png_fixed
                0x00105550                png_muldiv
                0x00105608                png_muldiv_warn
                0x001056c4                png_reciprocal
                0x00105750                png_colorspace_set_endpoints
                0x00106750                png_colorspace_set_chromaticities
                0x00107224                png_gamma_significant
                0x00107244                png_reciprocal2
                0x00107300                png_gamma_8bit_correct
                0x00107388                png_gamma_16bit_correct
                0x0010741c                png_gamma_correct
                0x0010752c                png_destroy_gamma_table
                0x00107660                png_build_gamma_table
                0x00107f9c                png_set_option
                0x00107ffc                png_image_free
                0x00108038                png_image_error
 .text          0x001080a0     0x1a6c c:/devkitPro/portlibs/armv6k/lib\libpng.a(pngerror.o)
                0x0010830c                png_safecat
                0x00108380                png_format_number
                0x001084ec                png_warning
                0x00108634                png_warning_parameter
                0x001086b0                png_warning_parameter_unsigned
                0x00108744                png_warning_parameter_signed
                0x00108810                png_formatted_warning
                0x00108ae8                png_chunk_warning
                0x00108c94                png_free_jmpbuf
                0x00108d24                png_longjmp
                0x00108d50                png_error
                0x00108db0                png_app_warning
                0x00108f08                png_app_error
                0x00109060                png_chunk_error
                0x0010908c                png_chunk_benign_error
                0x00109230                png_benign_error
                0x00109500                png_fixed_error
                0x00109580                png_set_longjmp_fn
                0x00109664                png_chunk_report
                0x0010993c                png_set_error_fn
                0x00109950                png_get_error_ptr
                0x0010995c                png_safe_error
                0x00109a00                png_safe_warning
                0x00109a74                png_safe_execute
 *fill*         0x00109b0c        0x4 
 .text          0x00109b10     0x12d0 c:/devkitPro/portlibs/armv6k/lib\libpng.a(pngget.o)
                0x00109b10                png_get_valid
                0x00109b2c                png_get_rowbytes
                0x00109b44                png_get_rows
                0x00109b5c                png_get_image_width
                0x00109b74                png_get_image_height
                0x00109b8c                png_get_bit_depth
                0x00109ba4                png_get_color_type
                0x00109bbc                png_get_filter_type
                0x00109bd4                png_get_interlace_type
                0x00109bec                png_get_compression_type
                0x00109c04                png_get_x_pixels_per_meter
                0x00109c38                png_get_y_pixels_per_meter
                0x00109c6c                png_get_pixels_per_meter
                0x00109cb8                png_get_pixel_aspect_ratio
                0x00109d00                png_get_pixel_aspect_ratio_fixed
                0x00109d90                png_get_x_offset_microns
                0x00109dc4                png_get_y_offset_microns
                0x00109df8                png_get_x_offset_pixels
                0x00109e2c                png_get_y_offset_pixels
                0x00109e60                png_get_pixels_per_inch
                0x00109eec                png_get_x_pixels_per_inch
                0x00109f68                png_get_y_pixels_per_inch
                0x00109fe4                png_get_x_offset_inches_fixed
                0x0010a034                png_get_y_offset_inches_fixed
                0x0010a084                png_get_x_offset_inches
                0x0010a0d4                png_get_y_offset_inches
                0x0010a124                png_get_pHYs_dpi
                0x0010a1f0                png_get_channels
                0x0010a208                png_get_signature
                0x0010a220                png_get_bKGD
                0x0010a25c                png_get_cHRM
                0x0010a370                png_get_cHRM_XYZ
                0x0010a4a0                png_get_cHRM_XYZ_fixed
                0x0010a578                png_get_cHRM_fixed
                0x0010a63c                png_get_gAMA_fixed
                0x0010a674                png_get_gAMA
                0x0010a6c8                png_get_sRGB
                0x0010a704                png_get_iCCP
                0x0010a7a8                png_get_sPLT
                0x0010a7d8                png_get_hIST
                0x0010a814                png_get_IHDR
                0x0010a8d0                png_get_oFFs
                0x0010a93c                png_get_pCAL
                0x0010aa0c                png_get_sCAL_fixed
                0x0010aa94                png_get_sCAL
                0x0010aaec                png_get_sCAL_s
                0x0010ab30                png_get_pHYs
                0x0010ab90                png_get_PLTE
                0x0010abd4                png_get_sBIT
                0x0010ac10                png_get_text
                0x0010ac58                png_get_tIME
                0x0010ac94                png_get_tRNS
                0x0010ad24                png_get_unknown_chunks
                0x0010ad54                png_get_rgb_to_gray_status
                0x0010ad60                png_get_user_chunk_ptr
                0x0010ad6c                png_get_compression_buffer_size
                0x0010ad88                png_get_user_width_max
                0x0010ad94                png_get_user_height_max
                0x0010ada0                png_get_chunk_cache_max
                0x0010adac                png_get_chunk_malloc_max
                0x0010adb8                png_get_io_state
                0x0010adc0                png_get_io_chunk_type
                0x0010adc8                png_get_palette_max
 .text          0x0010ade0      0x3ec c:/devkitPro/portlibs/armv6k/lib\libpng.a(pngmem.o)
                0x0010ade0                png_destroy_png_struct
                0x0010ae48                png_calloc
                0x0010aec0                png_malloc_base
                0x0010aef0                png_malloc_array
                0x0010af6c                png_realloc_array
                0x0010b074                png_malloc
                0x0010b0d0                png_malloc_default
                0x0010b110                png_malloc_warn
                0x0010b174                png_free
                0x0010b198                png_free_default
                0x0010b1ac                png_set_mem_fn
                0x0010b1c0                png_get_mem_ptr
 .text          0x0010b1cc     0x7704 c:/devkitPro/portlibs/armv6k/lib\libpng.a(pngread.o)
                0x00110e24                png_create_read_struct
                0x00110e7c                png_create_read_struct_2
                0x00110ed8                png_read_info
                0x00110ee8                png_read_update_info
                0x00110f2c                png_start_read_image
                0x00110f50                png_read_row
                0x001112a8                png_read_rows
                0x0011169c                png_read_image
                0x00111a38                png_read_end
                0x00111ec8                png_destroy_read_struct
                0x0011214c                png_set_read_status_fn
                0x00112158                png_read_png
                0x00112410                png_image_begin_read_from_stdio
                0x001125c0                png_image_begin_read_from_file
                0x00112688                png_image_begin_read_from_memory
                0x00112724                png_image_finish_read
 .text          0x001128d0       0xac c:/devkitPro/portlibs/armv6k/lib\libpng.a(pngrio.o)
                0x001128d0                png_default_read_data
                0x0011290c                png_read_data
                0x0011292c                png_set_read_fn
 *fill*         0x0011297c        0x4 
 .text          0x00112980     0x6020 c:/devkitPro/portlibs/armv6k/lib\libpng.a(pngrtran.o)
                0x00113ccc                png_set_crc_action
                0x00113da8                png_set_background_fixed
                0x00113e60                png_set_background
                0x00113f38                png_set_scale_16
                0x00113f70                png_set_strip_16
                0x00113fa8                png_set_strip_alpha
                0x00113fe0                png_set_alpha_mode_fixed
                0x001141dc                png_set_alpha_mode
                0x0011448c                png_set_quantize
                0x00114d34                png_set_gamma_fixed
                0x00114e3c                png_set_gamma
                0x00115070                png_set_expand
                0x001150ac                png_set_palette_to_rgb
                0x001150e8                png_set_expand_gray_1_2_4_to_8
                0x00115120                png_set_tRNS_to_alpha
                0x0011515c                png_set_expand_16
                0x00115198                png_set_gray_to_rgb
                0x001151d0                png_set_rgb_to_gray_fixed
                0x00115328                png_set_rgb_to_gray
                0x001154cc                png_set_read_user_transform_fn
                0x001154e0                png_init_read_transformations
                0x001161c8                png_read_transform_info
                0x001164b8                png_do_read_transformations
 .text          0x001189a0     0x524c c:/devkitPro/portlibs/armv6k/lib\libpng.a(pngrutil.o)
                0x001195d8                png_get_uint_31
                0x00119614                png_get_uint_32
                0x00119638                png_get_int_32
                0x0011965c                png_get_uint_16
                0x00119670                png_read_sig
                0x0011971c                png_read_chunk_header
                0x0011988c                png_crc_read
                0x001198bc                png_crc_finish
                0x00119a3c                png_crc_error
                0x00119adc                png_handle_IHDR
                0x00119c54                png_handle_PLTE
                0x00119e74                png_handle_IEND
                0x00119ec8                png_handle_gAMA
                0x00119fac                png_handle_sBIT
                0x0011a1c0                png_handle_cHRM
                0x0011a480                png_handle_sRGB
                0x0011a588                png_handle_iCCP
                0x0011ab6c                png_handle_sPLT
                0x0011ae8c                png_handle_tRNS
                0x0011b0c8                png_handle_bKGD
                0x0011b2f8                png_handle_hIST
                0x0011b430                png_handle_pHYs
                0x0011b56c                png_handle_oFFs
                0x0011b6bc                png_handle_pCAL
                0x0011ba2c                png_handle_sCAL
                0x0011bcb4                png_handle_tIME
                0x0011bdc8                png_handle_tEXt
                0x0011bf88                png_handle_zTXt
                0x0011c1dc                png_handle_iTXt
                0x0011c544                png_handle_unknown
                0x0011c89c                png_check_chunk_name
                0x0011c964                png_combine_row
                0x0011ce54                png_do_read_interlace
                0x0011d2e0                png_read_filter_row
                0x0011d368                png_read_IDAT_data
                0x0011d6e4                png_read_finish_IDAT
                0x0011d75c                png_read_finish_row
                0x0011d8ac                png_read_start_row
 .text          0x0011dbec     0x1e70 c:/devkitPro/portlibs/armv6k/lib\libpng.a(pngset.o)
                0x0011df4c                png_set_bKGD
                0x0011df98                png_set_cHRM_fixed
                0x0011e028                png_set_cHRM_XYZ_fixed
                0x0011e0c0                png_set_cHRM
                0x0011e214                png_set_cHRM_XYZ
                0x0011e370                png_set_gAMA_fixed
                0x0011e3a0                png_set_gAMA
                0x0011e3e4                png_set_hIST
                0x0011e490                png_set_IHDR
                0x0011e56c                png_set_oFFs
                0x0011e598                png_set_pCAL
                0x0011e818                png_set_sCAL_s
                0x0011e97c                png_set_sCAL
                0x0011eb48                png_set_sCAL_fixed
                0x0011ecf8                png_set_pHYs
                0x0011ed24                png_set_PLTE
                0x0011ee28                png_set_sBIT
                0x0011ee6c                png_set_sRGB
                0x0011ee9c                png_set_sRGB_gAMA_and_cHRM
                0x0011eedc                png_set_iCCP
                0x0011f030                png_set_text
                0x0011f074                png_set_text_2
                0x0011f0ac                png_set_tIME
                0x0011f14c                png_set_tRNS
                0x0011f28c                png_set_sPLT
                0x0011f3fc                png_set_unknown_chunks
                0x0011f58c                png_set_unknown_chunk_location
                0x0011f638                png_permit_mng_features
                0x0011f64c                png_set_keep_unknown_chunks
                0x0011f900                png_set_read_user_chunk_fn
                0x0011f910                png_set_rows
                0x0011f96c                png_set_compression_buffer_size
                0x0011f9f0                png_set_invalid
                0x0011fa08                png_set_user_limits
                0x0011fa18                png_set_chunk_cache_max
                0x0011fa24                png_set_chunk_malloc_max
                0x0011fa30                png_set_benign_errors
                0x0011fa48                png_set_check_for_invalid_index
 .text          0x0011fa5c      0xa8c c:/devkitPro/portlibs/armv6k/lib\libpng.a(pngtrans.o)
                0x0011fa5c                png_set_bgr
                0x0011fa70                png_set_swap
                0x0011fa90                png_set_packing
                0x0011fab8                png_set_packswap
                0x0011fad8                png_set_shift
                0x0011fb00                png_set_interlace_handling
                0x0011fb30                png_set_filler
                0x0011fbb8                png_set_add_alpha
                0x0011fc60                png_set_swap_alpha
                0x0011fc74                png_set_invert_alpha
                0x0011fc88                png_set_invert_mono
                0x0011fc9c                png_do_invert
                0x0011fe8c                png_do_swap
                0x0011fed8                png_do_packswap
                0x0011ff44                png_do_strip_channel
                0x00120170                png_do_bgr
                0x001202ac                png_do_check_palette_indexes
                0x00120478                png_set_user_transform_info
                0x001204bc                png_get_user_transform_ptr
                0x001204c8                png_get_current_row_number
                0x001204d8                png_get_current_pass_number
 .text          0x001204e8     0x37ac c:/devkitPro/portlibs/armv6k/lib\libpng.a(pngwrite.o)
                0x00120afc                png_write_info_before_PLTE
                0x0012113c                png_write_info
                0x0012114c                png_write_end
                0x00121398                png_convert_from_struct_tm
                0x001213d8                png_convert_from_time_t
                0x00121438                png_create_write_struct
                0x001214c4                png_create_write_struct_2
                0x00121554                png_write_rows
                0x00121924                png_write_image
                0x00121d04                png_write_row
                0x001227ac                png_set_flush
                0x001227bc                png_write_flush
                0x00122800                png_destroy_write_struct
                0x001228b0                png_set_filter
                0x0012324c                png_set_filter_heuristics
                0x00123250                png_set_filter_heuristics_fixed
                0x00123254                png_set_compression_level
                0x00123260                png_set_compression_mem_level
                0x0012326c                png_set_compression_strategy
                0x00123284                png_set_compression_window_bits
                0x001232d8                png_set_compression_method
                0x00123308                png_set_text_compression_level
                0x00123314                png_set_text_compression_mem_level
                0x00123320                png_set_text_compression_strategy
                0x0012332c                png_set_text_compression_window_bits
                0x00123380                png_set_text_compression_method
                0x001233b0                png_set_write_status_fn
                0x001233bc                png_set_write_user_transform_fn
                0x001233d4                png_write_png
                0x00123904                png_image_write_to_stdio
                0x00123b54                png_image_write_to_file
 .text          0x00123c94      0x778 c:/devkitPro/portlibs/armv6k/lib\libpng.a(pngwtran.o)
                0x00123c94                png_do_write_transformations
 .text          0x0012440c     0x4094 c:/devkitPro/portlibs/armv6k/lib\libpng.a(pngwutil.o)
                0x00124dc0                png_save_uint_32
                0x00124de0                png_save_uint_16
                0x00124df0                png_write_sig
                0x00124e4c                png_write_chunk_start
                0x00124ef8                png_write_chunk_data
                0x00124f34                png_write_chunk_end
                0x00124f80                png_write_chunk
                0x001250ac                png_free_buffer_list
                0x001250e4                png_write_IHDR
                0x0012547c                png_write_PLTE
                0x00125614                png_compress_IDAT
                0x00125a50                png_write_IEND
                0x00125b18                png_write_gAMA_fixed
                0x00125c18                png_write_sRGB
                0x00125d20                png_write_iCCP
                0x00125f88                png_write_sPLT
                0x001261d8                png_write_sBIT
                0x001262e0                png_write_cHRM_fixed
                0x00126434                png_write_tRNS
                0x0012660c                png_write_bKGD
                0x0012680c                png_write_hIST
                0x00126948                png_write_tEXt
                0x00126af8                png_write_zTXt
                0x00126d40                png_write_iTXt
                0x00127108                png_write_oFFs
                0x00127230                png_write_pCAL
                0x00127540                png_write_sCAL_s
                0x001275e4                png_write_pHYs
                0x00127730                png_write_tIME
                0x001277cc                png_write_start_row
                0x00127920                png_write_finish_row
                0x00127a60                png_do_write_interlace
                0x00127cd0                png_write_find_filter
 .text          0x001284a0       0xd8 c:/devkitPro/portlibs/armv6k/lib\libpng.a(pngwio.o)
                0x001284a0                png_default_write_data
                0x001284dc                png_default_flush
                0x001284ec                png_write_data
                0x0012850c                png_flush
                0x0012851c                png_set_write_fn
 .text          0x00128578      0x5c0 c:/devkitPro/portlibs/armv6k/lib\libz.a(adler32.o)
                0x00128578                adler32
                0x001289c0                adler32_combine
                0x00128a7c                adler32_combine64
 .text          0x00128b38      0x5d8 c:/devkitPro/portlibs/armv6k/lib\libz.a(crc32.o)
                0x00128d4c                get_crc_table
                0x00128d58                crc32
                0x00129108                crc32_combine
                0x0012910c                crc32_combine64
 .text          0x00129110     0x40e0 c:/devkitPro/portlibs/armv6k/lib\libz.a(deflate.o)
                0x0012a78c                deflateSetDictionary
                0x0012a9a4                deflateResetKeep
                0x0012aa7c                deflateReset
                0x0012abe4                deflateSetHeader
                0x0012ac18                deflatePending
                0x0012ac64                deflatePrime
                0x0012ad0c                deflateTune
                0x0012ad44                deflateBound
                0x0012ae58                deflate
                0x0012c6a8                deflateParams
                0x0012c7c4                deflateEnd
                0x0012c8e4                deflateInit2_
                0x0012ccac                deflateInit_
                0x0012cfec                deflateCopy
 .text          0x0012d1f0     0x2c58 c:/devkitPro/portlibs/armv6k/lib\libz.a(inflate.o)
                0x0012d1f0                inflateResetKeep
                0x0012d280                inflateReset
                0x0012d31c                inflateReset2
                0x0012d43c                inflateInit2_
                0x0012d5c4                inflateInit_
                0x0012d728                inflatePrime
                0x0012d7a0                inflate
                0x0012f63c                inflateEnd
                0x0012f6a0                inflateGetDictionary
                0x0012f738                inflateSetDictionary
                0x0012f8e0                inflateGetHeader
                0x0012f91c                inflateSync
                0x0012fbd4                inflateSyncPoint
                0x0012fc14                inflateCopy
                0x0012fdc0                inflateUndermine
                0x0012fdf0                inflateMark
 .text          0x0012fe48      0xbf4 c:/devkitPro/portlibs/armv6k/lib\libz.a(inftrees.o)
                0x0012fe48                inflate_table
 .text          0x00130a3c     0x257c c:/devkitPro/portlibs/armv6k/lib\libz.a(trees.o)
                0x00131f6c                _tr_init
                0x00132038                _tr_stored_block
                0x001321cc                _tr_flush_bits
                0x00132268                _tr_align
                0x001323ec                _tr_flush_block
                0x00132f00                _tr_tally
 .text          0x00132fb8       0x38 c:/devkitPro/portlibs/armv6k/lib\libz.a(zutil.o)
                0x00132fb8                zlibVersion
                0x00132fc4                zlibCompileFlags
                0x00132fcc                zError
                0x00132fe0                zcalloc
                0x00132fe8                zcfree
 .text          0x00132ff0      0xbe4 c:/devkitPro/portlibs/armv6k/lib\libz.a(inffast.o)
                0x00132ff0                inflate_fast
 .text          0x00133bd4      0x75c c:/devkitPro/libctru/lib\libsf2d.a(sf2d.o)
                0x00133dec                sf2d_init
                0x00133e14                sf2d_init_advanced
                0x00133e34                sf2d_fini
                0x00133e98                sf2d_set_3D
                0x00133ea4                sf2d_start_frame
                0x00134034                sf2d_end_frame
                0x0013414c                sf2d_swapbuffers
                0x001341fc                sf2d_set_vblank_wait
                0x0013420c                sf2d_get_fps
                0x0013421c                sf2d_pool_malloc
                0x00134248                sf2d_pool_memalign
                0x00134288                sf2d_pool_space_free
                0x001342a0                sf2d_pool_reset
                0x001342b4                sf2d_set_clear_color
                0x001342c4                sf2d_set_scissor_test
                0x00134310                sf2d_get_current_screen
                0x00134320                sf2d_get_current_side
 .text          0x00134330      0x7cc c:/devkitPro/libctru/lib\libsf2d.a(sf2d_draw.o)
                0x00134330                sf2d_draw_line
                0x00134508                sf2d_draw_rectangle
                0x001346c0                sf2d_draw_rectangle_rotate
                0x00134914                sf2d_draw_fill_circle
 .text          0x00134afc      0x4f8 c:/devkitPro/libctru/lib\libsf2d.a(sf2d_private.o)
                0x00134afc                GPU_SetDummyTexEnv
                0x00134b30                vector_mult_matrix4x4
                0x00134bb4                matrix_gpu_set_uniform
                0x00134c04                matrix_copy
                0x00134c40                matrix_identity4x4
                0x00134c8c                matrix_mult4x4
                0x00134d00                matrix_set_z_rotation
                0x00134d74                matrix_rotate_z
                0x00134dd4                matrix_set_scaling
                0x00134e20                matrix_swap_xy
                0x00134ec0                matrix_init_orthographic
                0x00134fd4                next_pow2
 .text          0x00134ff4     0x2114 c:/devkitPro/libctru/lib\libsf2d.a(sf2d_texture.o)
                0x00135118                sf2d_create_texture
                0x00135304                sf2d_free_texture
                0x00135354                sf2d_fill_texture_from_RGBA8
                0x0013540c                sf2d_create_texture_mem_RGBA8
                0x00135450                sf2d_bind_texture
                0x001354c8                sf2d_bind_texture_color
                0x00135548                sf2d_bind_texture_parameters
                0x001355c0                sf2d_draw_texture
                0x00135700                sf2d_draw_texture_blend
                0x00135844                sf2d_draw_texture_rotate_hotspot
                0x001359f4                sf2d_draw_texture_rotate_hotspot_blend
                0x00135ba8                sf2d_draw_texture_rotate
                0x00135d6c                sf2d_draw_texture_rotate_blend
                0x00135f34                sf2d_draw_texture_part
                0x001360b0                sf2d_draw_texture_part_blend
                0x00136230                sf2d_draw_texture_scale
                0x00136398                sf2d_draw_texture_scale_blend
                0x00136504                sf2d_draw_texture_part_scale
                0x00136658                sf2d_draw_texture_part_scale_blend
                0x001367b0                sf2d_draw_texture_part_rotate_scale
                0x001369c8                sf2d_draw_texture_part_rotate_scale_blend
                0x00136be4                sf2d_draw_texture_depth
                0x00136d44                sf2d_draw_texture_depth_blend
                0x00136ea8                sf2d_draw_quad_uv
                0x00136fd4                sf2d_set_pixel
                0x00137068                sf2d_get_pixel
                0x001370f8                sf2d_texture_tile32
 .text          0x00137108        0x0 c:/devkitPro/libctru/lib\libsf2d.a(shader.vsh.o)
 .text          0x00137108      0x1d4 c:/devkitPro/libctru/lib\libctru.a(linear.o)
                0x00137130                linearMemAlign
                0x00137270                linearAlloc
                0x00137278                linearRealloc
                0x00137280                linearFree
                0x001372d0                linearSpaceFree
 .text          0x001372dc      0x35c c:/devkitPro/libctru/lib\libctru.a(mem_pool.o)
                0x001372dc                MemPool::CoalesceRight(MemBlock*)
                0x0013737c                MemPool::Allocate(MemChunk&, unsigned long, int)
                0x00137504                MemPool::Deallocate(MemChunk const&)
                0x00137608                MemPool::GetFreeSpace()
 .text          0x00137638      0x1c4 c:/devkitPro/libctru/lib\libctru.a(vram.o)
                0x00137660                vramMemAlign
                0x00137790                vramAlloc
                0x00137798                vramRealloc
                0x001377a0                vramFree
                0x001377f0                vramSpaceFree
 .text          0x001377fc      0x72c c:/devkitPro/libctru/lib\libctru.a(gfx.o)
                0x00137888                gfxSet3D
                0x00137898                gfxSetScreenFormat
                0x001378b0                gfxGetScreenFormat
                0x001378c8                gfxSetDoubleBuffering
                0x001378dc                gfxSetFramebufferInfo
                0x0013794c                gfxWriteFramebufferInfo
                0x00137a10                gfxInit
                0x00137bf0                gfxInitDefault
                0x00137c00                gfxExit
                0x00137ccc                gfxGetFramebuffer
                0x00137d7c                gfxFlushBuffers
                0x00137e58                gfxSwapBuffers
                0x00137ecc                gfxSwapBuffersGpu
 .text          0x00137f28      0x288 c:/devkitPro/libctru/lib\libctru.a(os.o)
                0x00137f80                osConvertVirtToPhys
                0x00137fcc                osConvertOldLINEARMemToNew
                0x00137fec                __libctru_gtod
                0x001380e4                osGetTime
                0x00138158                osGetFirmVersion
                0x0013816c                osGetKernelVersion
                0x00138180                osStrError
                0x001381a0                osGetWifiStrength
 .text          0x001381b0     0x1a58 c:/devkitPro/libctru/lib\libctru.a(gpu.o)
                0x00138230                GPU_Init
                0x0013825c                GPUCMD_SetBuffer
                0x00138288                GPUCMD_SetBufferOffset
                0x00138298                GPUCMD_GetBuffer
                0x001382d8                GPUCMD_AddRawCommands
                0x00138324                GPUCMD_Run
                0x00138384                GPUCMD_FlushAndRun
                0x001383f8                GPUCMD_Add
                0x001384dc                GPUCMD_Finalize
                0x00138574                GPU_Reset
                0x00138d54                GPU_SetFloatUniform
                0x00138dcc                GPU_SetViewport
                0x00138fc0                GPU_SetScissorTest
                0x0013900c                GPU_DepthMap
                0x00139088                GPU_SetAlphaTest
                0x001390c0                GPU_SetStencilTest
                0x00139108                GPU_SetStencilOp
                0x0013913c                GPU_SetDepthTestAndWriteMask
                0x00139174                GPU_SetAlphaBlending
                0x001391dc                GPU_SetColorLogicOp
                0x00139220                GPU_SetBlendingColor
                0x0013925c                GPU_SetTextureEnable
                0x001392a8                GPU_SetTexture
                0x00139440                GPU_SetTextureBorderColor
                0x001394d4                GPU_SetAttributeBuffers
                0x001396d0                GPU_SetAttributeBuffersAddress
                0x001396fc                GPU_SetFaceCulling
                0x00139728                GPU_SetCombinerBufferWrite
                0x0013975c                GPU_SetTexEnv
                0x001397d4                GPU_DrawArray
                0x00139904                GPU_DrawElements
                0x00139a38                GPU_FinishDrawing
                0x00139a94                GPU_SetShaderOutmap
                0x00139adc                GPU_SendShaderCode
                0x00139b94                GPU_SendOperandDescriptors
 .text          0x00139c08        0x0 c:/devkitPro/libctru/lib\libctru.a(gpuResetSequence.o)
 .text          0x00139c08      0x7f4 c:/devkitPro/libctru/lib\libctru.a(shaderProgram.o)
                0x00139c08                shaderInstanceInit
                0x00139e10                shaderInstanceFree
                0x00139e48                shaderInstanceSetBool
                0x00139e88                shaderInstanceGetBool
                0x00139ed4                shaderInstanceGetUniformLocation
                0x00139ef4                shaderProgramInit
                0x00139f0c                shaderProgramFree
                0x00139f3c                shaderProgramSetVsh
                0x00139fa8                shaderProgramSetGsh
                0x0013a01c                shaderProgramUse
 .text          0x0013a3fc      0x348 c:/devkitPro/libctru/lib\libctru.a(shbin.o)
                0x0013a3fc                DVLB_Free
                0x0013a438                DVLE_GetUniformRegister
                0x0013a4b4                DVLE_GenerateOutmap
                0x0013a5ac                DVLB_ParseFile
 .text          0x0013a744     0x1d4c c:/devkitPro/libctru/lib\libctru.a(apt.o)
                0x0013a7a8                _aptDebug
                0x0013a7ac                aptInitCaptureInfo
                0x0013a85c                aptWaitStatusEvent
                0x0013a884                aptHook
                0x0013a8bc                aptUnhook
                0x0013a8e8                aptGetStatus
                0x0013a920                aptSetStatus
                0x0013a984                aptGetStatusPower
                0x0013a9bc                aptSetStatusPower
                0x0013a9f4                aptOpenSession
                0x0013aa18                aptCloseSession
                0x0013aa40                aptSignalReadyForSleep
                0x0013aa50                APT_GetLockHandle
                0x0013aaa0                APT_Initialize
                0x0013ab08                APT_Finalize
                0x0013ab44                APT_HardwareResetAsync
                0x0013ab78                APT_Enable
                0x0013abb4                APT_GetAppletManInfo
                0x0013ac34                aptGetMenuAppID
                0x0013ac70                APT_GetAppletProgramInfo
                0x0013acc4                APT_IsRegistered
                0x0013ad14                APT_InquireNotification
                0x0013ad64                APT_PrepareToJumpToHomeMenu
                0x0013ad98                APT_JumpToHomeMenu
                0x0013ade8                APT_PrepareToJumpToApplication
                0x0013ae24                APT_JumpToApplication
                0x0013ae74                APT_NotifyToWait
                0x0013aeb0                APT_AppletUtility
                0x0013af38                aptAppletUtility_Exit_RetToApp
                0x0013b058                aptAppletClosed
                0x0013b194                aptInit
                0x0013b34c                APT_GlanceParameter
                0x0013b3c0                APT_ReceiveParameter
                0x0013b434                APT_SendParameter
                0x0013b4a4                APT_SendCaptureBufferInfo
                0x0013b4f0                aptReturnToMenu
                0x0013b6c4                APT_ReplySleepQuery
                0x0013b704                APT_ReplySleepNotificationComplete
                0x0013b740                aptEventHandler
                0x0013ba4c                APT_PrepareToCloseApplication
                0x0013ba88                APT_CloseApplication
                0x0013bae0                aptExit
                0x0013bccc                APT_SetAppCpuTimeLimit
                0x0013bd10                APT_GetAppCpuTimeLimit
                0x0013bd64                APT_CheckNew3DS_Application
                0x0013bdc0                APT_CheckNew3DS_System
                0x0013be1c                APT_CheckNew3DS
                0x0013be90                APT_PrepareToDoAppJump
                0x0013bedc                APT_DoAppJump
                0x0013bf44                APT_PrepareToStartLibraryApplet
                0x0013bf80                APT_StartLibraryApplet
                0x0013bfe0                aptAppletStarted
                0x0013c0e4                aptMainLoop
                0x0013c25c                APT_LaunchLibraryApplet
                0x0013c3f4                APT_PrepareToStartSystemApplet
                0x0013c430                APT_StartSystemApplet
 .text          0x0013c490      0x8a0 c:/devkitPro/libctru/lib\libctru.a(gsp.o)
                0x0013c574                gspInit
                0x0013c588                gspExit
                0x0013c5a0                gspInitEventHandler
                0x0013c66c                gspExitEventHandler
                0x0013c6c4                gspWaitForEvent
                0x0013c71c                GSPGPU_WriteHWRegs
                0x0013c78c                GSPGPU_WriteHWRegsWithMask
                0x0013c818                GSPGPU_ReadHWRegs
                0x0013c888                GSPGPU_SetBufferSwap
                0x0013c8fc                GSPGPU_FlushDataCache
                0x0013c950                GSPGPU_InvalidateDataCache
                0x0013c9a4                GSPGPU_SetLcdForceBlack
                0x0013c9e0                GSPGPU_TriggerCmdReqQueue
                0x0013ca14                GSPGPU_RegisterInterruptRelayQueue
                0x0013ca80                GSPGPU_UnregisterInterruptRelayQueue
                0x0013cab4                GSPGPU_AcquireRight
                0x0013cb04                GSPGPU_ReleaseRight
                0x0013cb38                GSPGPU_ImportDisplayCaptureInfo
                0x0013cbbc                GSPGPU_SaveVramSysArea
                0x0013cbf0                GSPGPU_RestoreVramSysArea
                0x0013cc24                GSPGPU_SubmitGxCommand
 .text          0x0013cd30      0x264 c:/devkitPro/libctru/lib\libctru.a(gx.o)
                0x0013cd30                GX_RequestDma
                0x0013cd84                GX_SetCommandList_Last
                0x0013cdec                GX_SetMemoryFill
                0x0013ce60                GX_SetDisplayTransfer
                0x0013cec4                GX_SetTextureCopy
                0x0013cf2c                GX_SetCommandList_First
 .text          0x0013cf94      0x708 c:/devkitPro/libctru/lib\libctru.a(hid.o)
                0x0013cf94                hidExit
                0x0013d038                hidWaitForEvent
                0x0013d090                hidCheckSectionUpdateTime
                0x0013d0cc                hidScanInput
                0x0013d314                hidKeysHeld
                0x0013d324                hidKeysDown
                0x0013d334                hidKeysUp
                0x0013d344                hidTouchRead
                0x0013d35c                hidCircleRead
                0x0013d374                hidAccelRead
                0x0013d394                hidGyroRead
                0x0013d3b4                HIDUSER_GetHandles
                0x0013d444                hidInit
                0x0013d578                HIDUSER_EnableAccelerometer
                0x0013d5a4                HIDUSER_DisableAccelerometer
                0x0013d5d0                HIDUSER_EnableGyroscope
                0x0013d5fc                HIDUSER_DisableGyroscope
                0x0013d628                HIDUSER_GetGyroscopeRawToDpsCoefficient
                0x0013d664                HIDUSER_GetSoundVolume
 .text          0x0013d69c      0x388 c:/devkitPro/libctru/lib\libctru.a(irrst.o)
                0x0013d69c                irrstWaitForEvent
                0x0013d6e8                irrstCheckSectionUpdateTime
                0x0013d724                irrstScanInput
                0x0013d7d8                irrstKeysHeld
                0x0013d7f0                irrstCstickRead
                0x0013d808                IRRST_GetHandles
                0x0013d858                IRRST_Initialize
                0x0013d890                irrstInit
                0x0013d974                IRRST_Shutdown
                0x0013d9a0                irrstExit
 .text          0x0013da24       0x70 c:/devkitPro/libctru/lib\libctru.a(rbtree_find.o)
                0x0013da24                rbtree_find
 .text          0x0013da94       0x14 c:/devkitPro/libctru/lib\libctru.a(rbtree_init.o)
                0x0013da94                rbtree_init
 .text          0x0013daa8      0x1f4 c:/devkitPro/libctru/lib\libctru.a(rbtree_insert.o)
                0x0013dc8c                rbtree_insert
                0x0013dc94                rbtree_insert_multi
 .text          0x0013dc9c      0x340 c:/devkitPro/libctru/lib\libctru.a(rbtree_remove.o)
                0x0013dc9c                rbtree_remove
 .text          0x0013dfdc       0xac c:/devkitPro/libctru/lib\libctru.a(rbtree_rotate.o)
                0x0013dfdc                rbtree_rotate
 .text          0x0013e088       0xa4 c:/devkitPro/libctru/lib\libctru.a(allocateHeaps.o)
                0x0013e088                __system_allocateHeaps
 .text          0x0013e12c       0xf4 c:/devkitPro/libctru/lib\libctru.a(initArgv.o)
                0x0013e12c                __system_initArgv
 .text          0x0013e220       0x4c c:/devkitPro/libctru/lib\libctru.a(initSystem.o)
                0x0013e220                __libctru_init
 *fill*         0x0013e26c        0x4 
 .text          0x0013e270      0x460 c:/devkitPro/libctru/lib\libctru.a(svc.o)
                0x0013e270                svcControlMemory
                0x0013e290                svcQueryMemory
                0x0013e2c0                svcExitProcess
                0x0013e2c8                svcCreateThread
                0x0013e2e8                svcExitThread
                0x0013e2f0                svcSleepThread
                0x0013e2f8                svcGetThreadPriority
                0x0013e30c                svcSetThreadPriority
                0x0013e314                svcGetThreadAffinityMask
                0x0013e31c                svcSetThreadAffinityMask
                0x0013e324                svcGetThreadIdealProcessor
                0x0013e338                svcSetThreadIdealProcessor
                0x0013e340                svcGetProcessorID
                0x0013e348                svcCreateMutex
                0x0013e35c                svcReleaseMutex
                0x0013e364                svcCreateSemaphore
                0x0013e378                svcReleaseSemaphore
                0x0013e38c                svcCreateEvent
                0x0013e3a0                svcSignalEvent
                0x0013e3a8                svcClearEvent
                0x0013e3b0                svcCreateTimer
                0x0013e3c4                svcSetTimer
                0x0013e3cc                svcCancelTimer
                0x0013e3d4                svcClearTimer
                0x0013e3dc                svcCreateMemoryBlock
                0x0013e3f4                svcMapMemoryBlock
                0x0013e3fc                svcUnmapMemoryBlock
                0x0013e404                svcCreateAddressArbiter
                0x0013e418                svcArbitrateAddress
                0x0013e438                svcCloseHandle
                0x0013e440                svcWaitSynchronization
                0x0013e448                svcWaitSynchronizationN
                0x0013e470                svcDuplicateHandle
                0x0013e484                svcGetSystemTick
                0x0013e48c                svcGetSystemInfo
                0x0013e4a4                svcGetProcessInfo
                0x0013e4bc                svcGetThreadInfo
                0x0013e4d4                svcConnectToPort
                0x0013e4e8                svcSendSyncRequest
                0x0013e4f0                svcOpenProcess
                0x0013e504                svcOpenThread
                0x0013e518                svcGetProcessId
                0x0013e52c                svcGetProcessIdOfThread
                0x0013e540                svcGetThreadId
                0x0013e554                svcBreak
                0x0013e55c                svcOutputDebugString
                0x0013e564                svcCreatePort
                0x0013e584                svcAcceptSession
                0x0013e59c                svcReplyAndReceive
                0x0013e5b4                svcInvalidateProcessDataCache
                0x0013e5bc                svcFlushProcessDataCache
                0x0013e5c4                svcStartInterProcessDma
                0x0013e5e4                svcStopDma
                0x0013e5ec                svcGetDmaState
                0x0013e600                svcDebugActiveProcess
                0x0013e614                svcBreakDebugProcess
                0x0013e61c                svcTerminateDebugProcess
                0x0013e624                svcGetProcessDebugEvent
                0x0013e62c                svcContinueDebugEvent
                0x0013e634                svcGetProcessList
                0x0013e654                svcReadProcessMemory
                0x0013e65c                svcWriteProcessMemory
                0x0013e664                svcControlProcessMemory
                0x0013e67c                svcMapProcessMemory
                0x0013e684                svcUnmapProcessMemory
                0x0013e68c                svcTerminateProcess
                0x0013e694                svcBackdoor
                0x0013e69c                svcKernelSetState
                0x0013e6a4                svcQueryProcessMemory
 .text          0x0013e6d0       0x64 c:/devkitPro/libctru/lib\libctru.a(stack_adjust.o)
                0x0013e6d0                initSystem
                0x0013e714                __ctru_exit
 .text          0x0013e734      0x3b8 c:/devkitPro/libctru/lib\libctru.a(srv.o)
                0x0013e734                __get_handle_from_list
                0x0013e7cc                __destroy_handle_list
                0x0013e820                srvExit
                0x0013e848                srvGetSessionHandle
                0x0013e854                srvRegisterClient
                0x0013e88c                srvInit
                0x0013e8f4                srvGetServiceHandle
                0x0013e974                srvRegisterService
                0x0013e9d0                srvUnregisterService
                0x0013ea1c                srvPmInit
                0x0013ea70                srvRegisterProcess
                0x0013eab8                srvUnregisterProcess
 .text          0x0013eaec      0x118 c:/devkitPro/libctru/lib\libctru.a(rbtree_iterator.o)
                0x0013eaec                rbtree_node_next
                0x0013eb78                rbtree_node_prev
 .text          0x0013ec04       0x1c c:/devkitPro/libctru/lib\libctru.a(appExit.o)
                0x0013ec04                __appExit
 .text          0x0013ec20       0x20 c:/devkitPro/libctru/lib\libctru.a(appInit.o)
                0x0013ec20                __appInit
 .text          0x0013ec40       0x90 c:/devkitPro/libctru/lib\libctru.a(ctru_exit.o)
                0x0013ec40                __libctru_exit
 .text          0x0013ecd0      0xffc c:/devkitPro/libctru/lib\libctru.a(sdmc_dev.o)
                0x0013fb4c                sdmcInit
                0x0013fc7c                sdmcExit
 .text          0x0013fccc      0xc88 c:/devkitPro/libctru/lib\libctru.a(fs.o)
                0x0013fccc                FS_makePath
                0x0013fcf8                fsExit
                0x0013fd1c                fsGetSessionHandle
                0x0013fd28                FSUSER_Initialize
                0x0013fd9c                fsInit
                0x0013fe08                FSUSER_OpenFile
                0x0013feb4                FSUSER_OpenFileDirectly
                0x0013ff80                FSUSER_DeleteFile
                0x00140008                FSUSER_RenameFile
                0x001400cc                FSUSER_DeleteDirectory
                0x00140154                FSUSER_DeleteDirectoryRecursively
                0x001401dc                FSUSER_CreateFile
                0x00140274                FSUSER_CreateDirectory
                0x00140300                FSUSER_RenameDirectory
                0x001403c4                FSUSER_OpenDirectory
                0x00140458                FSUSER_OpenArchive
                0x001404e0                FSUSER_CloseArchive
                0x00140538                FSUSER_GetSdmcArchiveResource
                0x001405b4                FSUSER_GetNandArchiveResource
                0x00140630                FSUSER_IsSdmcDetected
                0x0014067c                FSUSER_IsSdmcWritable
                0x001406c8                FSFILE_Close
                0x0014070c                FSFILE_Read
                0x00140768                FSFILE_Write
                0x001407cc                FSFILE_GetSize
                0x0014080c                FSFILE_SetSize
                0x00140838                FSFILE_GetAttributes
                0x00140870                FSFILE_SetAttributes
                0x00140898                FSFILE_Flush
                0x001408bc                FSDIR_Read
                0x00140910                FSDIR_Close
 .text          0x00140954      0x138 c:/devkitPro/libctru/lib\libctru.a(decode_utf8.o)
                0x00140954                decode_utf8
 .text          0x00140a8c       0xe8 c:/devkitPro/libctru/lib\libctru.a(utf16_to_utf8.o)
                0x00140a8c                utf16_to_utf8
 .text          0x00140b74       0xb8 c:/devkitPro/libctru/lib\libctru.a(utf8_to_utf16.o)
                0x00140b74                utf8_to_utf16
 .text          0x00140c2c       0x60 c:/devkitPro/libctru/lib\libctru.a(decode_utf16.o)
                0x00140c2c                decode_utf16
 .text          0x00140c8c       0x68 c:/devkitPro/libctru/lib\libctru.a(encode_utf16.o)
                0x00140c8c                encode_utf16
 .text          0x00140cf4      0x104 c:/devkitPro/libctru/lib\libctru.a(encode_utf8.o)
                0x00140cf4                encode_utf8
 .text          0x00140df8        0x0 c:/devkitpro/devkitarm/bin/../lib/gcc/arm-none-eabi/4.9.2/../../../../arm-none-eabi/lib/armv6k/fpu\libm.a(lib_a-sf_cos.o)
 .text          0x00140df8        0x0 c:/devkitpro/devkitarm/bin/../lib/gcc/arm-none-eabi/4.9.2/../../../../arm-none-eabi/lib/armv6k/fpu\libm.a(lib_a-s_floor.o)
 .text          0x00140df8        0x0 c:/devkitpro/devkitarm/bin/../lib/gcc/arm-none-eabi/4.9.2/../../../../arm-none-eabi/lib/armv6k/fpu\libm.a(lib_a-s_frexp.o)
 .text          0x00140df8        0x0 c:/devkitpro/devkitarm/bin/../lib/gcc/arm-none-eabi/4.9.2/../../../../arm-none-eabi/lib/armv6k/fpu\libm.a(lib_a-sf_sin.o)
 .text          0x00140df8        0x0 c:/devkitpro/devkitarm/bin/../lib/gcc/arm-none-eabi/4.9.2/../../../../arm-none-eabi/lib/armv6k/fpu\libm.a(lib_a-s_modf.o)
 .text          0x00140df8        0x0 c:/devkitpro/devkitarm/bin/../lib/gcc/arm-none-eabi/4.9.2/../../../../arm-none-eabi/lib/armv6k/fpu\libm.a(lib_a-w_pow.o)
 .text          0x00140df8        0x0 c:/devkitpro/devkitarm/bin/../lib/gcc/arm-none-eabi/4.9.2/../../../../arm-none-eabi/lib/armv6k/fpu\libm.a(lib_a-ef_rem_pio2.o)
 .text          0x00140df8        0x0 c:/devkitpro/devkitarm/bin/../lib/gcc/arm-none-eabi/4.9.2/../../../../arm-none-eabi/lib/armv6k/fpu\libm.a(lib_a-e_pow.o)
 .text          0x00140df8        0x0 c:/devkitpro/devkitarm/bin/../lib/gcc/arm-none-eabi/4.9.2/../../../../arm-none-eabi/lib/armv6k/fpu\libm.a(lib_a-e_sqrt.o)
 .text          0x00140df8        0x0 c:/devkitpro/devkitarm/bin/../lib/gcc/arm-none-eabi/4.9.2/../../../../arm-none-eabi/lib/armv6k/fpu\libm.a(lib_a-kf_cos.o)
 .text          0x00140df8        0x0 c:/devkitpro/devkitarm/bin/../lib/gcc/arm-none-eabi/4.9.2/../../../../arm-none-eabi/lib/armv6k/fpu\libm.a(lib_a-kf_rem_pio2.o)
 .text          0x00140df8        0x0 c:/devkitpro/devkitarm/bin/../lib/gcc/arm-none-eabi/4.9.2/../../../../arm-none-eabi/lib/armv6k/fpu\libm.a(lib_a-kf_sin.o)
 .text          0x00140df8        0x0 c:/devkitpro/devkitarm/bin/../lib/gcc/arm-none-eabi/4.9.2/../../../../arm-none-eabi/lib/armv6k/fpu\libm.a(lib_a-s_fabs.o)
 .text          0x00140df8        0x0 c:/devkitpro/devkitarm/bin/../lib/gcc/arm-none-eabi/4.9.2/../../../../arm-none-eabi/lib/armv6k/fpu\libm.a(lib_a-sf_fabs.o)
 .text          0x00140df8        0x0 c:/devkitpro/devkitarm/bin/../lib/gcc/arm-none-eabi/4.9.2/../../../../arm-none-eabi/lib/armv6k/fpu\libm.a(lib_a-sf_floor.o)
 .text          0x00140df8        0x0 c:/devkitpro/devkitarm/bin/../lib/gcc/arm-none-eabi/4.9.2/../../../../arm-none-eabi/lib/armv6k/fpu\libm.a(lib_a-s_finite.o)
 .text          0x00140df8        0x0 c:/devkitpro/devkitarm/bin/../lib/gcc/arm-none-eabi/4.9.2/../../../../arm-none-eabi/lib/armv6k/fpu\libm.a(lib_a-s_fpclassify.o)
 .text          0x00140df8        0x0 c:/devkitpro/devkitarm/bin/../lib/gcc/arm-none-eabi/4.9.2/../../../../arm-none-eabi/lib/armv6k/fpu\libm.a(lib_a-sf_scalbn.o)
 .text          0x00140df8        0x0 c:/devkitpro/devkitarm/bin/../lib/gcc/arm-none-eabi/4.9.2/../../../../arm-none-eabi/lib/armv6k/fpu\libm.a(lib_a-s_lib_ver.o)
 .text          0x00140df8        0x0 c:/devkitpro/devkitarm/bin/../lib/gcc/arm-none-eabi/4.9.2/../../../../arm-none-eabi/lib/armv6k/fpu\libm.a(lib_a-s_matherr.o)
 .text          0x00140df8        0x0 c:/devkitpro/devkitarm/bin/../lib/gcc/arm-none-eabi/4.9.2/../../../../arm-none-eabi/lib/armv6k/fpu\libm.a(lib_a-s_nan.o)
 .text          0x00140df8        0x0 c:/devkitpro/devkitarm/bin/../lib/gcc/arm-none-eabi/4.9.2/../../../../arm-none-eabi/lib/armv6k/fpu\libm.a(lib_a-s_rint.o)
 .text          0x00140df8        0x0 c:/devkitpro/devkitarm/bin/../lib/gcc/arm-none-eabi/4.9.2/../../../../arm-none-eabi/lib/armv6k/fpu\libm.a(lib_a-s_scalbn.o)
 .text          0x00140df8        0x0 c:/devkitpro/devkitarm/bin/../lib/gcc/arm-none-eabi/4.9.2/../../../../arm-none-eabi/lib/armv6k/fpu\libm.a(lib_a-s_copysign.o)
 .text          0x00140df8        0x0 c:/devkitpro/devkitarm/bin/../lib/gcc/arm-none-eabi/4.9.2/../../../../arm-none-eabi/lib/armv6k/fpu\libm.a(lib_a-sf_copysign.o)
 .text          0x00140df8      0x20c c:/devkitpro/devkitarm/bin/../lib/gcc/arm-none-eabi/4.9.2/armv6k/fpu\libgcc.a(_udivsi3.o)
                0x00140df8                __aeabi_uidiv
                0x00140df8                __udivsi3
                0x00140fe4                __aeabi_uidivmod
 .text          0x00141004      0x240 c:/devkitpro/devkitarm/bin/../lib/gcc/arm-none-eabi/4.9.2/armv6k/fpu\libgcc.a(_divsi3.o)
                0x00141004                __divsi3
                0x00141004                __aeabi_idiv
                0x00141224                __aeabi_idivmod
 .text          0x00141244        0x4 c:/devkitpro/devkitarm/bin/../lib/gcc/arm-none-eabi/4.9.2/armv6k/fpu\libgcc.a(_dvmd_tls.o)
                0x00141244                __aeabi_idiv0
                0x00141244                __aeabi_ldiv0
 .text          0x00141248      0x250 c:/devkitpro/devkitarm/bin/../lib/gcc/arm-none-eabi/4.9.2/armv6k/fpu\libgcc.a(_arm_addsubsf3.o)
                0x00141248                __aeabi_frsub
                0x00141250                __subsf3
                0x00141250                __aeabi_fsub
                0x00141254                __aeabi_fadd
                0x00141254                __addsf3
                0x001413e4                __aeabi_ui2f
                0x001413e4                __floatunsisf
                0x001413ec                __aeabi_i2f
                0x001413ec                __floatsisf
                0x0014140c                __aeabi_ul2f
                0x0014140c                __floatundisf
                0x0014141c                __aeabi_l2f
                0x0014141c                __floatdisf
 .text          0x00141498        0x0 c:/devkitpro/devkitarm/bin/../lib/gcc/arm-none-eabi/4.9.2/../../../../arm-none-eabi/lib/armv6k/fpu\libg.a(lib_a-abort.o)
 .text          0x00141498        0x0 c:/devkitpro/devkitarm/bin/../lib/gcc/arm-none-eabi/4.9.2/../../../../arm-none-eabi/lib/armv6k/fpu\libg.a(lib_a-atof.o)
 .text          0x00141498        0x0 c:/devkitpro/devkitarm/bin/../lib/gcc/arm-none-eabi/4.9.2/../../../../arm-none-eabi/lib/armv6k/fpu\libg.a(lib_a-bsearch.o)
 .text          0x00141498        0x0 c:/devkitpro/devkitarm/bin/../lib/gcc/arm-none-eabi/4.9.2/../../../../arm-none-eabi/lib/armv6k/fpu\libg.a(lib_a-errno.o)
 .text          0x00141498        0x0 c:/devkitpro/devkitarm/bin/../lib/gcc/arm-none-eabi/4.9.2/../../../../arm-none-eabi/lib/armv6k/fpu\libg.a(lib_a-exit.o)
 .text          0x00141498        0x0 c:/devkitpro/devkitarm/bin/../lib/gcc/arm-none-eabi/4.9.2/../../../../arm-none-eabi/lib/armv6k/fpu\libg.a(lib_a-fclose.o)
 .text          0x00141498        0x0 c:/devkitpro/devkitarm/bin/../lib/gcc/arm-none-eabi/4.9.2/../../../../arm-none-eabi/lib/armv6k/fpu\libg.a(lib_a-fflush.o)
 .text          0x00141498        0x0 c:/devkitpro/devkitarm/bin/../lib/gcc/arm-none-eabi/4.9.2/../../../../arm-none-eabi/lib/armv6k/fpu\libg.a(lib_a-findfp.o)
 .text          0x00141498        0x0 c:/devkitpro/devkitarm/bin/../lib/gcc/arm-none-eabi/4.9.2/../../../../arm-none-eabi/lib/armv6k/fpu\libg.a(lib_a-fini.o)
 .text          0x00141498        0x0 c:/devkitpro/devkitarm/bin/../lib/gcc/arm-none-eabi/4.9.2/../../../../arm-none-eabi/lib/armv6k/fpu\libg.a(lib_a-fopen.o)
 .text          0x00141498        0x0 c:/devkitpro/devkitarm/bin/../lib/gcc/arm-none-eabi/4.9.2/../../../../arm-none-eabi/lib/armv6k/fpu\libg.a(lib_a-fprintf.o)
 .text          0x00141498        0x0 c:/devkitpro/devkitarm/bin/../lib/gcc/arm-none-eabi/4.9.2/../../../../arm-none-eabi/lib/armv6k/fpu\libg.a(lib_a-fputc.o)
 .text          0x00141498        0x0 c:/devkitpro/devkitarm/bin/../lib/gcc/arm-none-eabi/4.9.2/../../../../arm-none-eabi/lib/armv6k/fpu\libg.a(lib_a-fread.o)
 .text          0x00141498        0x0 c:/devkitpro/devkitarm/bin/../lib/gcc/arm-none-eabi/4.9.2/../../../../arm-none-eabi/lib/armv6k/fpu\libg.a(lib_a-freer.o)
 .text          0x00141498        0x0 c:/devkitpro/devkitarm/bin/../lib/gcc/arm-none-eabi/4.9.2/../../../../arm-none-eabi/lib/armv6k/fpu\libg.a(lib_a-fseek.o)
 .text          0x00141498        0x0 c:/devkitpro/devkitarm/bin/../lib/gcc/arm-none-eabi/4.9.2/../../../../arm-none-eabi/lib/armv6k/fpu\libg.a(lib_a-fseeko.o)
 .text          0x00141498        0x0 c:/devkitpro/devkitarm/bin/../lib/gcc/arm-none-eabi/4.9.2/../../../../arm-none-eabi/lib/armv6k/fpu\libg.a(lib_a-fwalk.o)
 .text          0x00141498        0x0 c:/devkitpro/devkitarm/bin/../lib/gcc/arm-none-eabi/4.9.2/../../../../arm-none-eabi/lib/armv6k/fpu\libg.a(lib_a-fwrite.o)
 .text          0x00141498        0x0 c:/devkitpro/devkitarm/bin/../lib/gcc/arm-none-eabi/4.9.2/../../../../arm-none-eabi/lib/armv6k/fpu\libg.a(lib_a-gmtime.o)
 .text          0x00141498        0x0 c:/devkitpro/devkitarm/bin/../lib/gcc/arm-none-eabi/4.9.2/../../../../arm-none-eabi/lib/armv6k/fpu\libg.a(lib_a-gmtime_r.o)
 .text          0x00141498        0x0 c:/devkitpro/devkitarm/bin/../lib/gcc/arm-none-eabi/4.9.2/../../../../arm-none-eabi/lib/armv6k/fpu\libg.a(lib_a-impure.o)
 .text          0x00141498        0x0 c:/devkitpro/devkitarm/bin/../lib/gcc/arm-none-eabi/4.9.2/../../../../arm-none-eabi/lib/armv6k/fpu\libg.a(lib_a-init.o)
 .text          0x00141498        0x0 c:/devkitpro/devkitarm/bin/../lib/gcc/arm-none-eabi/4.9.2/../../../../arm-none-eabi/lib/armv6k/fpu\libg.a(lib_a-makebuf.o)
 .text          0x00141498        0x0 c:/devkitpro/devkitarm/bin/../lib/gcc/arm-none-eabi/4.9.2/../../../../arm-none-eabi/lib/armv6k/fpu\libg.a(lib_a-malloc.o)
 .text          0x00141498        0x0 c:/devkitpro/devkitarm/bin/../lib/gcc/arm-none-eabi/4.9.2/../../../../arm-none-eabi/lib/armv6k/fpu\libg.a(lib_a-mallocr.o)
 .text          0x00141498        0x0 c:/devkitpro/devkitarm/bin/../lib/gcc/arm-none-eabi/4.9.2/../../../../arm-none-eabi/lib/armv6k/fpu\libg.a(lib_a-memcmp.o)
 .text          0x00141498        0x0 c:/devkitpro/devkitarm/bin/../lib/gcc/arm-none-eabi/4.9.2/../../../../arm-none-eabi/lib/armv6k/fpu\libg.a(lib_a-memcpy.o)
 .text          0x00141498        0x0 c:/devkitpro/devkitarm/bin/../lib/gcc/arm-none-eabi/4.9.2/../../../../arm-none-eabi/lib/armv6k/fpu\libg.a(lib_a-memset.o)
 .text          0x00141498        0x0 c:/devkitpro/devkitarm/bin/../lib/gcc/arm-none-eabi/4.9.2/../../../../arm-none-eabi/lib/armv6k/fpu\libg.a(lib_a-mlock.o)
 .text          0x00141498        0x0 c:/devkitpro/devkitarm/bin/../lib/gcc/arm-none-eabi/4.9.2/../../../../arm-none-eabi/lib/armv6k/fpu\libg.a(lib_a-month_lengths.o)
 .text          0x00141498        0x0 c:/devkitpro/devkitarm/bin/../lib/gcc/arm-none-eabi/4.9.2/../../../../arm-none-eabi/lib/armv6k/fpu\libg.a(lib_a-printf.o)
 .text          0x00141498        0x0 c:/devkitpro/devkitarm/bin/../lib/gcc/arm-none-eabi/4.9.2/../../../../arm-none-eabi/lib/armv6k/fpu\libg.a(lib_a-putchar.o)
 .text          0x00141498        0x0 c:/devkitpro/devkitarm/bin/../lib/gcc/arm-none-eabi/4.9.2/../../../../arm-none-eabi/lib/armv6k/fpu\libg.a(lib_a-putc.o)
 .text          0x00141498        0x0 c:/devkitpro/devkitarm/bin/../lib/gcc/arm-none-eabi/4.9.2/../../../../arm-none-eabi/lib/armv6k/fpu\libg.a(lib_a-rand.o)
 .text          0x00141498        0x0 c:/devkitpro/devkitarm/bin/../lib/gcc/arm-none-eabi/4.9.2/../../../../arm-none-eabi/lib/armv6k/fpu\libg.a(lib_a-realloc.o)
 .text          0x00141498        0x0 c:/devkitpro/devkitarm/bin/../lib/gcc/arm-none-eabi/4.9.2/../../../../arm-none-eabi/lib/armv6k/fpu\libg.a(lib_a-reallocr.o)
 .text          0x00141498        0x0 c:/devkitpro/devkitarm/bin/../lib/gcc/arm-none-eabi/4.9.2/../../../../arm-none-eabi/lib/armv6k/fpu\libg.a(lib_a-refill.o)
 .text          0x00141498        0x0 c:/devkitpro/devkitarm/bin/../lib/gcc/arm-none-eabi/4.9.2/../../../../arm-none-eabi/lib/armv6k/fpu\libg.a(lib_a-remove.o)
 .text          0x00141498       0x2c c:/devkitpro/devkitarm/bin/../lib/gcc/arm-none-eabi/4.9.2/../../../../arm-none-eabi/lib/armv6k/fpu\libg.a(lib_a-setjmp.o)
                0x00141498                setjmp
                0x001414ac                longjmp
 .text          0x001414c4        0x0 c:/devkitpro/devkitarm/bin/../lib/gcc/arm-none-eabi/4.9.2/../../../../arm-none-eabi/lib/armv6k/fpu\libg.a(lib_a-signal.o)
 .text          0x001414c4        0x0 c:/devkitpro/devkitarm/bin/../lib/gcc/arm-none-eabi/4.9.2/../../../../arm-none-eabi/lib/armv6k/fpu\libg.a(lib_a-stdio.o)
 *fill*         0x001414c4       0x1c 
 .text          0x001414e0      0x3a0 c:/devkitpro/devkitarm/bin/../lib/gcc/arm-none-eabi/4.9.2/../../../../arm-none-eabi/lib/armv6k/fpu\libg.a(lib_a-strcmp.o)
                0x001414e8                strcmp
 .text          0x00141880        0x0 c:/devkitpro/devkitarm/bin/../lib/gcc/arm-none-eabi/4.9.2/../../../../arm-none-eabi/lib/armv6k/fpu\libg.a(lib_a-strcpy.o)
 .text          0x00141880        0x0 c:/devkitpro/devkitarm/bin/../lib/gcc/arm-none-eabi/4.9.2/../../../../arm-none-eabi/lib/armv6k/fpu\libg.a(lib_a-strerror.o)
 .text          0x00141880        0x0 c:/devkitpro/devkitarm/bin/../lib/gcc/arm-none-eabi/4.9.2/../../../../arm-none-eabi/lib/armv6k/fpu\libg.a(lib_a-strlen.o)
 .text          0x00141880        0x0 c:/devkitpro/devkitarm/bin/../lib/gcc/arm-none-eabi/4.9.2/../../../../arm-none-eabi/lib/armv6k/fpu\libg.a(lib_a-strncat.o)
 .text          0x00141880        0x0 c:/devkitpro/devkitarm/bin/../lib/gcc/arm-none-eabi/4.9.2/../../../../arm-none-eabi/lib/armv6k/fpu\libg.a(lib_a-strncpy.o)
 .text          0x00141880        0x0 c:/devkitpro/devkitarm/bin/../lib/gcc/arm-none-eabi/4.9.2/../../../../arm-none-eabi/lib/armv6k/fpu\libg.a(lib_a-strtod.o)
 .text          0x00141880        0x0 c:/devkitpro/devkitarm/bin/../lib/gcc/arm-none-eabi/4.9.2/../../../../arm-none-eabi/lib/armv6k/fpu\libg.a(lib_a-time.o)
 .text          0x00141880        0x0 c:/devkitpro/devkitarm/bin/../lib/gcc/arm-none-eabi/4.9.2/../../../../arm-none-eabi/lib/armv6k/fpu\libg.a(lib_a-u_strerr.o)
 .text          0x00141880        0x0 c:/devkitpro/devkitarm/bin/../lib/gcc/arm-none-eabi/4.9.2/../../../../arm-none-eabi/lib/armv6k/fpu\libg.a(lib_a-vfprintf.o)
 .text          0x00141880        0x0 c:/devkitpro/devkitarm/bin/../lib/gcc/arm-none-eabi/4.9.2/../../../../arm-none-eabi/lib/armv6k/fpu\libg.a(lib_a-wbuf.o)
 .text          0x00141880        0x0 c:/devkitpro/devkitarm/bin/../lib/gcc/arm-none-eabi/4.9.2/../../../../arm-none-eabi/lib/armv6k/fpu\libg.a(lib_a-wcrtomb.o)
 .text          0x00141880        0x0 c:/devkitpro/devkitarm/bin/../lib/gcc/arm-none-eabi/4.9.2/../../../../arm-none-eabi/lib/armv6k/fpu\libg.a(lib_a-wcsrtombs.o)
 .text          0x00141880        0x0 c:/devkitpro/devkitarm/bin/../lib/gcc/arm-none-eabi/4.9.2/../../../../arm-none-eabi/lib/armv6k/fpu\libg.a(lib_a-wctomb_r.o)
 .text          0x00141880        0x0 c:/devkitpro/devkitarm/bin/../lib/gcc/arm-none-eabi/4.9.2/../../../../arm-none-eabi/lib/armv6k/fpu\libg.a(lib_a-wsetup.o)
 .text          0x00141880        0x0 c:/devkitpro/devkitarm/bin/../lib/gcc/arm-none-eabi/4.9.2/../../../../arm-none-eabi/lib/armv6k/fpu\libg.a(lib_a-__call_atexit.o)
 .text          0x00141880        0x0 c:/devkitpro/devkitarm/bin/../lib/gcc/arm-none-eabi/4.9.2/../../../../arm-none-eabi/lib/armv6k/fpu\libg.a(lib_a-dtoa.o)
 .text          0x00141880        0x0 c:/devkitpro/devkitarm/bin/../lib/gcc/arm-none-eabi/4.9.2/../../../../arm-none-eabi/lib/armv6k/fpu\libg.a(lib_a-flags.o)
 .text          0x00141880        0x0 c:/devkitpro/devkitarm/bin/../lib/gcc/arm-none-eabi/4.9.2/../../../../arm-none-eabi/lib/armv6k/fpu\libg.a(lib_a-fvwrite.o)
 .text          0x00141880        0x0 c:/devkitpro/devkitarm/bin/../lib/gcc/arm-none-eabi/4.9.2/../../../../arm-none-eabi/lib/armv6k/fpu\libg.a(lib_a-gdtoa-gethex.o)
 .text          0x00141880        0x0 c:/devkitpro/devkitarm/bin/../lib/gcc/arm-none-eabi/4.9.2/../../../../arm-none-eabi/lib/armv6k/fpu\libg.a(lib_a-gdtoa-hexnan.o)
 .text          0x00141880        0x0 c:/devkitpro/devkitarm/bin/../lib/gcc/arm-none-eabi/4.9.2/../../../../arm-none-eabi/lib/armv6k/fpu\libg.a(lib_a-locale.o)
 .text          0x00141880        0x0 c:/devkitpro/devkitarm/bin/../lib/gcc/arm-none-eabi/4.9.2/../../../../arm-none-eabi/lib/armv6k/fpu\libg.a(lib_a-mbtowc_r.o)
 .text          0x00141880        0x0 c:/devkitpro/devkitarm/bin/../lib/gcc/arm-none-eabi/4.9.2/../../../../arm-none-eabi/lib/armv6k/fpu\libg.a(lib_a-memchr.o)
 .text          0x00141880        0x0 c:/devkitpro/devkitarm/bin/../lib/gcc/arm-none-eabi/4.9.2/../../../../arm-none-eabi/lib/armv6k/fpu\libg.a(lib_a-memmove.o)
 .text          0x00141880        0x0 c:/devkitpro/devkitarm/bin/../lib/gcc/arm-none-eabi/4.9.2/../../../../arm-none-eabi/lib/armv6k/fpu\libg.a(lib_a-mprec.o)
 .text          0x00141880        0x0 c:/devkitpro/devkitarm/bin/../lib/gcc/arm-none-eabi/4.9.2/../../../../arm-none-eabi/lib/armv6k/fpu\libg.a(lib_a-sf_nan.o)
 .text          0x00141880        0x0 c:/devkitpro/devkitarm/bin/../lib/gcc/arm-none-eabi/4.9.2/../../../../arm-none-eabi/lib/armv6k/fpu\libg.a(lib_a-strcasecmp.o)
 .text          0x00141880        0x0 c:/devkitpro/devkitarm/bin/../lib/gcc/arm-none-eabi/4.9.2/../../../../arm-none-eabi/lib/armv6k/fpu\libg.a(lib_a-strcat.o)
 .text          0x00141880        0x0 c:/devkitpro/devkitarm/bin/../lib/gcc/arm-none-eabi/4.9.2/../../../../arm-none-eabi/lib/armv6k/fpu\libg.a(lib_a-strchr.o)
 .text          0x00141880        0x0 c:/devkitpro/devkitarm/bin/../lib/gcc/arm-none-eabi/4.9.2/../../../../arm-none-eabi/lib/armv6k/fpu\libg.a(lib_a-strlcpy.o)
 .text          0x00141880        0x0 c:/devkitpro/devkitarm/bin/../lib/gcc/arm-none-eabi/4.9.2/../../../../arm-none-eabi/lib/armv6k/fpu\libg.a(lib_a-strncasecmp.o)
 .text          0x00141880        0x0 c:/devkitpro/devkitarm/bin/../lib/gcc/arm-none-eabi/4.9.2/../../../../arm-none-eabi/lib/armv6k/fpu\libg.a(lib_a-strncmp.o)
 .text          0x00141880        0x0 c:/devkitpro/devkitarm/bin/../lib/gcc/arm-none-eabi/4.9.2/../../../../arm-none-eabi/lib/armv6k/fpu\libg.a(lib_a-strtol.o)
 .text          0x00141880        0x0 c:/devkitpro/devkitarm/bin/../lib/gcc/arm-none-eabi/4.9.2/../../../../arm-none-eabi/lib/armv6k/fpu\libg.a(lib_a-svfiprintf.o)
 .text          0x00141880        0x0 c:/devkitpro/devkitarm/bin/../lib/gcc/arm-none-eabi/4.9.2/../../../../arm-none-eabi/lib/armv6k/fpu\libg.a(lib_a-vfiprintf.o)
 .text          0x00141880        0x0 c:/devkitpro/devkitarm/bin/../lib/gcc/arm-none-eabi/4.9.2/../../../../arm-none-eabi/lib/armv6k/fpu\libg.a(lib_a-wcsnrtombs.o)
 .text          0x00141880        0x0 c:/devkitpro/devkitarm/bin/../lib/gcc/arm-none-eabi/4.9.2/../../../../arm-none-eabi/lib/armv6k/fpu\libg.a(lib_a-callocr.o)
 .text          0x00141880        0x0 c:/devkitpro/devkitarm/bin/../lib/gcc/arm-none-eabi/4.9.2/../../../../arm-none-eabi/lib/armv6k/fpu\libg.a(lib_a-ctype_.o)
 .text          0x00141880        0x0 c:/devkitpro/devkitarm/bin/../lib/gcc/arm-none-eabi/4.9.2/../../../../arm-none-eabi/lib/armv6k/fpu\libg.a(lib_a-fputwc.o)
 .text          0x00141880        0x0 c:/devkitpro/devkitarm/bin/../lib/gcc/arm-none-eabi/4.9.2/../../../../arm-none-eabi/lib/armv6k/fpu\libg.a(lib_a-getenv_r.o)
 .text          0x00141880        0x0 c:/devkitpro/devkitarm/bin/../lib/gcc/arm-none-eabi/4.9.2/../../../../arm-none-eabi/lib/armv6k/fpu\libg.a(lib_a-environ.o)
 .text          0x00141880        0x0 c:/devkitpro/devkitarm/bin/../lib/gcc/arm-none-eabi/4.9.2/../../../../arm-none-eabi/lib/armv6k/fpu\libg.a(lib_a-envlock.o)
 .text          0x00141880      0x1a8 c:/devkitpro/devkitarm/bin/../lib/gcc/arm-none-eabi/4.9.2/../../../../arm-none-eabi/lib/armv6k/fpu\libsysbase.a(iosupport.o)
                0x00141880                setDefaultDevice
                0x00141898                FindDevice
                0x00141944                RemoveDevice
                0x00141970                AddDevice
                0x00141a04                GetDeviceOpTab
 .text          0x00141a28       0x7c c:/devkitpro/devkitarm/bin/../lib/gcc/arm-none-eabi/4.9.2/../../../../arm-none-eabi/lib/armv6k/fpu\libsysbase.a(close.o)
                0x00141a28                _close_r
 .text          0x00141aa4       0x6c c:/devkitpro/devkitarm/bin/../lib/gcc/arm-none-eabi/4.9.2/../../../../arm-none-eabi/lib/armv6k/fpu\libsysbase.a(fstat.o)
                0x00141aa4                _fstat_r
 .text          0x00141b10       0x10 c:/devkitpro/devkitarm/bin/../lib/gcc/arm-none-eabi/4.9.2/../../../../arm-none-eabi/lib/armv6k/fpu\libsysbase.a(getpid.o)
                0x00141b10                _getpid_r
 .text          0x00141b20       0x2c c:/devkitpro/devkitarm/bin/../lib/gcc/arm-none-eabi/4.9.2/../../../../arm-none-eabi/lib/armv6k/fpu\libsysbase.a(gettod.o)
                0x00141b20                _gettimeofday_r
 .text          0x00141b4c        0x8 c:/devkitpro/devkitarm/bin/../lib/gcc/arm-none-eabi/4.9.2/../../../../arm-none-eabi/lib/armv6k/fpu\libsysbase.a(isatty.o)
                0x00141b4c                _isatty_r
 .text          0x00141b54       0x10 c:/devkitpro/devkitarm/bin/../lib/gcc/arm-none-eabi/4.9.2/../../../../arm-none-eabi/lib/armv6k/fpu\libsysbase.a(kill.o)
                0x00141b54                _kill_r
 .text          0x00141b64       0x74 c:/devkitpro/devkitarm/bin/../lib/gcc/arm-none-eabi/4.9.2/../../../../arm-none-eabi/lib/armv6k/fpu\libsysbase.a(lseek.o)
                0x00141b64                _lseek_r
 .text          0x00141bd8       0xc8 c:/devkitpro/devkitarm/bin/../lib/gcc/arm-none-eabi/4.9.2/../../../../arm-none-eabi/lib/armv6k/fpu\libsysbase.a(open.o)
                0x00141bd8                _open_r
 .text          0x00141ca0       0x74 c:/devkitpro/devkitarm/bin/../lib/gcc/arm-none-eabi/4.9.2/../../../../arm-none-eabi/lib/armv6k/fpu\libsysbase.a(read.o)
                0x00141ca0                _read_r
 .text          0x00141d14       0x70 c:/devkitpro/devkitarm/bin/../lib/gcc/arm-none-eabi/4.9.2/../../../../arm-none-eabi/lib/armv6k/fpu\libsysbase.a(sbrk.o)
                0x00141d14                _sbrk_r
 .text          0x00141d84       0x5c c:/devkitpro/devkitarm/bin/../lib/gcc/arm-none-eabi/4.9.2/../../../../arm-none-eabi/lib/armv6k/fpu\libsysbase.a(unlink.o)
                0x00141d84                _unlink_r
 .text          0x00141de0       0x74 c:/devkitpro/devkitarm/bin/../lib/gcc/arm-none-eabi/4.9.2/../../../../arm-none-eabi/lib/armv6k/fpu\libsysbase.a(write.o)
                0x00141de0                _write_r
 .text          0x00141e54       0x20 c:/devkitpro/devkitarm/bin/../lib/gcc/arm-none-eabi/4.9.2/../../../../arm-none-eabi/lib/armv6k/fpu\libsysbase.a(_exit.o)
                0x00141e54                _exit
 .text          0x00141e74        0x0 c:/devkitpro/devkitarm/bin/../lib/gcc/arm-none-eabi/4.9.2/../../../../arm-none-eabi/lib/armv6k/fpu\libsysbase.a(malloc_vars.o)
 .text          0x00141e74      0x3a4 c:/devkitpro/devkitarm/bin/../lib/gcc/arm-none-eabi/4.9.2/../../../../arm-none-eabi/lib/armv6k/fpu\libsysbase.a(chdir.o)
                0x00141e74                _concatenate_path
                0x00142030                chdir
                0x00142178                getcwd
 .text          0x00142218        0x8 c:/devkitpro/devkitarm/bin/../lib/gcc/arm-none-eabi/4.9.2/../../../../arm-none-eabi/lib/armv6k/fpu\libsysbase.a(flock.o)
                0x00142218                __flockfile
                0x0014221c                __funlockfile
 .text          0x00142220      0x108 c:/devkitpro/devkitarm/bin/../lib/gcc/arm-none-eabi/4.9.2/../../../../arm-none-eabi/lib/armv6k/fpu\libsysbase.a(syscall_support.o)
                0x00142220                __libc_lock_init
                0x00142238                __libc_lock_acquire
                0x00142250                __libc_lock_try_acquire
                0x00142274                __libc_lock_release
                0x0014228c                __libc_lock_close
                0x001422a4                __libc_lock_init_recursive
                0x001422bc                __libc_lock_acquire_recursive
                0x001422d4                __libc_lock_try_acquire_recursive
                0x001422f8                __libc_lock_release_recursive
                0x00142310                __libc_lock_close_recursive
 .text          0x00142328      0x254 c:/devkitpro/devkitarm/bin/../lib/gcc/arm-none-eabi/4.9.2/../../../../arm-none-eabi/lib/armv6k/fpu\libsysbase.a(handle_manager.o)
                0x00142328                __free_handle
                0x0014236c                __release_handle
                0x00142398                __alloc_handle
                0x00142400                __get_handle
                0x0014241c                dup
                0x001424a8                dup2
 .text          0x0014257c       0x28 c:/devkitpro/devkitarm/bin/../lib/gcc/arm-none-eabi/4.9.2/../../../../arm-none-eabi/lib/armv6k/fpu\libsysbase.a(getreent.o)
                0x0014257c                __getreent
 .text          0x001425a4       0x3c c:/devkitpro/devkitarm/bin/../lib/gcc/arm-none-eabi/4.9.2/armv6k/fpu\libgcc.a(_aeabi_uldivmod.o)
                0x001425a4                __aeabi_uldivmod
 .text          0x001425e0       0x78 c:/devkitpro/devkitarm/bin/../lib/gcc/arm-none-eabi/4.9.2/armv6k/fpu\libgcc.a(bpabi.o)
                0x001425e0                __gnu_ldivmod_helper
                0x0014261c                __gnu_uldivmod_helper
 .text          0x00142658      0x180 c:/devkitpro/devkitarm/bin/../lib/gcc/arm-none-eabi/4.9.2/armv6k/fpu\libgcc.a(_divdi3.o)
                0x00142658                __divdi3
 .text          0x001427d8      0x124 c:/devkitpro/devkitarm/bin/../lib/gcc/arm-none-eabi/4.9.2/armv6k/fpu\libgcc.a(_udivdi3.o)
                0x001427d8                __udivdi3
 .text          0x001428fc        0x0 c:/devkitpro/devkitarm/bin/../lib/gcc/arm-none-eabi/4.9.2/../../../../arm-none-eabi/lib/armv6k/fpu\libg.a(lib_a-strnlen.o)
 .text          0x001428fc        0x0 c:/devkitpro/devkitarm/bin/../lib/gcc/arm-none-eabi/4.9.2/../../../../arm-none-eabi/lib/armv6k/fpu\libg.a(lib_a-strrchr.o)
 .text          0x001428fc        0x0 c:/devkitpro/devkitarm/bin/../lib/gcc/arm-none-eabi/4.9.2/armv6k/fpu/crtend.o
 .text          0x001428fc        0x0 c:/devkitpro/devkitarm/bin/../lib/gcc/arm-none-eabi/4.9.2/armv6k/fpu/crtn.o
 *(.text.*)
 .text.startup  0x001428fc       0x50 main.o
                0x001428fc                main
 *fill*         0x0014294c        0x4 
 .text.unlikely
                0x00142950      0x108 c:/devkitPro/portlibs/armv6k/lib\libpng.a(png.o)
 .text.cosf     0x00142a58       0xa8 c:/devkitpro/devkitarm/bin/../lib/gcc/arm-none-eabi/4.9.2/../../../../arm-none-eabi/lib/armv6k/fpu\libm.a(lib_a-sf_cos.o)
                0x00142a58                cosf
 .text.floor    0x00142b00      0x180 c:/devkitpro/devkitarm/bin/../lib/gcc/arm-none-eabi/4.9.2/../../../../arm-none-eabi/lib/armv6k/fpu\libm.a(lib_a-s_floor.o)
                0x00142b00                floor
 .text.frexp    0x00142c80       0x98 c:/devkitpro/devkitarm/bin/../lib/gcc/arm-none-eabi/4.9.2/../../../../arm-none-eabi/lib/armv6k/fpu\libm.a(lib_a-s_frexp.o)
                0x00142c80                frexp
 .text.sinf     0x00142d18       0xb0 c:/devkitpro/devkitarm/bin/../lib/gcc/arm-none-eabi/4.9.2/../../../../arm-none-eabi/lib/armv6k/fpu\libm.a(lib_a-sf_sin.o)
                0x00142d18                sinf
 .text.modf     0x00142dc8       0xd4 c:/devkitpro/devkitarm/bin/../lib/gcc/arm-none-eabi/4.9.2/../../../../arm-none-eabi/lib/armv6k/fpu\libm.a(lib_a-s_modf.o)
                0x00142dc8                modf
 *fill*         0x00142e9c        0x4 
 .text.pow      0x00142ea0      0x3c0 c:/devkitpro/devkitarm/bin/../lib/gcc/arm-none-eabi/4.9.2/../../../../arm-none-eabi/lib/armv6k/fpu\libm.a(lib_a-w_pow.o)
                0x00142ea0                pow
 .text.__ieee754_rem_pio2f
                0x00143260      0x2e0 c:/devkitpro/devkitarm/bin/../lib/gcc/arm-none-eabi/4.9.2/../../../../arm-none-eabi/lib/armv6k/fpu\libm.a(lib_a-ef_rem_pio2.o)
                0x00143260                __ieee754_rem_pio2f
 .text.__ieee754_pow
                0x00143540      0x880 c:/devkitpro/devkitarm/bin/../lib/gcc/arm-none-eabi/4.9.2/../../../../arm-none-eabi/lib/armv6k/fpu\libm.a(lib_a-e_pow.o)
                0x00143540                __ieee754_pow
 .text.__ieee754_sqrt
                0x00143dc0      0x200 c:/devkitpro/devkitarm/bin/../lib/gcc/arm-none-eabi/4.9.2/../../../../arm-none-eabi/lib/armv6k/fpu\libm.a(lib_a-e_sqrt.o)
                0x00143dc0                __ieee754_sqrt
 .text.__kernel_cosf
                0x00143fc0      0x124 c:/devkitpro/devkitarm/bin/../lib/gcc/arm-none-eabi/4.9.2/../../../../arm-none-eabi/lib/armv6k/fpu\libm.a(lib_a-kf_cos.o)
                0x00143fc0                __kernel_cosf
 .text.__kernel_rem_pio2f
                0x001440e4      0x838 c:/devkitpro/devkitarm/bin/../lib/gcc/arm-none-eabi/4.9.2/../../../../arm-none-eabi/lib/armv6k/fpu\libm.a(lib_a-kf_rem_pio2.o)
                0x001440e4                __kernel_rem_pio2f
 .text.__kernel_sinf
                0x0014491c       0xa0 c:/devkitpro/devkitarm/bin/../lib/gcc/arm-none-eabi/4.9.2/../../../../arm-none-eabi/lib/armv6k/fpu\libm.a(lib_a-kf_sin.o)
                0x0014491c                __kernel_sinf
 .text.fabs     0x001449bc       0x10 c:/devkitpro/devkitarm/bin/../lib/gcc/arm-none-eabi/4.9.2/../../../../arm-none-eabi/lib/armv6k/fpu\libm.a(lib_a-s_fabs.o)
                0x001449bc                fabs
 .text.fabsf    0x001449cc       0x10 c:/devkitpro/devkitarm/bin/../lib/gcc/arm-none-eabi/4.9.2/../../../../arm-none-eabi/lib/armv6k/fpu\libm.a(lib_a-sf_fabs.o)
                0x001449cc                fabsf
 .text.floorf   0x001449dc       0xb8 c:/devkitpro/devkitarm/bin/../lib/gcc/arm-none-eabi/4.9.2/../../../../arm-none-eabi/lib/armv6k/fpu\libm.a(lib_a-sf_floor.o)
                0x001449dc                floorf
 .text.finite   0x00144a94       0x14 c:/devkitpro/devkitarm/bin/../lib/gcc/arm-none-eabi/4.9.2/../../../../arm-none-eabi/lib/armv6k/fpu\libm.a(lib_a-s_finite.o)
                0x00144a94                finite
 .text.__fpclassifyd
                0x00144aa8       0x74 c:/devkitpro/devkitarm/bin/../lib/gcc/arm-none-eabi/4.9.2/../../../../arm-none-eabi/lib/armv6k/fpu\libm.a(lib_a-s_fpclassify.o)
                0x00144aa8                __fpclassifyd
 .text.scalbnf  0x00144b1c      0x118 c:/devkitpro/devkitarm/bin/../lib/gcc/arm-none-eabi/4.9.2/../../../../arm-none-eabi/lib/armv6k/fpu\libm.a(lib_a-sf_scalbn.o)
                0x00144b1c                scalbnf
 .text.matherr  0x00144c34        0x8 c:/devkitpro/devkitarm/bin/../lib/gcc/arm-none-eabi/4.9.2/../../../../arm-none-eabi/lib/armv6k/fpu\libm.a(lib_a-s_matherr.o)
                0x00144c34                matherr
 *fill*         0x00144c3c        0x4 
 .text.nan      0x00144c40       0x10 c:/devkitpro/devkitarm/bin/../lib/gcc/arm-none-eabi/4.9.2/../../../../arm-none-eabi/lib/armv6k/fpu\libm.a(lib_a-s_nan.o)
                0x00144c40                nan
 .text.rint     0x00144c50      0x170 c:/devkitpro/devkitarm/bin/../lib/gcc/arm-none-eabi/4.9.2/../../../../arm-none-eabi/lib/armv6k/fpu\libm.a(lib_a-s_rint.o)
                0x00144c50                rint
 .text.scalbn   0x00144dc0      0x198 c:/devkitpro/devkitarm/bin/../lib/gcc/arm-none-eabi/4.9.2/../../../../arm-none-eabi/lib/armv6k/fpu\libm.a(lib_a-s_scalbn.o)
                0x00144dc0                scalbn
 .text.copysign
                0x00144f58       0x1c c:/devkitpro/devkitarm/bin/../lib/gcc/arm-none-eabi/4.9.2/../../../../arm-none-eabi/lib/armv6k/fpu\libm.a(lib_a-s_copysign.o)
                0x00144f58                copysign
 .text.copysignf
                0x00144f74       0x1c c:/devkitpro/devkitarm/bin/../lib/gcc/arm-none-eabi/4.9.2/../../../../arm-none-eabi/lib/armv6k/fpu\libm.a(lib_a-sf_copysign.o)
                0x00144f74                copysignf
 .text.abort    0x00144f90       0x14 c:/devkitpro/devkitarm/bin/../lib/gcc/arm-none-eabi/4.9.2/../../../../arm-none-eabi/lib/armv6k/fpu\libg.a(lib_a-abort.o)
                0x00144f90                abort
 .text.atof     0x00144fa4        0x8 c:/devkitpro/devkitarm/bin/../lib/gcc/arm-none-eabi/4.9.2/../../../../arm-none-eabi/lib/armv6k/fpu\libg.a(lib_a-atof.o)
                0x00144fa4                atof
 .text.bsearch  0x00144fac       0x78 c:/devkitpro/devkitarm/bin/../lib/gcc/arm-none-eabi/4.9.2/../../../../arm-none-eabi/lib/armv6k/fpu\libg.a(lib_a-bsearch.o)
                0x00144fac                bsearch
 .text.__errno  0x00145024        0xc c:/devkitpro/devkitarm/bin/../lib/gcc/arm-none-eabi/4.9.2/../../../../arm-none-eabi/lib/armv6k/fpu\libg.a(lib_a-errno.o)
                0x00145024                __errno
 .text.exit     0x00145030       0x34 c:/devkitpro/devkitarm/bin/../lib/gcc/arm-none-eabi/4.9.2/../../../../arm-none-eabi/lib/armv6k/fpu\libg.a(lib_a-exit.o)
                0x00145030                exit
 .text._fclose_r
                0x00145064      0x118 c:/devkitpro/devkitarm/bin/../lib/gcc/arm-none-eabi/4.9.2/../../../../arm-none-eabi/lib/armv6k/fpu\libg.a(lib_a-fclose.o)
                0x00145064                _fclose_r
 .text.fclose   0x0014517c       0x18 c:/devkitpro/devkitarm/bin/../lib/gcc/arm-none-eabi/4.9.2/../../../../arm-none-eabi/lib/armv6k/fpu\libg.a(lib_a-fclose.o)
                0x0014517c                fclose
 .text.__sflush_r
                0x00145194      0x238 c:/devkitpro/devkitarm/bin/../lib/gcc/arm-none-eabi/4.9.2/../../../../arm-none-eabi/lib/armv6k/fpu\libg.a(lib_a-fflush.o)
                0x00145194                __sflush_r
 .text._fflush_r
                0x001453cc       0x98 c:/devkitpro/devkitarm/bin/../lib/gcc/arm-none-eabi/4.9.2/../../../../arm-none-eabi/lib/armv6k/fpu\libg.a(lib_a-fflush.o)
                0x001453cc                _fflush_r
 .text.fflush   0x00145464       0x38 c:/devkitpro/devkitarm/bin/../lib/gcc/arm-none-eabi/4.9.2/../../../../arm-none-eabi/lib/armv6k/fpu\libg.a(lib_a-fflush.o)
                0x00145464                fflush
 .text._cleanup_r
                0x0014549c        0xc c:/devkitpro/devkitarm/bin/../lib/gcc/arm-none-eabi/4.9.2/../../../../arm-none-eabi/lib/armv6k/fpu\libg.a(lib_a-findfp.o)
                0x0014549c                _cleanup_r
 .text.__fp_lock
                0x001454a8       0x1c c:/devkitpro/devkitarm/bin/../lib/gcc/arm-none-eabi/4.9.2/../../../../arm-none-eabi/lib/armv6k/fpu\libg.a(lib_a-findfp.o)
 .text.__fp_unlock
                0x001454c4       0x1c c:/devkitpro/devkitarm/bin/../lib/gcc/arm-none-eabi/4.9.2/../../../../arm-none-eabi/lib/armv6k/fpu\libg.a(lib_a-findfp.o)
 .text.__sinit.part.1
                0x001454e0      0x15c c:/devkitpro/devkitarm/bin/../lib/gcc/arm-none-eabi/4.9.2/../../../../arm-none-eabi/lib/armv6k/fpu\libg.a(lib_a-findfp.o)
 .text.__sfmoreglue
                0x0014563c       0x48 c:/devkitpro/devkitarm/bin/../lib/gcc/arm-none-eabi/4.9.2/../../../../arm-none-eabi/lib/armv6k/fpu\libg.a(lib_a-findfp.o)
                0x0014563c                __sfmoreglue
 .text.__sfp    0x00145684       0xe8 c:/devkitpro/devkitarm/bin/../lib/gcc/arm-none-eabi/4.9.2/../../../../arm-none-eabi/lib/armv6k/fpu\libg.a(lib_a-findfp.o)
                0x00145684                __sfp
 .text._cleanup
                0x0014576c       0x18 c:/devkitpro/devkitarm/bin/../lib/gcc/arm-none-eabi/4.9.2/../../../../arm-none-eabi/lib/armv6k/fpu\libg.a(lib_a-findfp.o)
                0x0014576c                _cleanup
 .text.__sinit  0x00145784       0x10 c:/devkitpro/devkitarm/bin/../lib/gcc/arm-none-eabi/4.9.2/../../../../arm-none-eabi/lib/armv6k/fpu\libg.a(lib_a-findfp.o)
                0x00145784                __sinit
 .text.__sfp_lock_acquire
                0x00145794        0x4 c:/devkitpro/devkitarm/bin/../lib/gcc/arm-none-eabi/4.9.2/../../../../arm-none-eabi/lib/armv6k/fpu\libg.a(lib_a-findfp.o)
                0x00145794                __sfp_lock_acquire
 .text.__sfp_lock_release