Archive member included to satisfy reference by file (symbol)

c:/devkitPro/libctru/lib\libsfil.a(sfil_png.o)
                              main.o (sfil_load_PNG_buffer)
c:/devkitPro/portlibs/armv6k/lib\libpng.a(png.o)
                              c:/devkitPro/libctru/lib\libsfil.a(sfil_png.o) (png_set_sig_bytes)
c:/devkitPro/portlibs/armv6k/lib\libpng.a(pngerror.o)
                              c:/devkitPro/portlibs/armv6k/lib\libpng.a(png.o) (png_safecat)
c:/devkitPro/portlibs/armv6k/lib\libpng.a(pngget.o)
                              c:/devkitPro/libctru/lib\libsfil.a(sfil_png.o) (png_get_valid)
c:/devkitPro/portlibs/armv6k/lib\libpng.a(pngmem.o)
                              c:/devkitPro/portlibs/armv6k/lib\libpng.a(png.o) (png_calloc)
c:/devkitPro/portlibs/armv6k/lib\libpng.a(pngread.o)
                              c:/devkitPro/libctru/lib\libsfil.a(sfil_png.o) (png_create_read_struct)
c:/devkitPro/portlibs/armv6k/lib\libpng.a(pngrio.o)
                              c:/devkitPro/libctru/lib\libsfil.a(sfil_png.o) (png_set_read_fn)
c:/devkitPro/portlibs/armv6k/lib\libpng.a(pngrtran.o)
                              c:/devkitPro/portlibs/armv6k/lib\libpng.a(pngread.o) (png_set_background_fixed)
c:/devkitPro/portlibs/armv6k/lib\libpng.a(pngrutil.o)
                              c:/devkitPro/portlibs/armv6k/lib\libpng.a(pngread.o) (png_read_sig)
c:/devkitPro/portlibs/armv6k/lib\libpng.a(pngset.o)
                              c:/devkitPro/portlibs/armv6k/lib\libpng.a(pngrutil.o) (png_set_bKGD)
c:/devkitPro/portlibs/armv6k/lib\libpng.a(pngtrans.o)
                              c:/devkitPro/portlibs/armv6k/lib\libpng.a(pngread.o) (png_set_bgr)
c:/devkitPro/portlibs/armv6k/lib\libpng.a(pngwrite.o)
                              c:/devkitPro/portlibs/armv6k/lib\libpng.a(png.o) (png_destroy_write_struct)
c:/devkitPro/portlibs/armv6k/lib\libpng.a(pngwtran.o)
                              c:/devkitPro/portlibs/armv6k/lib\libpng.a(pngwrite.o) (png_do_write_transformations)
c:/devkitPro/portlibs/armv6k/lib\libpng.a(pngwutil.o)
                              c:/devkitPro/portlibs/armv6k/lib\libpng.a(pngwrite.o) (png_write_sig)
c:/devkitPro/portlibs/armv6k/lib\libpng.a(pngwio.o)
                              c:/devkitPro/portlibs/armv6k/lib\libpng.a(pngwutil.o) (png_write_data)
c:/devkitPro/portlibs/armv6k/lib\libz.a(adler32.o)
                              c:/devkitPro/portlibs/armv6k/lib\libpng.a(png.o) (adler32)
c:/devkitPro/portlibs/armv6k/lib\libz.a(crc32.o)
                              c:/devkitPro/portlibs/armv6k/lib\libpng.a(png.o) (crc32)
c:/devkitPro/portlibs/armv6k/lib\libz.a(deflate.o)
                              c:/devkitPro/portlibs/armv6k/lib\libpng.a(pngwutil.o) (deflateReset)
c:/devkitPro/portlibs/armv6k/lib\libz.a(inflate.o)
                              c:/devkitPro/portlibs/armv6k/lib\libpng.a(png.o) (inflateReset)
c:/devkitPro/portlibs/armv6k/lib\libz.a(inftrees.o)
                              c:/devkitPro/portlibs/armv6k/lib\libz.a(inflate.o) (inflate_table)
c:/devkitPro/portlibs/armv6k/lib\libz.a(trees.o)
                              c:/devkitPro/portlibs/armv6k/lib\libz.a(deflate.o) (_tr_init)
c:/devkitPro/portlibs/armv6k/lib\libz.a(zutil.o)
                              c:/devkitPro/portlibs/armv6k/lib\libz.a(deflate.o) (zcalloc)
c:/devkitPro/portlibs/armv6k/lib\libz.a(inffast.o)
                              c:/devkitPro/portlibs/armv6k/lib\libz.a(inflate.o) (inflate_fast)
c:/devkitPro/libctru/lib\libsf2d.a(sf2d.o)
                              main.o (sf2d_init)
c:/devkitPro/libctru/lib\libsf2d.a(sf2d_draw.o)
                              main.o (sf2d_draw_rectangle)
c:/devkitPro/libctru/lib\libsf2d.a(sf2d_private.o)
                              c:/devkitPro/libctru/lib\libsf2d.a(sf2d.o) (GPU_SetDummyTexEnv)
c:/devkitPro/libctru/lib\libsf2d.a(sf2d_texture.o)
                              c:/devkitPro/libctru/lib\libsfil.a(sfil_png.o) (sf2d_create_texture)
c:/devkitPro/libctru/lib\libsf2d.a(shader.vsh.o)
                              c:/devkitPro/libctru/lib\libsf2d.a(sf2d.o) (shader_vsh_shbin_size)
c:/devkitPro/libctru/lib\libctru.a(linear.o)
                              c:/devkitPro/libctru/lib\libsf2d.a(sf2d_texture.o) (linearMemAlign)
c:/devkitPro/libctru/lib\libctru.a(mem_pool.o)
                              c:/devkitPro/libctru/lib\libctru.a(linear.o) (MemPool::Allocate(MemChunk&, unsigned long, int))
c:/devkitPro/libctru/lib\libctru.a(vram.o)
                              c:/devkitPro/libctru/lib\libsf2d.a(sf2d.o) (vramMemAlign)
c:/devkitPro/libctru/lib\libctru.a(gfx.o)
                              c:/devkitPro/libctru/lib\libsf2d.a(sf2d.o) (gfxSet3D)
c:/devkitPro/libctru/lib\libctru.a(os.o)
                              c:/devkitPro/libctru/lib\libsf2d.a(sf2d.o) (osConvertVirtToPhys)
c:/devkitPro/libctru/lib\libctru.a(gpu.o)
                              c:/devkitPro/libctru/lib\libsf2d.a(sf2d.o) (GPU_Init)
c:/devkitPro/libctru/lib\libctru.a(gpuResetSequence.o)
[...]
Memory Configuration

Name             Origin             Length             Attributes
*default*        0x00000000         0xffffffff

Linker script and memory map

                0x00100000                . = 0x100000
                0x00100000                __start__ = .

.text           0x00100000    0x5c37c
 *(.crt0)
 .crt0          0x00100000       0x94 c:/devkitpro/devkitarm/bin/../lib/gcc/arm-none-eabi/4.9.2/../../../../arm-none-eabi/lib/armv6k/fpu/3dsx_crt0.o
                0x00100000                _start
                0x00100008                __service_ptr
                0x0010000c                __apt_appid
                0x00100010                __heap_size
                0x00100014                __linear_heap_size
                0x00100018                __system_arglist
                0x0010001c                __system_runflags
 *(.init)
 .init          0x00100094        0xc c:/devkitpro/devkitarm/bin/../lib/gcc/arm-none-eabi/4.9.2/armv6k/fpu/crti.o
                0x00100094                _init
 .init          0x001000a0        0xc c:/devkitpro/devkitarm/bin/../lib/gcc/arm-none-eabi/4.9.2/armv6k/fpu/crtn.o
                0x001000ac                . = ALIGN (0x4)
 *(.text)
 .text          0x001000ac        0x0 c:/devkitpro/devkitarm/bin/../lib/gcc/arm-none-eabi/4.9.2/../../../../arm-none-eabi/lib/armv6k/fpu/3dsx_crt0.o
 .text          0x001000ac        0x0 c:/devkitpro/devkitarm/bin/../lib/gcc/arm-none-eabi/4.9.2/armv6k/fpu/crti.o
 .text          0x001000ac      0x108 c:/devkitpro/devkitarm/bin/../lib/gcc/arm-none-eabi/4.9.2/armv6k/fpu/crtbegin.o
 .text          0x001001b4        0x0 0.bin.o
 .text          0x001001b4        0x0 1.bin.o
 .text          0x001001b4        0x0 2.bin.o
 .text          0x001001b4        0x0 3.bin.o
 .text          0x001001b4        0x0 4.bin.o
 .text          0x001001b4        0x0 5.bin.o
 .text          0x001001b4        0x0 6.bin.o
 .text          0x001001b4        0x0 7.bin.o
 .text          0x001001b4        0x0 8.bin.o
 .text          0x001001b4        0x0 9.bin.o
 .text          0x001001b4        0x0 bg.bin.o
 .text          0x001001b4        0x0 immut_numbers.bin.o
 .text          0x001001b4        0x0 mut_numbers.bin.o
 .text          0x001001b4        0x0 selector.bin.o
 .text          0x001001b4        0x4 gfx.o
                0x001001b4                draw
 .text          0x001001b8      0x4d8 main.o
                0x001001b8                initialize_textures
                0x00100234                free_textures
                0x00100238                initialize_game
                0x001002c0                draw_sudoku
                0x001003cc                draw_frame
                0x0010045c                check_input
                0x001005d4                update_game
 .text          0x00100690      0x164 mylib.o
                0x00100690                emalloc
                0x001006c4                erealloc
                0x001006f8                rand_lim
                0x00100728                mod
                0x00100744                itoa
 .text          0x001007f4      0x7ac sudoku.o
                0x001007f4                sudoku_new
                0x00100840                sudoku_free
                0x0010085c                sudoku_print
                0x001008d4                sudoku_default
                0x001009c8                sudoku_delete_space
                0x00100a44                sudoku_flip_vert
                0x00100ac0                sudoku_flip_hori
                0x00100b38                sudoku_flip_dia1
                0x00100bb4                sudoku_flip_dia2
                0x00100c1c                sudoku_transform
                0x00100cb0                check_horizontals
                0x00100d64                check_verticals
                0x00100e28                check_boxes
                0x00100f60                check_all
 .text          0x00100fa0      0x3e8 c:/devkitPro/libctru/lib\libsfil.a(sfil_png.o)
                0x001012a0                sfil_load_PNG_file
                0x0010133c                sfil_load_PNG_buffer
 .text          0x00101388     0x6ce0 c:/devkitPro/portlibs/armv6k/lib\libpng.a(png.o)
                0x00101388                png_zalloc
                0x001013e0                png_zfree
                0x00101ce0                png_set_sig_bytes
                0x00101d14                png_sig_cmp
                0x00101d84                png_reset_crc
                0x00101da4                png_calculate_crc
                0x00101df8                png_user_version_check
                0x00101ef8                png_create_png_struct
                0x0010200c                png_create_info_struct
                0x0010204c                png_destroy_info_struct
                0x001023d4                png_info_init_3
                0x00102430                png_data_freer
                0x0010247c                png_free_data
                0x0010248c                png_get_io_ptr
                0x00102498                png_init_io
                0x001024a4                png_save_int_32
                0x001024c4                png_convert_to_rfc1123_buffer
                0x001026a8                png_convert_to_rfc1123
                0x0010289c                png_get_copyright
                0x001028a8                png_get_libpng_ver
                0x001028b4                png_get_header_ver
                0x001028c0                png_get_header_version
                0x001028cc                png_build_grayscale_palette
                0x0010292c                png_handle_as_unknown
                0x001029a0                png_chunk_unknown_handling
                0x00102a30                png_reset_zstream
                0x00102a48                png_access_version_number
                0x00102a54                png_zstream_error
                0x00102b38                png_colorspace_set_gamma
                0x00102ca8                png_colorspace_sync_info
                0x00102d18                png_colorspace_sync
                0x00102da0                png_colorspace_set_sRGB
                0x00103024                png_icc_check_length
                0x001031bc                png_icc_check_header
                0x00103518                png_icc_check_tag_table
                0x00103650                png_icc_set_sRGB
                0x001038a4                png_colorspace_set_ICC
                0x00103c7c                png_colorspace_set_rgb_coefficients
                0x00103f24                png_check_IHDR
                0x001041dc                png_check_fp_number
                0x00104474                png_check_fp_string
                0x00104734                png_ascii_from_fp
                0x00105060                png_ascii_from_fixed
                0x00105490                png_fixed
                0x00105518                png_muldiv
                0x001055d0                png_muldiv_warn
                0x0010568c                png_reciprocal
                0x00105718                png_colorspace_set_endpoints
                0x00106718                png_colorspace_set_chromaticities
                0x001071ec                png_gamma_significant
                0x0010720c                png_reciprocal2
                0x001072c8                png_gamma_8bit_correct
                0x00107350                png_gamma_16bit_correct
                0x001073e4                png_gamma_correct
                0x001074f4                png_destroy_gamma_table
                0x00107628                png_build_gamma_table
                0x00107f64                png_set_option
                0x00107fc4                png_image_free
                0x00108000                png_image_error
 .text          0x00108068     0x1a6c c:/devkitPro/portlibs/armv6k/lib\libpng.a(pngerror.o)
                0x001082d4                png_safecat
                0x00108348                png_format_number
                0x001084b4                png_warning
                0x001085fc                png_warning_parameter
                0x00108678                png_warning_parameter_unsigned
                0x0010870c                png_warning_parameter_signed
                0x001087d8                png_formatted_warning
                0x00108ab0                png_chunk_warning
                0x00108c5c                png_free_jmpbuf
                0x00108cec                png_longjmp
                0x00108d18                png_error
                0x00108d78                png_app_warning
                0x00108ed0                png_app_error
                0x00109028                png_chunk_error
                0x00109054                png_chunk_benign_error
                0x001091f8                png_benign_error
                0x001094c8                png_fixed_error
                0x00109548                png_set_longjmp_fn
                0x0010962c                png_chunk_report
                0x00109904                png_set_error_fn
                0x00109918                png_get_error_ptr
                0x00109924                png_safe_error
                0x001099c8                png_safe_warning
                0x00109a3c                png_safe_execute
 *fill*         0x00109ad4        0x4 
 .text          0x00109ad8     0x12d0 c:/devkitPro/portlibs/armv6k/lib\libpng.a(pngget.o)
                0x00109ad8                png_get_valid
                0x00109af4                png_get_rowbytes
                0x00109b0c                png_get_rows
                0x00109b24                png_get_image_width
                0x00109b3c                png_get_image_height
                0x00109b54                png_get_bit_depth
                0x00109b6c                png_get_color_type
                0x00109b84                png_get_filter_type
                0x00109b9c                png_get_interlace_type
                0x00109bb4                png_get_compression_type
                0x00109bcc                png_get_x_pixels_per_meter
                0x00109c00                png_get_y_pixels_per_meter
                0x00109c34                png_get_pixels_per_meter
                0x00109c80                png_get_pixel_aspect_ratio
                0x00109cc8                png_get_pixel_aspect_ratio_fixed
                0x00109d58                png_get_x_offset_microns
                0x00109d8c                png_get_y_offset_microns
                0x00109dc0                png_get_x_offset_pixels
                0x00109df4                png_get_y_offset_pixels
                0x00109e28                png_get_pixels_per_inch
                0x00109eb4                png_get_x_pixels_per_inch
                0x00109f30                png_get_y_pixels_per_inch
                0x00109fac                png_get_x_offset_inches_fixed
                0x00109ffc                png_get_y_offset_inches_fixed
                0x0010a04c                png_get_x_offset_inches
                0x0010a09c                png_get_y_offset_inches
                0x0010a0ec                png_get_pHYs_dpi
                0x0010a1b8                png_get_channels
                0x0010a1d0                png_get_signature
                0x0010a1e8                png_get_bKGD
                0x0010a224                png_get_cHRM
                0x0010a338                png_get_cHRM_XYZ
                0x0010a468                png_get_cHRM_XYZ_fixed
                0x0010a540                png_get_cHRM_fixed
                0x0010a604                png_get_gAMA_fixed
                0x0010a63c                png_get_gAMA
                0x0010a690                png_get_sRGB
                0x0010a6cc                png_get_iCCP
                0x0010a770                png_get_sPLT
                0x0010a7a0                png_get_hIST
                0x0010a7dc                png_get_IHDR
                0x0010a898                png_get_oFFs
                0x0010a904                png_get_pCAL
                0x0010a9d4                png_get_sCAL_fixed
                0x0010aa5c                png_get_sCAL
                0x0010aab4                png_get_sCAL_s
                0x0010aaf8                png_get_pHYs
                0x0010ab58                png_get_PLTE
                0x0010ab9c                png_get_sBIT
                0x0010abd8                png_get_text
                0x0010ac20                png_get_tIME
                0x0010ac5c                png_get_tRNS
                0x0010acec                png_get_unknown_chunks
                0x0010ad1c                png_get_rgb_to_gray_status
                0x0010ad28                png_get_user_chunk_ptr
                0x0010ad34                png_get_compression_buffer_size
                0x0010ad50                png_get_user_width_max
                0x0010ad5c                png_get_user_height_max
                0x0010ad68                png_get_chunk_cache_max
                0x0010ad74                png_get_chunk_malloc_max
                0x0010ad80                png_get_io_state
                0x0010ad88                png_get_io_chunk_type
                0x0010ad90                png_get_palette_max
 .text          0x0010ada8      0x3ec c:/devkitPro/portlibs/armv6k/lib\libpng.a(pngmem.o)
                0x0010ada8                png_destroy_png_struct
                0x0010ae10                png_calloc
                0x0010ae88                png_malloc_base
                0x0010aeb8                png_malloc_array
                0x0010af34                png_realloc_array
                0x0010b03c                png_malloc
                0x0010b098                png_malloc_default
                0x0010b0d8                png_malloc_warn
                0x0010b13c                png_free
                0x0010b160                png_free_default
                0x0010b174                png_set_mem_fn
                0x0010b188                png_get_mem_ptr
 .text          0x0010b194     0x7704 c:/devkitPro/portlibs/armv6k/lib\libpng.a(pngread.o)
                0x00110dec                png_create_read_struct
                0x00110e44                png_create_read_struct_2
                0x00110ea0                png_read_info
                0x00110eb0                png_read_update_info
                0x00110ef4                png_start_read_image
                0x00110f18                png_read_row
                0x00111270                png_read_rows
                0x00111664                png_read_image
                0x00111a00                png_read_end
                0x00111e90                png_destroy_read_struct
                0x00112114                png_set_read_status_fn
                0x00112120                png_read_png
                0x001123d8                png_image_begin_read_from_stdio
                0x00112588                png_image_begin_read_from_file
                0x00112650                png_image_begin_read_from_memory
                0x001126ec                png_image_finish_read
 .text          0x00112898       0xac c:/devkitPro/portlibs/armv6k/lib\libpng.a(pngrio.o)
                0x00112898                png_default_read_data
                0x001128d4                png_read_data
                0x001128f4                png_set_read_fn
 *fill*         0x00112944        0x4 
 .text          0x00112948     0x6020 c:/devkitPro/portlibs/armv6k/lib\libpng.a(pngrtran.o)
                0x00113c94                png_set_crc_action
                0x00113d70                png_set_background_fixed
                0x00113e28                png_set_background
                0x00113f00                png_set_scale_16
                0x00113f38                png_set_strip_16
                0x00113f70                png_set_strip_alpha
                0x00113fa8                png_set_alpha_mode_fixed
                0x001141a4                png_set_alpha_mode
                0x00114454                png_set_quantize
                0x00114cfc                png_set_gamma_fixed
                0x00114e04                png_set_gamma
                0x00115038                png_set_expand
                0x00115074                png_set_palette_to_rgb
                0x001150b0                png_set_expand_gray_1_2_4_to_8
                0x001150e8                png_set_tRNS_to_alpha
                0x00115124                png_set_expand_16
                0x00115160                png_set_gray_to_rgb
                0x00115198                png_set_rgb_to_gray_fixed
                0x001152f0                png_set_rgb_to_gray
                0x00115494                png_set_read_user_transform_fn
                0x001154a8                png_init_read_transformations
                0x00116190                png_read_transform_info
                0x00116480                png_do_read_transformations
 .text          0x00118968     0x524c c:/devkitPro/portlibs/armv6k/lib\libpng.a(pngrutil.o)
                0x001195a0                png_get_uint_31
                0x001195dc                png_get_uint_32
                0x00119600                png_get_int_32
                0x00119624                png_get_uint_16
                0x00119638                png_read_sig
                0x001196e4                png_read_chunk_header
                0x00119854                png_crc_read
                0x00119884                png_crc_finish
                0x00119a04                png_crc_error
                0x00119aa4                png_handle_IHDR
                0x00119c1c                png_handle_PLTE
                0x00119e3c                png_handle_IEND
                0x00119e90                png_handle_gAMA
                0x00119f74                png_handle_sBIT
                0x0011a188                png_handle_cHRM
                0x0011a448                png_handle_sRGB
                0x0011a550                png_handle_iCCP
                0x0011ab34                png_handle_sPLT
                0x0011ae54                png_handle_tRNS
                0x0011b090                png_handle_bKGD
                0x0011b2c0                png_handle_hIST
                0x0011b3f8                png_handle_pHYs
                0x0011b534                png_handle_oFFs
                0x0011b684                png_handle_pCAL
                0x0011b9f4                png_handle_sCAL
                0x0011bc7c                png_handle_tIME
                0x0011bd90                png_handle_tEXt
                0x0011bf50                png_handle_zTXt
                0x0011c1a4                png_handle_iTXt
                0x0011c50c                png_handle_unknown
                0x0011c864                png_check_chunk_name
                0x0011c92c                png_combine_row
                0x0011ce1c                png_do_read_interlace
                0x0011d2a8                png_read_filter_row
                0x0011d330                png_read_IDAT_data
                0x0011d6ac                png_read_finish_IDAT
                0x0011d724                png_read_finish_row
                0x0011d874                png_read_start_row
 .text          0x0011dbb4     0x1e70 c:/devkitPro/portlibs/armv6k/lib\libpng.a(pngset.o)
                0x0011df14                png_set_bKGD
                0x0011df60                png_set_cHRM_fixed
                0x0011dff0                png_set_cHRM_XYZ_fixed
                0x0011e088                png_set_cHRM
                0x0011e1dc                png_set_cHRM_XYZ
                0x0011e338                png_set_gAMA_fixed
                0x0011e368                png_set_gAMA
                0x0011e3ac                png_set_hIST
                0x0011e458                png_set_IHDR
                0x0011e534                png_set_oFFs
                0x0011e560                png_set_pCAL
                0x0011e7e0                png_set_sCAL_s
                0x0011e944                png_set_sCAL
                0x0011eb10                png_set_sCAL_fixed
                0x0011ecc0                png_set_pHYs
                0x0011ecec                png_set_PLTE
                0x0011edf0                png_set_sBIT
                0x0011ee34                png_set_sRGB
                0x0011ee64                png_set_sRGB_gAMA_and_cHRM
                0x0011eea4                png_set_iCCP
                0x0011eff8                png_set_text
                0x0011f03c                png_set_text_2
                0x0011f074                png_set_tIME
                0x0011f114                png_set_tRNS
                0x0011f254                png_set_sPLT
                0x0011f3c4                png_set_unknown_chunks
                0x0011f554                png_set_unknown_chunk_location
                0x0011f600                png_permit_mng_features
                0x0011f614                png_set_keep_unknown_chunks
                0x0011f8c8                png_set_read_user_chunk_fn
                0x0011f8d8                png_set_rows
                0x0011f934                png_set_compression_buffer_size
                0x0011f9b8                png_set_invalid
                0x0011f9d0                png_set_user_limits
                0x0011f9e0                png_set_chunk_cache_max
                0x0011f9ec                png_set_chunk_malloc_max
                0x0011f9f8                png_set_benign_errors
                0x0011fa10                png_set_check_for_invalid_index
 .text          0x0011fa24      0xa8c c:/devkitPro/portlibs/armv6k/lib\libpng.a(pngtrans.o)
                0x0011fa24                png_set_bgr
                0x0011fa38                png_set_swap
                0x0011fa58                png_set_packing
                0x0011fa80                png_set_packswap
                0x0011faa0                png_set_shift
                0x0011fac8                png_set_interlace_handling
                0x0011faf8                png_set_filler
                0x0011fb80                png_set_add_alpha
                0x0011fc28                png_set_swap_alpha
                0x0011fc3c                png_set_invert_alpha
                0x0011fc50                png_set_invert_mono
                0x0011fc64                png_do_invert
                0x0011fe54                png_do_swap
                0x0011fea0                png_do_packswap
                0x0011ff0c                png_do_strip_channel
                0x00120138                png_do_bgr
                0x00120274                png_do_check_palette_indexes
                0x00120440                png_set_user_transform_info
                0x00120484                png_get_user_transform_ptr
                0x00120490                png_get_current_row_number
                0x001204a0                png_get_current_pass_number
 .text          0x001204b0     0x37ac c:/devkitPro/portlibs/armv6k/lib\libpng.a(pngwrite.o)
                0x00120ac4                png_write_info_before_PLTE
                0x00121104                png_write_info
                0x00121114                png_write_end
                0x00121360                png_convert_from_struct_tm
                0x001213a0                png_convert_from_time_t
                0x00121400                png_create_write_struct
                0x0012148c                png_create_write_struct_2
                0x0012151c                png_write_rows
                0x001218ec                png_write_image
                0x00121ccc                png_write_row
                0x00122774                png_set_flush
                0x00122784                png_write_flush
                0x001227c8                png_destroy_write_struct
                0x00122878                png_set_filter
                0x00123214                png_set_filter_heuristics
                0x00123218                png_set_filter_heuristics_fixed
                0x0012321c                png_set_compression_level
                0x00123228                png_set_compression_mem_level
                0x00123234                png_set_compression_strategy
                0x0012324c                png_set_compression_window_bits
                0x001232a0                png_set_compression_method
                0x001232d0                png_set_text_compression_level
                0x001232dc                png_set_text_compression_mem_level
                0x001232e8                png_set_text_compression_strategy
                0x001232f4                png_set_text_compression_window_bits
                0x00123348                png_set_text_compression_method
                0x00123378                png_set_write_status_fn
                0x00123384                png_set_write_user_transform_fn
                0x0012339c                png_write_png
                0x001238cc                png_image_write_to_stdio
                0x00123b1c                png_image_write_to_file
 .text          0x00123c5c      0x778 c:/devkitPro/portlibs/armv6k/lib\libpng.a(pngwtran.o)
                0x00123c5c                png_do_write_transformations
 .text          0x001243d4     0x4094 c:/devkitPro/portlibs/armv6k/lib\libpng.a(pngwutil.o)
                0x00124d88                png_save_uint_32
                0x00124da8                png_save_uint_16
                0x00124db8                png_write_sig
                0x00124e14                png_write_chunk_start
                0x00124ec0                png_write_chunk_data
                0x00124efc                png_write_chunk_end
                0x00124f48                png_write_chunk
                0x00125074                png_free_buffer_list
                0x001250ac                png_write_IHDR
                0x00125444                png_write_PLTE
                0x001255dc                png_compress_IDAT
                0x00125a18                png_write_IEND
                0x00125ae0                png_write_gAMA_fixed
                0x00125be0                png_write_sRGB
                0x00125ce8                png_write_iCCP
                0x00125f50                png_write_sPLT
                0x001261a0                png_write_sBIT
                0x001262a8                png_write_cHRM_fixed
                0x001263fc                png_write_tRNS
                0x001265d4                png_write_bKGD
                0x001267d4                png_write_hIST
                0x00126910                png_write_tEXt
                0x00126ac0                png_write_zTXt
                0x00126d08                png_write_iTXt
                0x001270d0                png_write_oFFs
                0x001271f8                png_write_pCAL
                0x00127508                png_write_sCAL_s
                0x001275ac                png_write_pHYs
                0x001276f8                png_write_tIME
                0x00127794                png_write_start_row
                0x001278e8                png_write_finish_row
                0x00127a28                png_do_write_interlace
                0x00127c98                png_write_find_filter
 .text          0x00128468       0xd8 c:/devkitPro/portlibs/armv6k/lib\libpng.a(pngwio.o)
                0x00128468                png_default_write_data
                0x001284a4                png_default_flush
                0x001284b4                png_write_data
                0x001284d4                png_flush
                0x001284e4                png_set_write_fn
 .text          0x00128540      0x5c0 c:/devkitPro/portlibs/armv6k/lib\libz.a(adler32.o)
                0x00128540                adler32
                0x00128988                adler32_combine
                0x00128a44                adler32_combine64
 .text          0x00128b00      0x5d8 c:/devkitPro/portlibs/armv6k/lib\libz.a(crc32.o)
                0x00128d14                get_crc_table
                0x00128d20                crc32
                0x001290d0                crc32_combine
                0x001290d4                crc32_combine64
 .text          0x001290d8     0x40e0 c:/devkitPro/portlibs/armv6k/lib\libz.a(deflate.o)
                0x0012a754                deflateSetDictionary
                0x0012a96c                deflateResetKeep
                0x0012aa44                deflateReset
                0x0012abac                deflateSetHeader
                0x0012abe0                deflatePending
                0x0012ac2c                deflatePrime
                0x0012acd4                deflateTune
                0x0012ad0c                deflateBound
                0x0012ae20                deflate
                0x0012c670                deflateParams
                0x0012c78c                deflateEnd
                0x0012c8ac                deflateInit2_
                0x0012cc74                deflateInit_
                0x0012cfb4                deflateCopy
 .text          0x0012d1b8     0x2c58 c:/devkitPro/portlibs/armv6k/lib\libz.a(inflate.o)
                0x0012d1b8                inflateResetKeep
                0x0012d248                inflateReset
                0x0012d2e4                inflateReset2
                0x0012d404                inflateInit2_
                0x0012d58c                inflateInit_
                0x0012d6f0                inflatePrime
                0x0012d768                inflate
                0x0012f604                inflateEnd
                0x0012f668                inflateGetDictionary
                0x0012f700                inflateSetDictionary
                0x0012f8a8                inflateGetHeader
                0x0012f8e4                inflateSync
                0x0012fb9c                inflateSyncPoint
                0x0012fbdc                inflateCopy
                0x0012fd88                inflateUndermine
                0x0012fdb8                inflateMark
 .text          0x0012fe10      0xbf4 c:/devkitPro/portlibs/armv6k/lib\libz.a(inftrees.o)
                0x0012fe10                inflate_table
 .text          0x00130a04     0x257c c:/devkitPro/portlibs/armv6k/lib\libz.a(trees.o)
                0x00131f34                _tr_init
                0x00132000                _tr_stored_block
                0x00132194                _tr_flush_bits
                0x00132230                _tr_align
                0x001323b4                _tr_flush_block
                0x00132ec8                _tr_tally
 .text          0x00132f80       0x38 c:/devkitPro/portlibs/armv6k/lib\libz.a(zutil.o)
                0x00132f80                zlibVersion
                0x00132f8c                zlibCompileFlags
                0x00132f94                zError
                0x00132fa8                zcalloc
                0x00132fb0                zcfree
 .text          0x00132fb8      0xbe4 c:/devkitPro/portlibs/armv6k/lib\libz.a(inffast.o)
                0x00132fb8                inflate_fast
 .text          0x00133b9c      0x75c c:/devkitPro/libctru/lib\libsf2d.a(sf2d.o)
                0x00133db4                sf2d_init
                0x00133ddc                sf2d_init_advanced
                0x00133dfc                sf2d_fini
                0x00133e60                sf2d_set_3D
                0x00133e6c                sf2d_start_frame
                0x00133ffc                sf2d_end_frame
                0x00134114                sf2d_swapbuffers
                0x001341c4                sf2d_set_vblank_wait
                0x001341d4                sf2d_get_fps
                0x001341e4                sf2d_pool_malloc
                0x00134210                sf2d_pool_memalign
                0x00134250                sf2d_pool_space_free
                0x00134268                sf2d_pool_reset
                0x0013427c                sf2d_set_clear_color
                0x0013428c                sf2d_set_scissor_test
                0x001342d8                sf2d_get_current_screen
                0x001342e8                sf2d_get_current_side
 .text          0x001342f8      0x7cc c:/devkitPro/libctru/lib\libsf2d.a(sf2d_draw.o)
                0x001342f8                sf2d_draw_line
                0x001344d0                sf2d_draw_rectangle
                0x00134688                sf2d_draw_rectangle_rotate
                0x001348dc                sf2d_draw_fill_circle
 .text          0x00134ac4      0x4f8 c:/devkitPro/libctru/lib\libsf2d.a(sf2d_private.o)
                0x00134ac4                GPU_SetDummyTexEnv
                0x00134af8                vector_mult_matrix4x4
                0x00134b7c                matrix_gpu_set_uniform
                0x00134bcc                matrix_copy
                0x00134c08                matrix_identity4x4
                0x00134c54                matrix_mult4x4
                0x00134cc8                matrix_set_z_rotation
                0x00134d3c                matrix_rotate_z
                0x00134d9c                matrix_set_scaling
                0x00134de8                matrix_swap_xy
                0x00134e88                matrix_init_orthographic
                0x00134f9c                next_pow2
 .text          0x00134fbc     0x2114 c:/devkitPro/libctru/lib\libsf2d.a(sf2d_texture.o)
                0x001350e0                sf2d_create_texture
                0x001352cc                sf2d_free_texture
                0x0013531c                sf2d_fill_texture_from_RGBA8
                0x001353d4                sf2d_create_texture_mem_RGBA8
                0x00135418                sf2d_bind_texture
                0x00135490                sf2d_bind_texture_color
                0x00135510                sf2d_bind_texture_parameters
                0x00135588                sf2d_draw_texture
                0x001356c8                sf2d_draw_texture_blend
                0x0013580c                sf2d_draw_texture_rotate_hotspot
                0x001359bc                sf2d_draw_texture_rotate_hotspot_blend
                0x00135b70                sf2d_draw_texture_rotate
                0x00135d34                sf2d_draw_texture_rotate_blend
                0x00135efc                sf2d_draw_texture_part
                0x00136078                sf2d_draw_texture_part_blend
                0x001361f8                sf2d_draw_texture_scale
                0x00136360                sf2d_draw_texture_scale_blend
                0x001364cc                sf2d_draw_texture_part_scale
                0x00136620                sf2d_draw_texture_part_scale_blend
                0x00136778                sf2d_draw_texture_part_rotate_scale
                0x00136990                sf2d_draw_texture_part_rotate_scale_blend
                0x00136bac                sf2d_draw_texture_depth
                0x00136d0c                sf2d_draw_texture_depth_blend
                0x00136e70                sf2d_draw_quad_uv
                0x00136f9c                sf2d_set_pixel
                0x00137030                sf2d_get_pixel
                0x001370c0                sf2d_texture_tile32
 .text          0x001370d0        0x0 c:/devkitPro/libctru/lib\libsf2d.a(shader.vsh.o)
 .text          0x001370d0      0x1d4 c:/devkitPro/libctru/lib\libctru.a(linear.o)
                0x001370f8                linearMemAlign
                0x00137238                linearAlloc
                0x00137240                linearRealloc
                0x00137248                linearFree
                0x00137298                linearSpaceFree
 .text          0x001372a4      0x35c c:/devkitPro/libctru/lib\libctru.a(mem_pool.o)
                0x001372a4                MemPool::CoalesceRight(MemBlock*)
                0x00137344                MemPool::Allocate(MemChunk&, unsigned long, int)
                0x001374cc                MemPool::Deallocate(MemChunk const&)
                0x001375d0                MemPool::GetFreeSpace()
 .text          0x00137600      0x1c4 c:/devkitPro/libctru/lib\libctru.a(vram.o)
                0x00137628                vramMemAlign
                0x00137758                vramAlloc
                0x00137760                vramRealloc
                0x00137768                vramFree
                0x001377b8                vramSpaceFree
 .text          0x001377c4      0x72c c:/devkitPro/libctru/lib\libctru.a(gfx.o)
                0x00137850                gfxSet3D
                0x00137860                gfxSetScreenFormat
                0x00137878                gfxGetScreenFormat
                0x00137890                gfxSetDoubleBuffering
                0x001378a4                gfxSetFramebufferInfo
                0x00137914                gfxWriteFramebufferInfo
                0x001379d8                gfxInit
                0x00137bb8                gfxInitDefault
                0x00137bc8                gfxExit
                0x00137c94                gfxGetFramebuffer
                0x00137d44                gfxFlushBuffers
                0x00137e20                gfxSwapBuffers
                0x00137e94                gfxSwapBuffersGpu
 .text          0x00137ef0      0x288 c:/devkitPro/libctru/lib\libctru.a(os.o)
                0x00137f48                osConvertVirtToPhys
                0x00137f94                osConvertOldLINEARMemToNew
                0x00137fb4                __libctru_gtod
                0x001380ac                osGetTime
                0x00138120                osGetFirmVersion
                0x00138134                osGetKernelVersion
                0x00138148                osStrError
                0x00138168                osGetWifiStrength
 .text          0x00138178     0x1a58 c:/devkitPro/libctru/lib\libctru.a(gpu.o)
                0x001381f8                GPU_Init
                0x00138224                GPUCMD_SetBuffer
                0x00138250                GPUCMD_SetBufferOffset
                0x00138260                GPUCMD_GetBuffer
                0x001382a0                GPUCMD_AddRawCommands
                0x001382ec                GPUCMD_Run
                0x0013834c                GPUCMD_FlushAndRun
                0x001383c0                GPUCMD_Add
                0x001384a4                GPUCMD_Finalize
                0x0013853c                GPU_Reset
                0x00138d1c                GPU_SetFloatUniform
                0x00138d94                GPU_SetViewport
                0x00138f88                GPU_SetScissorTest
                0x00138fd4                GPU_DepthMap
                0x00139050                GPU_SetAlphaTest
                0x00139088                GPU_SetStencilTest
                0x001390d0                GPU_SetStencilOp
                0x00139104                GPU_SetDepthTestAndWriteMask
                0x0013913c                GPU_SetAlphaBlending
                0x001391a4                GPU_SetColorLogicOp
                0x001391e8                GPU_SetBlendingColor
                0x00139224                GPU_SetTextureEnable
                0x00139270                GPU_SetTexture
                0x00139408                GPU_SetTextureBorderColor
                0x0013949c                GPU_SetAttributeBuffers
                0x00139698                GPU_SetAttributeBuffersAddress
                0x001396c4                GPU_SetFaceCulling
                0x001396f0                GPU_SetCombinerBufferWrite
                0x00139724                GPU_SetTexEnv
                0x0013979c                GPU_DrawArray
                0x001398cc                GPU_DrawElements
                0x00139a00                GPU_FinishDrawing
                0x00139a5c                GPU_SetShaderOutmap
                0x00139aa4                GPU_SendShaderCode
                0x00139b5c                GPU_SendOperandDescriptors
 .text          0x00139bd0        0x0 c:/devkitPro/libctru/lib\libctru.a(gpuResetSequence.o)
 .text          0x00139bd0      0x7f4 c:/devkitPro/libctru/lib\libctru.a(shaderProgram.o)
                0x00139bd0                shaderInstanceInit
                0x00139dd8                shaderInstanceFree
                0x00139e10                shaderInstanceSetBool
                0x00139e50                shaderInstanceGetBool
                0x00139e9c                shaderInstanceGetUniformLocation
                0x00139ebc                shaderProgramInit
                0x00139ed4                shaderProgramFree
                0x00139f04                shaderProgramSetVsh
                0x00139f70                shaderProgramSetGsh
                0x00139fe4                shaderProgramUse
 .text          0x0013a3c4      0x348 c:/devkitPro/libctru/lib\libctru.a(shbin.o)
                0x0013a3c4                DVLB_Free
                0x0013a400                DVLE_GetUniformRegister
                0x0013a47c                DVLE_GenerateOutmap
                0x0013a574                DVLB_ParseFile
 .text          0x0013a70c     0x1d4c c:/devkitPro/libctru/lib\libctru.a(apt.o)
                0x0013a770                _aptDebug
                0x0013a774                aptInitCaptureInfo
                0x0013a824                aptWaitStatusEvent
                0x0013a84c                aptHook
                0x0013a884                aptUnhook
                0x0013a8b0                aptGetStatus
                0x0013a8e8                aptSetStatus
                0x0013a94c                aptGetStatusPower
                0x0013a984                aptSetStatusPower
                0x0013a9bc                aptOpenSession
                0x0013a9e0                aptCloseSession
                0x0013aa08                aptSignalReadyForSleep
                0x0013aa18                APT_GetLockHandle
                0x0013aa68                APT_Initialize
                0x0013aad0                APT_Finalize
                0x0013ab0c                APT_HardwareResetAsync
                0x0013ab40                APT_Enable
                0x0013ab7c                APT_GetAppletManInfo
                0x0013abfc                aptGetMenuAppID
                0x0013ac38                APT_GetAppletProgramInfo
                0x0013ac8c                APT_IsRegistered
                0x0013acdc                APT_InquireNotification
                0x0013ad2c                APT_PrepareToJumpToHomeMenu
                0x0013ad60                APT_JumpToHomeMenu
                0x0013adb0                APT_PrepareToJumpToApplication
                0x0013adec                APT_JumpToApplication
                0x0013ae3c                APT_NotifyToWait
                0x0013ae78                APT_AppletUtility
                0x0013af00                aptAppletUtility_Exit_RetToApp
                0x0013b020                aptAppletClosed
                0x0013b15c                aptInit
                0x0013b314                APT_GlanceParameter
                0x0013b388                APT_ReceiveParameter
                0x0013b3fc                APT_SendParameter
                0x0013b46c                APT_SendCaptureBufferInfo
                0x0013b4b8                aptReturnToMenu
                0x0013b68c                APT_ReplySleepQuery
                0x0013b6cc                APT_ReplySleepNotificationComplete
                0x0013b708                aptEventHandler
                0x0013ba14                APT_PrepareToCloseApplication
                0x0013ba50                APT_CloseApplication
                0x0013baa8                aptExit
                0x0013bc94                APT_SetAppCpuTimeLimit
                0x0013bcd8                APT_GetAppCpuTimeLimit
                0x0013bd2c                APT_CheckNew3DS_Application
                0x0013bd88                APT_CheckNew3DS_System
                0x0013bde4                APT_CheckNew3DS
                0x0013be58                APT_PrepareToDoAppJump
                0x0013bea4                APT_DoAppJump
                0x0013bf0c                APT_PrepareToStartLibraryApplet
                0x0013bf48                APT_StartLibraryApplet
                0x0013bfa8                aptAppletStarted
                0x0013c0ac                aptMainLoop
                0x0013c224                APT_LaunchLibraryApplet
                0x0013c3bc                APT_PrepareToStartSystemApplet
                0x0013c3f8                APT_StartSystemApplet
 .text          0x0013c458      0x8a0 c:/devkitPro/libctru/lib\libctru.a(gsp.o)
                0x0013c53c                gspInit
                0x0013c550                gspExit
                0x0013c568                gspInitEventHandler
                0x0013c634                gspExitEventHandler
                0x0013c68c                gspWaitForEvent
                0x0013c6e4                GSPGPU_WriteHWRegs
                0x0013c754                GSPGPU_WriteHWRegsWithMask
                0x0013c7e0                GSPGPU_ReadHWRegs
                0x0013c850                GSPGPU_SetBufferSwap
                0x0013c8c4                GSPGPU_FlushDataCache
                0x0013c918                GSPGPU_InvalidateDataCache
                0x0013c96c                GSPGPU_SetLcdForceBlack
                0x0013c9a8                GSPGPU_TriggerCmdReqQueue
                0x0013c9dc                GSPGPU_RegisterInterruptRelayQueue
                0x0013ca48                GSPGPU_UnregisterInterruptRelayQueue
                0x0013ca7c                GSPGPU_AcquireRight
                0x0013cacc                GSPGPU_ReleaseRight
                0x0013cb00                GSPGPU_ImportDisplayCaptureInfo
                0x0013cb84                GSPGPU_SaveVramSysArea
                0x0013cbb8                GSPGPU_RestoreVramSysArea
                0x0013cbec                GSPGPU_SubmitGxCommand
 .text          0x0013ccf8      0x264 c:/devkitPro/libctru/lib\libctru.a(gx.o)
                0x0013ccf8                GX_RequestDma
                0x0013cd4c                GX_SetCommandList_Last
                0x0013cdb4                GX_SetMemoryFill
                0x0013ce28                GX_SetDisplayTransfer
                0x0013ce8c                GX_SetTextureCopy
                0x0013cef4                GX_SetCommandList_First
 .text          0x0013cf5c      0x708 c:/devkitPro/libctru/lib\libctru.a(hid.o)
                0x0013cf5c                hidExit
                0x0013d000                hidWaitForEvent
                0x0013d058                hidCheckSectionUpdateTime
                0x0013d094                hidScanInput
                0x0013d2dc                hidKeysHeld
                0x0013d2ec                hidKeysDown
                0x0013d2fc                hidKeysUp
                0x0013d30c                hidTouchRead
                0x0013d324                hidCircleRead
                0x0013d33c                hidAccelRead
                0x0013d35c                hidGyroRead
                0x0013d37c                HIDUSER_GetHandles
                0x0013d40c                hidInit
                0x0013d540                HIDUSER_EnableAccelerometer
                0x0013d56c                HIDUSER_DisableAccelerometer
                0x0013d598                HIDUSER_EnableGyroscope
                0x0013d5c4                HIDUSER_DisableGyroscope
                0x0013d5f0                HIDUSER_GetGyroscopeRawToDpsCoefficient
                0x0013d62c                HIDUSER_GetSoundVolume
 .text          0x0013d664      0x388 c:/devkitPro/libctru/lib\libctru.a(irrst.o)
                0x0013d664                irrstWaitForEvent
                0x0013d6b0                irrstCheckSectionUpdateTime
                0x0013d6ec                irrstScanInput
                0x0013d7a0                irrstKeysHeld
                0x0013d7b8                irrstCstickRead
                0x0013d7d0                IRRST_GetHandles
                0x0013d820                IRRST_Initialize
                0x0013d858                irrstInit
                0x0013d93c                IRRST_Shutdown
                0x0013d968                irrstExit
 .text          0x0013d9ec       0x70 c:/devkitPro/libctru/lib\libctru.a(rbtree_find.o)
                0x0013d9ec                rbtree_find
 .text          0x0013da5c       0x14 c:/devkitPro/libctru/lib\libctru.a(rbtree_init.o)
                0x0013da5c                rbtree_init
 .text          0x0013da70      0x1f4 c:/devkitPro/libctru/lib\libctru.a(rbtree_insert.o)
                0x0013dc54                rbtree_insert
                0x0013dc5c                rbtree_insert_multi
 .text          0x0013dc64      0x340 c:/devkitPro/libctru/lib\libctru.a(rbtree_remove.o)
                0x0013dc64                rbtree_remove
 .text          0x0013dfa4       0xac c:/devkitPro/libctru/lib\libctru.a(rbtree_rotate.o)
                0x0013dfa4                rbtree_rotate
 .text          0x0013e050       0xa4 c:/devkitPro/libctru/lib\libctru.a(allocateHeaps.o)
                0x0013e050                __system_allocateHeaps
 .text          0x0013e0f4       0xf4 c:/devkitPro/libctru/lib\libctru.a(initArgv.o)
                0x0013e0f4                __system_initArgv
 .text          0x0013e1e8       0x4c c:/devkitPro/libctru/lib\libctru.a(initSystem.o)
                0x0013e1e8                __libctru_init
 *fill*         0x0013e234        0xc 
 .text          0x0013e240      0x460 c:/devkitPro/libctru/lib\libctru.a(svc.o)
                0x0013e240                svcControlMemory
                0x0013e260                svcQueryMemory
                0x0013e290                svcExitProcess
                0x0013e298                svcCreateThread
                0x0013e2b8                svcExitThread
                0x0013e2c0                svcSleepThread
                0x0013e2c8                svcGetThreadPriority
                0x0013e2dc                svcSetThreadPriority
                0x0013e2e4                svcGetThreadAffinityMask
                0x0013e2ec                svcSetThreadAffinityMask
                0x0013e2f4                svcGetThreadIdealProcessor
                0x0013e308                svcSetThreadIdealProcessor
                0x0013e310                svcGetProcessorID
                0x0013e318                svcCreateMutex
                0x0013e32c                svcReleaseMutex
                0x0013e334                svcCreateSemaphore
                0x0013e348                svcReleaseSemaphore
                0x0013e35c                svcCreateEvent
                0x0013e370                svcSignalEvent
                0x0013e378                svcClearEvent
                0x0013e380                svcCreateTimer
                0x0013e394                svcSetTimer
                0x0013e39c                svcCancelTimer
                0x0013e3a4                svcClearTimer
                0x0013e3ac                svcCreateMemoryBlock
                0x0013e3c4                svcMapMemoryBlock
                0x0013e3cc                svcUnmapMemoryBlock
                0x0013e3d4                svcCreateAddressArbiter
                0x0013e3e8                svcArbitrateAddress
                0x0013e408                svcCloseHandle
                0x0013e410                svcWaitSynchronization
                0x0013e418                svcWaitSynchronizationN
                0x0013e440                svcDuplicateHandle
                0x0013e454                svcGetSystemTick
                0x0013e45c                svcGetSystemInfo
                0x0013e474                svcGetProcessInfo
                0x0013e48c                svcGetThreadInfo
                0x0013e4a4                svcConnectToPort
                0x0013e4b8                svcSendSyncRequest
                0x0013e4c0                svcOpenProcess
                0x0013e4d4                svcOpenThread
                0x0013e4e8                svcGetProcessId
                0x0013e4fc                svcGetProcessIdOfThread
                0x0013e510                svcGetThreadId
                0x0013e524                svcBreak
                0x0013e52c                svcOutputDebugString
                0x0013e534                svcCreatePort
                0x0013e554                svcAcceptSession
                0x0013e56c                svcReplyAndReceive
                0x0013e584                svcInvalidateProcessDataCache
                0x0013e58c                svcFlushProcessDataCache
                0x0013e594                svcStartInterProcessDma
                0x0013e5b4                svcStopDma
                0x0013e5bc                svcGetDmaState
                0x0013e5d0                svcDebugActiveProcess
                0x0013e5e4                svcBreakDebugProcess
                0x0013e5ec                svcTerminateDebugProcess
                0x0013e5f4                svcGetProcessDebugEvent
                0x0013e5fc                svcContinueDebugEvent
                0x0013e604                svcGetProcessList
                0x0013e624                svcReadProcessMemory
                0x0013e62c                svcWriteProcessMemory
                0x0013e634                svcControlProcessMemory
                0x0013e64c                svcMapProcessMemory
                0x0013e654                svcUnmapProcessMemory
                0x0013e65c                svcTerminateProcess
                0x0013e664                svcBackdoor
                0x0013e66c                svcKernelSetState
                0x0013e674                svcQueryProcessMemory
 .text          0x0013e6a0       0x64 c:/devkitPro/libctru/lib\libctru.a(stack_adjust.o)
                0x0013e6a0                initSystem
                0x0013e6e4                __ctru_exit
 .text          0x0013e704      0x3b8 c:/devkitPro/libctru/lib\libctru.a(srv.o)
                0x0013e704                __get_handle_from_list
                0x0013e79c                __destroy_handle_list
                0x0013e7f0                srvExit
                0x0013e818                srvGetSessionHandle
                0x0013e824                srvRegisterClient
                0x0013e85c                srvInit
                0x0013e8c4                srvGetServiceHandle
                0x0013e944                srvRegisterService
                0x0013e9a0                srvUnregisterService
                0x0013e9ec                srvPmInit
                0x0013ea40                srvRegisterProcess
                0x0013ea88                srvUnregisterProcess
 .text          0x0013eabc      0x118 c:/devkitPro/libctru/lib\libctru.a(rbtree_iterator.o)
                0x0013eabc                rbtree_node_next
                0x0013eb48                rbtree_node_prev
 .text          0x0013ebd4       0x1c c:/devkitPro/libctru/lib\libctru.a(appExit.o)
                0x0013ebd4                __appExit
 .text          0x0013ebf0       0x20 c:/devkitPro/libctru/lib\libctru.a(appInit.o)
                0x0013ebf0                __appInit
 .text          0x0013ec10       0x90 c:/devkitPro/libctru/lib\libctru.a(ctru_exit.o)
                0x0013ec10                __libctru_exit
 .text          0x0013eca0      0xffc c:/devkitPro/libctru/lib\libctru.a(sdmc_dev.o)
                0x0013fb1c                sdmcInit
                0x0013fc4c                sdmcExit
 .text          0x0013fc9c      0xc88 c:/devkitPro/libctru/lib\libctru.a(fs.o)
                0x0013fc9c                FS_makePath
                0x0013fcc8                fsExit
                0x0013fcec                fsGetSessionHandle
                0x0013fcf8                FSUSER_Initialize
                0x0013fd6c                fsInit
                0x0013fdd8                FSUSER_OpenFile
                0x0013fe84                FSUSER_OpenFileDirectly
                0x0013ff50                FSUSER_DeleteFile
                0x0013ffd8                FSUSER_RenameFile
                0x0014009c                FSUSER_DeleteDirectory
                0x00140124                FSUSER_DeleteDirectoryRecursively
                0x001401ac                FSUSER_CreateFile
                0x00140244                FSUSER_CreateDirectory
                0x001402d0                FSUSER_RenameDirectory
                0x00140394                FSUSER_OpenDirectory
                0x00140428                FSUSER_OpenArchive
                0x001404b0                FSUSER_CloseArchive
                0x00140508                FSUSER_GetSdmcArchiveResource
                0x00140584                FSUSER_GetNandArchiveResource
                0x00140600                FSUSER_IsSdmcDetected
                0x0014064c                FSUSER_IsSdmcWritable
                0x00140698                FSFILE_Close
                0x001406dc                FSFILE_Read
                0x00140738                FSFILE_Write
                0x0014079c                FSFILE_GetSize
                0x001407dc                FSFILE_SetSize
                0x00140808                FSFILE_GetAttributes
                0x00140840                FSFILE_SetAttributes
                0x00140868                FSFILE_Flush
                0x0014088c                FSDIR_Read
                0x001408e0                FSDIR_Close
 .text          0x00140924      0x138 c:/devkitPro/libctru/lib\libctru.a(decode_utf8.o)
                0x00140924                decode_utf8
 .text          0x00140a5c       0xe8 c:/devkitPro/libctru/lib\libctru.a(utf16_to_utf8.o)
                0x00140a5c                utf16_to_utf8
 .text          0x00140b44       0xb8 c:/devkitPro/libctru/lib\libctru.a(utf8_to_utf16.o)
                0x00140b44                utf8_to_utf16
 .text          0x00140bfc       0x60 c:/devkitPro/libctru/lib\libctru.a(decode_utf16.o)
                0x00140bfc                decode_utf16
 .text          0x00140c5c       0x68 c:/devkitPro/libctru/lib\libctru.a(encode_utf16.o)
                0x00140c5c                encode_utf16
 .text          0x00140cc4      0x104 c:/devkitPro/libctru/lib\libctru.a(encode_utf8.o)
                0x00140cc4                encode_utf8
 .text          0x00140dc8        0x0 c:/devkitpro/devkitarm/bin/../lib/gcc/arm-none-eabi/4.9.2/../../../../arm-none-eabi/lib/armv6k/fpu\libm.a(lib_a-sf_cos.o)
 .text          0x00140dc8        0x0 c:/devkitpro/devkitarm/bin/../lib/gcc/arm-none-eabi/4.9.2/../../../../arm-none-eabi/lib/armv6k/fpu\libm.a(lib_a-s_floor.o)
 .text          0x00140dc8        0x0 c:/devkitpro/devkitarm/bin/../lib/gcc/arm-none-eabi/4.9.2/../../../../arm-none-eabi/lib/armv6k/fpu\libm.a(lib_a-s_frexp.o)
 .text          0x00140dc8        0x0 c:/devkitpro/devkitarm/bin/../lib/gcc/arm-none-eabi/4.9.2/../../../../arm-none-eabi/lib/armv6k/fpu\libm.a(lib_a-sf_sin.o)
 .text          0x00140dc8        0x0 c:/devkitpro/devkitarm/bin/../lib/gcc/arm-none-eabi/4.9.2/../../../../arm-none-eabi/lib/armv6k/fpu\libm.a(lib_a-s_modf.o)
 .text          0x00140dc8        0x0 c:/devkitpro/devkitarm/bin/../lib/gcc/arm-none-eabi/4.9.2/../../../../arm-none-eabi/lib/armv6k/fpu\libm.a(lib_a-w_pow.o)
 .text          0x00140dc8        0x0 c:/devkitpro/devkitarm/bin/../lib/gcc/arm-none-eabi/4.9.2/../../../../arm-none-eabi/lib/armv6k/fpu\libm.a(lib_a-ef_rem_pio2.o)
 .text          0x00140dc8        0x0 c:/devkitpro/devkitarm/bin/../lib/gcc/arm-none-eabi/4.9.2/../../../../arm-none-eabi/lib/armv6k/fpu\libm.a(lib_a-e_pow.o)
 .text          0x00140dc8        0x0 c:/devkitpro/devkitarm/bin/../lib/gcc/arm-none-eabi/4.9.2/../../../../arm-none-eabi/lib/armv6k/fpu\libm.a(lib_a-e_sqrt.o)
 .text          0x00140dc8        0x0 c:/devkitpro/devkitarm/bin/../lib/gcc/arm-none-eabi/4.9.2/../../../../arm-none-eabi/lib/armv6k/fpu\libm.a(lib_a-kf_cos.o)
 .text          0x00140dc8        0x0 c:/devkitpro/devkitarm/bin/../lib/gcc/arm-none-eabi/4.9.2/../../../../arm-none-eabi/lib/armv6k/fpu\libm.a(lib_a-kf_rem_pio2.o)
 .text          0x00140dc8        0x0 c:/devkitpro/devkitarm/bin/../lib/gcc/arm-none-eabi/4.9.2/../../../../arm-none-eabi/lib/armv6k/fpu\libm.a(lib_a-kf_sin.o)
 .text          0x00140dc8        0x0 c:/devkitpro/devkitarm/bin/../lib/gcc/arm-none-eabi/4.9.2/../../../../arm-none-eabi/lib/armv6k/fpu\libm.a(lib_a-s_fabs.o)
 .text          0x00140dc8        0x0 c:/devkitpro/devkitarm/bin/../lib/gcc/arm-none-eabi/4.9.2/../../../../arm-none-eabi/lib/armv6k/fpu\libm.a(lib_a-sf_fabs.o)
 .text          0x00140dc8        0x0 c:/devkitpro/devkitarm/bin/../lib/gcc/arm-none-eabi/4.9.2/../../../../arm-none-eabi/lib/armv6k/fpu\libm.a(lib_a-sf_floor.o)
 .text          0x00140dc8        0x0 c:/devkitpro/devkitarm/bin/../lib/gcc/arm-none-eabi/4.9.2/../../../../arm-none-eabi/lib/armv6k/fpu\libm.a(lib_a-s_finite.o)
 .text          0x00140dc8        0x0 c:/devkitpro/devkitarm/bin/../lib/gcc/arm-none-eabi/4.9.2/../../../../arm-none-eabi/lib/armv6k/fpu\libm.a(lib_a-s_fpclassify.o)
 .text          0x00140dc8        0x0 c:/devkitpro/devkitarm/bin/../lib/gcc/arm-none-eabi/4.9.2/../../../../arm-none-eabi/lib/armv6k/fpu\libm.a(lib_a-sf_scalbn.o)
 .text          0x00140dc8        0x0 c:/devkitpro/devkitarm/bin/../lib/gcc/arm-none-eabi/4.9.2/../../../../arm-none-eabi/lib/armv6k/fpu\libm.a(lib_a-s_lib_ver.o)
 .text          0x00140dc8        0x0 c:/devkitpro/devkitarm/bin/../lib/gcc/arm-none-eabi/4.9.2/../../../../arm-none-eabi/lib/armv6k/fpu\libm.a(lib_a-s_matherr.o)
 .text          0x00140dc8        0x0 c:/devkitpro/devkitarm/bin/../lib/gcc/arm-none-eabi/4.9.2/../../../../arm-none-eabi/lib/armv6k/fpu\libm.a(lib_a-s_nan.o)
 .text          0x00140dc8        0x0 c:/devkitpro/devkitarm/bin/../lib/gcc/arm-none-eabi/4.9.2/../../../../arm-none-eabi/lib/armv6k/fpu\libm.a(lib_a-s_rint.o)
 .text          0x00140dc8        0x0 c:/devkitpro/devkitarm/bin/../lib/gcc/arm-none-eabi/4.9.2/../../../../arm-none-eabi/lib/armv6k/fpu\libm.a(lib_a-s_scalbn.o)
 .text          0x00140dc8        0x0 c:/devkitpro/devkitarm/bin/../lib/gcc/arm-none-eabi/4.9.2/../../../../arm-none-eabi/lib/armv6k/fpu\libm.a(lib_a-s_copysign.o)
 .text          0x00140dc8        0x0 c:/devkitpro/devkitarm/bin/../lib/gcc/arm-none-eabi/4.9.2/../../../../arm-none-eabi/lib/armv6k/fpu\libm.a(lib_a-sf_copysign.o)
 .text          0x00140dc8      0x20c c:/devkitpro/devkitarm/bin/../lib/gcc/arm-none-eabi/4.9.2/armv6k/fpu\libgcc.a(_udivsi3.o)
                0x00140dc8                __aeabi_uidiv
                0x00140dc8                __udivsi3
                0x00140fb4                __aeabi_uidivmod
 .text          0x00140fd4      0x240 c:/devkitpro/devkitarm/bin/../lib/gcc/arm-none-eabi/4.9.2/armv6k/fpu\libgcc.a(_divsi3.o)
                0x00140fd4                __divsi3
                0x00140fd4                __aeabi_idiv
                0x001411f4                __aeabi_idivmod
 .text          0x00141214        0x4 c:/devkitpro/devkitarm/bin/../lib/gcc/arm-none-eabi/4.9.2/armv6k/fpu\libgcc.a(_dvmd_tls.o)
                0x00141214                __aeabi_idiv0
                0x00141214                __aeabi_ldiv0
 .text          0x00141218      0x250 c:/devkitpro/devkitarm/bin/../lib/gcc/arm-none-eabi/4.9.2/armv6k/fpu\libgcc.a(_arm_addsubsf3.o)
                0x00141218                __aeabi_frsub
                0x00141220                __subsf3
                0x00141220                __aeabi_fsub
                0x00141224                __aeabi_fadd
                0x00141224                __addsf3
                0x001413b4                __aeabi_ui2f
                0x001413b4                __floatunsisf
                0x001413bc                __aeabi_i2f
                0x001413bc                __floatsisf
                0x001413dc                __aeabi_ul2f
                0x001413dc                __floatundisf
                0x001413ec                __aeabi_l2f
                0x001413ec                __floatdisf
 .text          0x00141468        0x0 c:/devkitpro/devkitarm/bin/../lib/gcc/arm-none-eabi/4.9.2/../../../../arm-none-eabi/lib/armv6k/fpu\libg.a(lib_a-abort.o)
 .text          0x00141468        0x0 c:/devkitpro/devkitarm/bin/../lib/gcc/arm-none-eabi/4.9.2/../../../../arm-none-eabi/lib/armv6k/fpu\libg.a(lib_a-atof.o)
 .text          0x00141468        0x0 c:/devkitpro/devkitarm/bin/../lib/gcc/arm-none-eabi/4.9.2/../../../../arm-none-eabi/lib/armv6k/fpu\libg.a(lib_a-bsearch.o)
 .text          0x00141468        0x0 c:/devkitpro/devkitarm/bin/../lib/gcc/arm-none-eabi/4.9.2/../../../../arm-none-eabi/lib/armv6k/fpu\libg.a(lib_a-errno.o)
 .text          0x00141468        0x0 c:/devkitpro/devkitarm/bin/../lib/gcc/arm-none-eabi/4.9.2/../../../../arm-none-eabi/lib/armv6k/fpu\libg.a(lib_a-exit.o)
 .text          0x00141468        0x0 c:/devkitpro/devkitarm/bin/../lib/gcc/arm-none-eabi/4.9.2/../../../../arm-none-eabi/lib/armv6k/fpu\libg.a(lib_a-fclose.o)
 .text          0x00141468        0x0 c:/devkitpro/devkitarm/bin/../lib/gcc/arm-none-eabi/4.9.2/../../../../arm-none-eabi/lib/armv6k/fpu\libg.a(lib_a-fflush.o)
 .text          0x00141468        0x0 c:/devkitpro/devkitarm/bin/../lib/gcc/arm-none-eabi/4.9.2/../../../../arm-none-eabi/lib/armv6k/fpu\libg.a(lib_a-findfp.o)
 .text          0x00141468        0x0 c:/devkitpro/devkitarm/bin/../lib/gcc/arm-none-eabi/4.9.2/../../../../arm-none-eabi/lib/armv6k/fpu\libg.a(lib_a-fini.o)
 .text          0x00141468        0x0 c:/devkitpro/devkitarm/bin/../lib/gcc/arm-none-eabi/4.9.2/../../../../arm-none-eabi/lib/armv6k/fpu\libg.a(lib_a-fopen.o)
 .text          0x00141468        0x0 c:/devkitpro/devkitarm/bin/../lib/gcc/arm-none-eabi/4.9.2/../../../../arm-none-eabi/lib/armv6k/fpu\libg.a(lib_a-fprintf.o)
 .text          0x00141468        0x0 c:/devkitpro/devkitarm/bin/../lib/gcc/arm-none-eabi/4.9.2/../../../../arm-none-eabi/lib/armv6k/fpu\libg.a(lib_a-fputc.o)
 .text          0x00141468        0x0 c:/devkitpro/devkitarm/bin/../lib/gcc/arm-none-eabi/4.9.2/../../../../arm-none-eabi/lib/armv6k/fpu\libg.a(lib_a-fread.o)
 .text          0x00141468        0x0 c:/devkitpro/devkitarm/bin/../lib/gcc/arm-none-eabi/4.9.2/../../../../arm-none-eabi/lib/armv6k/fpu\libg.a(lib_a-freer.o)
 .text          0x00141468        0x0 c:/devkitpro/devkitarm/bin/../lib/gcc/arm-none-eabi/4.9.2/../../../../arm-none-eabi/lib/armv6k/fpu\libg.a(lib_a-fseek.o)
 .text          0x00141468        0x0 c:/devkitpro/devkitarm/bin/../lib/gcc/arm-none-eabi/4.9.2/../../../../arm-none-eabi/lib/armv6k/fpu\libg.a(lib_a-fseeko.o)
 .text          0x00141468        0x0 c:/devkitpro/devkitarm/bin/../lib/gcc/arm-none-eabi/4.9.2/../../../../arm-none-eabi/lib/armv6k/fpu\libg.a(lib_a-fwalk.o)
 .text          0x00141468        0x0 c:/devkitpro/devkitarm/bin/../lib/gcc/arm-none-eabi/4.9.2/../../../../arm-none-eabi/lib/armv6k/fpu\libg.a(lib_a-fwrite.o)
 .text          0x00141468        0x0 c:/devkitpro/devkitarm/bin/../lib/gcc/arm-none-eabi/4.9.2/../../../../arm-none-eabi/lib/armv6k/fpu\libg.a(lib_a-gmtime.o)
 .text          0x00141468        0x0 c:/devkitpro/devkitarm/bin/../lib/gcc/arm-none-eabi/4.9.2/../../../../arm-none-eabi/lib/armv6k/fpu\libg.a(lib_a-gmtime_r.o)
 .text          0x00141468        0x0 c:/devkitpro/devkitarm/bin/../lib/gcc/arm-none-eabi/4.9.2/../../../../arm-none-eabi/lib/armv6k/fpu\libg.a(lib_a-impure.o)
 .text          0x00141468        0x0 c:/devkitpro/devkitarm/bin/../lib/gcc/arm-none-eabi/4.9.2/../../../../arm-none-eabi/lib/armv6k/fpu\libg.a(lib_a-init.o)
 .text          0x00141468        0x0 c:/devkitpro/devkitarm/bin/../lib/gcc/arm-none-eabi/4.9.2/../../../../arm-none-eabi/lib/armv6k/fpu\libg.a(lib_a-makebuf.o)
 .text          0x00141468        0x0 c:/devkitpro/devkitarm/bin/../lib/gcc/arm-none-eabi/4.9.2/../../../../arm-none-eabi/lib/armv6k/fpu\libg.a(lib_a-malloc.o)
 .text          0x00141468        0x0 c:/devkitpro/devkitarm/bin/../lib/gcc/arm-none-eabi/4.9.2/../../../../arm-none-eabi/lib/armv6k/fpu\libg.a(lib_a-mallocr.o)
 .text          0x00141468        0x0 c:/devkitpro/devkitarm/bin/../lib/gcc/arm-none-eabi/4.9.2/../../../../arm-none-eabi/lib/armv6k/fpu\libg.a(lib_a-memcmp.o)
 .text          0x00141468        0x0 c:/devkitpro/devkitarm/bin/../lib/gcc/arm-none-eabi/4.9.2/../../../../arm-none-eabi/lib/armv6k/fpu\libg.a(lib_a-memcpy.o)
 .text          0x00141468        0x0 c:/devkitpro/devkitarm/bin/../lib/gcc/arm-none-eabi/4.9.2/../../../../arm-none-eabi/lib/armv6k/fpu\libg.a(lib_a-memset.o)
 .text          0x00141468        0x0 c:/devkitpro/devkitarm/bin/../lib/gcc/arm-none-eabi/4.9.2/../../../../arm-none-eabi/lib/armv6k/fpu\libg.a(lib_a-mlock.o)
 .text          0x00141468        0x0 c:/devkitpro/devkitarm/bin/../lib/gcc/arm-none-eabi/4.9.2/../../../../arm-none-eabi/lib/armv6k/fpu\libg.a(lib_a-month_lengths.o)
 .text          0x00141468        0x0 c:/devkitpro/devkitarm/bin/../lib/gcc/arm-none-eabi/4.9.2/../../../../arm-none-eabi/lib/armv6k/fpu\libg.a(lib_a-printf.o)
 .text          0x00141468        0x0 c:/devkitpro/devkitarm/bin/../lib/gcc/arm-none-eabi/4.9.2/../../../../arm-none-eabi/lib/armv6k/fpu\libg.a(lib_a-putchar.o)
 .text          0x00141468        0x0 c:/devkitpro/devkitarm/bin/../lib/gcc/arm-none-eabi/4.9.2/../../../../arm-none-eabi/lib/armv6k/fpu\libg.a(lib_a-putc.o)
 .text          0x00141468        0x0 c:/devkitpro/devkitarm/bin/../lib/gcc/arm-none-eabi/4.9.2/../../../../arm-none-eabi/lib/armv6k/fpu\libg.a(lib_a-rand.o)
 .text          0x00141468        0x0 c:/devkitpro/devkitarm/bin/../lib/gcc/arm-none-eabi/4.9.2/../../../../arm-none-eabi/lib/armv6k/fpu\libg.a(lib_a-realloc.o)
 .text          0x00141468        0x0 c:/devkitpro/devkitarm/bin/../lib/gcc/arm-none-eabi/4.9.2/../../../../arm-none-eabi/lib/armv6k/fpu\libg.a(lib_a-reallocr.o)
 .text          0x00141468        0x0 c:/devkitpro/devkitarm/bin/../lib/gcc/arm-none-eabi/4.9.2/../../../../arm-none-eabi/lib/armv6k/fpu\libg.a(lib_a-refill.o)
 .text          0x00141468        0x0 c:/devkitpro/devkitarm/bin/../lib/gcc/arm-none-eabi/4.9.2/../../../../arm-none-eabi/lib/armv6k/fpu\libg.a(lib_a-remove.o)
 .text          0x00141468       0x2c c:/devkitpro/devkitarm/bin/../lib/gcc/arm-none-eabi/4.9.2/../../../../arm-none-eabi/lib/armv6k/fpu\libg.a(lib_a-setjmp.o)
                0x00141468                setjmp
                0x0014147c                longjmp
 .text          0x00141494        0x0 c:/devkitpro/devkitarm/bin/../lib/gcc/arm-none-eabi/4.9.2/../../../../arm-none-eabi/lib/armv6k/fpu\libg.a(lib_a-signal.o)
 .text          0x00141494        0x0 c:/devkitpro/devkitarm/bin/../lib/gcc/arm-none-eabi/4.9.2/../../../../arm-none-eabi/lib/armv6k/fpu\libg.a(lib_a-stdio.o)
 *fill*         0x00141494        0xc 
 .text          0x001414a0      0x3a0 c:/devkitpro/devkitarm/bin/../lib/gcc/arm-none-eabi/4.9.2/../../../../arm-none-eabi/lib/armv6k/fpu\libg.a(lib_a-strcmp.o)
                0x001414a8                strcmp
 .text          0x00141840        0x0 c:/devkitpro/devkitarm/bin/../lib/gcc/arm-none-eabi/4.9.2/../../../../arm-none-eabi/lib/armv6k/fpu\libg.a(lib_a-strcpy.o)
 .text          0x00141840        0x0 c:/devkitpro/devkitarm/bin/../lib/gcc/arm-none-eabi/4.9.2/../../../../arm-none-eabi/lib/armv6k/fpu\libg.a(lib_a-strerror.o)
 .text          0x00141840        0x0 c:/devkitpro/devkitarm/bin/../lib/gcc/arm-none-eabi/4.9.2/../../../../arm-none-eabi/lib/armv6k/fpu\libg.a(lib_a-strlen.o)
 .text          0x00141840        0x0 c:/devkitpro/devkitarm/bin/../lib/gcc/arm-none-eabi/4.9.2/../../../../arm-none-eabi/lib/armv6k/fpu\libg.a(lib_a-strncat.o)
 .text          0x00141840        0x0 c:/devkitpro/devkitarm/bin/../lib/gcc/arm-none-eabi/4.9.2/../../../../arm-none-eabi/lib/armv6k/fpu\libg.a(lib_a-strncpy.o)
 .text          0x00141840        0x0 c:/devkitpro/devkitarm/bin/../lib/gcc/arm-none-eabi/4.9.2/../../../../arm-none-eabi/lib/armv6k/fpu\libg.a(lib_a-strtod.o)
 .text          0x00141840        0x0 c:/devkitpro/devkitarm/bin/../lib/gcc/arm-none-eabi/4.9.2/../../../../arm-none-eabi/lib/armv6k/fpu\libg.a(lib_a-time.o)
 .text          0x00141840        0x0 c:/devkitpro/devkitarm/bin/../lib/gcc/arm-none-eabi/4.9.2/../../../../arm-none-eabi/lib/armv6k/fpu\libg.a(lib_a-u_strerr.o)
 .text          0x00141840        0x0 c:/devkitpro/devkitarm/bin/../lib/gcc/arm-none-eabi/4.9.2/../../../../arm-none-eabi/lib/armv6k/fpu\libg.a(lib_a-vfprintf.o)
 .text          0x00141840        0x0 c:/devkitpro/devkitarm/bin/../lib/gcc/arm-none-eabi/4.9.2/../../../../arm-none-eabi/lib/armv6k/fpu\libg.a(lib_a-wbuf.o)
 .text          0x00141840        0x0 c:/devkitpro/devkitarm/bin/../lib/gcc/arm-none-eabi/4.9.2/../../../../arm-none-eabi/lib/armv6k/fpu\libg.a(lib_a-wcrtomb.o)
 .text          0x00141840        0x0 c:/devkitpro/devkitarm/bin/../lib/gcc/arm-none-eabi/4.9.2/../../../../arm-none-eabi/lib/armv6k/fpu\libg.a(lib_a-wcsrtombs.o)
 .text          0x00141840        0x0 c:/devkitpro/devkitarm/bin/../lib/gcc/arm-none-eabi/4.9.2/../../../../arm-none-eabi/lib/armv6k/fpu\libg.a(lib_a-wctomb_r.o)
 .text          0x00141840        0x0 c:/devkitpro/devkitarm/bin/../lib/gcc/arm-none-eabi/4.9.2/../../../../arm-none-eabi/lib/armv6k/fpu\libg.a(lib_a-wsetup.o)
 .text          0x00141840        0x0 c:/devkitpro/devkitarm/bin/../lib/gcc/arm-none-eabi/4.9.2/../../../../arm-none-eabi/lib/armv6k/fpu\libg.a(lib_a-__call_atexit.o)
 .text          0x00141840        0x0 c:/devkitpro/devkitarm/bin/../lib/gcc/arm-none-eabi/4.9.2/../../../../arm-none-eabi/lib/armv6k/fpu\libg.a(lib_a-dtoa.o)
 .text          0x00141840        0x0 c:/devkitpro/devkitarm/bin/../lib/gcc/arm-none-eabi/4.9.2/../../../../arm-none-eabi/lib/armv6k/fpu\libg.a(lib_a-flags.o)
 .text          0x00141840        0x0 c:/devkitpro/devkitarm/bin/../lib/gcc/arm-none-eabi/4.9.2/../../../../arm-none-eabi/lib/armv6k/fpu\libg.a(lib_a-fvwrite.o)
 .text          0x00141840        0x0 c:/devkitpro/devkitarm/bin/../lib/gcc/arm-none-eabi/4.9.2/../../../../arm-none-eabi/lib/armv6k/fpu\libg.a(lib_a-gdtoa-gethex.o)
 .text          0x00141840        0x0 c:/devkitpro/devkitarm/bin/../lib/gcc/arm-none-eabi/4.9.2/../../../../arm-none-eabi/lib/armv6k/fpu\libg.a(lib_a-gdtoa-hexnan.o)
 .text          0x00141840        0x0 c:/devkitpro/devkitarm/bin/../lib/gcc/arm-none-eabi/4.9.2/../../../../arm-none-eabi/lib/armv6k/fpu\libg.a(lib_a-locale.o)
 .text          0x00141840        0x0 c:/devkitpro/devkitarm/bin/../lib/gcc/arm-none-eabi/4.9.2/../../../../arm-none-eabi/lib/armv6k/fpu\libg.a(lib_a-mbtowc_r.o)
 .text          0x00141840        0x0 c:/devkitpro/devkitarm/bin/../lib/gcc/arm-none-eabi/4.9.2/../../../../arm-none-eabi/lib/armv6k/fpu\libg.a(lib_a-memchr.o)
 .text          0x00141840        0x0 c:/devkitpro/devkitarm/bin/../lib/gcc/arm-none-eabi/4.9.2/../../../../arm-none-eabi/lib/armv6k/fpu\libg.a(lib_a-memmove.o)
 .text          0x00141840        0x0 c:/devkitpro/devkitarm/bin/../lib/gcc/arm-none-eabi/4.9.2/../../../../arm-none-eabi/lib/armv6k/fpu\libg.a(lib_a-mprec.o)
 .text          0x00141840        0x0 c:/devkitpro/devkitarm/bin/../lib/gcc/arm-none-eabi/4.9.2/../../../../arm-none-eabi/lib/armv6k/fpu\libg.a(lib_a-sf_nan.o)
 .text          0x00141840        0x0 c:/devkitpro/devkitarm/bin/../lib/gcc/arm-none-eabi/4.9.2/../../../../arm-none-eabi/lib/armv6k/fpu\libg.a(lib_a-strcasecmp.o)
 .text          0x00141840        0x0 c:/devkitpro/devkitarm/bin/../lib/gcc/arm-none-eabi/4.9.2/../../../../arm-none-eabi/lib/armv6k/fpu\libg.a(lib_a-strcat.o)
 .text          0x00141840        0x0 c:/devkitpro/devkitarm/bin/../lib/gcc/arm-none-eabi/4.9.2/../../../../arm-none-eabi/lib/armv6k/fpu\libg.a(lib_a-strchr.o)
 .text          0x00141840        0x0 c:/devkitpro/devkitarm/bin/../lib/gcc/arm-none-eabi/4.9.2/../../../../arm-none-eabi/lib/armv6k/fpu\libg.a(lib_a-strlcpy.o)
 .text          0x00141840        0x0 c:/devkitpro/devkitarm/bin/../lib/gcc/arm-none-eabi/4.9.2/../../../../arm-none-eabi/lib/armv6k/fpu\libg.a(lib_a-strncasecmp.o)
 .text          0x00141840        0x0 c:/devkitpro/devkitarm/bin/../lib/gcc/arm-none-eabi/4.9.2/../../../../arm-none-eabi/lib/armv6k/fpu\libg.a(lib_a-strncmp.o)
 .text          0x00141840        0x0 c:/devkitpro/devkitarm/bin/../lib/gcc/arm-none-eabi/4.9.2/../../../../arm-none-eabi/lib/armv6k/fpu\libg.a(lib_a-strtol.o)
 .text          0x00141840        0x0 c:/devkitpro/devkitarm/bin/../lib/gcc/arm-none-eabi/4.9.2/../../../../arm-none-eabi/lib/armv6k/fpu\libg.a(lib_a-svfiprintf.o)
 .text          0x00141840        0x0 c:/devkitpro/devkitarm/bin/../lib/gcc/arm-none-eabi/4.9.2/../../../../arm-none-eabi/lib/armv6k/fpu\libg.a(lib_a-vfiprintf.o)
 .text          0x00141840        0x0 c:/devkitpro/devkitarm/bin/../lib/gcc/arm-none-eabi/4.9.2/../../../../arm-none-eabi/lib/armv6k/fpu\libg.a(lib_a-wcsnrtombs.o)
 .text          0x00141840        0x0 c:/devkitpro/devkitarm/bin/../lib/gcc/arm-none-eabi/4.9.2/../../../../arm-none-eabi/lib/armv6k/fpu\libg.a(lib_a-callocr.o)
 .text          0x00141840        0x0 c:/devkitpro/devkitarm/bin/../lib/gcc/arm-none-eabi/4.9.2/../../../../arm-none-eabi/lib/armv6k/fpu\libg.a(lib_a-ctype_.o)
 .text          0x00141840        0x0 c:/devkitpro/devkitarm/bin/../lib/gcc/arm-none-eabi/4.9.2/../../../../arm-none-eabi/lib/armv6k/fpu\libg.a(lib_a-fputwc.o)
 .text          0x00141840        0x0 c:/devkitpro/devkitarm/bin/../lib/gcc/arm-none-eabi/4.9.2/../../../../arm-none-eabi/lib/armv6k/fpu\libg.a(lib_a-getenv_r.o)
 .text          0x00141840        0x0 c:/devkitpro/devkitarm/bin/../lib/gcc/arm-none-eabi/4.9.2/../../../../arm-none-eabi/lib/armv6k/fpu\libg.a(lib_a-environ.o)
 .text          0x00141840        0x0 c:/devkitpro/devkitarm/bin/../lib/gcc/arm-none-eabi/4.9.2/../../../../arm-none-eabi/lib/armv6k/fpu\libg.a(lib_a-envlock.o)
 .text          0x00141840      0x1a8 c:/devkitpro/devkitarm/bin/../lib/gcc/arm-none-eabi/4.9.2/../../../../arm-none-eabi/lib/armv6k/fpu\libsysbase.a(iosupport.o)
                0x00141840                setDefaultDevice
                0x00141858                FindDevice
                0x00141904                RemoveDevice
                0x00141930                AddDevice
                0x001419c4                GetDeviceOpTab
 .text          0x001419e8       0x7c c:/devkitpro/devkitarm/bin/../lib/gcc/arm-none-eabi/4.9.2/../../../../arm-none-eabi/lib/armv6k/fpu\libsysbase.a(close.o)
                0x001419e8                _close_r
 .text          0x00141a64       0x6c c:/devkitpro/devkitarm/bin/../lib/gcc/arm-none-eabi/4.9.2/../../../../arm-none-eabi/lib/armv6k/fpu\libsysbase.a(fstat.o)
                0x00141a64                _fstat_r
 .text          0x00141ad0       0x10 c:/devkitpro/devkitarm/bin/../lib/gcc/arm-none-eabi/4.9.2/../../../../arm-none-eabi/lib/armv6k/fpu\libsysbase.a(getpid.o)
                0x00141ad0                _getpid_r
 .text          0x00141ae0       0x2c c:/devkitpro/devkitarm/bin/../lib/gcc/arm-none-eabi/4.9.2/../../../../arm-none-eabi/lib/armv6k/fpu\libsysbase.a(gettod.o)
                0x00141ae0                _gettimeofday_r
 .text          0x00141b0c        0x8 c:/devkitpro/devkitarm/bin/../lib/gcc/arm-none-eabi/4.9.2/../../../../arm-none-eabi/lib/armv6k/fpu\libsysbase.a(isatty.o)
                0x00141b0c                _isatty_r
 .text          0x00141b14       0x10 c:/devkitpro/devkitarm/bin/../lib/gcc/arm-none-eabi/4.9.2/../../../../arm-none-eabi/lib/armv6k/fpu\libsysbase.a(kill.o)
                0x00141b14                _kill_r
 .text          0x00141b24       0x74 c:/devkitpro/devkitarm/bin/../lib/gcc/arm-none-eabi/4.9.2/../../../../arm-none-eabi/lib/armv6k/fpu\libsysbase.a(lseek.o)
                0x00141b24                _lseek_r
 .text          0x00141b98       0xc8 c:/devkitpro/devkitarm/bin/../lib/gcc/arm-none-eabi/4.9.2/../../../../arm-none-eabi/lib/armv6k/fpu\libsysbase.a(open.o)
                0x00141b98                _open_r
 .text          0x00141c60       0x74 c:/devkitpro/devkitarm/bin/../lib/gcc/arm-none-eabi/4.9.2/../../../../arm-none-eabi/lib/armv6k/fpu\libsysbase.a(read.o)
                0x00141c60                _read_r
 .text          0x00141cd4       0x70 c:/devkitpro/devkitarm/bin/../lib/gcc/arm-none-eabi/4.9.2/../../../../arm-none-eabi/lib/armv6k/fpu\libsysbase.a(sbrk.o)
                0x00141cd4                _sbrk_r
 .text          0x00141d44       0x5c c:/devkitpro/devkitarm/bin/../lib/gcc/arm-none-eabi/4.9.2/../../../../arm-none-eabi/lib/armv6k/fpu\libsysbase.a(unlink.o)
                0x00141d44                _unlink_r
 .text          0x00141da0       0x74 c:/devkitpro/devkitarm/bin/../lib/gcc/arm-none-eabi/4.9.2/../../../../arm-none-eabi/lib/armv6k/fpu\libsysbase.a(write.o)
                0x00141da0                _write_r
 .text          0x00141e14       0x20 c:/devkitpro/devkitarm/bin/../lib/gcc/arm-none-eabi/4.9.2/../../../../arm-none-eabi/lib/armv6k/fpu\libsysbase.a(_exit.o)
                0x00141e14                _exit
 .text          0x00141e34        0x0 c:/devkitpro/devkitarm/bin/../lib/gcc/arm-none-eabi/4.9.2/../../../../arm-none-eabi/lib/armv6k/fpu\libsysbase.a(malloc_vars.o)
 .text          0x00141e34      0x3a4 c:/devkitpro/devkitarm/bin/../lib/gcc/arm-none-eabi/4.9.2/../../../../arm-none-eabi/lib/armv6k/fpu\libsysbase.a(chdir.o)
                0x00141e34                _concatenate_path
                0x00141ff0                chdir
                0x00142138                getcwd
 .text          0x001421d8        0x8 c:/devkitpro/devkitarm/bin/../lib/gcc/arm-none-eabi/4.9.2/../../../../arm-none-eabi/lib/armv6k/fpu\libsysbase.a(flock.o)
                0x001421d8                __flockfile
                0x001421dc                __funlockfile
 .text          0x001421e0      0x108 c:/devkitpro/devkitarm/bin/../lib/gcc/arm-none-eabi/4.9.2/../../../../arm-none-eabi/lib/armv6k/fpu\libsysbase.a(syscall_support.o)
                0x001421e0                __libc_lock_init
                0x001421f8                __libc_lock_acquire
                0x00142210                __libc_lock_try_acquire
                0x00142234                __libc_lock_release
                0x0014224c                __libc_lock_close
                0x00142264                __libc_lock_init_recursive
                0x0014227c                __libc_lock_acquire_recursive
                0x00142294                __libc_lock_try_acquire_recursive
                0x001422b8                __libc_lock_release_recursive
                0x001422d0                __libc_lock_close_recursive
 .text          0x001422e8      0x254 c:/devkitpro/devkitarm/bin/../lib/gcc/arm-none-eabi/4.9.2/../../../../arm-none-eabi/lib/armv6k/fpu\libsysbase.a(handle_manager.o)
                0x001422e8                __free_handle
                0x0014232c                __release_handle
                0x00142358                __alloc_handle
                0x001423c0                __get_handle
                0x001423dc                dup
                0x00142468                dup2
 .text          0x0014253c       0x28 c:/devkitpro/devkitarm/bin/../lib/gcc/arm-none-eabi/4.9.2/../../../../arm-none-eabi/lib/armv6k/fpu\libsysbase.a(getreent.o)
                0x0014253c                __getreent
 .text          0x00142564       0x3c c:/devkitpro/devkitarm/bin/../lib/gcc/arm-none-eabi/4.9.2/armv6k/fpu\libgcc.a(_aeabi_uldivmod.o)
                0x00142564                __aeabi_uldivmod
 .text          0x001425a0       0x78 c:/devkitpro/devkitarm/bin/../lib/gcc/arm-none-eabi/4.9.2/armv6k/fpu\libgcc.a(bpabi.o)
                0x001425a0                __gnu_ldivmod_helper
                0x001425dc                __gnu_uldivmod_helper
 .text          0x00142618      0x180 c:/devkitpro/devkitarm/bin/../lib/gcc/arm-none-eabi/4.9.2/armv6k/fpu\libgcc.a(_divdi3.o)
                0x00142618                __divdi3
 .text          0x00142798      0x124 c:/devkitpro/devkitarm/bin/../lib/gcc/arm-none-eabi/4.9.2/armv6k/fpu\libgcc.a(_udivdi3.o)
                0x00142798                __udivdi3
 .text          0x001428bc        0x0 c:/devkitpro/devkitarm/bin/../lib/gcc/arm-none-eabi/4.9.2/../../../../arm-none-eabi/lib/armv6k/fpu\libg.a(lib_a-strnlen.o)
 .text          0x001428bc        0x0 c:/devkitpro/devkitarm/bin/../lib/gcc/arm-none-eabi/4.9.2/../../../../arm-none-eabi/lib/armv6k/fpu\libg.a(lib_a-strrchr.o)
 .text          0x001428bc        0x0 c:/devkitpro/devkitarm/bin/../lib/gcc/arm-none-eabi/4.9.2/armv6k/fpu/crtend.o
 .text          0x001428bc        0x0 c:/devkitpro/devkitarm/bin/../lib/gcc/arm-none-eabi/4.9.2/armv6k/fpu/crtn.o
 *(.text.*)
 .text.startup  0x001428bc       0x38 main.o
                0x001428bc                main
 *fill*         0x001428f4        0x4 
 .text.unlikely
                0x001428f8      0x108 c:/devkitPro/portlibs/armv6k/lib\libpng.a(png.o)
 .text.cosf     0x00142a00       0xa8 c:/devkitpro/devkitarm/bin/../lib/gcc/arm-none-eabi/4.9.2/../../../../arm-none-eabi/lib/armv6k/fpu\libm.a(lib_a-sf_cos.o)
                0x00142a00                cosf
 .text.floor    0x00142aa8      0x180 c:/devkitpro/devkitarm/bin/../lib/gcc/arm-none-eabi/4.9.2/../../../../arm-none-eabi/lib/armv6k/fpu\libm.a(lib_a-s_floor.o)
                0x00142aa8                floor
 .text.frexp    0x00142c28       0x98 c:/devkitpro/devkitarm/bin/../lib/gcc/arm-none-eabi/4.9.2/../../../../arm-none-eabi/lib/armv6k/fpu\libm.a(lib_a-s_frexp.o)
                0x00142c28                frexp
 .text.sinf     0x00142cc0       0xb0 c:/devkitpro/devkitarm/bin/../lib/gcc/arm-none-eabi/4.9.2/../../../../arm-none-eabi/lib/armv6k/fpu\libm.a(lib_a-sf_sin.o)
                0x00142cc0                sinf
 .text.modf     0x00142d70       0xd4 c:/devkitpro/devkitarm/bin/../lib/gcc/arm-none-eabi/4.9.2/../../../../arm-none-eabi/lib/armv6k/fpu\libm.a(lib_a-s_modf.o)
                0x00142d70                modf
 *fill*         0x00142e44        0x4 
 .text.pow      0x00142e48      0x3c0 c:/devkitpro/devkitarm/bin/../lib/gcc/arm-none-eabi/4.9.2/../../../../arm-none-eabi/lib/armv6k/fpu\libm.a(lib_a-w_pow.o)
                0x00142e48                pow
 .text.__ieee754_rem_pio2f
                0x00143208      0x2e0 c:/devkitpro/devkitarm/bin/../lib/gcc/arm-none-eabi/4.9.2/../../../../arm-none-eabi/lib/armv6k/fpu\libm.a(lib_a-ef_rem_pio2.o)
                0x00143208                __ieee754_rem_pio2f
 .text.__ieee754_pow
                0x001434e8      0x880 c:/devkitpro/devkitarm/bin/../lib/gcc/arm-none-eabi/4.9.2/../../../../arm-none-eabi/lib/armv6k/fpu\libm.a(lib_a-e_pow.o)
                0x001434e8                __ieee754_pow
 .text.__ieee754_sqrt
                0x00143d68      0x200 c:/devkitpro/devkitarm/bin/../lib/gcc/arm-none-eabi/4.9.2/../../../../arm-none-eabi/lib/armv6k/fpu\libm.a(lib_a-e_sqrt.o)
                0x00143d68                __ieee754_sqrt
 .text.__kernel_cosf
                0x00143f68      0x124 c:/devkitpro/devkitarm/bin/../lib/gcc/arm-none-eabi/4.9.2/../../../../arm-none-eabi/lib/armv6k/fpu\libm.a(lib_a-kf_cos.o)
                0x00143f68                __kernel_cosf
 .text.__kernel_rem_pio2f
                0x0014408c      0x838 c:/devkitpro/devkitarm/bin/../lib/gcc/arm-none-eabi/4.9.2/../../../../arm-none-eabi/lib/armv6k/fpu\libm.a(lib_a-kf_rem_pio2.o)
                0x0014408c                __kernel_rem_pio2f
 .text.__kernel_sinf
                0x001448c4       0xa0 c:/devkitpro/devkitarm/bin/../lib/gcc/arm-none-eabi/4.9.2/../../../../arm-none-eabi/lib/armv6k/fpu\libm.a(lib_a-kf_sin.o)
                0x001448c4                __kernel_sinf
 .text.fabs     0x00144964       0x10 c:/devkitpro/devkitarm/bin/../lib/gcc/arm-none-eabi/4.9.2/../../../../arm-none-eabi/lib/armv6k/fpu\libm.a(lib_a-s_fabs.o)
                0x00144964                fabs
 .text.fabsf    0x00144974       0x10 c:/devkitpro/devkitarm/bin/../lib/gcc/arm-none-eabi/4.9.2/../../../../arm-none-eabi/lib/armv6k/fpu\libm.a(lib_a-sf_fabs.o)
                0x00144974                fabsf
 .text.floorf   0x00144984       0xb8 c:/devkitpro/devkitarm/bin/../lib/gcc/arm-none-eabi/4.9.2/../../../../arm-none-eabi/lib/armv6k/fpu\libm.a(lib_a-sf_floor.o)
                0x00144984                floorf
 .text.finite   0x00144a3c       0x14 c:/devkitpro/devkitarm/bin/../lib/gcc/arm-none-eabi/4.9.2/../../../../arm-none-eabi/lib/armv6k/fpu\libm.a(lib_a-s_finite.o)
                0x00144a3c                finite
 .text.__fpclassifyd
                0x00144a50       0x74 c:/devkitpro/devkitarm/bin/../lib/gcc/arm-none-eabi/4.9.2/../../../../arm-none-eabi/lib/armv6k/fpu\libm.a(lib_a-s_fpclassify.o)
                0x00144a50                __fpclassifyd
 .text.scalbnf  0x00144ac4      0x118 c:/devkitpro/devkitarm/bin/../lib/gcc/arm-none-eabi/4.9.2/../../../../arm-none-eabi/lib/armv6k/fpu\libm.a(lib_a-sf_scalbn.o)
                0x00144ac4                scalbnf
 .text.matherr  0x00144bdc        0x8 c:/devkitpro/devkitarm/bin/../lib/gcc/arm-none-eabi/4.9.2/../../../../arm-none-eabi/lib/armv6k/fpu\libm.a(lib_a-s_matherr.o)
                0x00144bdc                matherr
 *fill*         0x00144be4        0x4 
 .text.nan      0x00144be8       0x10 c:/devkitpro/devkitarm/bin/../lib/gcc/arm-none-eabi/4.9.2/../../../../arm-none-eabi/lib/armv6k/fpu\libm.a(lib_a-s_nan.o)
                0x00144be8                nan
 .text.rint     0x00144bf8      0x170 c:/devkitpro/devkitarm/bin/../lib/gcc/arm-none-eabi/4.9.2/../../../../arm-none-eabi/lib/armv6k/fpu\libm.a(lib_a-s_rint.o)
                0x00144bf8                rint
 .text.scalbn   0x00144d68      0x198 c:/devkitpro/devkitarm/bin/../lib/gcc/arm-none-eabi/4.9.2/../../../../arm-none-eabi/lib/armv6k/fpu\libm.a(lib_a-s_scalbn.o)
                0x00144d68                scalbn
 .text.copysign
                0x00144f00       0x1c c:/devkitpro/devkitarm/bin/../lib/gcc/arm-none-eabi/4.9.2/../../../../arm-none-eabi/lib/armv6k/fpu\libm.a(lib_a-s_copysign.o)
                0x00144f00                copysign
 .text.copysignf
                0x00144f1c       0x1c c:/devkitpro/devkitarm/bin/../lib/gcc/arm-none-eabi/4.9.2/../../../../arm-none-eabi/lib/armv6k/fpu\libm.a(lib_a-sf_copysign.o)
                0x00144f1c                copysignf
 .text.abort    0x00144f38       0x14 c:/devkitpro/devkitarm/bin/../lib/gcc/arm-none-eabi/4.9.2/../../../../arm-none-eabi/lib/armv6k/fpu\libg.a(lib_a-abort.o)
                0x00144f38                abort
 .text.atof     0x00144f4c        0x8 c:/devkitpro/devkitarm/bin/../lib/gcc/arm-none-eabi/4.9.2/../../../../arm-none-eabi/lib/armv6k/fpu\libg.a(lib_a-atof.o)
                0x00144f4c                atof
 .text.bsearch  0x00144f54       0x78 c:/devkitpro/devkitarm/bin/../lib/gcc/arm-none-eabi/4.9.2/../../../../arm-none-eabi/lib/armv6k/fpu\libg.a(lib_a-bsearch.o)
                0x00144f54                bsearch
 .text.__errno  0x00144fcc        0xc c:/devkitpro/devkitarm/bin/../lib/gcc/arm-none-eabi/4.9.2/../../../../arm-none-eabi/lib/armv6k/fpu\libg.a(lib_a-errno.o)
                0x00144fcc                __errno
 .text.exit     0x00144fd8       0x34 c:/devkitpro/devkitarm/bin/../lib/gcc/arm-none-eabi/4.9.2/../../../../arm-none-eabi/lib/armv6k/fpu\libg.a(lib_a-exit.o)
                0x00144fd8                exit
 .text._fclose_r
                0x0014500c      0x118 c:/devkitpro/devkitarm/bin/../lib/gcc/arm-none-eabi/4.9.2/../../../../arm-none-eabi/lib/armv6k/fpu\libg.a(lib_a-fclose.o)
                0x0014500c                _fclose_r
 .text.fclose   0x00145124       0x18 c:/devkitpro/devkitarm/bin/../lib/gcc/arm-none-eabi/4.9.2/../../../../arm-none-eabi/lib/armv6k/fpu\libg.a(lib_a-fclose.o)
                0x00145124                fclose
 .text.__sflush_r
                0x0014513c      0x238 c:/devkitpro/devkitarm/bin/../lib/gcc/arm-none-eabi/4.9.2/../../../../arm-none-eabi/lib/armv6k/fpu\libg.a(lib_a-fflush.o)
                0x0014513c                __sflush_r
 .text._fflush_r
                0x00145374       0x98 c:/devkitpro/devkitarm/bin/../lib/gcc/arm-none-eabi/4.9.2/../../../../arm-none-eabi/lib/armv6k/fpu\libg.a(lib_a-fflush.o)
                0x00145374                _fflush_r
 .text.fflush   0x0014540c       0x38 c:/devkitpro/devkitarm/bin/../lib/gcc/arm-none-eabi/4.9.2/../../../../arm-none-eabi/lib/armv6k/fpu\libg.a(lib_a-fflush.o)
                0x0014540c                fflush
 .text._cleanup_r
                0x00145444        0xc c:/devkitpro/devkitarm/bin/../lib/gcc/arm-none-eabi/4.9.2/../../../../arm-none-eabi/lib/armv6k/fpu\libg.a(lib_a-findfp.o)
                0x00145444                _cleanup_r
 .text.__fp_lock
                0x00145450       0x1c c:/devkitpro/devkitarm/bin/../lib/gcc/arm-none-eabi/4.9.2/../../../../arm-none-eabi/lib/armv6k/fpu\libg.a(lib_a-findfp.o)
 .text.__fp_unlock
                0x0014546c       0x1c c:/devkitpro/devkitarm/bin/../lib/gcc/arm-none-eabi/4.9.2/../../../../arm-none-eabi/lib/armv6k/fpu\libg.a(lib_a-findfp.o)
 .text.__sinit.part.1
                0x00145488      0x15c c:/devkitpro/devkitarm/bin/../lib/gcc/arm-none-eabi/4.9.2/../../../../arm-none-eabi/lib/armv6k/fpu\libg.a(lib_a-findfp.o)
 .text.__sfmoreglue
                0x001455e4       0x48 c:/devkitpro/devkitarm/bin/../lib/gcc/arm-none-eabi/4.9.2/../../../../arm-none-eabi/lib/armv6k/fpu\libg.a(lib_a-findfp.o)
                0x001455e4                __sfmoreglue
 .text.__sfp    0x0014562c       0xe8 c:/devkitpro/devkitarm/bin/../lib/gcc/arm-none-eabi/4.9.2/../../../../arm-none-eabi/lib/armv6k/fpu\libg.a(lib_a-findfp.o)
                0x0014562c                __sfp
 .text._cleanup
                0x00145714       0x18 c:/devkitpro/devkitarm/bin/../lib/gcc/arm-none-eabi/4.9.2/../../../../arm-none-eabi/lib/armv6k/fpu\libg.a(lib_a-findfp.o)
                0x00145714                _cleanup
 .text.__sinit  0x0014572c       0x10 c:/devkitpro/devkitarm/bin/../lib/gcc/arm-none-eabi/4.9.2/../../../../arm-none-eabi/lib/armv6k/fpu\libg.a(lib_a-findfp.o)
                0x0014572c                __sinit
 .text.__sfp_lock_acquire
                0x0014573c        0x4 c:/devkitpro/devkitarm/bin/../lib/gcc/arm-none-eabi/4.9.2/../../../../arm-none-eabi/lib/armv6k/fpu\libg.a(lib_a-findfp.o)
                0x0014573c                __sfp_lock_acquire
 .text.__sfp_lock_release